FRF-MUTANT:stdout-first-line:transcript.sha256=a4f887811ed6aa2ba4b2e8db7ded5204deea4c886c4cb3fab023baea757aaf96
a.null_in=0
a.null_in_errors=passed a null parameter[]
a.null_out=0
a.null_out_errors=passed a null parameter[]
a.both_null=0
a.both_null_errors=passed a null parameter[]
b.binary_0.ret=1
b.binary_0.writes=1
b.binary_0.nsizes=1
b.binary_0.sizes=6
b.binary_0.out.len=6
b.binary_0.out=610d0a620a63
b.binary_0.out.text="a..b.c"
b.cmsbinary_0.ret=1
b.cmsbinary_0.writes=1
b.cmsbinary_0.nsizes=1
b.cmsbinary_0.sizes=6
b.binary_1.ret=1
b.binary_1.writes=1
b.binary_1.nsizes=1
b.binary_1.sizes=4
b.binary_1.out.len=4
b.binary_1.out=780a790a
b.binary_1.out.text="x.y."
b.cmsbinary_1.ret=1
b.cmsbinary_1.writes=1
b.cmsbinary_1.nsizes=1
b.cmsbinary_1.sizes=4
b.binary_2.ret=1
b.binary_2.writes=0
b.binary_2.nsizes=0
b.binary_2.sizes=
b.binary_2.out.len=0
b.binary_2.out=
b.binary_2.out.text=""
b.cmsbinary_2.ret=1
b.cmsbinary_2.writes=0
b.cmsbinary_2.nsizes=0
b.cmsbinary_2.sizes=
b.binary_3.ret=1
b.binary_3.writes=1
b.binary_3.nsizes=1
b.binary_3.sizes=17
b.binary_3.out.len=17
b.binary_3.out=6e6f2d6e65776c696e652d61742d616c6c
b.binary_3.out.text="no-newline-at-all"
b.cmsbinary_3.ret=1
b.cmsbinary_3.writes=1
b.cmsbinary_3.nsizes=1
b.cmsbinary_3.sizes=17
b.binary_4.ret=1
b.binary_4.writes=1
b.binary_4.nsizes=1
b.binary_4.sizes=10
b.binary_4.out.len=10
b.binary_4.out=747261696c696e670d0a
b.binary_4.out.text="trailing.."
b.cmsbinary_4.ret=1
b.cmsbinary_4.writes=1
b.cmsbinary_4.nsizes=1
b.cmsbinary_4.sizes=10
c.plain.ret=1
c.plain.writes=1
c.plain.nsizes=1
c.plain.sizes=6
c.plain.out.len=6
c.plain.out=610d0a620d0a
c.plain.out.text="a..b.."
c.plain_crlf.ret=1
c.plain_crlf.writes=1
c.plain_crlf.nsizes=1
c.plain_crlf.sizes=6
c.plain_crlf.out.len=6
c.plain_crlf.out=610d0a620d0a
c.plain_crlf.out.text="a..b.."
c.plain_unterm.ret=1
c.plain_unterm.writes=1
c.plain_unterm.nsizes=1
c.plain_unterm.sizes=4
c.plain_unterm.out.len=4
c.plain_unterm.out=610d0a62
c.plain_unterm.out.text="a..b"
c.plain_empty.ret=1
c.plain_empty.writes=1
c.plain_empty.nsizes=1
c.plain_empty.sizes=4
c.plain_empty.out.len=4
c.plain_empty.out=0d0a0d0a
c.plain_empty.out.text="...."
c.text.ret=1
c.text.writes=1
c.text.nsizes=1
c.text.sizes=34
c.text.out.len=34
c.text.out=436f6e74656e742d547970653a20746578742f706c61696e0d0a0d0a610d0a620d0a
c.text.out.text="Content-Type: text/plain....a..b.."
c.crlfeol.ret=1
c.crlfeol.writes=1
c.crlfeol.nsizes=1
c.crlfeol.sizes=6
c.crlfeol.out.len=6
c.crlfeol.out=610d0a620d0a
c.crlfeol.out.text="a..b.."
c.crlfeol_crlf.ret=1
c.crlfeol_crlf.writes=1
c.crlfeol_crlf.nsizes=1
c.crlfeol_crlf.sizes=6
c.crlfeol_crlf.out.len=6
c.crlfeol_crlf.out=610d0a620d0a
c.crlfeol_crlf.out.text="a..b.."
c.asciicrlf.ret=1
c.asciicrlf.writes=1
c.asciicrlf.nsizes=1
c.asciicrlf.sizes=10
c.asciicrlf.out.len=10
c.asciicrlf.out=610d0a0d0a0d0a620d0a
c.asciicrlf.out.text="a......b.."
c.asciicrlf_trailspace.ret=1
c.asciicrlf_trailspace.writes=1
c.asciicrlf_trailspace.nsizes=1
c.asciicrlf_trailspace.sizes=10
c.asciicrlf_trailspace.out.len=10
c.asciicrlf_trailspace.out=610d0a0d0a0d0a620d0a
c.asciicrlf_trailspace.out.text="a......b.."
c.asciicrlf_text.ret=1
c.asciicrlf_text.writes=1
c.asciicrlf_text.nsizes=1
c.asciicrlf_text.sizes=36
c.asciicrlf_text.out.len=36
c.asciicrlf_text.out=436f6e74656e742d547970653a20746578742f706c61696e0d0a0d0a610d0a0d0a620d0a
c.asciicrlf_text.out.text="Content-Type: text/plain....a....b.."
c.asciicrlf_crlfeol.ret=1
c.asciicrlf_crlfeol.writes=1
c.asciicrlf_crlfeol.nsizes=1
c.asciicrlf_crlfeol.sizes=8
c.asciicrlf_crlfeol.out.len=8
c.asciicrlf_crlfeol.out=610d0a0d0a620d0a
c.asciicrlf_crlfeol.out.text="a....b.."
c.binary_or.ret=1
c.binary_or.writes=1
c.binary_or.nsizes=1
c.binary_or.sizes=4
c.binary_or.out.len=4
c.binary_or.out=610a620a
c.binary_or.out.text="a.b."
e.blocked_ret=1
e.blocked.writes=1
e.blocked.nsizes=1
e.blocked.sizes=15
e.sink_next=1
f.fail_write_ret=0
f.fail_write.writes=0
f.fail_write.nsizes=0
f.fail_write.sizes=
f.fail_write_errors=<empty>
f.fail_flush_ret=0
f.fail_flush.writes=1
f.fail_flush.nsizes=1
f.fail_flush.sizes=8
f.fail_flush.out.len=8
f.fail_flush.out=6161610d0a620d0a
f.fail_flush.out.text="aaa..b.."
f.empty_ret=1
f.empty.out.len=0
f.empty.out=
f.empty.out.text=""
g.new=1
g.whole_der_len=12
g.whole_der=300a040853545245414d4544
g.nostream_ret=1
g.nostream.out.len=12
g.nostream.out=300a040853545245414d4544
g.nostream.out.text="0...STREAMED"
g.nostream_in_pending=4
g.stream_ret=0
g.stream_pre_calls=1
g.stream_post_calls=0
g.stream.out.len=0
g.stream.out=
g.stream.out.text=""
g.stream_in_pending=0
g.streambin_ret=0
g.streambin_pre_calls=1
g.streambin_post_calls=0
g.streambin.out.len=0
g.streambin.out=
g.streambin.out.text=""
done=1
