transcript.sha256=99c2a4c4df3738c053c5d880339105f52b9cb0461b7990037a55e5e8ac840521
COMP_zlib=<NULL>
COMP_zlib_oneshot=<NULL>
COMP_zstd=<NULL>
COMP_zstd_oneshot=<NULL>
COMP_brotli=<NULL>
COMP_brotli_oneshot=<NULL>
COMP_get_type(NULL)=0
COMP_get_type(NULL)_is_nid_undef=1
COMP_get_name(NULL)=<NULL>
COMP_CTX_new(NULL)=<NULL>
COMP_CTX_free(NULL)=returned
name_find(NULL)=0
name_find(NULL)_idx_untouched=1
name_find_empty_store=0
name_find_empty_store_idx_untouched=1
name_find_empty_name=0
OPENSSL_config(NULL)=returned
OPENSSL_config(NULL)_errors=0
OPENSSL_config(appname)=returned
OPENSSL_config(appname)_errors=0
info_dso_extension=.so
info_dir_separator=/
info_list_separator=:
info_config_dir=RECORDED_DIVERGENCE_OBL_CONF_DEFAULT_CONFIG_FILE
info_engines_dir=RECORDED_DIVERGENCE_OBL_CONF_DEFAULT_CONFIG_FILE
info_modules_dir=RECORDED_DIVERGENCE_OBL_CONF_DEFAULT_CONFIG_FILE
done=1
