transcript.sha256=ace5468ed06fdcfe52150ddc56b69ac86ff4485ca21ffdbee241ef29b40dc3c8
sizeof_tm=56
sizeof_time_t=8
off.sec=0
off.min=4
off.hour=8
off.mday=12
off.mon=16
off.year=20
off.wday=24
off.yday=28
off.isdst=32
off.gmtoff=40
off.zone=48
utc.epoch.null=1
utc.epoch.set=1
utc.epoch.type=23
utc.epoch.len=13
utc.epoch.data=3730303130313030303030305a
utc.epoch.check=1
utc.epoch.time_check=1
utc.epoch.gentime_check=0
utc.win_lo.null=1
utc.win_lo.set=1
utc.win_lo.type=23
utc.win_lo.len=13
utc.win_lo.data=3530303130313030303030305a
utc.win_lo.check=1
utc.win_lo.time_check=1
utc.win_lo.gentime_check=0
utc.win_hi.null=1
utc.win_hi.set=1
utc.win_hi.type=23
utc.win_hi.len=13
utc.win_hi.data=3439313233313233353935395a
utc.win_hi.check=1
utc.win_hi.time_check=1
utc.win_hi.gentime_check=0
utc.leap2000.null=1
utc.leap2000.set=1
utc.leap2000.type=23
utc.leap2000.len=13
utc.leap2000.data=3030303232393030303030305a
utc.leap2000.check=1
utc.leap2000.time_check=1
utc.leap2000.gentime_check=0
utc.leap2001.null=0
utc.leap2001.set=0
utc.leap2001.type=23
utc.leap2001.len=0
utc.leap2001.data=<null>
utc.leap2001.check=0
utc.leap2001.time_check=0
utc.leap2001.gentime_check=0
utc.leap2004.null=1
utc.leap2004.set=1
utc.leap2004.type=23
utc.leap2004.len=13
utc.leap2004.data=3034303232393030303030305a
utc.leap2004.check=1
utc.leap2004.time_check=1
utc.leap2004.gentime_check=0
utc.mon_hi.null=1
utc.mon_hi.set=1
utc.mon_hi.type=23
utc.mon_hi.len=13
utc.mon_hi.data=3030313233313030303030305a
utc.mon_hi.check=1
utc.mon_hi.time_check=1
utc.mon_hi.gentime_check=0
utc.mon_over.null=0
utc.mon_over.set=0
utc.mon_over.type=23
utc.mon_over.len=0
utc.mon_over.data=<null>
utc.mon_over.check=0
utc.mon_over.time_check=0
utc.mon_over.gentime_check=0
utc.mon_zero.null=0
utc.mon_zero.set=0
utc.mon_zero.type=23
utc.mon_zero.len=0
utc.mon_zero.data=<null>
utc.mon_zero.check=0
utc.mon_zero.time_check=0
utc.mon_zero.gentime_check=0
utc.day_max.null=1
utc.day_max.set=1
utc.day_max.type=23
utc.day_max.len=13
utc.day_max.data=3030303133313030303030305a
utc.day_max.check=1
utc.day_max.time_check=1
utc.day_max.gentime_check=0
utc.day_over.null=0
utc.day_over.set=0
utc.day_over.type=23
utc.day_over.len=0
utc.day_over.data=<null>
utc.day_over.check=0
utc.day_over.time_check=0
utc.day_over.gentime_check=0
utc.day_zero.null=0
utc.day_zero.set=0
utc.day_zero.type=23
utc.day_zero.len=0
utc.day_zero.data=<null>
utc.day_zero.check=0
utc.day_zero.time_check=0
utc.day_zero.gentime_check=0
utc.feb30.null=0
utc.feb30.set=0
utc.feb30.type=23
utc.feb30.len=0
utc.feb30.data=<null>
utc.feb30.check=0
utc.feb30.time_check=0
utc.feb30.gentime_check=0
utc.hour_hi.null=1
utc.hour_hi.set=1
utc.hour_hi.type=23
utc.hour_hi.len=13
utc.hour_hi.data=3030303130313233303030305a
utc.hour_hi.check=1
utc.hour_hi.time_check=1
utc.hour_hi.gentime_check=0
utc.hour_over.null=0
utc.hour_over.set=0
utc.hour_over.type=23
utc.hour_over.len=0
utc.hour_over.data=<null>
utc.hour_over.check=0
utc.hour_over.time_check=0
utc.hour_over.gentime_check=0
utc.min_over.null=0
utc.min_over.set=0
utc.min_over.type=23
utc.min_over.len=0
utc.min_over.data=<null>
utc.min_over.check=0
utc.min_over.time_check=0
utc.min_over.gentime_check=0
utc.sec_over.null=0
utc.sec_over.set=0
utc.sec_over.type=23
utc.sec_over.len=0
utc.sec_over.data=<null>
utc.sec_over.check=0
utc.sec_over.time_check=0
utc.sec_over.gentime_check=0
utc.sec_hi.null=1
utc.sec_hi.set=1
utc.sec_hi.type=23
utc.sec_hi.len=13
utc.sec_hi.data=3030303130313030303035395a
utc.sec_hi.check=1
utc.sec_hi.time_check=1
utc.sec_hi.gentime_check=0
utc.ok_13.null=1
utc.ok_13.set=1
utc.ok_13.type=23
utc.ok_13.len=13
utc.ok_13.data=3030303130313030303030305a
utc.ok_13.check=1
utc.ok_13.time_check=1
utc.ok_13.gentime_check=0
utc.short_12.null=0
utc.short_12.set=0
utc.short_12.type=23
utc.short_12.len=0
utc.short_12.data=<null>
utc.short_12.check=0
utc.short_12.time_check=0
utc.short_12.gentime_check=0
utc.short_11.null=0
utc.short_11.set=0
utc.short_11.type=23
utc.short_11.len=0
utc.short_11.data=<null>
utc.short_11.check=0
utc.short_11.time_check=0
utc.short_11.gentime_check=0
utc.no_z.null=0
utc.no_z.set=0
utc.no_z.type=23
utc.no_z.len=0
utc.no_z.data=<null>
utc.no_z.check=0
utc.no_z.time_check=0
utc.no_z.gentime_check=0
utc.lower_z.null=0
utc.lower_z.set=0
utc.lower_z.type=23
utc.lower_z.len=0
utc.lower_z.data=<null>
utc.lower_z.check=0
utc.lower_z.time_check=0
utc.lower_z.gentime_check=0
utc.bad_z.null=0
utc.bad_z.set=0
utc.bad_z.type=23
utc.bad_z.len=0
utc.bad_z.data=<null>
utc.bad_z.check=0
utc.bad_z.time_check=0
utc.bad_z.gentime_check=0
utc.trailing.null=0
utc.trailing.set=0
utc.trailing.type=23
utc.trailing.len=0
utc.trailing.data=<null>
utc.trailing.check=0
utc.trailing.time_check=0
utc.trailing.gentime_check=0
utc.empty.null=0
utc.empty.set=0
utc.empty.type=23
utc.empty.len=0
utc.empty.data=<null>
utc.empty.check=0
utc.empty.time_check=0
utc.empty.gentime_check=0
utc.nondigit.null=0
utc.nondigit.set=0
utc.nondigit.type=23
utc.nondigit.len=0
utc.nondigit.data=<null>
utc.nondigit.check=0
utc.nondigit.time_check=0
utc.nondigit.gentime_check=0
utc.space.null=0
utc.space.set=0
utc.space.type=23
utc.space.len=0
utc.space.data=<null>
utc.space.check=0
utc.space.time_check=0
utc.space.gentime_check=0
utc.leading_q.null=0
utc.leading_q.set=0
utc.leading_q.type=23
utc.leading_q.len=0
utc.leading_q.data=<null>
utc.leading_q.check=0
utc.leading_q.time_check=0
utc.leading_q.gentime_check=0
utc.frac.null=0
utc.frac.set=0
utc.frac.type=23
utc.frac.len=0
utc.frac.data=<null>
utc.frac.check=0
utc.frac.time_check=0
utc.frac.gentime_check=0
utc.off_plus.null=1
utc.off_plus.set=1
utc.off_plus.type=23
utc.off_plus.len=15
utc.off_plus.data=303030313031303030302b30313030
utc.off_plus.check=1
utc.off_plus.time_check=1
utc.off_plus.gentime_check=0
utc.off_minus.null=1
utc.off_minus.set=1
utc.off_minus.type=23
utc.off_minus.len=15
utc.off_minus.data=303030313031303030302d30313030
utc.off_minus.check=1
utc.off_minus.time_check=1
utc.off_minus.gentime_check=0
utc.off_zero.null=1
utc.off_zero.set=1
utc.off_zero.type=23
utc.off_zero.len=15
utc.off_zero.data=303030313031303030302b30303030
utc.off_zero.check=1
utc.off_zero.time_check=1
utc.off_zero.gentime_check=0
utc.off_hour12.null=1
utc.off_hour12.set=1
utc.off_hour12.type=23
utc.off_hour12.len=15
utc.off_hour12.data=303030313031303030302b31323030
utc.off_hour12.check=1
utc.off_hour12.time_check=1
utc.off_hour12.gentime_check=0
utc.off_hour13.null=0
utc.off_hour13.set=0
utc.off_hour13.type=23
utc.off_hour13.len=0
utc.off_hour13.data=<null>
utc.off_hour13.check=0
utc.off_hour13.time_check=0
utc.off_hour13.gentime_check=0
utc.off_min60.null=0
utc.off_min60.set=0
utc.off_min60.type=23
utc.off_min60.len=0
utc.off_min60.data=<null>
utc.off_min60.check=0
utc.off_min60.time_check=0
utc.off_min60.gentime_check=0
utc.off_short.null=0
utc.off_short.set=0
utc.off_short.type=23
utc.off_short.len=0
utc.off_short.data=<null>
utc.off_short.check=0
utc.off_short.time_check=0
utc.off_short.gentime_check=0
utc.off_long.null=0
utc.off_long.set=0
utc.off_long.type=23
utc.off_long.len=0
utc.off_long.data=<null>
utc.off_long.check=0
utc.off_long.time_check=0
utc.off_long.gentime_check=0
utc.off_nodigit.null=0
utc.off_nodigit.set=0
utc.off_nodigit.type=23
utc.off_nodigit.len=0
utc.off_nodigit.data=<null>
utc.off_nodigit.check=0
utc.off_nodigit.time_check=0
utc.off_nodigit.gentime_check=0
gen.basic.null=1
gen.basic.set=1
gen.basic.type=24
gen.basic.len=15
gen.basic.data=32303230303130313030303030305a
gen.basic.check=1
gen.basic.time_check=1
gen.basic.utctime_check=0
gen.win_lo.null=1
gen.win_lo.set=1
gen.win_lo.type=24
gen.win_lo.len=15
gen.win_lo.data=31393530303130313030303030305a
gen.win_lo.check=1
gen.win_lo.time_check=1
gen.win_lo.utctime_check=0
gen.win_hi.null=1
gen.win_hi.set=1
gen.win_hi.type=24
gen.win_hi.len=15
gen.win_hi.data=32303439313233313233353935395a
gen.win_hi.check=1
gen.win_hi.time_check=1
gen.win_hi.utctime_check=0
gen.over_window.null=1
gen.over_window.set=1
gen.over_window.type=24
gen.over_window.len=15
gen.over_window.data=32303530303130313030303030305a
gen.over_window.check=1
gen.over_window.time_check=1
gen.over_window.utctime_check=0
gen.under_window.null=1
gen.under_window.set=1
gen.under_window.type=24
gen.under_window.len=15
gen.under_window.data=31393439313233313233353935395a
gen.under_window.check=1
gen.under_window.time_check=1
gen.under_window.utctime_check=0
gen.leap2020.null=1
gen.leap2020.set=1
gen.leap2020.type=24
gen.leap2020.len=15
gen.leap2020.data=32303230303232393030303030305a
gen.leap2020.check=1
gen.leap2020.time_check=1
gen.leap2020.utctime_check=0
gen.leap2021.null=0
gen.leap2021.set=0
gen.leap2021.type=24
gen.leap2021.len=0
gen.leap2021.data=<null>
gen.leap2021.check=0
gen.leap2021.time_check=0
gen.leap2021.utctime_check=0
gen.leap_century.null=1
gen.leap_century.set=1
gen.leap_century.type=24
gen.leap_century.len=15
gen.leap_century.data=32303030303232393030303030305a
gen.leap_century.check=1
gen.leap_century.time_check=1
gen.leap_century.utctime_check=0
gen.leap_1900.null=0
gen.leap_1900.set=0
gen.leap_1900.type=24
gen.leap_1900.len=0
gen.leap_1900.data=<null>
gen.leap_1900.check=0
gen.leap_1900.time_check=0
gen.leap_1900.utctime_check=0
gen.leap_2100.null=0
gen.leap_2100.set=0
gen.leap_2100.type=24
gen.leap_2100.len=0
gen.leap_2100.data=<null>
gen.leap_2100.check=0
gen.leap_2100.time_check=0
gen.leap_2100.utctime_check=0
gen.year_zero.null=0
gen.year_zero.set=0
gen.year_zero.type=24
gen.year_zero.len=0
gen.year_zero.data=<null>
gen.year_zero.check=0
gen.year_zero.time_check=0
gen.year_zero.utctime_check=0
gen.year_max.null=1
gen.year_max.set=1
gen.year_max.type=24
gen.year_max.len=15
gen.year_max.data=39393939313233313233353935395a
gen.year_max.check=1
gen.year_max.time_check=1
gen.year_max.utctime_check=0
gen.frac1.null=1
gen.frac1.set=1
gen.frac1.type=24
gen.frac1.len=17
gen.frac1.data=32303230303130313030303030302e355a
gen.frac1.check=1
gen.frac1.time_check=1
gen.frac1.utctime_check=0
gen.frac6.null=1
gen.frac6.set=1
gen.frac6.type=24
gen.frac6.len=22
gen.frac6.data=32303230303130313030303030302e3132333435365a
gen.frac6.check=1
gen.frac6.time_check=1
gen.frac6.utctime_check=0
gen.frac_empty.null=0
gen.frac_empty.set=0
gen.frac_empty.type=24
gen.frac_empty.len=0
gen.frac_empty.data=<null>
gen.frac_empty.check=0
gen.frac_empty.time_check=0
gen.frac_empty.utctime_check=0
gen.frac_last.null=0
gen.frac_last.set=0
gen.frac_last.type=24
gen.frac_last.len=0
gen.frac_last.data=<null>
gen.frac_last.check=0
gen.frac_last.time_check=0
gen.frac_last.utctime_check=0
gen.frac_only.null=0
gen.frac_only.set=0
gen.frac_only.type=24
gen.frac_only.len=0
gen.frac_only.data=<null>
gen.frac_only.check=0
gen.frac_only.time_check=0
gen.frac_only.utctime_check=0
gen.short_14.null=0
gen.short_14.set=0
gen.short_14.type=24
gen.short_14.len=0
gen.short_14.data=<null>
gen.short_14.check=0
gen.short_14.time_check=0
gen.short_14.utctime_check=0
gen.short_15.null=0
gen.short_15.set=0
gen.short_15.type=24
gen.short_15.len=0
gen.short_15.data=<null>
gen.short_15.check=0
gen.short_15.time_check=0
gen.short_15.utctime_check=0
gen.trailing.null=0
gen.trailing.set=0
gen.trailing.type=24
gen.trailing.len=0
gen.trailing.data=<null>
gen.trailing.check=0
gen.trailing.time_check=0
gen.trailing.utctime_check=0
gen.no_z.null=0
gen.no_z.set=0
gen.no_z.type=24
gen.no_z.len=0
gen.no_z.data=<null>
gen.no_z.check=0
gen.no_z.time_check=0
gen.no_z.utctime_check=0
gen.off_plus.null=1
gen.off_plus.set=1
gen.off_plus.type=24
gen.off_plus.len=19
gen.off_plus.data=32303230303130313030303030302b30313030
gen.off_plus.check=1
gen.off_plus.time_check=1
gen.off_plus.utctime_check=0
gen.off_minus.null=1
gen.off_minus.set=1
gen.off_minus.type=24
gen.off_minus.len=19
gen.off_minus.data=32303230303130313030303030302d30313030
gen.off_minus.check=1
gen.off_minus.time_check=1
gen.off_minus.utctime_check=0
gen.off_hour12.null=1
gen.off_hour12.set=1
gen.off_hour12.type=24
gen.off_hour12.len=19
gen.off_hour12.data=32303230303130313030303030302b31323030
gen.off_hour12.check=1
gen.off_hour12.time_check=1
gen.off_hour12.utctime_check=0
gen.off_hour13.null=0
gen.off_hour13.set=0
gen.off_hour13.type=24
gen.off_hour13.len=0
gen.off_hour13.data=<null>
gen.off_hour13.check=0
gen.off_hour13.time_check=0
gen.off_hour13.utctime_check=0
gen.off_min60.null=0
gen.off_min60.set=0
gen.off_min60.type=24
gen.off_min60.len=0
gen.off_min60.data=<null>
gen.off_min60.check=0
gen.off_min60.time_check=0
gen.off_min60.utctime_check=0
gen.off_short.null=0
gen.off_short.set=0
gen.off_short.type=24
gen.off_short.len=0
gen.off_short.data=<null>
gen.off_short.check=0
gen.off_short.time_check=0
gen.off_short.utctime_check=0
gen.mon_over.null=0
gen.mon_over.set=0
gen.mon_over.type=24
gen.mon_over.len=0
gen.mon_over.data=<null>
gen.mon_over.check=0
gen.mon_over.time_check=0
gen.mon_over.utctime_check=0
gen.day_over.null=0
gen.day_over.set=0
gen.day_over.type=24
gen.day_over.len=0
gen.day_over.data=<null>
gen.day_over.check=0
gen.day_over.time_check=0
gen.day_over.utctime_check=0
gen.hour_over.null=0
gen.hour_over.set=0
gen.hour_over.type=24
gen.hour_over.len=0
gen.hour_over.data=<null>
gen.hour_over.check=0
gen.hour_over.time_check=0
gen.hour_over.utctime_check=0
gen.min_over.null=0
gen.min_over.set=0
gen.min_over.type=24
gen.min_over.len=0
gen.min_over.data=<null>
gen.min_over.check=0
gen.min_over.time_check=0
gen.min_over.utctime_check=0
gen.sec_over.null=0
gen.sec_over.set=0
gen.sec_over.type=24
gen.sec_over.len=0
gen.sec_over.data=<null>
gen.sec_over.check=0
gen.sec_over.time_check=0
gen.sec_over.utctime_check=0
dispatch.gen_str=1
dispatch.gen_str.type=24
dispatch.gen_str.len=15
dispatch.gen_str.data=32303230303130313030303030305a
dispatch.utc_wins=1
dispatch.utc_wins.type=23
dispatch.utc_wins.len=13
dispatch.utc_wins.data=3230303130313030303030305a
dispatch.null_dest_utc=1
dispatch.null_dest_gen=1
dispatch.null_dest_bad=0
dispatch.err=<empty>
x509.utc_ok.ok=1
x509.utc_ok.type=23
x509.utc_ok.len=13
x509.utc_ok.data=3230303130313030303030305a
x509.utc_no_z.ok=0
x509.utc_no_z.type=-1
x509.utc_no_z.len=0
x509.utc_no_z.data=<null>
x509.utc_short.ok=0
x509.utc_short.type=-1
x509.utc_short.len=0
x509.utc_short.data=<null>
x509.utc_offset.ok=0
x509.utc_offset.type=-1
x509.utc_offset.len=0
x509.utc_offset.data=<null>
x509.utc_frac.ok=0
x509.utc_frac.type=-1
x509.utc_frac.len=0
x509.utc_frac.data=<null>
x509.gen_in_window.ok=1
x509.gen_in_window.type=23
x509.gen_in_window.len=13
x509.gen_in_window.data=3230303130313030303030305a
x509.gen_at_2050.ok=1
x509.gen_at_2050.type=24
x509.gen_at_2050.len=15
x509.gen_at_2050.data=32303530303130313030303030305a
x509.gen_at_1950.ok=1
x509.gen_at_1950.type=23
x509.gen_at_1950.len=13
x509.gen_at_1950.data=3530303130313030303030305a
x509.gen_below_1950.ok=1
x509.gen_below_1950.type=24
x509.gen_below_1950.len=15
x509.gen_below_1950.data=31393439303130313030303030305a
x509.gen_frac.ok=0
x509.gen_frac.type=-1
x509.gen_frac.len=0
x509.gen_frac.data=<null>
x509.gen_offset.ok=0
x509.gen_offset.type=-1
x509.gen_offset.len=0
x509.gen_offset.data=<null>
x509.gen_short.ok=0
x509.gen_short.type=-1
x509.gen_short.len=0
x509.gen_short.data=<null>
x509.gen_in_window_nodest.ok=1
x509.bad_nodest.ok=0
x509.empty_nodest.ok=0
set.epoch.null=0
set.epoch.type=23
set.epoch.len=13
set.epoch.data=3730303130313030303030305a
set.epoch.reused=1
set.epoch.err=<empty>
set.2009.null=0
set.2009.type=23
set.2009.len=13
set.2009.data=3039303231333233333133305a
set.2009.reused=1
set.2009.err=<empty>
set.neg.null=0
set.neg.type=23
set.neg.len=13
set.neg.data=3639313233313233353935395a
set.neg.reused=1
set.neg.err=<empty>
set.win_lo.null=0
set.win_lo.type=23
set.win_lo.len=13
set.win_lo.data=3530303130313030303030305a
set.win_lo.reused=1
set.win_lo.err=<empty>
set.win_hi.null=0
set.win_hi.type=23
set.win_hi.len=13
set.win_hi.data=3439313233313233353935395a
set.win_hi.reused=1
set.win_hi.err=<empty>
set.at_2050.null=0
set.at_2050.type=24
set.at_2050.len=15
set.at_2050.data=32303530303130313030303030305a
set.at_2050.reused=1
set.at_2050.err=<empty>
adj.day.null=0
adj.day.type=23
adj.day.len=13
adj.day.data=3230303130323030303030305a
adj.day.reused=1
adj.day.err=<empty>
adj.sec.null=0
adj.sec.type=23
adj.sec.len=13
adj.sec.data=3230303130313030303030315a
adj.sec.reused=1
adj.sec.err=<empty>
adj.neg_sec.null=0
adj.neg_sec.type=23
adj.neg_sec.len=13
adj.neg_sec.data=3139313233313233353935395a
adj.neg_sec.reused=1
adj.neg_sec.err=<empty>
adj.neg_day.null=0
adj.neg_day.type=23
adj.neg_day.len=13
adj.neg_day.data=3139313233313030303030305a
adj.neg_day.reused=1
adj.neg_day.err=<empty>
adj.both.null=0
adj.both.type=23
adj.both.len=13
adj.both.data=3230303130323031303030305a
adj.both.reused=1
adj.both.err=<empty>
adj.month_end.null=0
adj.month_end.type=23
adj.month_end.len=13
adj.month_end.data=3230303330323030303030305a
adj.month_end.reused=1
adj.month_end.err=<empty>
adj.null.null=0
adj.null.type=23
adj.null.len=13
adj.null.data=3230303130313030303030305a
adj.null.reused=0
adj.null.err=<empty>
utc_set.2050_null=1
utc_set.2050_len=0
utc_set.2049_len=13
utc_set.err=<empty>
utc_adj.midnight=ok
utc_adj.midnight.type=23
utc_adj.midnight.len=13
utc_adj.midnight.data=3230303130323030303030305a
gen_set.epoch_len=15
gen_set.epoch.type=24
gen_set.epoch.len=15
gen_set.epoch.data=31393730303130313030303030305a
gen_set.late_len=15
gen_set.late.type=24
gen_set.late.len=15
gen_set.late.data=39393939313233313233353935395a
gen_set.adj=1
gen_set.adj.type=24
gen_set.adj.len=15
gen_set.adj.data=32303139313233313030303030305a
tm.utc_epoch.to_tm=1
tm.utc_epoch.sec=0
tm.utc_epoch.min=0
tm.utc_epoch.hour=0
tm.utc_epoch.mday=1
tm.utc_epoch.mon=0
tm.utc_epoch.year=70
tm.utc_epoch.wday=4
tm.utc_epoch.yday=0
tm.utc_epoch.isdst=0
tm.utc_epoch.gmtoff=0
tm.utc_epoch.zone_null=1
tm.utc_2020.to_tm=1
tm.utc_2020.sec=3
tm.utc_2020.min=2
tm.utc_2020.hour=1
tm.utc_2020.mday=1
tm.utc_2020.mon=0
tm.utc_2020.year=120
tm.utc_2020.wday=3
tm.utc_2020.yday=0
tm.utc_2020.isdst=0
tm.utc_2020.gmtoff=0
tm.utc_2020.zone_null=1
tm.gen_2020.to_tm=1
tm.gen_2020.sec=3
tm.gen_2020.min=2
tm.gen_2020.hour=1
tm.gen_2020.mday=1
tm.gen_2020.mon=0
tm.gen_2020.year=120
tm.gen_2020.wday=3
tm.gen_2020.yday=0
tm.gen_2020.isdst=0
tm.gen_2020.gmtoff=0
tm.gen_2020.zone_null=1
tm.gen_year_zero.to_tm=1
tm.gen_year_zero.sec=0
tm.gen_year_zero.min=0
tm.gen_year_zero.hour=0
tm.gen_year_zero.mday=1
tm.gen_year_zero.mon=0
tm.gen_year_zero.year=100
tm.gen_year_zero.wday=6
tm.gen_year_zero.yday=0
tm.gen_year_zero.isdst=0
tm.gen_year_zero.gmtoff=0
tm.gen_year_zero.zone_null=1
tm.leap_day.to_tm=1
tm.leap_day.sec=0
tm.leap_day.min=0
tm.leap_day.hour=0
tm.leap_day.mday=29
tm.leap_day.mon=1
tm.leap_day.year=120
tm.leap_day.wday=6
tm.leap_day.yday=59
tm.leap_day.isdst=0
tm.leap_day.gmtoff=0
tm.leap_day.zone_null=1
tm.off_plus.to_tm=1
tm.off_plus.sec=3
tm.off_plus.min=2
tm.off_plus.hour=0
tm.off_plus.mday=1
tm.off_plus.mon=0
tm.off_plus.year=120
tm.off_plus.wday=3
tm.off_plus.yday=0
tm.off_plus.isdst=0
tm.off_plus.gmtoff=0
tm.off_plus.zone_null=1
tm.off_minus.to_tm=1
tm.off_minus.sec=3
tm.off_minus.min=2
tm.off_minus.hour=2
tm.off_minus.mday=1
tm.off_minus.mon=0
tm.off_minus.year=120
tm.off_minus.wday=3
tm.off_minus.yday=0
tm.off_minus.isdst=0
tm.off_minus.gmtoff=0
tm.off_minus.zone_null=1
tm.off_zero.to_tm=1
tm.off_zero.sec=3
tm.off_zero.min=2
tm.off_zero.hour=1
tm.off_zero.mday=1
tm.off_zero.mon=0
tm.off_zero.year=120
tm.off_zero.wday=3
tm.off_zero.yday=0
tm.off_zero.isdst=0
tm.off_zero.gmtoff=0
tm.off_zero.zone_null=1
tm.off_forward.to_tm=1
tm.off_forward.sec=0
tm.off_forward.min=30
tm.off_forward.hour=23
tm.off_forward.mday=31
tm.off_forward.mon=11
tm.off_forward.year=119
tm.off_forward.wday=3
tm.off_forward.yday=0
tm.off_forward.isdst=0
tm.off_forward.gmtoff=0
tm.off_forward.zone_null=1
tm.off_back.to_tm=1
tm.off_back.sec=0
tm.off_back.min=30
tm.off_back.hour=0
tm.off_back.mday=2
tm.off_back.mon=0
tm.off_back.year=120
tm.off_back.wday=3
tm.off_back.yday=0
tm.off_back.isdst=0
tm.off_back.gmtoff=0
tm.off_back.zone_null=1
tm.check.off_plus=1
tm.utc_check.off_plus=1
tm.utc_check.off_hour13=0
tm.null.ok=1
tm.null.gmtoff_zero=1
tm.null.isdst_zero=1
tm.null.zone_gmt=1
tm.bad.ok=0
diff.year.ok=1
diff.year.day=366
diff.year.sec=0
diff.year.null_day_ok=1
diff.year.null_day_sec=0
diff.year.null_sec_ok=1
diff.year.null_sec_day=366
diff.year.both_null_ok=1
diff.year_rev.ok=1
diff.year_rev.day=-366
diff.year_rev.sec=0
diff.year_rev.null_day_ok=1
diff.year_rev.null_day_sec=0
diff.year_rev.null_sec_ok=1
diff.year_rev.null_sec_day=-366
diff.year_rev.both_null_ok=1
diff.same.ok=1
diff.same.day=0
diff.same.sec=0
diff.same.null_day_ok=1
diff.same.null_day_sec=0
diff.same.null_sec_ok=1
diff.same.null_sec_day=0
diff.same.both_null_ok=1
diff.minute.ok=1
diff.minute.day=0
diff.minute.sec=60
diff.minute.null_day_ok=1
diff.minute.null_day_sec=60
diff.minute.null_sec_ok=1
diff.minute.null_sec_day=0
diff.minute.both_null_ok=1
diff.cross_midnight.ok=1
diff.cross_midnight.day=0
diff.cross_midnight.sec=-82800
diff.cross_midnight.null_day_ok=1
diff.cross_midnight.null_day_sec=-82800
diff.cross_midnight.null_sec_ok=1
diff.cross_midnight.null_sec_day=0
diff.cross_midnight.both_null_ok=1
diff.cross_month.ok=1
diff.cross_month.day=0
diff.cross_month.sec=3600
diff.cross_month.null_day_ok=1
diff.cross_month.null_day_sec=3600
diff.cross_month.null_sec_ok=1
diff.cross_month.null_sec_day=0
diff.cross_month.both_null_ok=1
diff.cross_leap.ok=1
diff.cross_leap.day=1
diff.cross_leap.sec=3600
diff.cross_leap.null_day_ok=1
diff.cross_leap.null_day_sec=3600
diff.cross_leap.null_sec_ok=1
diff.cross_leap.null_sec_day=1
diff.cross_leap.both_null_ok=1
diff.negative_span.ok=1
diff.negative_span.day=0
diff.negative_span.sec=-84600
diff.negative_span.null_day_ok=1
diff.negative_span.null_day_sec=-84600
diff.negative_span.null_sec_ok=1
diff.negative_span.null_sec_day=0
diff.negative_span.both_null_ok=1
diff.big.ok=1
diff.big.day=36524
diff.big.sec=86399
diff.big.null_day_ok=1
diff.big.null_day_sec=86399
diff.big.null_sec_ok=1
diff.big.null_sec_day=36524
diff.big.both_null_ok=1
diff.bad.parse=0
cmp.utc_equal=0
cmp.utc_equal.rev=0
cmp.utc_before=-1
cmp.utc_before.rev=1
cmp.utc_after=1
cmp.utc_after.rev=-1
cmp.cross_syntax=0
cmp.cross_syntax.rev=0
cmptt.equal=0
cmptt.before=-1
cmptt.after=1
cmptt.far=1
cmptt.gen_via_utc=-2
cmptt.gen_via_time=0
cmptt.unparseable=-2
cmptt.unparseable_utc=-2
cmptt.utc_epoch=0
cmptt.utc_epoch_later=-1
cmptt.err=<empty>
null_diff.ok=1
null_diff.future=1
print.rfc822_utc.rv=1
print.rfc822_utc.len=24
print.rfc822_utc="Jan  1 01:02:03 2020 GMT"
print.iso_utc.rv=1
print.iso_utc.len=20
print.iso_utc="2020-01-01 01:02:03Z"
print.rfc822_gen.rv=1
print.rfc822_gen.len=24
print.rfc822_gen="Jan  1 01:02:03 2020 GMT"
print.iso_gen.rv=1
print.iso_gen.len=20
print.iso_gen="2020-01-01 01:02:03Z"
print.rfc822_epoch.rv=1
print.rfc822_epoch.len=24
print.rfc822_epoch="Jan  1 00:00:00 1970 GMT"
print.rfc822_zero.rv=1
print.rfc822_zero.len=24
print.rfc822_zero="Jan  1 00:00:00 2000 GMT"
print.rfc822_double_digit.rv=1
print.rfc822_double_digit.len=24
print.rfc822_double_digit="Dec  5 01:02:03 2012 GMT"
print.frac1.rv=1
print.frac1.len=26
print.frac1="Jan  1 00:00:00.5 2020 GMT"
print.frac1_iso.rv=1
print.frac1_iso.len=22
print.frac1_iso="2020-01-01 00:00:00.5Z"
print.frac6.rv=1
print.frac6.len=31
print.frac6="Jan  1 00:00:00.123456 2020 GMT"
print.frac6_iso.rv=1
print.frac6_iso.len=27
print.frac6_iso="2020-01-01 00:00:00.123456Z"
print.no_frac.rv=1
print.no_frac.len=24
print.no_frac="Jan  1 00:00:00 2020 GMT"
print.frac_empty.set=0
print.bad.rv=0
print.bad.len=14
print.bad="Bad time value"
print.bad_ex.rv=0
print.bad_ex="Bad time value"
print.err=<empty>
typed.utc_print_utc=1
typed.utc_print_utc="Jan  1 01:02:03 2020 GMT"
typed.utc_print_gen=0
typed.utc_print_gen=""
typed.gen_print_gen=1
typed.gen_print_gen="Jan  1 01:02:03 2020 GMT"
typed.gen_print_utc=0
typed.gen_print_utc=""
togen.from_utc.null=0
togen.from_utc.type=24
togen.from_utc.len=15
togen.from_utc.data=32303230303130313031303230335a
togen.reuse.same=1
togen.reuse.allocated=1
togen.reuse.type=24
togen.reuse.len=15
togen.reuse.data=32303230303130313031303230335a
togen.inplace.same=1
togen.inplace.writeback=1
togen.inplace.type=24
togen.inplace.len=15
togen.inplace.data=32303230303130313031303230335a
togen.bad.null=1
togen.bad.untouched=1
norm.in_window.ok=1
norm.in_window.type=23
norm.in_window.len=13
norm.in_window.data=3230303130313031303230335a
norm.out_of_window.ok=1
norm.out_of_window.type=24
norm.out_of_window.len=15
norm.out_of_window.data=32303530303130313031303230335a
norm.utc.ok=1
norm.utc.type=23
norm.utc.len=13
norm.utc.data=3230303130313031303230335a
norm.bad.ok=0
norm.bad.type=-1
norm.bad.len=0
norm.bad.data=<null>
norm.null=0
dup.utc.equal=1
dup.utc.type=23
dup.utc.len=13
dup.utc.data=3230303130313031303230335a
dup.utc_via_time.type=23
dup.utc_via_time.len=13
dup.utc_via_time.data=3230303130313031303230335a
dup.gen.equal=1
dup.gen.type=24
dup.gen.len=15
dup.gen.data=32303230303130313031303230335a
dup.gen_via_time.type=24
dup.gen_via_time.len=15
dup.gen_via_time.data=32303230303130313031303230335a
new.time.type=-1
new.time.len=0
new.time.data=<null>
new.time.check=0
new.time.utc_check=0
new.time.gen_check=0
err.after_failures=<empty>
err.with_pending=too large
done=1
