transcript.sha256=5e4c61969dcc6641a4472583e1a87f22fd3cf15501f1a2ece211bd1bae1ce024
buff.nonnull=1
buff.name=buffer
buff.type=521
buff.init=1
buff.info.empty=0
buff.pending.empty=0
buff.wpending.empty=0
buff.write.small=3
buff.info.small=3
buff.wpending.small=3
buff.mem.small.n=0
buff.mem.small.v=
buff.flush=1
buff.info.flushed=0
buff.mem.flushed.n=3
buff.mem.flushed.v=abc
buff.write.big=10
buff.wpending.big=10
buff.mem.big.n=3
buff.mem.big.v=abc
buff.read=3
buff.read.data=abc
buff.read.pending=0
buff.gets=-1
buff.gets.data=
buff.eof=1
buff.peek=0
buff.peek.data=
buff.peek.pending=0
buff.numlines=0
buff.setrbs=1
buff.setrbs.smaller=1
buff.reset=1
buff.readdata=1
buff.readdata.pending=4
buff.readdata.read=4
buff.readdata.data=pre!
line.nonnull=1
line.name=linebuffer
line.type=532
line.write.nonl=3
line.info.nonl=3
line.wpending.nonl=3
line.mem.nonl.n=0
line.mem.nonl.v=
line.write.nl=7
line.info.nl=3
line.mem.nl.n=7
line.mem.nl.v=abcdef\n
line.flush=1
line.info.flushed=0
line.mem.flushed.n=10
line.mem.flushed.v=abcdef\nghi
line.puts=2
line.flush2=1
line.mem.puts.n=12
line.mem.puts.v=abcdef\nghi!\n
line.reset=1
readb.nonnull=1
readb.name=readbuffer
readb.type=521
readb.tell.0=0
readb.read=9
readb.read.data=line-one

readb.tell.9=9
readb.info=9
readb.pending=9
readb.eof=0
readb.seek.back=1
readb.tell.after0=0
readb.read.again=9
readb.read.again.data=line-one

readb.seek.fwd=0
readb.seek.neg=0
readb.reset=1
readb.tell.afterreset=0
readb.write=0
readb.puts=0
readb.flush=1
readb.dup=1
readb.unknown=0
readb.gets=3
readb.gets.data=aa

readb.tell.gets=3
readb.gets2=3
readb.gets2.data=bb

pref.nonnull=1
pref.name=prefix
pref.type=521
pref.passthru=3
pref.mem.passthru.n=3
pref.mem.passthru.v=x\ny
pref.setprefix=1
pref.write=8
pref.mem.write.n=13
pref.mem.write.v=x\nyone\n> two\n
pref.getindent=0
pref.setindent=1
pref.getindent2=2
pref.setindent.neg=0
pref.write2=6
pref.mem.write2.n=23
pref.mem.write2.v=x\nyone\n> two\n>   three\n
pref.seek=0
pref.write3=1
pref.mem.write3.n=28
pref.mem.write3.v=x\nyone\n> two\n>   three\n>   z
pref.clearprefix=1
pref.setindent0=1
pref.write4=2
pref.mem.write4.n=30
pref.mem.write4.v=x\nyone\n> two\n>   three\n>   zq\n
pref.free=1
err.count=0
