transcript.sha256=a938f4d07294f10342a499209d7a255e8648028ddba7e8eeabd872843219fde3
probe.rt-stack=1
null.num=-1
null.value=1
null.is_sorted=1
null.pop=1
null.shift=1
null.delete=1
null.delete_ptr=1
null.find=-1
null.find_ex=-1
null.find_all=-1
null.find_all_pnum_untouched=1
null.push=0
null.reserve=0
null.set_thunks_is_null=1
null.free_survived=1
null.pop_free_survived=1
null.zero_survived=1
null.dup_nonnull=1
null.dup_num=0
null.dup_is_sorted=0
null.deep_copy_nonnull=1
null.deep_copy_num=0
empty.num=0
empty.value0=1
empty.value_neg=1
empty.find=-1
empty.find_ex=-1
empty.pop=1
empty.shift=1
empty.sort_survived=1
empty.after_sort_is_sorted=0
unordered.push1=1
unordered.push2=2
unordered.push3=3
unordered.num=3
unordered.value0=10
unordered.value2=30
unordered.value3=1
unordered.value_neg=1
unordered.find_b=1
unordered.find_a=0
unordered.find_equal_value=-1
unordered.find_ex_b=1
unordered.find_ex_equal_value=-1
unordered.find_null=-1
unordered.find_all_b=1
unordered.find_all_pnum=1
unordered.find_all_a=0
unordered.find_all_a_pnum=1
unordered.find_all_nullpnum=1
unordered.insert_neg=4
unordered.after_insert_neg_num=4
unordered.after_insert_neg_last=20
unordered.insert_beyond=5
unordered.after_insert_beyond_num=5
unordered.insert_at1=6
unordered.after_insert_at1=10,30,20,30,20
unordered.set_ret=20
unordered.set_value0=20
unordered.set_oob_ret=1
unordered.set_oob_neg=1
unordered.unshift=7
unordered.after_unshift0=10
unordered.shift=10
unordered.pop=10
unordered.delete0=20
unordered.delete_oob=1
unordered.num_final=4
sorted.before_is_sorted=0
sorted.unsorted_find_20=3
sorted.unsorted_find_ex_25=-1
sorted.after_is_sorted=1
sorted.order0=10
sorted.order1=10
sorted.order2=20
sorted.order3=20
sorted.order4=30
sorted.order5=30
sorted.order6=40
sorted.order7=50
sorted.find_10=0
sorted.find_ex_10=1
sorted.find_25=-1
sorted.find_ex_25=3
sorted.find_20=2
sorted.find_ex_20=2
sorted.find_50=7
sorted.find_ex_50=7
sorted.find_99=-1
sorted.find_ex_99=7
sorted.find_all_10=0
sorted.find_all_10_pnum=2
sorted.find_all_25=-1
sorted.find_all_25_pnum=0
sorted.find_all_20=2
sorted.find_all_20_pnum=2
sorted.find_all_50=7
sorted.find_all_50_pnum=1
sorted.find_all_99=-1
sorted.find_all_99_pnum=0
sorted.find_null=-1
sorted.find_all_null=-1
sorted.find_all_null_pnum_untouched=1
sorted.set_same_returns_prev=1
sorted.set_same_keeps_sorted=1
sorted.delete_at0=10
sorted.after_delete_is_sorted=1
sorted.after_delete_num=7
sorted.after_zero_is_sorted=1
sorted.after_zero_num=0
sorted.after_zero_push=1
sorted.after_zero_push_is_sorted=0
nocomp.before=0
nocomp.after=0
nocomp.set_cmp_prev_null=1
reserve.new_nonnull=1
reserve.new_num=0
reserve.n_zero=1
reserve.n_neg=1
reserve.n_positive=1
reserve.n_after_num=0
reserve.new_reserve_zero_nonnull=1
reserve.new_reserve_zero_is_sorted=0
dup.nonnull=1
dup.num=3
dup.is_sorted=1
dup.shares_elements=1
dup.empty_num=0
dup.empty_is_sorted=0
deep.nonnull=1
deep.num=3
deep.copy_calls=3
deep.distinct=1
deep.equal_values=1,2,3
deep.is_sorted=1
deep.free_calls=3
deep.free_order=1,2,3
deep.empty_num=0
deep.empty_copy_calls=0
popfree.calls=4
popfree.order=1,2,3,4
thunk.set_returns_same=1thunk.calls=3
thunk.freed=3
thunk.elem_was_passed=1popfree.null_skipped=1
ptr.delete_returns=1
ptr.num_after=2
ptr.value0=2
ptr.delete_b=2
ptr.num_after_b=1
ptr.delete_second_a=1
ptr.num_after_second_a=0
ptr.delete_missing=1
zero.before_num=2
zero.after_num=0
zero.after_is_sorted=0
zero.after_value0=1
zero.reuse_push=1
done=1
