transcript.sha256=054dd4264859b58f7d2a73a6b1de3f8c81f2dab377d20defc20a32a3896990d7
pkey_meth.new=1 err=0
pkey_meth.check=1 err=0
pkey_meth.cleanup=1 err=0
pkey_meth.copy=1 err=0
pkey_meth.ctrl=1 err=0
pkey_meth.decrypt=1 err=0
pkey_meth.derive=1 err=0
pkey_meth.digest_custom=1 err=0
pkey_meth.digestsign=1 err=0
pkey_meth.digestverify=1 err=0
pkey_meth.encrypt=1 err=0
pkey_meth.init=1 err=0
pkey_meth.keygen=1 err=0
pkey_meth.param_check=1 err=0
pkey_meth.paramgen=1 err=0
pkey_meth.public_check=1 err=0
pkey_meth.sign=1 err=0
pkey_meth.signctx=1 err=0
pkey_meth.verify=1 err=0
pkey_meth.verify_recover=1 err=0
pkey_meth.verifyctx=1 err=0
asn1_meth.new=1 err=0
asn1_meth.get0_info=1 err=0
asn1_meth.info_matches=1 err=0
asn1_meth.pem_matches=1 err=0
asn1_meth.copy.new=1 err=0
asn1_meth.copy.survived=1 err=0
md_meth.new=1 err=0
md_meth.set_cleanup=1 err=0
md_meth.set_copy=1 err=0
md_meth.set_ctrl=1 err=0
md_meth.set_final=1 err=0
md_meth.set_update=1 err=0
md_meth.dup=1 err=0
cipher_meth.new=1 err=0
cipher_meth.set_cleanup=1 err=0
cipher_meth.set_ctrl=1 err=0
cipher_meth.set_init=1 err=0
cipher_meth.set_get_asn1=1 err=0
cipher_meth.set_set_asn1=1 err=0
cipher_meth.get_asn1_roundtrip=1 err=0
md_ctx.new=1 err=0
md_ctx.copy=1 err=0
md_ctx.copy.md_null=1 err=0
md_do_all_provided.boundary=contents_belong_to_later_strata
pw_prompt.roundtrip=1 err=0
pw_prompt.cleared=1 err=0
pbe.scrypt.boundary=primitive_is_phase8
