transcript.sha256=074d6c48c97ca31607252fe64b123be6a4ac5fc15025afa32360fdf0ec87a9fd
md4.blocksize=64
md4.outsize=16
md4.digest.empty=31d6cfe0d16ae931b73c59d7e0c089c0
md4.digest.abc=a448017aaf21d8525fc10ae87aa6729d
md4.digest.len55=f110267076a681063d6517cda2590dab
md4.digest.len56=f13dab0f5af3d2bde59abf4b49529aad
md4.digest.len64=1163fe2c9c696de2f357074d3d207ab6
md4.digest.long=a1449ce09255ece450ace1589258503a
md4.digest.split=a1449ce09255ece450ace1589258503a
md4.split_matches=same
md4.digest.transform_then_update=38d29caead451803723071337c45b484
md5.blocksize=64
md5.outsize=16
md5.digest.empty=d41d8cd98f00b204e9800998ecf8427e
md5.digest.abc=900150983cd24fb0d6963f7d28e17f72
md5.digest.len55=c9e512626618c9980ef21a96597af94c
md5.digest.len56=ecde7caa08e9f5657c863df107cac60a
md5.digest.len64=b6bf87c24b1bc334e2541387a92b981b
md5.digest.long=2b1e78d5765de9e10495a01412a1cf22
md5.digest.split=2b1e78d5765de9e10495a01412a1cf22
md5.split_matches=same
md5.digest.transform_then_update=aae831686a06462a4f304912cf47a702
ripemd160.blocksize=64
ripemd160.outsize=20
ripemd160.digest.empty=9c1185a5c5e9fc54612808977ee8f548b2258d31
ripemd160.digest.abc=8eb208f7e05d987a9b044a8e98c6b087f15a0bfc
ripemd160.digest.len55=b0b8230474939917ecb5359dd78d492965729965
ripemd160.digest.len56=d627d48d28fd05a3954f02580221823e667c5c37
ripemd160.digest.len64=13aaed2eefca44031dfcb63eca3f3bad8eebad46
ripemd160.digest.long=8205457271cd52ed6eaab583e069eb41de483d4c
ripemd160.digest.split=8205457271cd52ed6eaab583e069eb41de483d4c
ripemd160.split_matches=same
ripemd160.digest.transform_then_update=ee5abf22238c54a555b2a2c14e481b061efd739b
sha1.blocksize=64
sha1.outsize=20
sha1.digest.empty=da39a3ee5e6b4b0d3255bfef95601890afd80709
sha1.digest.abc=a9993e364706816aba3e25717850c26c9cd0d89d
sha1.digest.len55=749bbefb28edc4638b28b2b9a9e03ab9a4032b90
sha1.digest.len56=a5b6e9c29d201c774753ff8e7fb64931656f5e63
sha1.digest.len64=39a0d8b645ad85f1f976731ed112ac9455e28b78
sha1.digest.long=414475341017ec91703435a6f290324818f983e9
sha1.digest.split=414475341017ec91703435a6f290324818f983e9
sha1.split_matches=same
sha1.digest.transform_then_update=b4f634e105aae72a6b1d1720a43334d416f6d25a
sha224.blocksize=64
sha224.outsize=28
sha224.digest.empty=d14a028c2a3a2bc9476102bb288234c415a2b01f828ea62ac5b3e42f
sha224.digest.abc=23097d223405d8228642a477bda255b32aadbce4bda0b3f7e36c9da7
sha224.digest.len55=c0c292e161a463ae5b77f08438f45cc0b34c0fa8e2fe0c6a8ddce7f5
sha224.digest.len56=ad0e4dae43e8b3bbcb2755e9bb1ef283a363a8155ff2531ef38c83d7
sha224.digest.len64=0d8dc940d62a2c2926eb2602fec283d0e12a9cf9fac0db61a466a550
sha224.digest.long=2dc7f66b50af36588ccf95cf6374a6c0722d9ea1b03cb637b1f40488
sha224.digest.split=2dc7f66b50af36588ccf95cf6374a6c0722d9ea1b03cb637b1f40488
sha224.split_matches=same
sha224.digest.transform_then_update=590f0d16eb95e5b845a924cfc0a467079f889cf2c07f3b2830f06e83
sha256.blocksize=64
sha256.outsize=32
sha256.digest.empty=e3b0c44298fc1c149afbf4c8996fb92427ae41e4649b934ca495991b7852b855
sha256.digest.abc=ba7816bf8f01cfea414140de5dae2223b00361a396177a9cb410ff61f20015ad
sha256.digest.len55=8aa994584139d128848eeebc4e815639ba5ab6e6e39574195a63ac4f14f7c43b
sha256.digest.len56=ad574708f75c044c9b85de64cb568ee7711ff4f36448c6242f053ba8f6cc2b63
sha256.digest.len64=c6ab9724ade5b6a7a1edfffb12f3aa9181351355af8fd08c919952ad211339dd
sha256.digest.long=5097e7d587352f5097062ae679f37bda5802d9f875aba14c8cb4d1a188ada179
sha256.digest.split=5097e7d587352f5097062ae679f37bda5802d9f875aba14c8cb4d1a188ada179
sha256.split_matches=same
sha256.digest.transform_then_update=cfa6165f7727e4220d5956e7e9f7de11f626b04b9db3f75aa92e8744af376214
sha384.blocksize=128
sha384.outsize=48
sha384.digest.empty=38b060a751ac96384cd9327eb1b1e36a21fdb71114be07434c0cc7bf63f6e1da274edebfe76f65fbd51ad2f14898b95b
sha384.digest.abc=cb00753f45a35e8bb5a03d699ac65007272c32ab0eded1631a8b605a43ff5bed8086072ba1e7cc2358baeca134c825a7
sha384.digest.len55=c3fc2efb3f7f03957fed594638fc1a9e5b790844913e7fd43ad29a26bd5e5aaf494a137cc3f282d73e778d77d3c1c036
sha384.digest.len56=29d62ede666ed78653a8f02f92eb8a02b4b627d15f0e6d61291f63b0ec159586316fbe3f2450d01c82d86e52ae754483
sha384.digest.len64=5a7c058de8f3c7e5eb66aca0f99b51860f936baca131c77d90de19fa1bbf7c208408b6dbe4354a9b279ef4eab09acd6e
sha384.digest.long=4f33e6bdc22d2129245d832f3b149770b799aa9e63b4c79bd3073aca7e5afc8332c83cace1f5d81c22a256f09dcb3f98
sha384.digest.split=4f33e6bdc22d2129245d832f3b149770b799aa9e63b4c79bd3073aca7e5afc8332c83cace1f5d81c22a256f09dcb3f98
sha384.split_matches=same
sha384.digest.transform_then_update=55339fd2815e2c9923abe11eef7fbfdb91afb5e4a5e11b46319a2ce574346593b9a8679860e98907b5359fd70a8c424c
sha512.blocksize=128
sha512.outsize=64
sha512.digest.empty=cf83e1357eefb8bdf1542850d66d8007d620e4050b5715dc83f4a921d36ce9ce47d0d13c5d85f2b0ff8318d2877eec2f63b931bd47417a81a538327af927da3e
sha512.digest.abc=ddaf35a193617abacc417349ae20413112e6fa4e89a97ea20a9eeee64b55d39a2192992a274fc1a836ba3c23a3feebbd454d4423643ce80e2a9ac94fa54ca49f
sha512.digest.len55=330eb5e81b4d722cae1e0efbf883efb180c3e346d2b3b797dafc90409583ed35af65dc2d7974a353f0c21663e196b60d3ee5a2c70c50b7b3bccdb93a5dbce6bf
sha512.digest.len56=1b5b63bfd5420b2dc480abce3dbdb3e19e5f9d4fabffba7764883937eaae878a55362c938c141712c44c3076c3fabb2c60814c2994c311c33049a8d6de2a8898
sha512.digest.len64=4c7aba3659929c4fd87604c532a3b5f174d0626b2d661dbbbfac76c97a49a5a7789d2c68324c754f66bf629fa72054f334feaad8b1cf4c885ae03a1e634afc18
sha512.digest.long=b41d42e106eca6bf57123566b7ed1550c37d33af23afbfa8e302dfd44c988b3003a26b4140ef42f535e66ea424e7c4a31616307269e6d520a6508f726da23d0a
sha512.digest.split=b41d42e106eca6bf57123566b7ed1550c37d33af23afbfa8e302dfd44c988b3003a26b4140ef42f535e66ea424e7c4a31616307269e6d520a6508f726da23d0a
sha512.split_matches=same
sha512.digest.transform_then_update=64740ddf8b893b25725d8f7d36133ef0912740c541994e05de47627b12b84109d3ce8862a5382de576d6d2d3c98cdaed9f529be7b81bdb24d2110601631e446e
whirlpool.blocksize=64
whirlpool.outsize=64
whirlpool.digest.empty=19fa61d75522a4669b44e39c1d2e1726c530232130d407f89afee0964997f7a73e83be698b288febcf88e3e03c4f0757ea8964e59b63d93708b138cc42a66eb3
whirlpool.digest.abc=4e2448a4c6f486bb16b6562c73b4020bf3043e3a731bce721ae1b303d97e6d4c7181eebdb6c57e277d0e34957114cbd6c797fc9d95d8b582d225292076d4eef5
whirlpool.digest.len55=07f4a1b998d7d2c2b3ec7f32fd9ec71c72273db1b5c8a106b265a77e63f16822356548e52ed3d41762203241dc5c4a50be9d6f97d75561989b15991631c4c885
whirlpool.digest.len56=1c5acea1f59c472614e84d4d2b9cfc376d0e194601314ea363064503a33115c8bb18bbd3e17234e3637937955119bdeab7936c57480ed0b6063c24c2b8d9cec3
whirlpool.digest.len64=a59de5f38d9e807ecfc54b0f964c7043a05d9f69f117e9b2749a86346229bb0891ee7cdb6ead3d393e1e9a9a6f50d4ed5da2be5cabd4234cbfa8da5f37c45841
whirlpool.digest.long=06034770971a904be66eb147337de35710112bb1eb12f83b6aa55e026dc601d60d31870727ac372b5e9fad23957a2b3b6d3a5227e1957bd46bdb7d6c43eaab88
whirlpool.digest.split=06034770971a904be66eb147337de35710112bb1eb12f83b6aa55e026dc601d60d31870727ac372b5e9fad23957a2b3b6d3a5227e1957bd46bdb7d6c43eaab88
whirlpool.split_matches=same
mdc2.blocksize=8
mdc2.outsize=16
mdc2.digest.empty=52525252525252522525252525252525
mdc2.digest.abc=3ff42120ee863f5d910cf2ee5064f82f
mdc2.digest.len55=41b8357fc65e9bc99c5e09f58cb2390c
mdc2.digest.len56=baf3fbcb7d958dcbd40f3d108e1b4a37
mdc2.digest.len64=2c93606e774bac058a92051993e38c7c
mdc2.digest.long=bf5aa8214b3e50e957ecf5a9a9e72b32
mdc2.digest.split=bf5aa8214b3e50e957ecf5a9a9e72b32
mdc2.split_matches=same
mdc2.pad1=42e50cd224baceba760bdd2bd409281a
mdc2.pad2=2e4679b5add9ca7535d87afeab33bee2
oneshot.sha1=ok
oneshot.sha1.digest=414475341017ec91703435a6f290324818f983e9
oneshot.sha1.static=ok
oneshot.sha1.static_digest=414475341017ec91703435a6f290324818f983e9
oneshot.sha1.static_matches=same
oneshot.sha224=ok
oneshot.sha224.digest=2dc7f66b50af36588ccf95cf6374a6c0722d9ea1b03cb637b1f40488
oneshot.sha224.static=ok
oneshot.sha224.static_digest=2dc7f66b50af36588ccf95cf6374a6c0722d9ea1b03cb637b1f40488
oneshot.sha224.static_matches=same
oneshot.sha256=ok
oneshot.sha256.digest=5097e7d587352f5097062ae679f37bda5802d9f875aba14c8cb4d1a188ada179
oneshot.sha256.static=ok
oneshot.sha256.static_digest=5097e7d587352f5097062ae679f37bda5802d9f875aba14c8cb4d1a188ada179
oneshot.sha256.static_matches=same
oneshot.sha384=ok
oneshot.sha384.digest=4f33e6bdc22d2129245d832f3b149770b799aa9e63b4c79bd3073aca7e5afc8332c83cace1f5d81c22a256f09dcb3f98
oneshot.sha384.static=ok
oneshot.sha384.static_digest=4f33e6bdc22d2129245d832f3b149770b799aa9e63b4c79bd3073aca7e5afc8332c83cace1f5d81c22a256f09dcb3f98
oneshot.sha384.static_matches=same
oneshot.sha512=ok
oneshot.sha512.digest=b41d42e106eca6bf57123566b7ed1550c37d33af23afbfa8e302dfd44c988b3003a26b4140ef42f535e66ea424e7c4a31616307269e6d520a6508f726da23d0a
oneshot.sha512.static=ok
oneshot.sha512.static_digest=b41d42e106eca6bf57123566b7ed1550c37d33af23afbfa8e302dfd44c988b3003a26b4140ef42f535e66ea424e7c4a31616307269e6d520a6508f726da23d0a
oneshot.sha512.static_matches=same
oneshot.md4=ok
oneshot.md4.digest=a1449ce09255ece450ace1589258503a
oneshot.md4.static=ok
oneshot.md4.static_digest=a1449ce09255ece450ace1589258503a
oneshot.md4.static_matches=same
oneshot.md5=ok
oneshot.md5.digest=2b1e78d5765de9e10495a01412a1cf22
oneshot.md5.static=ok
oneshot.md5.static_digest=2b1e78d5765de9e10495a01412a1cf22
oneshot.md5.static_matches=same
oneshot.mdc2=ok
oneshot.mdc2.digest=bf5aa8214b3e50e957ecf5a9a9e72b32
oneshot.mdc2.static=ok
oneshot.mdc2.static_digest=bf5aa8214b3e50e957ecf5a9a9e72b32
oneshot.mdc2.static_matches=same
oneshot.ripemd160=ok
oneshot.ripemd160.digest=8205457271cd52ed6eaab583e069eb41de483d4c
oneshot.ripemd160.static=ok
oneshot.ripemd160.static_digest=8205457271cd52ed6eaab583e069eb41de483d4c
oneshot.ripemd160.static_matches=same
oneshot.whirlpool=ok
oneshot.whirlpool.digest=06034770971a904be66eb147337de35710112bb1eb12f83b6aa55e026dc601d60d31870727ac372b5e9fad23957a2b3b6d3a5227e1957bd46bdb7d6c43eaab88
oneshot.whirlpool.static=ok
oneshot.whirlpool.static_digest=06034770971a904be66eb147337de35710112bb1eb12f83b6aa55e026dc601d60d31870727ac372b5e9fad23957a2b3b6d3a5227e1957bd46bdb7d6c43eaab88
oneshot.whirlpool.static_matches=same
provider.load_default=yes
provider.available_default=1
provider.fetch_sha256=yes
provider.sha256.size=32
provider.sha256.blocksize=64
provider.sha256.abc=ba7816bf8f01cfea414140de5dae2223b00361a396177a9cb410ff61f20015ad
provider.sha256.outl=32
provider.fetch.md5=yes
provider.md5.size=16
provider.md5.blocksize=64
provider.md5.gp.present=1
provider.md5.gp.0=blocksize:2:8
provider.md5.gp.1=size:2:8
provider.md5.gp.2=xof:1:4
provider.md5.gp.3=algid-absent:1:4
provider.md5.gp.count=4
provider.md5.abc=900150983cd24fb0d6963f7d28e17f72
provider.md5.outl=16
provider.fetch.sha1=yes
provider.sha1.size=20
provider.sha1.blocksize=64
provider.sha1.gp.present=1
provider.sha1.gp.0=blocksize:2:8
provider.sha1.gp.1=size:2:8
provider.sha1.gp.2=xof:1:4
provider.sha1.gp.3=algid-absent:1:4
provider.sha1.gp.count=4
provider.sha1.abc=a9993e364706816aba3e25717850c26c9cd0d89d
provider.sha1.outl=20
provider.fetch.sha512=yes
provider.sha512.size=64
provider.sha512.blocksize=128
provider.sha512.gp.present=1
provider.sha512.gp.0=blocksize:2:8
provider.sha512.gp.1=size:2:8
provider.sha512.gp.2=xof:1:4
provider.sha512.gp.3=algid-absent:1:4
provider.sha512.gp.count=4
provider.sha512.abc=ddaf35a193617abacc417349ae20413112e6fa4e89a97ea20a9eeee64b55d39a2192992a274fc1a836ba3c23a3feebbd454d4423643ce80e2a9ac94fa54ca49f
provider.sha512.outl=64
provider.fetch.sha2_224=yes
provider.sha2_224.size=28
provider.sha2_224.blocksize=64
provider.sha2_224.gp.present=1
provider.sha2_224.gp.0=blocksize:2:8
provider.sha2_224.gp.1=size:2:8
provider.sha2_224.gp.2=xof:1:4
provider.sha2_224.gp.3=algid-absent:1:4
provider.sha2_224.gp.count=4
provider.sha2_224.abc=23097d223405d8228642a477bda255b32aadbce4bda0b3f7e36c9da7
provider.sha2_224.outl=28
provider.fetch.sha2_384=yes
provider.sha2_384.size=48
provider.sha2_384.blocksize=128
provider.sha2_384.gp.present=1
provider.sha2_384.gp.0=blocksize:2:8
provider.sha2_384.gp.1=size:2:8
provider.sha2_384.gp.2=xof:1:4
provider.sha2_384.gp.3=algid-absent:1:4
provider.sha2_384.gp.count=4
provider.sha2_384.abc=cb00753f45a35e8bb5a03d699ac65007272c32ab0eded1631a8b605a43ff5bed8086072ba1e7cc2358baeca134c825a7
provider.sha2_384.outl=48
provider.fetch.ripemd160=yes
provider.ripemd160.size=20
provider.ripemd160.blocksize=64
provider.ripemd160.gp.present=1
provider.ripemd160.gp.0=blocksize:2:8
provider.ripemd160.gp.1=size:2:8
provider.ripemd160.gp.2=xof:1:4
provider.ripemd160.gp.3=algid-absent:1:4
provider.ripemd160.gp.count=4
provider.ripemd160.abc=8eb208f7e05d987a9b044a8e98c6b087f15a0bfc
provider.ripemd160.outl=20
provider.fetch.rmd160=yes
provider.rmd160.size=20
provider.rmd160.blocksize=64
provider.rmd160.gp.present=1
provider.rmd160.gp.0=blocksize:2:8
provider.rmd160.gp.1=size:2:8
provider.rmd160.gp.2=xof:1:4
provider.rmd160.gp.3=algid-absent:1:4
provider.rmd160.gp.count=4
provider.rmd160.abc=8eb208f7e05d987a9b044a8e98c6b087f15a0bfc
provider.rmd160.outl=20
provider.fetch.md4=no
provider.md4.abc=no-fetch
provider.fetch.whirlpool=no
provider.whirlpool.abc=no-fetch
provider.fetch.sha2_256_192=yes
provider.sha2_256_192.size=24
provider.sha2_256_192.blocksize=64
provider.sha2_256_192.gp.present=1
provider.sha2_256_192.gp.0=blocksize:2:8
provider.sha2_256_192.gp.1=size:2:8
provider.sha2_256_192.gp.2=xof:1:4
provider.sha2_256_192.gp.3=algid-absent:1:4
provider.sha2_256_192.gp.count=4
provider.sha2_256_192.abc=ba7816bf8f01cfea414140de5dae2223b00361a396177a9c
provider.sha2_256_192.outl=24
provider.fetch.sha2_512_224=yes
provider.sha2_512_224.size=28
provider.sha2_512_224.blocksize=128
provider.sha2_512_224.gp.present=1
provider.sha2_512_224.gp.0=blocksize:2:8
provider.sha2_512_224.gp.1=size:2:8
provider.sha2_512_224.gp.2=xof:1:4
provider.sha2_512_224.gp.3=algid-absent:1:4
provider.sha2_512_224.gp.count=4
provider.sha2_512_224.abc=4634270f707b6a54daae7530460842e20e37ed265ceee9a43e8924aa
provider.sha2_512_224.outl=28
provider.fetch.sha2_512_256=yes
provider.sha2_512_256.size=32
provider.sha2_512_256.blocksize=128
provider.sha2_512_256.gp.present=1
provider.sha2_512_256.gp.0=blocksize:2:8
provider.sha2_512_256.gp.1=size:2:8
provider.sha2_512_256.gp.2=xof:1:4
provider.sha2_512_256.gp.3=algid-absent:1:4
provider.sha2_512_256.gp.count=4
provider.sha2_512_256.abc=53048e2681941ef99b2e29b76b4c7dabe4c2d0c634fc6d46e0e2f13107e7af23
provider.sha2_512_256.outl=32
provider.fetch.sha3_224=yes
provider.sha3_224.size=28
provider.sha3_224.blocksize=144
provider.sha3_224.gp.present=1
provider.sha3_224.gp.0=blocksize:2:8
provider.sha3_224.gp.1=size:2:8
provider.sha3_224.gp.2=xof:1:4
provider.sha3_224.gp.3=algid-absent:1:4
provider.sha3_224.gp.count=4
provider.sha3_224.abc=e642824c3f8cf24ad09234ee7d3c766fc9a3a5168d0c94ad73b46fdf
provider.sha3_224.outl=28
provider.fetch.sha3_256=yes
provider.sha3_256.size=32
provider.sha3_256.blocksize=136
provider.sha3_256.gp.present=1
provider.sha3_256.gp.0=blocksize:2:8
provider.sha3_256.gp.1=size:2:8
provider.sha3_256.gp.2=xof:1:4
provider.sha3_256.gp.3=algid-absent:1:4
provider.sha3_256.gp.count=4
provider.sha3_256.abc=3a985da74fe225b2045c172d6bd390bd855f086e3e9d525b46bfe24511431532
provider.sha3_256.outl=32
provider.fetch.sha3_384=yes
provider.sha3_384.size=48
provider.sha3_384.blocksize=104
provider.sha3_384.gp.present=1
provider.sha3_384.gp.0=blocksize:2:8
provider.sha3_384.gp.1=size:2:8
provider.sha3_384.gp.2=xof:1:4
provider.sha3_384.gp.3=algid-absent:1:4
provider.sha3_384.gp.count=4
provider.sha3_384.abc=ec01498288516fc926459f58e2c6ad8df9b473cb0fc08c2596da7cf0e49be4b298d88cea927ac7f539f1edf228376d25
provider.sha3_384.outl=48
provider.fetch.sha3_512=yes
provider.sha3_512.size=64
provider.sha3_512.blocksize=72
provider.sha3_512.gp.present=1
provider.sha3_512.gp.0=blocksize:2:8
provider.sha3_512.gp.1=size:2:8
provider.sha3_512.gp.2=xof:1:4
provider.sha3_512.gp.3=algid-absent:1:4
provider.sha3_512.gp.count=4
provider.sha3_512.abc=b751850b1a57168a5693cd924b6b096e08f621827444f70d884f5d0240d2712e10e116e9192af3c91a7ec57647e3934057340b4cf408d5a56592f8274eec53f0
provider.sha3_512.outl=64
provider.fetch.keccak_224=yes
provider.keccak_224.size=28
provider.keccak_224.blocksize=144
provider.keccak_224.gp.present=1
provider.keccak_224.gp.0=blocksize:2:8
provider.keccak_224.gp.1=size:2:8
provider.keccak_224.gp.2=xof:1:4
provider.keccak_224.gp.3=algid-absent:1:4
provider.keccak_224.gp.count=4
provider.keccak_224.abc=c30411768506ebe1c2871b1ee2e87d38df342317300a9b97a95ec6a8
provider.keccak_224.outl=28
provider.fetch.keccak_256=yes
provider.keccak_256.size=32
provider.keccak_256.blocksize=136
provider.keccak_256.gp.present=1
provider.keccak_256.gp.0=blocksize:2:8
provider.keccak_256.gp.1=size:2:8
provider.keccak_256.gp.2=xof:1:4
provider.keccak_256.gp.3=algid-absent:1:4
provider.keccak_256.gp.count=4
provider.keccak_256.abc=4e03657aea45a94fc7d47ba826c8d667c0d1e6e33a64a036ec44f58fa12d6c45
provider.keccak_256.outl=32
provider.fetch.keccak_384=yes
provider.keccak_384.size=48
provider.keccak_384.blocksize=104
provider.keccak_384.gp.present=1
provider.keccak_384.gp.0=blocksize:2:8
provider.keccak_384.gp.1=size:2:8
provider.keccak_384.gp.2=xof:1:4
provider.keccak_384.gp.3=algid-absent:1:4
provider.keccak_384.gp.count=4
provider.keccak_384.abc=f7df1165f033337be098e7d288ad6a2f74409d7a60b49c36642218de161b1f99f8c681e4afaf31a34db29fb763e3c28e
provider.keccak_384.outl=48
provider.fetch.keccak_512=yes
provider.keccak_512.size=64
provider.keccak_512.blocksize=72
provider.keccak_512.gp.present=1
provider.keccak_512.gp.0=blocksize:2:8
provider.keccak_512.gp.1=size:2:8
provider.keccak_512.gp.2=xof:1:4
provider.keccak_512.gp.3=algid-absent:1:4
provider.keccak_512.gp.count=4
provider.keccak_512.abc=18587dc2ea106b9a1563e32b3312421ca164c7f1f07bc922a9c83d77cea3a1e5d0c69910739025372dc14ac9642629379540c17e2a65b19d77aa511a9d00bb96
provider.keccak_512.outl=64
provider.fetch.blake2s256=yes
provider.blake2s256.size=32
provider.blake2s256.blocksize=64
provider.blake2s256.gp.present=1
provider.blake2s256.gp.0=blocksize:2:8
provider.blake2s256.gp.1=size:2:8
provider.blake2s256.gp.2=xof:1:4
provider.blake2s256.gp.3=algid-absent:1:4
provider.blake2s256.gp.count=4
provider.blake2s256.abc=508c5e8c327c14e2e1a72ba34eeb452f37458b209ed63a294d999b4c86675982
provider.blake2s256.outl=32
provider.fetch.blake2b512=yes
provider.blake2b512.size=64
provider.blake2b512.blocksize=128
provider.blake2b512.gp.present=1
provider.blake2b512.gp.0=blocksize:2:8
provider.blake2b512.gp.1=size:2:8
provider.blake2b512.gp.2=xof:1:4
provider.blake2b512.gp.3=algid-absent:1:4
provider.blake2b512.gp.count=4
provider.blake2b512.abc=ba80a53f981c4d0d6a2797b69f12f6e94c212f14685ac4b74b12bb6fdbffa2d17d87c5392aab792dc252d5de4533cc9518d38aa8dbf1925ab92386edd4009923
provider.blake2b512.outl=64
provider.fetch.sm3=yes
provider.sm3.size=32
provider.sm3.blocksize=64
provider.sm3.gp.present=1
provider.sm3.gp.0=blocksize:2:8
provider.sm3.gp.1=size:2:8
provider.sm3.gp.2=xof:1:4
provider.sm3.gp.3=algid-absent:1:4
provider.sm3.gp.count=4
provider.sm3.abc=66c7f0f462eeedd9d1f2d46bdc10e4e24167c4875cf2f7a2297da02b8f4ba8e0
provider.sm3.outl=32
provider.fetch.md5_sha1=yes
provider.md5_sha1.size=36
provider.md5_sha1.blocksize=64
provider.md5_sha1.gp.present=1
provider.md5_sha1.gp.0=blocksize:2:8
provider.md5_sha1.gp.1=size:2:8
provider.md5_sha1.gp.2=xof:1:4
provider.md5_sha1.gp.3=algid-absent:1:4
provider.md5_sha1.gp.count=4
provider.md5_sha1.abc=900150983cd24fb0d6963f7d28e17f72a9993e364706816aba3e25717850c26c9cd0d89d
provider.md5_sha1.outl=36
provider.fetch.null=yes
provider.null.size=0
provider.null.blocksize=0
provider.null.gp.present=1
provider.null.gp.0=blocksize:2:8
provider.null.gp.1=size:2:8
provider.null.gp.2=xof:1:4
provider.null.gp.3=algid-absent:1:4
provider.null.gp.count=4
provider.null.abc=
provider.null.outl=0
provider.md5_sha1.ssl3_fetch=yes
provider.md5_sha1.ssl3_short=0
provider.md5_sha1.ssl3_set=1
provider.md5_sha1.ssl3_digest=44cd226f4ba9baea0bdbd6336bdbec8e1abbce88ebcce2293a10918e20503bd91c41e127
provider.md5_sha1.ssl3_outl=36
provider.fetch.shake128=yes
provider.shake128.xof=1
provider.shake128.size=0
provider.shake128.blocksize=168
provider.shake128.squeeze_first=1
provider.shake128.squeeze_second=1
provider.shake128.squeeze=5881092dd818bf5cf8a3ddb793fbcba74097d5c526a6d35f97b83351940f2cc8
provider.fetch.shake256=yes
provider.shake256.xof=1
provider.shake256.size=0
provider.shake256.blocksize=136
provider.shake256.squeeze_first=1
provider.shake256.squeeze_second=1
provider.shake256.squeeze=483366601360a8771c6863080cc4114d8db44530f8f1e1ee4f94ea37e78b5739
provider.fetch.keccak_kmac_128=yes
provider.keccak_kmac_128.xof=1
provider.keccak_kmac_128.size=32
provider.keccak_kmac_128.blocksize=168
provider.keccak_kmac_128.squeeze_first=0
provider.keccak_kmac_128.squeeze_second=0
provider.keccak_kmac_128.squeeze=refused
provider.fetch.keccak_kmac_256=yes
provider.keccak_kmac_256.xof=1
provider.keccak_kmac_256.size=64
provider.keccak_kmac_256.blocksize=136
provider.keccak_kmac_256.squeeze_first=0
provider.keccak_kmac_256.squeeze_second=0
provider.keccak_kmac_256.squeeze=refused
disp.provider=1
disp.algorithms=1
disp.sha256=1
disp.getparams=1
disp.dupsize.ret=0
q.dupsize.0=lib57:reason252:providers/implementations/digests/digestcommon.c:78:digest_default_get_params_decoder
q.dupsize.count=1
disp.badbsize.ret=0
q.badbsize.0=lib15:reason129:../../src/openssl-3.6.4/crypto/params.c:1010:OSSL_PARAM_set_uint64
q.badbsize.1=lib57:reason104:providers/implementations/digests/digestcommon.c:111:ossl_digest_default_get_params
q.badbsize.count=2
kdf.x963.fetch=1
kdf.x963.derive=1
kdf.x963.key=dd10b0668911897cc030f81bffe30e47cecd10aaf3ac4fe37fce4ae8483ca1e8
kdf.x963.alias.fetch=1
kdf.x942.fetch=1
kdf.x942.derive=1
kdf.x942.key=ee331e27436e3a113282f2e020a1dd13
kdf.x942.alias.fetch=1
kdf.sskdf.fetch=1
kdf.sskdf.derive=1
kdf.sskdf.key=e4f538cd836298df305560fe3182befb35968b1ab167767ef88d184843938e5e
kdf.p12.fetch=1
kdf.p12.derive=1
kdf.p12.key=0e9ab1b15c8c7a6ed1d9a84fbbf7d4e649e0dd42a3e71895878adcb3f5205144
kdf.p12.size.ret=1
kdf.p12.size=18446744073709551615
kdf.p12.nopass.derive=0
kdf.p12.nosalt.derive=0
kdf.ssh.fetch=1
kdf.ssh.derive=1
kdf.ssh.key32=1df6a378f4df790fd56c68a5655837c8ada972a9f11cee1fa63034e965979d21
kdf.ssh.derive16=1
kdf.ssh.key16=1df6a378f4df790fd56c68a5655837c8
kdf.ssh.derive80=1
kdf.ssh.key80=1df6a378f4df790fd56c68a5655837c8ada972a9f11cee1fa63034e965979d2100cb41aa64848c9566438421ebb6d40a945e4e5c8a0320913848243057399688032fc2fb49d24feaf025db93581846b3
kdf.ssh.badtype.derive=0
kdf.ssh.notype.derive=0
kdf.pbkdf2.fetch=1
kdf.pbkdf2.derive=1
kdf.pbkdf2.key32=a0c224f41621a2820a78e8ed6c9bfbacc73217043599018a3c00e0686ae320f0
kdf.pbkdf2.derive64=1
kdf.pbkdf2.key64=a0c224f41621a2820a78e8ed6c9bfbacc73217043599018a3c00e0686ae320f0b399d63b39d137842b0763b2f87959653b94d8680d7e8b5fc6c3d3f2a634eab4
kdf.pbkdf2.default.derive=1
kdf.pbkdf2.default.key=0dfa745b87a79192f111831306aa561c3ce52aa1
kdf.pbkdf2.lowiter.derive=0
kdf.pbkdf2.lowok.derive=1
kdf.pbkdf2.nopass.derive=0
kdf.pbkdf2.nosalt.derive=0
kdf.hkdf.fetch=1
kdf.hkdf.derive=1
kdf.hkdf.key42=c231a193abc5293c1f86c3710cb1eb766e3e45fc61dac0a8cfa856123fae4c6e58108312700182d96498
kdf.hkdf.extract.derive=1
kdf.hkdf.extract.key=7980d5b84f3f6664b509115417bd83cec8c92e422cc62043812ab282067058ed
kdf.hkdf.expand.derive=1
kdf.hkdf.expand.key=785a165c2a54f0661331b23b609935a8c1c52e3feafca8de3eec1cf788d813d7f199c527f87e0746143e
kdf.hkdf.sha256.fetch=1
kdf.hkdf.sha256.derive=1
kdf.hkdf.sha256.key42=c231a193abc5293c1f86c3710cb1eb766e3e45fc61dac0a8cfa856123fae4c6e58108312700182d96498
kdf.hkdf.sha256.setdigest.derive=1
kdf.hkdf.sha384.fetch=1
kdf.hkdf.sha384.derive=1
kdf.hkdf.sha384.key48=fe1e8739872fb27b25d62feaca7b823e7c3dea28e1eb029b0db172f917f2ce04e7b8c2cfc5515265b8e10ec2b443c59e
kdf.hkdf.sha512.fetch=1
kdf.hkdf.sha512.derive=1
kdf.hkdf.sha512.key64=460c2278b245b7ade45027f2c9943975edf1070f9ea66fc3ffec8c48ed9382adf9fa7a68a682980aa3b46d27470f50cd443ac2c24d9d7e902a1ca16298a060ca
kdf.tls13.fetch=1
kdf.tls13.extract.derive=1
kdf.tls13.extract.key=985a6d4df9a1db3d94788da759c03eb36bcaa3b282811dc30d93c2f2cf3e2021
kdf.tls13.expand.derive=1
kdf.tls13.expand.key=54bc49ad772c4ce4cb271e3f9b2dc80c931ba1a50bed0d5c1fb48630ba7a46af54449e064ec726bd1b8f
kdf.tls13.defaultmode.derive=0
kdf.tls1prf.fetch=1
kdf.tls1prf.derive42=1
kdf.tls1prf.key42=b35ccc2debd27ca99fb3e40c035ec4396da2c2ef6a70663363a95e3f4e035655ad4f634582d8bd984540
kdf.tls1prf.derive16=1
kdf.tls1prf.key16=763f7f17ea039337f6b111883c97d0f8
kdf.tls1prf.size.ret=1
kdf.tls1prf.size=18446744073709551615
kdf.tls1prf.md5sha1.derive=1
kdf.tls1prf.md5sha1.key=3160b24b4dc2ad9ade42a93afabb1558d59daf7bf5e9de0eb58a4e75bf3c5b78
kdf.tls1prf.xof.derive=0
kdf.tls1prf.nodigest.derive=0
kdf.tls1prf.nosecret.derive=0
kdf.tls1prf.noseed.derive=0
kdf.tls1prf.zerolen.derive=0
kdf.kbkdf.fetch=1
kdf.kbkdf.derive42=1
kdf.kbkdf.key42=922e7fa7c0c5f0612e24d28eb127a2ca84f766e14d3d4e227e7e5e5e95d96ab0597e91401cac492973d3
kdf.kbkdf.derive32=1
kdf.kbkdf.key32=332fb07e516a65f42bcb0620ff78deac11b9ce1c71ad5c9b5e07c2136188ed6d
kdf.kbkdf.size.ret=1
kdf.kbkdf.size=18446744073709551615
kdf.kbkdf.usel0.derive=1
kdf.kbkdf.usel0.key=c47c678d44e3ed78b5cef258edf34eac38a7b7e74be3b5fb4ec8e3951ce20f11
kdf.kbkdf.sep0.derive=1
kdf.kbkdf.sep0.key=2119b9fe33ad8b73c0ebf3216743aedc29a0c822a88bda4cb6181dedac5b06fe
kdf.kbkdf.r16.derive=1
kdf.kbkdf.r16.key=a4a7e1bdb648e2c3e011d8aec238a74cb506f788e49dcd51cfeb309d4dc3bdaa
kdf.kbkdf.feedback.derive=1
kdf.kbkdf.feedback.key=3dc9a7d2c3340fe7695e46531b740adf97e3a827a03e302ab578acbd89a2c8ed
kdf.kbkdf.nokey.derive=0
kdf.kbkdf.nomac.derive=0
kdf.kbkdf.zerolen.derive=0
kdf.kbkdf.badseed.derive=0
kdf.kbkdf.badmode.derive=0
kdf.kbkdf.badmac.derive=0
kdf.kbkdf.badr.derive=0
kdf.scrypt.fetch=1
kdf.scrypt.derive=1
kdf.scrypt.key=e72a59c19402c4ef8a0b6793efe32053d80f49e6e2ac81e05a96b090493d4f04
kdf.scrypt.size.ret=1
kdf.scrypt.size=18446744073709551615
kdf.scrypt.alias1.fetch=1
kdf.scrypt.alias2.fetch=1
kdf.scrypt.bigN.derive=1
kdf.scrypt.bigN.key=4b60276efb87b7dcdb602c4d0ea073ab294be795ee2365a2a4053ed44bd37873
kdf.scrypt.smallmax.derive=0
kdf.scrypt.nopass.derive=0
kdf.scrypt.nosalt.derive=0
kdf.scrypt.badn.derive=0
kdf.scrypt.n1.derive=0
kdf.scrypt.r0.derive=0
kdf.scrypt.p0.derive=0
kdf.krb5.fetch=1
kdf.krb5.derive=1
kdf.krb5.key=d874fff49acf6ce1f3c3a7c71a32ef31
kdf.krb5.derive32=0
kdf.krb5.key32=0000000000000000000000000000000000000000000000000000000000000000
kdf.krb5.size.ret=1
kdf.krb5.size=16
kdf.krb5.bigconst.derive=0
kdf.krb5.badoutlen.derive=0
kdf.krb5.nocipher.derive=0
kdf.krb5.nokey.derive=0
kdf.krb5.noconst.derive=0
kdf.hmacdrbg.fetch=1
kdf.hmacdrbg.derive=1
kdf.hmacdrbg.key=2450852925aed80b5676154d4efa8c73cc1e26c725b079d00143b035eaeaddbc
kdf.hmacdrbg.get.ret=1
kdf.hmacdrbg.get.mac=HMAC
kdf.hmacdrbg.get.digest=SHA2-256
kdf.hmacdrbg.noentropy.derive=0
kdf.hmacdrbg.xof.derive=0
skey.aes.import=1
skey.aes.is_a=1
skey.aes.raw.ret=1
skey.aes.rawlen=16
skey.aes.raw=0104070a0d101316191c1f2225282b2e
skey.aes.matches=1
skey.aes.alias.import=1
skey.aes.badlen.import=0
skey.generic.import=1
skey.generic.raw.ret=1
skey.generic.rawlen=20
skey.generic.matches=1
skey.generic.noselect.import=0
kdf.ARGON2D.fetch=1
kdf.ARGON2D.set=1
kdf.ARGON2D.derive=1
kdf.ARGON2D.key=fa1adfb4253d960dfd40edda11d7ecd1e3ffc54d5ac3f6ee319543312506633bbd22e6e4a42e9786cf1f63acf3f911a97057a7848d0c168e7e8054ed1cb98386
kdf.ARGON2D.size.ret=-2
kdf.ARGON2D.size=18446744073709551615
kdf.ARGON2I.fetch=1
kdf.ARGON2I.set=1
kdf.ARGON2I.derive=1
kdf.ARGON2I.key=acf48f506cee5839f317967174c0915216bdce6b409a171d3359344e5e9f14376e6014b20b7bc631d1918b036e9e5b7de5b167c76556e65078a1eecca0a182c1
kdf.ARGON2I.size.ret=-2
kdf.ARGON2I.size=18446744073709551615
kdf.ARGON2ID.fetch=1
kdf.ARGON2ID.set=1
kdf.ARGON2ID.derive=1
kdf.ARGON2ID.key=e03563f75f70cf91e1649b68a1d699d3540ffd8bf1cf3be295f9b573c744888960fcdee9a5939337f2aee95c5ea004b6b9b18d3a6e64df7ad4afcd3f697b0e70
kdf.ARGON2ID.size.ret=-2
kdf.ARGON2ID.size=18446744073709551615
kdf.argon2.earlyclean.derive=1
kdf.argon2.earlyclean.key=fa1adfb4253d960dfd40edda11d7ecd1e3ffc54d5ac3f6ee319543312506633bbd22e6e4a42e9786cf1f63acf3f911a97057a7848d0c168e7e8054ed1cb98386
kdf.argon2.v10.derive=1
kdf.argon2.v10.key=9b99ff0b2306f7deea3ac23eb957da3fae31e3be0cc472b639d24b9c143ee2384ea7ccc0e83e3086bd3be724ce7352b1606e1ee0e5864870386a78bdb9ab3649
kdf.argon2.mem7.set=0
kdf.argon2.saltshort.set=0
kdf.argon2.lanes0.set=0
kdf.argon2.lanesbig.set=0
kdf.argon2.thrds0.set=0
kdf.argon2.iter0.set=0
kdf.argon2.size3.set=0
kdf.argon2.memlow.derive=0
kdf.argon2.thrdsavail.derive=0
kdf.argon2.nosalt.derive=0
kdf.argon2.size.derive=0
kdf.argon2.badprop.fetch=0
kdf.argon2.mt.derive=1
kdf.argon2.mt.key=6d8e0a956a2bf51cb041bef14d48383790f5e8e1beaeb0a0002ceecfb5a129fd589ff2099f91bd9209523ea32d967ae38293e83c8013ce499c9848714b015c77
kdf.argon2.st.derive=1
kdf.argon2.st.key=6d8e0a956a2bf51cb041bef14d48383790f5e8e1beaeb0a0002ceecfb5a129fd589ff2099f91bd9209523ea32d967ae38293e83c8013ce499c9848714b015c77
kdf.argon2.mt.matches=1
kdf.x963.badprop.fetch=0
