FRF-MUTANT:stdout-first-line:transcript.sha256=928a6d44d5a532c8015332b3c2412a4a9449ba8fbd4dfb91739d2e8dbf79cca8
probe.rt-exdata=1
index.first_positive=1
index.increments_by_one=1
index.minus_one=-1
index.at_count=-1
index.err_raised=1
new.rc=1
new.sk_allocated=0
new.count=1
new.0=N/11
dup.empty_from.rc=1
dup.empty_from.events=0
set.rc=1
set.second_rc=1
get.round_trip=1
get.absent_is_null=1
get.negative_is_null=1
get.null_ad=NOT_MEASURED_AUTHORITY_FAULTS
dup.populated.rc=1
dup.populated.count=1
dup.populated.0=D/11
dup.copied_value=1
dup.invalid_class.empty=0
dup.invalid_class.populated=0
dup.invalid_class.err=1
dup.valid_class_no_callbacks=0
dup.valid_class_no_callbacks.err=0
new.invalid_class.neg=0
new.invalid_class.count=0
new.invalid_class.err=1
set.null_ad=NOT_MEASURED_AUTHORITY_FAULTS
free.to.count=1
free.to.0=F/11
free.to.sk_cleared=1
free.ad.count=1
free.ad.0=F/11
free.ad.sk_cleared=1
free.twice_survived=1
