transcript.sha256=357ebeb6c2877aa0e68ac1dcd1c818d1bfb601463aa797e183155cacb0c2b95e
pkey_meth.new=1 err=0
pkey_meth.check=1 err=0
pkey_meth.cleanup=1 err=0
pkey_meth.copy=1 err=0
pkey_meth.ctrl=1 err=0
pkey_meth.decrypt=1 err=0
pkey_meth.derive=1 err=0
pkey_meth.digest_custom=1 err=0
pkey_meth.digestsign=1 err=0
pkey_meth.digestverify=1 err=0
pkey_meth.encrypt=1 err=0
pkey_meth.init=1 err=0
pkey_meth.keygen=1 err=0
pkey_meth.param_check=1 err=0
pkey_meth.paramgen=1 err=0
pkey_meth.public_check=1 err=0
pkey_meth.sign=1 err=0
pkey_meth.signctx=1 err=0
pkey_meth.verify=1 err=0
pkey_meth.verify_recover=1 err=0
pkey_meth.verifyctx=1 err=0
asn1_meth.new=1 err=0
asn1_meth.get0_info=1 err=0
asn1_meth.info_matches=1 err=0
asn1_meth.pem_matches=1 err=0
asn1_meth.copy.new=1 err=0
asn1_meth.copy.survived=1 err=0
md_meth.new=1 err=0
md_meth.set_cleanup=1 err=0
md_meth.set_copy=1 err=0
md_meth.set_ctrl=1 err=0
md_meth.set_final=1 err=0
md_meth.set_update=1 err=0
md_meth.dup=1 err=0
cipher_meth.new=1 err=0
cipher_meth.set_cleanup=1 err=0
cipher_meth.set_ctrl=1 err=0
cipher_meth.set_init=1 err=0
cipher_meth.set_get_asn1=1 err=0
cipher_meth.set_set_asn1=1 err=0
cipher_meth.get_asn1_roundtrip=1 err=0
md_ctx.new=1 err=0
md_ctx.copy=1 err=0
md_ctx.copy.md_null=1 err=0
md_do_all_provided.boundary=contents_belong_to_later_strata
pw_prompt.roundtrip=1 err=0
pw_prompt.cleared=1 err=0
pbe.scrypt.boundary=primitive_is_phase8
legacy.SHA1.is_null=0
legacy.SHA1.type=64
legacy.SHA1.size=20
legacy.SHA1.block=64
legacy.SHA1.flags=8
legacy.SHA1.init=1
legacy.SHA1.update=1
legacy.SHA1.final=1
legacy.SHA1.outlen=20
legacy.SHA1.md.00=a9
legacy.SHA1.md.01=99
legacy.SHA1.md.02=3e
legacy.SHA1.md.03=36
legacy.SHA1.md.04=47
legacy.SHA1.md.05=06
legacy.SHA1.md.06=81
legacy.SHA1.md.07=6a
legacy.SHA224.is_null=0
legacy.SHA224.type=675
legacy.SHA224.size=28
legacy.SHA224.block=64
legacy.SHA224.flags=8
legacy.SHA224.init=1
legacy.SHA224.update=1
legacy.SHA224.final=1
legacy.SHA224.outlen=28
legacy.SHA224.md.00=23
legacy.SHA224.md.01=09
legacy.SHA224.md.02=7d
legacy.SHA224.md.03=22
legacy.SHA224.md.04=34
legacy.SHA224.md.05=05
legacy.SHA224.md.06=d8
legacy.SHA224.md.07=22
legacy.SHA256.is_null=0
legacy.SHA256.type=672
legacy.SHA256.size=32
legacy.SHA256.block=64
legacy.SHA256.flags=8
legacy.SHA256.init=1
legacy.SHA256.update=1
legacy.SHA256.final=1
legacy.SHA256.outlen=32
legacy.SHA256.md.00=ba
legacy.SHA256.md.01=78
legacy.SHA256.md.02=16
legacy.SHA256.md.03=bf
legacy.SHA256.md.04=8f
legacy.SHA256.md.05=01
legacy.SHA256.md.06=cf
legacy.SHA256.md.07=ea
legacy.SHA384.is_null=0
legacy.SHA384.type=673
legacy.SHA384.size=48
legacy.SHA384.block=128
legacy.SHA384.flags=8
legacy.SHA384.init=1
legacy.SHA384.update=1
legacy.SHA384.final=1
legacy.SHA384.outlen=48
legacy.SHA384.md.00=cb
legacy.SHA384.md.01=00
legacy.SHA384.md.02=75
legacy.SHA384.md.03=3f
legacy.SHA384.md.04=45
legacy.SHA384.md.05=a3
legacy.SHA384.md.06=5e
legacy.SHA384.md.07=8b
legacy.SHA512.is_null=0
legacy.SHA512.type=674
legacy.SHA512.size=64
legacy.SHA512.block=128
legacy.SHA512.flags=8
legacy.SHA512.init=1
legacy.SHA512.update=1
legacy.SHA512.final=1
legacy.SHA512.outlen=64
legacy.SHA512.md.00=dd
legacy.SHA512.md.01=af
legacy.SHA512.md.02=35
legacy.SHA512.md.03=a1
legacy.SHA512.md.04=93
legacy.SHA512.md.05=61
legacy.SHA512.md.06=7a
legacy.SHA512.md.07=ba
legacy.SHA512-224.is_null=0
legacy.SHA512-224.type=1094
legacy.SHA512-224.size=28
legacy.SHA512-224.block=128
legacy.SHA512-224.flags=8
legacy.SHA512-224.init=1
legacy.SHA512-224.update=1
legacy.SHA512-224.final=1
legacy.SHA512-224.outlen=28
legacy.SHA512-224.md.00=46
legacy.SHA512-224.md.01=34
legacy.SHA512-224.md.02=27
legacy.SHA512-224.md.03=0f
legacy.SHA512-224.md.04=70
legacy.SHA512-224.md.05=7b
legacy.SHA512-224.md.06=6a
legacy.SHA512-224.md.07=54
legacy.SHA512-256.is_null=0
legacy.SHA512-256.type=1095
legacy.SHA512-256.size=32
legacy.SHA512-256.block=128
legacy.SHA512-256.flags=8
legacy.SHA512-256.init=1
legacy.SHA512-256.update=1
legacy.SHA512-256.final=1
legacy.SHA512-256.outlen=32
legacy.SHA512-256.md.00=53
legacy.SHA512-256.md.01=04
legacy.SHA512-256.md.02=8e
legacy.SHA512-256.md.03=26
legacy.SHA512-256.md.04=81
legacy.SHA512-256.md.05=94
legacy.SHA512-256.md.06=1e
legacy.SHA512-256.md.07=f9
legacy.MD5.is_null=0
legacy.MD5.type=4
legacy.MD5.size=16
legacy.MD5.block=64
legacy.MD5.flags=0
legacy.MD5.init=1
legacy.MD5.update=1
legacy.MD5.final=1
legacy.MD5.outlen=16
legacy.MD5.md.00=90
legacy.MD5.md.01=01
legacy.MD5.md.02=50
legacy.MD5.md.03=98
legacy.MD5.md.04=3c
legacy.MD5.md.05=d2
legacy.MD5.md.06=4f
legacy.MD5.md.07=b0
legacy.MD5-SHA1.is_null=0
legacy.MD5-SHA1.type=114
legacy.MD5-SHA1.size=36
legacy.MD5-SHA1.block=64
legacy.MD5-SHA1.flags=0
legacy.MD5-SHA1.init=1
legacy.MD5-SHA1.update=1
legacy.MD5-SHA1.final=1
legacy.MD5-SHA1.outlen=36
legacy.MD5-SHA1.md.00=90
legacy.MD5-SHA1.md.01=01
legacy.MD5-SHA1.md.02=50
legacy.MD5-SHA1.md.03=98
legacy.MD5-SHA1.md.04=3c
legacy.MD5-SHA1.md.05=d2
legacy.MD5-SHA1.md.06=4f
legacy.MD5-SHA1.md.07=b0
legacy.RIPEMD160.is_null=0
legacy.RIPEMD160.type=117
legacy.RIPEMD160.size=20
legacy.RIPEMD160.block=64
legacy.RIPEMD160.flags=0
legacy.RIPEMD160.init=1
legacy.RIPEMD160.update=1
legacy.RIPEMD160.final=1
legacy.RIPEMD160.outlen=20
legacy.RIPEMD160.md.00=8e
legacy.RIPEMD160.md.01=b2
legacy.RIPEMD160.md.02=08
legacy.RIPEMD160.md.03=f7
legacy.RIPEMD160.md.04=e0
legacy.RIPEMD160.md.05=5d
legacy.RIPEMD160.md.06=98
legacy.RIPEMD160.md.07=7a
legacy.BLAKE2b512.is_null=0
legacy.BLAKE2b512.type=1056
legacy.BLAKE2b512.size=64
legacy.BLAKE2b512.block=128
legacy.BLAKE2b512.flags=0
legacy.BLAKE2b512.init=1
legacy.BLAKE2b512.update=1
legacy.BLAKE2b512.final=1
legacy.BLAKE2b512.outlen=64
legacy.BLAKE2b512.md.00=ba
legacy.BLAKE2b512.md.01=80
legacy.BLAKE2b512.md.02=a5
legacy.BLAKE2b512.md.03=3f
legacy.BLAKE2b512.md.04=98
legacy.BLAKE2b512.md.05=1c
legacy.BLAKE2b512.md.06=4d
legacy.BLAKE2b512.md.07=0d
legacy.BLAKE2s256.is_null=0
legacy.BLAKE2s256.type=1057
legacy.BLAKE2s256.size=32
legacy.BLAKE2s256.block=64
legacy.BLAKE2s256.flags=0
legacy.BLAKE2s256.init=1
legacy.BLAKE2s256.update=1
legacy.BLAKE2s256.final=1
legacy.BLAKE2s256.outlen=32
legacy.BLAKE2s256.md.00=50
legacy.BLAKE2s256.md.01=8c
legacy.BLAKE2s256.md.02=5e
legacy.BLAKE2s256.md.03=8c
legacy.BLAKE2s256.md.04=32
legacy.BLAKE2s256.md.05=7c
legacy.BLAKE2s256.md.06=14
legacy.BLAKE2s256.md.07=e2
legacy.SHA3-224.is_null=0
legacy.SHA3-224.type=1096
legacy.SHA3-224.size=28
legacy.SHA3-224.block=144
legacy.SHA3-224.flags=8
legacy.SHA3-224.init=1
legacy.SHA3-224.update=1
legacy.SHA3-224.final=1
legacy.SHA3-224.outlen=28
legacy.SHA3-224.md.00=e6
legacy.SHA3-224.md.01=42
legacy.SHA3-224.md.02=82
legacy.SHA3-224.md.03=4c
legacy.SHA3-224.md.04=3f
legacy.SHA3-224.md.05=8c
legacy.SHA3-224.md.06=f2
legacy.SHA3-224.md.07=4a
legacy.SHA3-256.is_null=0
legacy.SHA3-256.type=1097
legacy.SHA3-256.size=32
legacy.SHA3-256.block=136
legacy.SHA3-256.flags=8
legacy.SHA3-256.init=1
legacy.SHA3-256.update=1
legacy.SHA3-256.final=1
legacy.SHA3-256.outlen=32
legacy.SHA3-256.md.00=3a
legacy.SHA3-256.md.01=98
legacy.SHA3-256.md.02=5d
legacy.SHA3-256.md.03=a7
legacy.SHA3-256.md.04=4f
legacy.SHA3-256.md.05=e2
legacy.SHA3-256.md.06=25
legacy.SHA3-256.md.07=b2
legacy.SHA3-384.is_null=0
legacy.SHA3-384.type=1098
legacy.SHA3-384.size=48
legacy.SHA3-384.block=104
legacy.SHA3-384.flags=8
legacy.SHA3-384.init=1
legacy.SHA3-384.update=1
legacy.SHA3-384.final=1
legacy.SHA3-384.outlen=48
legacy.SHA3-384.md.00=ec
legacy.SHA3-384.md.01=01
legacy.SHA3-384.md.02=49
legacy.SHA3-384.md.03=82
legacy.SHA3-384.md.04=88
legacy.SHA3-384.md.05=51
legacy.SHA3-384.md.06=6f
legacy.SHA3-384.md.07=c9
legacy.SHA3-512.is_null=0
legacy.SHA3-512.type=1099
legacy.SHA3-512.size=64
legacy.SHA3-512.block=72
legacy.SHA3-512.flags=8
legacy.SHA3-512.init=1
legacy.SHA3-512.update=1
legacy.SHA3-512.final=1
legacy.SHA3-512.outlen=64
legacy.SHA3-512.md.00=b7
legacy.SHA3-512.md.01=51
legacy.SHA3-512.md.02=85
legacy.SHA3-512.md.03=0b
legacy.SHA3-512.md.04=1a
legacy.SHA3-512.md.05=57
legacy.SHA3-512.md.06=16
legacy.SHA3-512.md.07=8a
legacy.SHAKE128.is_null=0
legacy.SHAKE128.type=1100
legacy.SHAKE128.size=16
legacy.SHAKE128.block=168
legacy.SHAKE128.flags=10
legacy.SHAKE128.init=1
legacy.SHAKE128.update=1
legacy.SHAKE128.final=0
legacy.SHAKE128.outlen=0
legacy.SHAKE256.is_null=0
legacy.SHAKE256.type=1101
legacy.SHAKE256.size=32
legacy.SHAKE256.block=136
legacy.SHAKE256.flags=10
legacy.SHAKE256.init=1
legacy.SHAKE256.update=1
legacy.SHAKE256.final=0
legacy.SHAKE256.outlen=0
