transcript.sha256=1f40713626926e399a79ce9dcc88ba57c85d941259f1dcfffb13f61e0684266c
a.type_10.len=23
a.type_10="Proc-Type: 4,ENCRYPTED\n"
a.type_30.len=23
a.type_30="Proc-Type: 4,MIC-CLEAR\n"
a.type_20.len=22
a.type_20="Proc-Type: 4,MIC-ONLY\n"
a.type_40.len=22
a.type_40="Proc-Type: 4,BAD-TYPE\n"
a.type_0.len=22
a.type_0="Proc-Type: 4,BAD-TYPE\n"
a.type_-1.len=22
a.type_-1="Proc-Type: 4,BAD-TYPE\n"
a.type_99.len=22
a.type_99="Proc-Type: 4,BAD-TYPE\n"
b.appended_twice.len=57
b.appended_twice="Existing: 1\nProc-Type: 4,ENCRYPTED\nProc-Type: 4,MIC-ONLY\n"
c.aes128_16.len=55
c.aes128_16="DEK-Info: AES-128-CBC,00112233445566778899AABBCCDDEEFF\n"
c.des3_8.len=40
c.des3_8="DEK-Info: DES-EDE3-CBC,0011223344556677\n"
c.zero_len.len=13
c.zero_len="DEK-Info: X,\n"
c.high_bits.len=21
c.high_bits="DEK-Info: T,007F80FF\n"
c.appended.len=78
c.appended="Proc-Type: 4,ENCRYPTED\nDEK-Info: AES-256-CBC,00112233445566778899AABBCCDDEEFF\n"
d.header.len=58
d.header="Proc-Type: 4,ENCRYPTED\nDEK-Info: DES-CBC,1011121314151617\n"
e.room2.len=1023
e.room2.tail=44454b2d496e666f3a20582c4100
e.room1.len=1023
e.room1.tail=44454b2d496e666f3a20582c00
e.room0.len=1023
e.room0.tail=44454b2d496e666f3a2000
f.full.len=1023
f.full.tail=7979797979797900
done=1
