transcript.sha256=af03eb0ddd5ddd70d728f72d1b58ac4713adb125b065447284dede789ab82732
case.0.argv=version
case.0.exit=0
case.0.stdout=OpenSSL 3.6.4 25 Aug 2026 (Library: OpenSSL 3.6.4 25 Aug 2026)|
case.0.stderr=
case.1.argv=version -v
case.1.exit=0
case.1.stdout=OpenSSL 3.6.4 25 Aug 2026 (Library: OpenSSL 3.6.4 25 Aug 2026)|
case.1.stderr=
case.2.argv=help
case.2.exit=0
case.2.stdout=
case.2.stderr=help:||Standard commands|asn1parse         ca                ciphers           cmp               |cms               configutl         crl               crl2pkcs7         |dgst              dhparam           dsa               dsaparam          |ec                ecparam           enc               engine            |errstr            fipsinstall       gendsa            genpkey           |genrsa            help              info              kdf               |list              mac               nseq              ocsp              |passwd            pkcs12            pkcs7             pkcs8             |pkey              pkeyparam         pkeyutl           prime             |rand              rehash            req               rsa               |rsautl            s_client          s_server          s_time            |sess_id           skeyutl           smime             speed             |spkac             srp               storeutl          ts                |verify            version           x509              ||Message Digest commands (see the `dgst' command for more details)|blake2b512        blake2s256        md4               md5               |mdc2              rmd160            sha1              sha224            |sha256            sha3-224          sha3-256          sha3-384          |sha3-512          sha384            sha512            sha512-224        |sha512-256        shake128          shake256          sm3               ||Cipher commands (see the `enc' command for more details)|aes-128-cbc       aes-128-ecb       aes-192-cbc       aes-192-ecb       |aes-256-cbc       aes-256-ecb       aria-128-cbc      aria-128-cfb      |aria-128-cfb1     aria-128-cfb8     aria-128-ctr      aria-128-ecb      |aria-128-ofb      aria-192-cbc      aria-192-cfb      aria-192-cfb1     |aria-192-cfb8     aria-192-ctr      aria-192-ecb      aria-192-ofb      |aria-256-cbc      aria-256-cfb      aria-256-cfb1     aria-256-cfb8     |aria-256-ctr      aria-256-ecb      aria-256-ofb      base64            |bf                bf-cbc            bf-cfb            bf-ecb            |bf-ofb            camellia-128-cbc  camellia-128-ecb  camellia-192-cbc  |camellia-192-ecb  camellia-256-cbc  camellia-256-ecb  cast              |cast-cbc          cast5-cbc         cast5-cfb         cast5-ecb         |cast5-ofb         des               des-cbc           des-cfb           |des-ecb           des-ede           des-ede-cbc       des-ede-cfb       |des-ede-ofb       des-ede3          des-ede3-cbc      des-ede3-cfb      |des-ede3-ofb      des-ofb           des3              desx              |idea              idea-cbc          idea-cfb          idea-ecb          |idea-ofb          rc2               rc2-40-cbc        rc2-64-cbc        |rc2-cbc           rc2-cfb           rc2-ecb           rc2-ofb           |rc4               rc4-40            seed              seed-cbc          |seed-cfb          seed-ecb          seed-ofb          sm4-cbc           |sm4-cfb           sm4-ctr           sm4-ecb           sm4-ofb           ||
case.3.argv=list -commands -1
case.3.exit=0
case.3.stdout=asn1parse|ca|ciphers|cmp|cms|configutl|crl|crl2pkcs7|dgst|dhparam|dsa|dsaparam|ec|ecparam|enc|engine|errstr|fipsinstall|gendsa|genpkey|genrsa|help|info|kdf|list|mac|nseq|ocsp|passwd|pkcs12|pkcs7|pkcs8|pkey|pkeyparam|pkeyutl|prime|rand|rehash|req|rsa|rsautl|s_client|s_server|s_time|sess_id|skeyutl|smime|speed|spkac|srp|storeutl|ts|verify|version|x509|
case.3.stderr=
case.4.argv=list -options bogus
case.4.exit=0
case.4.stdout=
case.4.stderr=Invalid command 'bogus'; type "help" for a list.|
case.5.argv=zzz-not-a-command
case.5.exit=1
case.5.stdout=
case.5.stderr=Invalid command 'zzz-not-a-command'; type "help" for a list.|
case.6.argv=no-version
case.6.exit=1
case.6.stdout=version|
case.6.stderr=
case.7.argv=no-zzz-not-a-command
case.7.exit=0
case.7.stdout=no-zzz-not-a-command|
case.7.stderr=
case.8.argv=list -options asn1parse
case.8.exit=0
case.8.stdout=help -|oid <|inform A|in <|out >|noout -|offset p|length p|strparse p|genstr s|genconf s|strictpem -|item s|i -|dump -|dlimit p|- -|
case.8.stderr=
case.9.argv=list -options ca
case.9.exit=0
case.9.stdout=help -|verbose -|quiet -|outdir /|in <|inform F|infiles -|out >|dateopt s|notext -|batch -|msie_hack -|ss_cert <|spkac <|engine s|config s|name s|section s|policy s|subj s|utf8 -|create_serial -|rand_serial -|multivalue-rdn -|startdate s|not_before s|enddate s|not_after s|days p|extensions s|extfile <|preserveDN -|noemailDN -|md s|keyfile s|keyform f|passin s|key s|cert <|certform F|selfsign -|sigopt s|vfyopt s|gencrl -|valid s|status s|updatedb -|crlexts s|crl_reason s|crl_hold s|crl_compromise s|crl_CA_compromise s|crl_lastupdate s|crl_nextupdate s|crldays p|crlhours p|crlsec p|revoke <|rand s|writerand >|provider-path s|provider s|provparam s|propquery s|- -|
case.9.stderr=
case.10.argv=list -options ciphers
case.10.exit=0
case.10.stdout=help -|v -|V -|stdname -|convert s|s -|tls1 -|tls1_1 -|tls1_2 -|tls1_3 -|psk -|srp -|ciphersuites s|provider-path s|provider s|provparam s|propquery s|- -|
case.10.stderr=
case.11.argv=list -options cmp
case.11.exit=0
case.11.stdout=help -|config s|section s|verbosity N|cmd s|infotype s|profile s|geninfo s|template s|keyspec s|newkey s|newkeypass s|centralkeygen -|newkeyout s|subject s|days N|reqexts s|sans s|san_nodefault -|policies s|policy_oids s|policy_oids_critical -|popo n|csr s|out_trusted s|implicit_confirm -|disable_confirm -|certout s|chainout s|oldcert s|issuer s|serial s|revreason n|server s|proxy s|no_proxy s|recipient s|path s|keep_alive N|msg_timeout N|total_timeout N|trusted s|untrusted s|srvcert s|expect_sender s|ignore_keyusage -|unprotected_errors -|no_cache_extracerts -|srvcertout s|extracertsout s|cacertsout s|oldwithold s|newwithnew s|newwithold s|oldwithnew s|crlcert s|oldcrl s|crlout s|ref s|secret s|cert s|own_trusted s|key s|keypass s|digest s|mac s|extracerts s|unprotected_requests -|certform s|crlform s|keyform s|otherpass s|engine s|provider-path s|provider s|provparam s|propquery s|rand s|writerand >|tls_used -|tls_cert s|tls_key s|tls_keypass s|tls_extra s|tls_trusted s|tls_host s|batch -|repeat p|reqin s|reqin_new_tid -|reqout s|reqout_only s|rspin s|rspout s|use_mock_srv -|port s|max_msgs N|srv_ref s|srv_secret s|srv_cert s|srv_key s|srv_keypass s|srv_trusted s|srv_untrusted s|ref_cert s|rsp_cert s|rsp_key s|rsp_keypass s|rsp_crl s|rsp_extracerts s|rsp_capubs s|rsp_newwithnew s|rsp_newwithold s|rsp_oldwithnew s|poll_count N|check_after N|grant_implicitconf -|pkistatus N|failure N|failurebits N|statusstring s|send_error -|send_unprotected -|send_unprot_err -|accept_unprotected -|accept_unprot_err -|accept_raverified -|policy s|purpose s|verify_name s|verify_depth n|auth_level n|attime M|verify_hostname s|verify_email s|verify_ip s|ignore_critical -|issuer_checks -|crl_check -|crl_check_all -|policy_check -|explicit_policy -|inhibit_any -|inhibit_map -|x509_strict -|extended_crl -|use_deltas -|policy_print -|check_ss_sig -|trusted_first -|suiteB_128_only -|suiteB_128 -|suiteB_192 -|partial_chain -|no_alt_chains -|no_check_time -|allow_proxy_certs -|- -|
case.11.stderr=
case.12.argv=list -options cms
case.12.exit=0
case.12.stdout=help -|in <|out >|config <|encrypt -|decrypt -|sign -|verify -|resign -|sign_receipt -|verify_receipt <|digest s|digest_create -|digest_verify -|compress -|uncompress -|EncryptedData_encrypt -|EncryptedData_decrypt -|data_create -|data_out -|cmsout -|inform c|outform c|rctform F|stream -|indef -|noindef -|binary -|crlfeol -|asciicrlf -|pwri_password s|secretkey s|secretkeyid s|inkey s|passin s|keyopt s|keyform f|engine s|provider-path s|provider s|provparam s|propquery s|rand s|writerand >|originator s|recip <|cert... .|kekcipher s|wrap s|aes128-wrap -|aes192-wrap -|aes256-wrap -|des3-wrap -|debug_decrypt -|recip_kdf s|recip_ukm s|md s|signer s|certfile <|cades -|nodetach -|nocerts -|noattr -|nosmimecap -|no_signing_time -|receipt_request_all -|receipt_request_first -|receipt_request_from s|receipt_request_to s|signer s|content <|no_content_verify -|no_attr_verify -|nosigs -|noverify -|nointern -|cades -|verify_retcode -|CAfile <|CApath /|CAstore :|no-CAfile -|no-CApath -|no-CAstore -|keyid -|econtent_type s|text -|certsout >|to s|from s|subject s|noout -|print -|nameopt s|receipt_request_print -|policy s|purpose s|verify_name s|verify_depth n|auth_level n|attime M|verify_hostname s|verify_email s|verify_ip s|ignore_critical -|issuer_checks -|crl_check -|crl_check_all -|policy_check -|explicit_policy -|inhibit_any -|inhibit_map -|x509_strict -|extended_crl -|use_deltas -|policy_print -|check_ss_sig -|trusted_first -|suiteB_128_only -|suiteB_128 -|suiteB_192 -|partial_chain -|no_alt_chains -|no_check_time -|allow_proxy_certs -|- -|
case.12.stderr=
case.13.argv=list -options configutl
case.13.exit=0
case.13.stdout=help -|config s|out >|noheader -|- -|
case.13.stderr=
case.14.argv=list -options crl
case.14.exit=0
case.14.stdout=help -|verify -|in <|inform F|key <|keyform F|out >|outform F|dateopt s|text -|hash -|hash_old -|nameopt s|issuer -|lastupdate -|nextupdate -|noout -|fingerprint -|crlnumber -|badsig -|gendelta <|CApath /|CAfile <|CAstore :|no-CAfile -|no-CApath -|no-CAstore -|provider-path s|provider s|provparam s|propquery s|- -|
case.14.stderr=
case.15.argv=list -options crl2pkcs7
case.15.exit=0
case.15.stdout=help -|in <|inform F|nocrl -|certfile <|out >|outform F|provider-path s|provider s|provparam s|propquery s|- -|
case.15.stderr=
case.16.argv=list -options dgst
case.16.exit=0
case.16.stdout=help -|list -|engine s|engine_impl -|passin s|c -|r -|out >|keyform f|hex -|binary -|xoflen p|d -|debug -|sign s|verify s|prverify s|sigopt s|signature <|hmac s|mac s|macopt s|fips-fingerprint -|rand s|writerand >|provider-path s|provider s|provparam s|propquery s|- -|
case.16.stderr=
case.17.argv=list -options dhparam
case.17.exit=0
case.17.stdout=help -|check -|dsaparam -|engine s|in <|inform F|out >|outform F|text -|noout -|2 -|3 -|5 -|verbose -|quiet -|rand s|writerand >|provider-path s|provider s|provparam s|propquery s|- -|
case.17.stderr=
case.18.argv=list -options dsa
case.18.exit=0
case.18.stdout=help -|pvk-strong -|pvk-weak -|pvk-none -|engine s|in s|inform f|pubin -|passin s|out >|outform f|noout -|text -|modulus -|pubout -|passout s|provider-path s|provider s|provparam s|propquery s|- -|
case.18.stderr=
case.19.argv=list -options dsaparam
case.19.exit=0
case.19.stdout=help -|engine s|in <|inform F|out >|outform F|text -|noout -|verbose -|quiet -|genkey -|rand s|writerand >|provider-path s|provider s|provparam s|propquery s|- -|
case.19.stderr=
case.20.argv=list -options ec
case.20.exit=0
case.20.stdout=help -|engine s|in s|inform f|pubin -|passin s|check -|param_enc s|conv_form s|out >|outform F|noout -|text -|param_out -|pubout -|no_public -|passout s|provider-path s|provider s|provparam s|propquery s|- -|
case.20.stderr=
case.21.argv=list -options ecparam
case.21.exit=0
case.21.stdout=help -|list_curves -|engine s|genkey -|in <|inform F|out >|outform F|text -|noout -|param_enc s|check -|check_named -|no_seed -|name s|conv_form s|rand s|writerand >|provider-path s|provider s|provparam s|propquery s|- -|
case.21.stderr=
case.22.argv=list -options enc
case.22.exit=0
case.22.stdout=help -|list -|ciphers -|e -|d -|p -|P -|engine s|in <|k s|kfile <|out >|pass s|v -|a -|base64 -|A -|nopad -|salt -|nosalt -|debug -|bufsize s|K s|S s|iv s|md s|iter p|pbkdf2 -|none -|saltlen p|skeyopt s|skeymgmt s|rand s|writerand >|provider-path s|provider s|provparam s|propquery s|- -|
case.22.stderr=
case.23.argv=list -options engine
case.23.exit=0
case.23.stdout=help -|t -|pre s|post s|v -|vv -|vvv -|vvvv -|c -|tt -|- -|
case.23.stderr=
case.24.argv=list -options errstr
case.24.exit=0
case.24.stdout=help -|- -|
case.24.stderr=
case.25.argv=list -options fipsinstall
case.25.exit=0
case.25.stdout=help -|pedantic -|verify -|module <|provider_name s|section_name s|no_conditional_errors -|no_security_checks -|self_test_onload -|self_test_oninstall -|ems_check -|no_short_mac -|no_drbg_truncated_digests -|signature_digest_check -|hmac_key_check -|kmac_key_check -|hkdf_digest_check -|tls13_kdf_digest_check -|tls1_prf_digest_check -|sshkdf_digest_check -|sskdf_digest_check -|x963kdf_digest_check -|dsa_sign_disabled -|tdes_encrypt_disabled -|rsa_pkcs15_padding_disabled -|rsa_pss_saltlen_check -|rsa_sign_x931_disabled -|hkdf_key_check -|kbkdf_key_check -|tls13_kdf_key_check -|tls1_prf_key_check -|sshkdf_key_check -|sskdf_key_check -|x963kdf_key_check -|x942kdf_key_check -|no_pbkdf2_lower_bound_check -|ecdh_cofactor_check -|in <|out >|mac_name s|macopt s|noout -|corrupt_desc s|corrupt_type s|config <|quiet -|- -|
case.25.stderr=
case.26.argv=list -options gendsa
case.26.exit=0
case.26.stdout=help -|engine s|out >|passout s|rand s|writerand >|provider-path s|provider s|provparam s|propquery s|verbose -|quiet -|- -|
case.26.stderr=
case.27.argv=list -options genpkey
case.27.exit=0
case.27.stdout=help -|engine s|paramfile <|algorithm s|verbose -|quiet -|pkeyopt s|config <|out >|outpubkey >|outform F|pass s|genparam -|text -|provider-path s|provider s|provparam s|propquery s|rand s|writerand >|- -|
case.27.stderr=
case.28.argv=list -options genrsa
case.28.exit=0
case.28.stdout=help -|engine s|3 -|F4 -|f4 -|out >|passout s|primes p|verbose -|quiet -|traditional -|rand s|writerand >|provider-path s|provider s|provparam s|propquery s|- -|
case.28.stderr=
case.29.argv=list -options help
case.29.exit=0
case.29.stdout=help -|- -|
case.29.stderr=
case.30.argv=list -options info
case.30.exit=0
case.30.stdout=help -|configdir -|enginesdir -|modulesdir -|dsoext -|dirnamesep -|listsep -|seeds -|cpusettings -|windowscontext -|- -|
case.30.stderr=
case.31.argv=list -options kdf
case.31.exit=0
case.31.stdout=help -|kdfopt s|cipher s|digest s|mac s|keylen s|out >|binary -|provider-path s|provider s|provparam s|propquery s|- -|
case.31.stderr=
case.32.argv=list -options list
case.32.exit=0
case.32.stdout=help -|1 -|verbose -|select s|commands -|standard-commands -|all-algorithms -|digest-commands -|digest-algorithms -|kdf-algorithms -|random-instances -|random-generators -|mac-algorithms -|cipher-commands -|cipher-algorithms -|encoders -|decoders -|key-managers -|skey-managers -|key-exchange-algorithms -|kem-algorithms -|signature-algorithms -|tls-signature-algorithms -|asymcipher-algorithms -|public-key-algorithms -|public-key-methods -|store-loaders -|tls-groups -|all-tls-groups -|tls1_2 -|tls1_3 -|providers -|engines -|disabled -|options s|objects -|provider-path s|provider s|provparam s|propquery s|- -|
case.32.stderr=
case.33.argv=list -options mac
case.33.exit=0
case.33.stdout=help -|macopt s|cipher s|digest s|in <|out >|binary -|provider-path s|provider s|provparam s|propquery s|- -|
case.33.stderr=
case.34.argv=list -options nseq
case.34.exit=0
case.34.stdout=help -|in <|toseq -|out >|provider-path s|provider s|provparam s|propquery s|- -|
case.34.stderr=
case.35.argv=list -options ocsp
case.35.exit=0
case.35.stdout=help -|ignore_err -|CAfile <|CApath <|CAstore :|no-CAfile -|no-CApath -|no-CAstore -|timeout p|resp_no_certs -|multi p|no_certs -|badsig -|CA <|nmin p|nrequest p|reqin s|signer <|sign_other <|index <|ndays p|rsigner <|rkey <|passin s|rother <|rmd s|rsigopt s|header s|rcid s|url s|host s|port N|path s|proxy s|no_proxy s|out >|noverify -|nonce -|no_nonce -|no_signature_verify -|resp_key_id -|no_cert_verify -|text -|req_text -|resp_text -|no_chain -|no_cert_checks -|no_explicit -|trust_other -|no_intern -|respin s|VAfile <|verify_other <|cert <|serial s|validity_period u|signkey s|reqout s|respout s|issuer <|status_age p|policy s|purpose s|verify_name s|verify_depth n|auth_level n|attime M|verify_hostname s|verify_email s|verify_ip s|ignore_critical -|issuer_checks -|crl_check -|crl_check_all -|policy_check -|explicit_policy -|inhibit_any -|inhibit_map -|x509_strict -|extended_crl -|use_deltas -|policy_print -|check_ss_sig -|trusted_first -|suiteB_128_only -|suiteB_128 -|suiteB_192 -|partial_chain -|no_alt_chains -|no_check_time -|allow_proxy_certs -|provider-path s|provider s|provparam s|propquery s|- -|
case.35.stderr=
case.36.argv=list -options passwd
case.36.exit=0
case.36.stdout=help -|in <|noverify -|stdin -|quiet -|table -|reverse -|salt s|6 -|5 -|apr1 -|1 -|aixmd5 -|rand s|writerand >|provider-path s|provider s|provparam s|propquery s|- -|
case.36.stderr=
case.37.argv=list -options pkcs12
case.37.exit=0
case.37.stdout=help -|in <|out >|passin s|passout s|password s|twopass -|nokeys -|nocerts -|noout -|legacy -|engine s|provider-path s|provider s|provparam s|propquery s|rand s|writerand >|info -|nomacver -|clcerts -|cacerts -|noenc -|nodes -|export -|inkey s|certfile <|passcerts s|chain -|untrusted <|CAfile <|CApath /|CAstore :|no-CAfile -|no-CApath -|no-CAstore -|name s|caname s|CSP s|LMK -|keyex -|keysig -|keypbe s|certpbe s|descert -|macalg s|pbmac1_pbkdf2 -|pbmac1_pbkdf2_md s|iter p|noiter -|nomaciter -|maciter -|macsaltlen p|nomac -|jdktrust s|- -|
case.37.stderr=
case.38.argv=list -options pkcs7
case.38.exit=0
case.38.stdout=help -|engine s|in <|inform F|outform F|out >|noout -|text -|print -|print_certs -|quiet -|provider-path s|provider s|provparam s|propquery s|- -|
case.38.stderr=
case.39.argv=list -options pkcs8
case.39.exit=0
case.39.stdout=help -|engine s|v1 s|v2 s|v2prf s|in <|inform F|passin s|nocrypt -|out >|outform F|topk8 -|passout s|traditional -|iter p|noiter -|saltlen p|scrypt -|scrypt_N s|scrypt_r s|scrypt_p s|rand s|writerand >|provider-path s|provider s|provparam s|propquery s|- -|
case.39.stderr=
case.40.argv=list -options pkey
case.40.exit=0
case.40.stdout=help -|engine s|provider-path s|provider s|provparam s|propquery s|check -|pubcheck -|in s|inform f|passin s|pubin -|out >|outform F|passout s|traditional -|pubout -|noout -|text -|text_pub -|ec_conv_form s|ec_param_enc s|- -|
case.40.stderr=
case.41.argv=list -options pkeyparam
case.41.exit=0
case.41.stdout=help -|engine s|check -|in <|out >|text -|noout -|provider-path s|provider s|provparam s|propquery s|- -|
case.41.stderr=
case.42.argv=list -options pkeyutl
case.42.exit=0
case.42.stdout=help -|engine s|engine_impl -|sign -|verify -|encrypt -|decrypt -|derive -|decap -|encap -|config <|in <|inkey s|pubin -|passin s|peerkey s|peerform E|certin -|rev -|sigfile <|keyform E|out >|secret >|asn1parse -|hexdump -|verifyrecover -|rawin -|digest s|pkeyopt s|pkeyopt_passin s|kdf s|kdflen p|kemop s|rand s|writerand >|provider-path s|provider s|provparam s|propquery s|- -|
case.42.stderr=
case.43.argv=list -options prime
case.43.exit=0
case.43.stdout=help -|bits p|checks p|hex -|in -|generate -|safe -|provider-path s|provider s|provparam s|propquery s|- -|
case.43.stderr=
case.44.argv=list -options rand
case.44.exit=0
case.44.stdout=help -|engine s|out >|base64 -|hex -|rand s|writerand >|provider-path s|provider s|provparam s|propquery s|- -|
case.44.stderr=
case.45.argv=list -options rehash
case.45.exit=0
case.45.stdout=help -|h -|compat -|old -|n -|v -|provider-path s|provider s|provparam s|propquery s|- -|
case.45.stderr=
case.46.argv=list -options req
case.46.exit=0
case.46.stdout=help -|cipher s|engine s|keygen_engine s|in <|inform F|verify -|new -|config <|section s|utf8 -|nameopt s|reqopt s|text -|x509 -|x509v1 -|CA <|CAkey s|subj s|subject -|multivalue-rdn -|not_before s|not_after s|days p|set_serial s|copy_extensions s|extensions s|reqexts s|addext s|precert -|key s|keyform f|pubkey -|keyout >|passin s|passout s|newkey s|pkeyopt s|sigopt s|vfyopt s|out >|outform F|batch -|verbose -|quiet -|noenc -|nodes -|noout -|newhdr -|modulus -|rand s|writerand >|provider-path s|provider s|provparam s|propquery s|- -|
case.46.stderr=
case.47.argv=list -options rsa
case.47.exit=0
case.47.stdout=help -|check -|engine s|in s|inform f|pubin -|RSAPublicKey_in -|passin s|out >|outform f|pubout -|RSAPublicKey_out -|passout s|noout -|text -|modulus -|traditional -|pvk-strong -|pvk-weak -|pvk-none -|provider-path s|provider s|provparam s|propquery s|- -|
case.47.stderr=
case.48.argv=list -options rsautl
case.48.exit=0
case.48.stdout=help -|sign -|verify -|encrypt -|decrypt -|engine s|in <|inkey s|keyform E|pubin -|certin -|rev -|passin s|out >|raw -|pkcs -|x931 -|oaep -|asn1parse -|hexdump -|rand s|writerand >|provider-path s|provider s|provparam s|propquery s|- -|
case.48.stderr=
case.49.argv=list -options s_client
case.49.exit=0
case.49.stdout=help -|engine s|ssl_client_engine s|ssl_config s|ct -|noct -|ctlogfile <|host s|port p|connect s|bind s|proxy s|proxy_user s|proxy_pass s|unix s|4 -|6 -|maxfraglen p|max_send_frag p|split_send_frag p|max_pipelines p|read_buf p|fallback_scsv -|cert <|certform F|cert_chain <|build_chain -|key s|keyform E|pass s|verify p|nameopt s|CApath /|CAfile <|CAstore :|no-CAfile -|no-CApath -|no-CAstore -|requestCAfile <|dane_tlsa_domain s|dane_tlsa_rrdata s|dane_ee_no_namechecks -|psk_identity s|psk s|psk_session <|name s|reconnect -|sess_out >|sess_in <|crlf -|quiet -|ign_eof -|no_ign_eof -|starttls s|xmpphost s|brief -|prexit -|no-interactive -|status -|ocsp_check_leaf -|ocsp_check_all -|showcerts -|debug -|msg -|msgfile >|nbio_test -|state -|keymatexport s|keymatexportlen p|security_debug -|security_debug_verbose -|trace -|keylogfile >|nocommands -|adv -|servername s|noservername -|tlsextdebug -|ignore_unexpected_eof -|serverinfo s|alpn s|async -|nbio -|tls1 -|tls1_1 -|tls1_2 -|tls1_3 -|dtls -|quic -|timeout -|mtu p|dtls1 -|dtls1_2 -|nextprotoneg s|early_data <|enable_pha -|enable_server_rpk -|enable_client_rpk -|use_srtp s|srpuser s|srppass s|srp_lateuser -|srp_moregroups -|srp_strength p|rand s|writerand >|no_ssl3 -|no_tls1 -|no_tls1_1 -|no_tls1_2 -|no_tls1_3 -|bugs -|no_comp -|comp -|no_tx_cert_comp -|no_rx_cert_comp -|no_ticket -|serverpref -|legacy_renegotiation -|client_renegotiation -|no_renegotiation -|legacy_server_connect -|no_resumption_on_reneg -|no_legacy_server_connect -|allow_no_dhe_kex -|prefer_no_dhe_kex -|prioritize_chacha -|strict -|sigalgs s|client_sigalgs s|groups s|curves s|named_curve s|cipher s|ciphersuites s|min_protocol s|max_protocol s|record_padding s|debug_broken_protocol -|no_middlebox -|no_etm -|no_ems -|policy s|purpose s|verify_name s|verify_depth n|auth_level n|attime M|verify_hostname s|verify_email s|verify_ip s|ignore_critical -|issuer_checks -|crl_check -|crl_check_all -|policy_check -|explicit_policy -|inhibit_any -|inhibit_map -|x509_strict -|extended_crl -|use_deltas -|policy_print -|check_ss_sig -|trusted_first -|suiteB_128_only -|suiteB_128 -|suiteB_192 -|partial_chain -|no_alt_chains -|no_check_time -|allow_proxy_certs -|CRL <|crl_download -|CRLform F|verify_return_error -|verify_quiet -|chainCAfile <|chainCApath /|chainCAstore :|verifyCAfile <|verifyCApath /|verifyCAstore :|xkey <|xcert <|xchain <|xchain_build -|xcertform F|xkeyform F|provider-path s|provider s|provparam s|propquery s|- -|
case.49.stderr=
case.50.argv=list -options s_server
case.50.exit=0
case.50.stdout=help -|ssl_config s|trace -|engine s|port p|accept s|unix s|unlink -|4 -|6 -|context s|CAfile <|CApath /|CAstore :|no-CAfile -|no-CApath -|no-CAstore -|nocert -|verify n|Verify n|nameopt s|cert <|cert2 <|certform F|cert_chain <|build_chain -|serverinfo s|key s|key2 <|keyform f|pass s|dcert <|dcertform F|dcert_chain <|dkey <|dkeyform f|dpass s|dhparam <|servername s|servername_fatal -|nbio_test -|crlf -|quiet -|no_resume_ephemeral -|www -|WWW -|ignore_unexpected_eof -|tlsextdebug -|HTTP -|id_prefix s|keymatexport s|keymatexportlen p|CRL <|CRLform F|crl_download -|chainCAfile <|chainCApath /|chainCAstore :|verifyCAfile <|verifyCApath /|verifyCAstore :|no_cache -|ext_cache -|verify_return_error -|verify_quiet -|ign_eof -|no_ign_eof -|status -|status_all -|status_verbose -|status_timeout n|status_url s|proxy s|no_proxy s|status_file <|security_debug -|security_debug_verbose -|brief -|rev -|debug -|msg -|msgfile >|state -|async -|max_pipelines p|naccept p|keylogfile >|nbio -|timeout -|mtu p|read_buf p|split_send_frag p|max_send_frag p|psk_identity s|psk_hint s|psk s|psk_session <|srpvfile <|srpuserseed s|max_early_data n|recv_max_early_data n|early_data -|num_tickets n|anti_replay -|no_anti_replay -|http_server_binmode -|no_ca_names -|stateless -|tls1 -|tls1_1 -|tls1_2 -|tls1_3 -|dtls -|listen -|dtls1 -|dtls1_2 -|use_srtp s|no_dhe -|nextprotoneg s|alpn s|enable_server_rpk -|enable_client_rpk -|rand s|writerand >|no_ssl3 -|no_tls1 -|no_tls1_1 -|no_tls1_2 -|no_tls1_3 -|bugs -|no_comp -|comp -|no_tx_cert_comp -|no_rx_cert_comp -|no_ticket -|serverpref -|legacy_renegotiation -|client_renegotiation -|no_renegotiation -|legacy_server_connect -|no_resumption_on_reneg -|no_legacy_server_connect -|allow_no_dhe_kex -|prefer_no_dhe_kex -|prioritize_chacha -|strict -|sigalgs s|client_sigalgs s|groups s|curves s|named_curve s|cipher s|ciphersuites s|min_protocol s|max_protocol s|record_padding s|debug_broken_protocol -|no_middlebox -|no_etm -|no_ems -|policy s|purpose s|verify_name s|verify_depth n|auth_level n|attime M|verify_hostname s|verify_email s|verify_ip s|ignore_critical -|issuer_checks -|crl_check -|crl_check_all -|policy_check -|explicit_policy -|inhibit_any -|inhibit_map -|x509_strict -|extended_crl -|use_deltas -|policy_print -|check_ss_sig -|trusted_first -|suiteB_128_only -|suiteB_128 -|suiteB_192 -|partial_chain -|no_alt_chains -|no_check_time -|allow_proxy_certs -|xkey <|xcert <|xchain <|xchain_build -|xcertform F|xkeyform F|provider-path s|provider s|provparam s|propquery s|- -|
case.50.stderr=
case.51.argv=list -options s_time
case.51.exit=0
case.51.stdout=help -|connect s|new -|reuse -|bugs -|cipher s|ciphersuites s|tls1 -|tls1_1 -|tls1_2 -|tls1_3 -|verify p|time p|www s|nameopt s|cert <|key <|cafile <|CAfile <|CApath /|CAstore :|no-CAfile -|no-CApath -|no-CAstore -|provider-path s|provider s|provparam s|propquery s|- -|
case.51.stderr=
case.52.argv=list -options sess_id
case.52.exit=0
case.52.stdout=help -|context s|in s|inform F|out >|outform f|text -|cert -|noout -|- -|
case.52.stderr=
case.53.argv=list -options skeyutl
case.53.exit=0
case.53.stdout=help -|skeyopt s|skeymgmt s|genkey -|cipher s|provider-path s|provider s|provparam s|propquery s|- -|
case.53.stderr=
case.54.argv=list -options smime
case.54.exit=0
case.54.stdout=help -|in <|inform c|out >|outform c|inkey s|keyform f|engine s|stream -|indef -|noindef -|config <|encrypt -|decrypt -|sign -|resign -|verify -|pk7out -|passin s|md s|nointern -|nodetach -|noattr -|binary -|signer s|content <|nocerts -|nosigs -|noverify -|certfile <|recip <|to s|from s|subject s|text -|nosmimecap -|CApath /|CAfile <|CAstore :|no-CAfile -|no-CApath -|no-CAstore -|nochain -|crlfeol -|rand s|writerand >|policy s|purpose s|verify_name s|verify_depth n|auth_level n|attime M|verify_hostname s|verify_email s|verify_ip s|ignore_critical -|issuer_checks -|crl_check -|crl_check_all -|policy_check -|explicit_policy -|inhibit_any -|inhibit_map -|x509_strict -|extended_crl -|use_deltas -|policy_print -|check_ss_sig -|trusted_first -|suiteB_128_only -|suiteB_128 -|suiteB_192 -|partial_chain -|no_alt_chains -|no_check_time -|allow_proxy_certs -|provider-path s|provider s|provparam s|propquery s|- -|
case.54.stderr=
case.55.argv=list -options speed
case.55.exit=0
case.55.stdout=help -|mb -|mr -|multi p|async_jobs p|engine s|primes p|mlock -|testmode -|config <|evp s|hmac s|cmac s|decrypt -|aead -|kem-algorithms -|signature-algorithms -|elapsed -|seconds p|bytes p|misalign p|rand s|writerand >|provider-path s|provider s|provparam s|propquery s|- -|
case.55.stderr=
case.56.argv=list -options spkac
case.56.exit=0
case.56.stdout=help -|spksect s|engine s|in <|key <|keyform f|passin s|challenge s|spkac s|digest s|out >|noout -|pubkey -|verify -|provider-path s|provider s|provparam s|propquery s|- -|
case.56.stderr=
case.57.argv=list -options srp
case.57.exit=0
case.57.stdout=help -|verbose -|config <|name s|engine s|add -|modify -|delete -|list -|srpvfile <|gn s|userinfo s|passin s|passout s|rand s|writerand >|provider-path s|provider s|provparam s|propquery s|- -|
case.57.stderr=
case.58.argv=list -options storeutl
case.58.exit=0
case.58.stdout=help -|engine s|certs -|keys -|crls -|subject s|issuer s|serial s|fingerprint s|alias s|r -|passin s|out >|text -|noout -|provider-path s|provider s|provparam s|propquery s|- -|
case.58.stderr=
case.59.argv=list -options ts
case.59.exit=0
case.59.stdout=help -|config <|section s|engine s|inkey s|signer s|chain <|CAfile <|CApath /|CAstore :|untrusted <|token_in -|token_out -|passin s|query -|data <|digest s|queryfile <|cert -|in <|verify -|reply -|tspolicy s|no_nonce -|out >|text -|rand s|writerand >|policy s|purpose s|verify_name s|verify_depth n|auth_level n|attime M|verify_hostname s|verify_email s|verify_ip s|ignore_critical -|issuer_checks -|crl_check -|crl_check_all -|policy_check -|explicit_policy -|inhibit_any -|inhibit_map -|x509_strict -|extended_crl -|use_deltas -|policy_print -|check_ss_sig -|trusted_first -|suiteB_128_only -|suiteB_128 -|suiteB_192 -|partial_chain -|no_alt_chains -|no_check_time -|allow_proxy_certs -|provider-path s|provider s|provparam s|propquery s|- -|
case.59.stderr=
case.60.argv=list -options verify
case.60.exit=0
case.60.stdout=help -|engine s|verbose -|nameopt s|trusted <|CAfile <|CApath /|CAstore :|no-CAfile -|no-CApath -|no-CAstore -|untrusted <|CRLfile <|crl_download -|show_chain -|policy s|purpose s|verify_name s|verify_depth n|auth_level n|attime M|verify_hostname s|verify_email s|verify_ip s|ignore_critical -|issuer_checks -|crl_check -|crl_check_all -|policy_check -|explicit_policy -|inhibit_any -|inhibit_map -|x509_strict -|extended_crl -|use_deltas -|policy_print -|check_ss_sig -|trusted_first -|suiteB_128_only -|suiteB_128 -|suiteB_192 -|partial_chain -|no_alt_chains -|no_check_time -|allow_proxy_certs -|vfyopt s|provider-path s|provider s|provparam s|propquery s|- -|
case.60.stderr=
case.61.argv=list -options version
case.61.exit=0
case.61.stdout=help -|a -|b -|d -|e -|m -|f -|o -|p -|r -|v -|c -|- -|
case.61.stderr=
case.62.argv=list -options x509
case.62.exit=0
case.62.stdout=help -|in <|passin s|new -|x509toreq -|req -|copy_extensions s|inform f|vfyopt s|key s|signkey s|keyform E|out >|outform f|nocert -|noout -|text -|dateopt s|certopt s|fingerprint -|alias -|serial -|startdate -|enddate -|dates -|subject -|issuer -|nameopt s|email -|hash -|subject_hash -|subject_hash_old -|issuer_hash -|issuer_hash_old -|ext s|ocspid -|ocsp_uri -|purpose -|pubkey -|modulus -|multi -|checkend M|checkhost s|checkemail s|checkip s|set_serial s|next_serial -|not_before s|not_after s|days n|preserve_dates -|set_issuer s|set_subject s|subj s|force_pubkey <|clrext -|extfile <|extensions s|sigopt s|badsig -|CA <|CAform F|CAkey s|CAkeyform E|CAserial s|CAcreateserial -|trustout -|setalias s|clrtrust -|addtrust s|clrreject -|addreject s|rand s|writerand >|engine s|provider-path s|provider s|provparam s|propquery s|- -|
case.62.stderr=
