transcript.sha256=f692b683c9d1519b6b5f70503c4afee0e2a9e2d20eeff183f422534495e83650
read.ret=-1
read.dstlen=140
read.text=BIO[<addr>]: read(-1,16) - memory buffer~BIO[<addr>]: read return -1 processed: 0~BIO[<addr>]: Free - memory buffer~
read.err0=0
write.ret=5
write.dstlen=140
write.text=BIO[<addr>]: write(-1,5) - memory buffer~BIO[<addr>]: write return 1 processed: 5~BIO[<addr>]: Free - memory buffer~
write.err0=0
write0.ret=0
write0.dstlen=42
write0.text=BIO[<addr>]: Free - memory buffer~
write0.err0=0
ctrl.ret=0
ctrl.dstlen=123
ctrl.text=BIO[<addr>]: ctrl(10) - memory buffer~BIO[<addr>]: ctrl return 0~BIO[<addr>]: Free - memory buffer~
ctrl.err0=0
gets.ret=0
gets.dstlen=135
gets.text=BIO[<addr>]: gets(8) - memory buffer~BIO[<addr>]: gets return 0 processed: 0~BIO[<addr>]: Free - memory buffer~
gets.err0=0
puts.ret=2
puts.dstlen=134
puts.text=BIO[<addr>]: puts() - memory buffer~BIO[<addr>]: puts return 1 processed: 2~BIO[<addr>]: Free - memory buffer~
puts.err0=0
free.ret=1
free.dstlen=42
free.text=BIO[<addr>]: Free - memory buffer~
free.err0=0
desc.read.ret=0
desc.read.type=1285
desc.write.ret=0
desc.readreturn.ret=7
desc.writereturn.ret=-1
desc.dstlen=190
desc.text=BIO[<addr>]: read(0,16) - socket fd=0~BIO[<addr>]: write(0,5) - socket fd=0~BIO[<addr>]: read return 7 processed: 3~BIO[<addr>]: write return -1 processed: 0~
desc.err0=0
wrapper.recvmmsg.ret=123
wrapper.recvmmsg.dstlen=43
wrapper.recvmmsg.text=BIO[<addr>]: recvmmsg processed: 4~
wrapper.recvmmsg.err0=0
ex.recvmmsg.ret=4
ex.recvmmsg.dstlen=43
ex.recvmmsg.text=BIO[<addr>]: recvmmsg processed: 4~
ex.recvmmsg.err0=0
pre.recvmmsg.ret=123
pre.sendmmsg.ret=123
pre.dstlen=96
pre.text=BIO[<addr>]: recvmmsg(4) - memory bufferBIO[<addr>]: sendmmsg(4) - memory buffer
pre.err0=0
unknown.ret=5
unknown.dstlen=54
unknown.text=BIO[<addr>]: bio callback - unknown type (63)~
unknown.err0=0
stderr.ctrl.text=BIO[<addr>]: ctrl(0) - memory buffer~
stderr.ctrl.textlen=45
stderr.ctrl.ret=7
stderr.ctrl.err0=0
