transcript.sha256=6816d9ed2fd73f78f42e59f56a64fb500f228efe1374be69bf70df4cb9d1f598
probe.kind=cpu-capability
probe.arch=x86
probe.reachable.ia32cap_p=0
probe.reachable.cpuid_setup=0
probe.reachable.ia32_cpuid=0
probe.setup.called=0
probe.setup.stable=-1
cap.word.0=n/a
cap.after_setup.0=n/a
cap.word.1=n/a
cap.after_setup.1=n/a
cap.word.2=n/a
cap.after_setup.2=n/a
cap.word.3=n/a
cap.after_setup.3=n/a
probe.cpuid.called=0
probe.cpuid.ret=n/a
cap.raw.word.2=n/a
cap.raw.word.3=n/a
api.cpuinfo=CPUINFO: N/A
api.cpu_settings_null=1
api.cpu_settings=
sel.aes128cbcsha1.null=0
sel.aes256cbcsha1.null=0
sel.aes128cbcsha256.null=0
sel.aes256cbcsha256.null=0
probe.done=1
