FRF-MUTANT:stdout-first-line:transcript.sha256=71a782101291522b0dbb538f643e1b6668d5cfc2051ba5b04814371db0e78ff4
noctx.8.any.rand.ret=1
noctx.8.any.rand.err.count=0
noctx.8.any.rand.bits_le=1
noctx.8.any.rand.negative=0
noctx.64.any.rand.ret=1
noctx.64.any.rand.err.count=0
noctx.64.any.rand.bits_le=1
noctx.64.any.rand.negative=0
noctx.1.topone.rand.ret=1
noctx.1.topone.rand.err.count=0
noctx.1.topone.rand.bits_le=1
noctx.1.topone.rand.negative=0
noctx.1.topone.rand.top_bit=1
noctx.1.topone.rand.is_one=1
noctx.2.toptwo.rand.ret=1
noctx.2.toptwo.rand.err.count=0
noctx.2.toptwo.rand.bits_le=1
noctx.2.toptwo.rand.negative=0
noctx.2.toptwo.rand.top_bit=1
noctx.2.toptwo.rand.second_bit=1
noctx.2.toptwo.rand.is_three=1
noctx.16.topone.rand.ret=1
noctx.16.topone.rand.err.count=0
noctx.16.topone.rand.bits_le=1
noctx.16.topone.rand.negative=0
noctx.16.topone.rand.top_bit=1
noctx.16.toptwo.rand.ret=1
noctx.16.toptwo.rand.err.count=0
noctx.16.toptwo.rand.bits_le=1
noctx.16.toptwo.rand.negative=0
noctx.16.toptwo.rand.top_bit=1
noctx.16.toptwo.rand.second_bit=1
noctx.16.bottomodd.rand.ret=1
noctx.16.bottomodd.rand.err.count=0
noctx.16.bottomodd.rand.bits_le=1
noctx.16.bottomodd.rand.negative=0
noctx.16.bottomodd.rand.bottom_bit=1
noctx.16.both.rand.ret=1
noctx.16.both.rand.err.count=0
noctx.16.both.rand.bits_le=1
noctx.16.both.rand.negative=0
noctx.16.both.rand.top_bit=1
noctx.16.both.rand.bottom_bit=1
noctx.16.priv.priv.ret=1
noctx.16.priv.priv.err.count=0
noctx.16.priv.priv.bits_le=1
noctx.16.priv.priv.negative=0
noctx.16.pseudo.pseudo.ret=1
noctx.16.pseudo.pseudo.err.count=0
noctx.16.pseudo.pseudo.bits_le=1
noctx.16.pseudo.pseudo.negative=0
noctx.16.bntest.bntest.ret=1
noctx.16.bntest.bntest.err.count=0
noctx.16.bntest.bntest.bits_le=1
noctx.16.bntest.bntest.negative=0
noctx.16.bntest_topone.bntest.ret=1
noctx.16.bntest_topone.bntest.err.count=0
noctx.16.bntest_topone.bntest.bits_le=1
noctx.16.bntest_topone.bntest.negative=0
noctx.16.bntest_topone.bntest.top_bit=1
ctx.16.any.rand.ret=1
ctx.16.any.rand.err.count=0
ctx.16.any.rand.bits_le=1
ctx.16.any.rand.negative=0
ctx.16.ex.rand_ex.ret=1
ctx.16.ex.rand_ex.err.count=0
ctx.16.ex.rand_ex.bits_le=1
ctx.16.ex.rand_ex.negative=0
ctx.16.ex.rand_ex.top_bit=1
ctx.16.priv_ex.priv_ex.ret=1
ctx.16.priv_ex.priv_ex.err.count=0
ctx.16.priv_ex.priv_ex.bits_le=1
ctx.16.priv_ex.priv_ex.negative=0
ctx.16.priv_ex.priv_ex.bottom_bit=1
ctx.64.ex.rand_ex.ret=1
ctx.64.ex.rand_ex.err.count=0
ctx.64.ex.rand_ex.bits_le=1
ctx.64.ex.rand_ex.negative=0
ctx.64.ex.rand_ex.top_bit=1
ctx.64.ex.rand_ex.second_bit=1
refuse.null_out.ret=0
refuse.null_out.err.0=lib=3,reason=786690
refuse.null_out.err.count=1
refuse.null_out.ex.ret=0
refuse.null_out.ex.err.0=lib=3,reason=786690
refuse.null_out.ex.err.count=1
refuse.zero_range.ret=0
refuse.zero_range.err.0=lib=3,reason=115
refuse.zero_range.err.count=1
refuse.negative_range.ret=0
refuse.negative_range.err.0=lib=3,reason=115
refuse.negative_range.err.count=1
zero_bits.any.ret=1
zero_bits.any.zero=1
zero_bits.any.err.count=0
refuse.0.topone.rand.ret=0
refuse.0.topone.rand.err.0=lib=3,reason=118
refuse.0.topone.rand.err.count=1
refuse.0.bottomodd.rand.ret=0
refuse.0.bottomodd.rand.err.0=lib=3,reason=118
refuse.0.bottomodd.rand.err.count=1
refuse.0.toptwo.rand.ret=0
refuse.0.toptwo.rand.err.0=lib=3,reason=118
refuse.0.toptwo.rand.err.count=1
refuse.neg_bits.rand.ret=0
refuse.neg_bits.rand.err.0=lib=3,reason=118
refuse.neg_bits.rand.err.count=1
refuse.min_bits.rand.ret=0
refuse.min_bits.rand.err.0=lib=3,reason=118
refuse.min_bits.rand.err.count=1
refuse.1.toptwo.rand.ret=0
refuse.1.toptwo.rand.err.0=lib=3,reason=118
refuse.1.toptwo.rand.err.count=1
refuse.1.topmax.rand.ret=0
refuse.1.topmax.rand.err.0=lib=3,reason=118
refuse.1.topmax.rand.err.count=1
refuse.pseudo.neg.pseudo.ret=0
refuse.pseudo.neg.pseudo.err.0=lib=3,reason=118
refuse.pseudo.neg.pseudo.err.count=1
refuse.strength.rand_ex.ret=0
refuse.strength.rand_ex.err.0=lib=57,reason=181
refuse.strength.rand_ex.err.1=lib=6,reason=214
refuse.strength.rand_ex.err.count=2
range.rand.ret=1
range.rand.err.count=0
range.rand.in_range=1
range.rand.negative=0
range.priv.ret=1
range.priv.err.count=0
range.priv.in_range=1
range.priv.negative=0
range.pseudo.ret=1
range.pseudo.err.count=0
range.pseudo.in_range=1
range.pseudo.negative=0
range.rand_ex.ret=1
range.rand_ex.err.count=0
range.rand_ex.in_range=1
range.rand_ex.negative=0
range.priv_ex.ret=1
range.priv_ex.err.count=0
range.priv_ex.in_range=1
range.priv_ex.negative=0
pow2.rand.ret=1
pow2.rand.err.count=0
pow2.rand.in_range=1
pow2.rand.negative=0
pow2.rand.ret=1
pow2.rand.err.count=0
pow2.rand.in_range=1
pow2.rand.negative=0
reduce.rand.ret=1
reduce.rand.err.count=0
reduce.rand.in_range=1
reduce.rand.negative=0
range.one.ret=1
range.one.zero=1
range.one.err.count=0
range.one.priv_ret=1
range.one.priv_zero=1
range.one.priv_err.count=0
big.1024.rand.ret=1
big.1024.rand.err.count=0
big.1024.rand.bits_le=1
big.1024.rand.negative=0
big.1024.rand.top_bit=1
big.1024.rand.second_bit=1
big.1024.rand.bottom_bit=1
big.1024.bntest.bntest.ret=1
big.1024.bntest.bntest.err.count=0
big.1024.bntest.bntest.bits_le=1
big.1024.bntest.bntest.negative=0
blind.de_pair.selfcheck=1
blind.create.nonnull=1
blind.create.err.count=0
blind.trip1.moved=1
blind.trip1.restored=1
blind.trip1.err.count=0
blind.trip2.moved=1
blind.trip2.restored=1
blind.trip2.err.count=0
blind.update.ret=1
blind.update.err.count=0
blind.after_update.moved=1
blind.after_update.restored=1
blind.after_update.err.count=0
blind.no_update.flag=1
blind.no_update.same=1
blind.no_update.err.count=0
blind.recreate32.updates_ok=1
blind.recreate32.moved=1
blind.recreate32.restored=1
blind.recreate32.err.count=0
blind.same_context.same_ptr=1
blind.same_context.err.count=0
blind.m_ignored.moved=1
blind.m_ignored.restored=1
blind.m_ignored.err.count=0
blind.mont_set.ret=1
blind.mont_create.nonnull=1
blind.mont_create.err.count=0
blind.mont1.moved=1
blind.mont1.restored=1
blind.mont1.err.count=0
blind.mont2.moved=1
blind.mont2.restored=1
blind.mont2.err.count=0
blind.bare.nonnull=1
blind.bare.update.ret=0
blind.bare.update.err.0=lib=3,reason=107
blind.bare.update.err.count=1
blind.bare.convert.ret=0
blind.bare.convert.err.0=lib=3,reason=107
blind.bare.convert.err.count=1
blind.bare.convert_ex.ret=0
blind.bare.convert_ex.err.0=lib=3,reason=107
blind.bare.convert_ex.err.count=1
blind.bare.invert.ret=0
blind.bare.invert.err.0=lib=3,reason=107
blind.bare.invert.err.count=1
blind.bare.current_thread=1
blind.no_e.null=1
blind.no_e.err.count=0
blind.no_m.null=1
blind.no_m.err.count=0
blind.mod_one.null=1
blind.mod_one.err.0=lib=3,reason=113
blind.mod_one.err.count=1
prime.zero.ret=0
prime.zero.want=0
prime.zero.err.count=0
prime.one.ret=0
prime.one.want=0
prime.one.err.count=0
prime.two.ret=1
prime.two.want=1
prime.two.err.count=0
prime.three.ret=1
prime.three.want=1
prime.three.err.count=0
prime.four.ret=0
prime.four.want=0
prime.four.err.count=0
prime.six.ret=0
prime.six.want=0
prime.six.err.count=0
prime.nine.ret=0
prime.nine.want=0
prime.nine.err.count=0
prime.twentyfive.ret=0
prime.twentyfive.want=0
prime.twentyfive.err.count=0
prime.carmichael561.ret=0
prime.carmichael561.want=0
prime.carmichael561.err.count=0
prime.prime97.ret=1
prime.prime97.want=1
prime.prime97.err.count=0
prime.prime307.ret=1
prime.prime307.want=1
prime.prime307.err.count=0
prime.prime311.ret=1
prime.prime311.want=1
prime.prime311.err.count=0
prime.prime313.ret=1
prime.prime313.want=1
prime.prime313.err.count=0
prime.composite_317x331.ret=0
prime.composite_317x331.want=0
prime.composite_317x331.err.count=0
prime.carmichael_3fact.ret=0
prime.carmichael_3fact.want=0
prime.carmichael_3fact.err.count=0
prime.mersenne_2_127_minus_1.ret=1
prime.mersenne_2_127_minus_1.want=1
prime.mersenne_2_127_minus_1.err.count=0
prime.fermat_f7.ret=0
prime.fermat_f7.want=0
prime.fermat_f7.err.count=0
prime.negative5.ret=0
prime.negative5.want=0
prime.negative5.err.count=0
dep.prime.is_prime_ex=1
dep.prime.fasttest_ex_no_sieve=1
dep.prime.fasttest_ex_sieve=1
dep.prime.old_style=1
dep.prime.old_style_fasttest=1
dep.prime.err.count=0
dep.composite.is_prime_ex=0
dep.composite.fasttest_ex_no_sieve=0
dep.composite.fasttest_ex_sieve=0
dep.composite.old_style=0
dep.composite.old_style_fasttest=0
dep.composite.err.count=0
cb.check_prime.answered=1
cb.check_prime.events=65
cb.check_prime.minus_one=1
cb.check_prime.max_index=63
cb.check_prime.err.count=0
cb.is_prime_ex.answered=1
cb.is_prime_ex.events=64
cb.is_prime_ex.minus_one=0
cb.is_prime_ex.max_index=63
cb.is_prime_ex.err.count=0
cb.fasttest_no_sieve.answered=1
cb.fasttest_no_sieve.events=64
cb.fasttest_no_sieve.minus_one=0
cb.fasttest_no_sieve.max_index=63
cb.fasttest_no_sieve.err.count=0
cb.fasttest_sieve.answered=1
cb.fasttest_sieve.events=65
cb.fasttest_sieve.minus_one=1
cb.fasttest_sieve.max_index=63
cb.old_is_prime.answered=1
cb.old_is_prime.events=64
cb.old_is_prime.minus_one=0
cb.old_is_prime.max_index=63
cb.old_is_prime.err.count=0
cb.old_fasttest.answered=1
cb.old_fasttest.events=65
cb.old_fasttest.minus_one=1
cb.old_fasttest.max_index=63
cb.old_fasttest.err.count=0
cb.null_old.answered=1
cb.null_old.err.count=0
gen.refuse.bits1.ret=0
gen.refuse.bits1.err.0=lib=3,reason=118
gen.refuse.bits1.err.count=1
gen.refuse.bits0.ret=0
gen.refuse.bits0.err.0=lib=3,reason=118
gen.refuse.bits0.err.count=1
gen.refuse.bitsneg.ret=0
gen.refuse.bitsneg.err.0=lib=3,reason=118
gen.refuse.bitsneg.err.count=1
gen.refuse.safe2.ret=0
gen.refuse.safe2.err.0=lib=3,reason=118
gen.refuse.safe2.err.count=1
gen.refuse.safe5.ret=0
gen.refuse.safe5.err.0=lib=3,reason=118
gen.refuse.safe5.err.count=1
gen.exact2.ret=1
gen.exact2.is_three=1
gen.exact2.err.count=0
gen.exact3.ret=1
gen.exact3.is_seven=1
gen.exact3.err.count=0
gen.exact3safe.ret=1
gen.exact3safe.is_seven=1
gen.exact3safe.err.count=0
gen.ex_ex.ret=1
gen.ex_ex.is_three=1
gen.ex_ex.err.count=0
gen.p64.ret=1
gen.p64.width=64
gen.p64.odd=1
gen.p64.top_bit=1
gen.p64.prime=1
gen.p64.err.count=0
gen.safe32.ret=1
gen.safe32.width=32
gen.safe32.bit1=1
gen.safe32.odd=1
gen.safe32.prime=1
gen.safe32.cofactor_prime=1
gen.safe32.err.count=0
gen.dh64.ret=1
gen.dh64.width_ge=1
gen.dh64.odd=1
gen.dh64.residue=1
gen.dh64.prime=1
gen.dh64.err.count=0
gen.deprecated.nonnull=1
gen.deprecated.is_three=1
gen.deprecated.events=1
gen.deprecated.err.count=0
gen.deprecated.dest_same=1
gen.deprecated.dest_is_three=1
x931.xpq.bad0.ret=0
x931.xpq.bad0.err.count=0
x931.xpq.bad512.ret=0
x931.xpq.bad512.err.count=0
x931.xpq.bad1023.ret=0
x931.xpq.bad1023.err.count=0
x931.xpq.bad1025.ret=0
x931.xpq.bad1025.err.count=0
x931.xpq.bad1281.ret=0
x931.xpq.bad1281.err.count=0
x931.xpq.bad-1.ret=0
x931.xpq.bad-1.err.count=0
x931.xpq.ret=1
x931.xpq.xp_width=512
x931.xpq.xp_top=1
x931.xpq.xp_second=1
x931.xpq.xq_width=512
x931.xpq.xq_top=1
x931.xpq.xq_second=1
x931.xpq.separated=1
x931.xpq.err.count=0
x931.even_e.ret=0
x931.even_e.err.count=0
x931.derive.ret=1
x931.derive.p_prime=1
x931.derive.p1_prime=1
x931.derive.p2_prime=1
x931.derive.p1_odd=1
x931.derive.p_ge_xp=1
x931.rp.computed=1
x931.derive.congruent=1
x931.derive.p_mod_p1_is_one=1
x931.derive.err.count=0
x931.generate.ret=1
x931.generate.xp1_width=101
x931.generate.xp1_top=1
x931.generate.xp2_width=101
x931.generate.xp2_top=1
x931.generate.p_prime=1
x931.generate.p1_prime=1
x931.generate.p2_prime=1
x931.generate.p1_odd=1
x931.generate.p_ge_xp=1
x931.rp.computed=1
x931.generate.congruent=1
x931.generate.p_mod_p1_is_one=1
x931.generate.err.count=0
gf2m.sqrt.arr.ret=1
gf2m.sqrt.arr.rel=1
gf2m.sqrt.arr.err.count=0
gf2m.sqrt.bn.ret=1
gf2m.sqrt.bn.rel=1
gf2m.sqrt.bn.err.count=0
gf2m.sqrt.even.ret=1
gf2m.sqrt.even.rel=1
gf2m.sqrt.even.err.count=0
gf2m.sqrt.degree0.ret=1
gf2m.sqrt.degree0.is_zero=1
gf2m.sqrt.degree0.err.count=0
gf2m.sqrt.badmod.ret=0
gf2m.sqrt.badmod.err.0=lib=3,reason=106
gf2m.sqrt.badmod.err.count=1
gf2m.quad.odd.ret=1
gf2m.quad.odd.rel=1
gf2m.quad.odd.err.count=0
gf2m.quad.bn.ret=1
gf2m.quad.bn.rel=1
gf2m.quad.bn.err.count=0
gf2m.quad.nosol.ret=0
gf2m.quad.nosol.err.0=lib=3,reason=116
gf2m.quad.nosol.err.count=1
gf2m.quad.even.ret=1
gf2m.quad.even.rel=1
gf2m.quad.even.err.count=0
gf2m.quad.even2.ret=1
gf2m.quad.even2.rel=1
gf2m.quad.even2.err.count=0
gf2m.quad.ceiling.ret=0
gf2m.quad.ceiling.err.0=lib=3,reason=113
gf2m.quad.ceiling.err.count=1
gf2m.quad.degree0.ret=1
gf2m.quad.degree0.is_zero=1
gf2m.quad.degree0.err.count=0
gf2m.quad.badmod.ret=0
gf2m.quad.badmod.err.0=lib=3,reason=106
gf2m.quad.badmod.err.count=1
gf2m.quad.a0.ret=1
gf2m.quad.a0.is_zero=1
gf2m.quad.a0.err.count=0
dsa_nonce.ok.ret=1
dsa_nonce.ok.err.count=0
dsa_nonce.ok.negative=0
dsa_nonce.ok.in_range=1
dsa_nonce.ok.bits_le=1
dsa_nonce.noctx.ret=1
dsa_nonce.noctx.err.count=0
dsa_nonce.noctx.in_range=1
dsa_nonce.empty_msg.ret=1
dsa_nonce.empty_msg.err.count=0
dsa_nonce.empty_msg.in_range=1
dsa_nonce.small_range.ret=1
dsa_nonce.small_range.err.count=0
dsa_nonce.small_range.in_range=1
dsa_nonce.zero_range.ret=0
dsa_nonce.zero_range.err.0=lib=3,reason=786691
dsa_nonce.zero_range.err.count=1
dsa_nonce.priv_too_large.ret=0
dsa_nonce.priv_too_large.err.0=lib=3,reason=117
dsa_nonce.priv_too_large.err.count=1
done=1
