transcript.sha256=ab06108faf77abc1e2867bf47beea1383045dffc55493d97e3d1383c7de0ef14
probe.rt-secure=1
pre.init_initialized=0
pre.used=NOT_MEASURED_AUTHORITY_FAULTS
pre.malloc_falls_back=nonnull
init.rc=1
init.initialized=1
init.again_rc=0
init.again_initialized=1
alloc.64=nonnull
alloc.allocated=1
alloc.actual_size_ge_64=1
alloc.used_nonzero=1
classify.null=0
classify.plain=0
classify.interior=1
calloc.4x8=nonnull
calloc.zeroed=1
calloc.allocated=1
clear_free.released_allocated=1
clear_free.interior_allocated=1
clear_free.released_actual_size=NOT_MEASURED_AUTHORITY_ABORTS
free.released_allocated=1
free.released_actual_size=NOT_MEASURED_AUTHORITY_ABORTS
free.plain_survived=1
clear_free.null_survived=1
free.null_survived=1
done.rc=1
done.initialized=0
done.again_rc=1
postdone.malloc=nonnull
postdone.allocated=0
done.used=NOT_MEASURED_AUTHORITY_FAULTS
