FRF-MUTANT:stdout-first-line:transcript.sha256=c7d1083675864870ddf1745fd8d91132867d9e561258404a24c041bf4fb11eb7
der.root=1
der.int=1
der.leaf=1
der.expired=1
der.other=1
init.ok.ret=1
init.ok.cert_same=1
init.ok.untrusted_same=1
init.ok.param=nonnull
init.ok.verify_cb=nonnull
init.ok.error=0
init.ok.depth=0
init.ok.chain=null
init.ctxnull.ret=0
init.ctxnull.err=11.786690
init.storenull.ret=1
init.storenull.err=none
init.storenull.cert_same=1
init.storenull.cb_set=1
init.certnull.ret=1
init.certnull.err=none
init.certnull.cert=null
initrpk.ret=1
initrpk.err=none
initrpk.rpk_same=1
initrpk.cert=null
initrpk.cb.0=0.95.0
initrpk.decision=0
initrpk.error=95
initrpk.depth=0
initrpk.num_untrusted=0
initrpk.len=-1
initrpk.get1_len=-1
verify.null.decision=-1
verify.null.err=11.786690
ctxverify.null.decision=-1
ctxverify.null.err=11.786690
verify.ok.cb.0=1.0.2
verify.ok.cb.1=1.0.1
verify.ok.cb.2=1.0.0
verify.ok.decision=1
verify.ok.error=0
verify.ok.depth=0
verify.ok.num_untrusted=2
verify.ok.len=3
verify.ok.0.serial=3
verify.ok.0.self_ss=0
verify.ok.0.links_up=1
verify.ok.1.serial=2
verify.ok.1.self_ss=0
verify.ok.1.links_up=1
verify.ok.2.serial=1
verify.ok.2.self_ss=1
verify.ok.get1_len=3
verify.miss.cb.0=0.20.0
verify.miss.decision=0
verify.miss.error=20
verify.miss.depth=0
verify.miss.num_untrusted=1
verify.miss.len=1
verify.miss.0.serial=3
verify.miss.0.self_ss=0
verify.miss.get1_len=1
verify.noanchor.cb.0=0.20.1
verify.noanchor.decision=0
verify.noanchor.error=20
verify.noanchor.depth=1
verify.noanchor.num_untrusted=2
verify.noanchor.len=2
verify.noanchor.0.serial=3
verify.noanchor.0.self_ss=0
verify.noanchor.0.links_up=1
verify.noanchor.1.serial=2
verify.noanchor.1.self_ss=0
verify.noanchor.get1_len=2
verify.ss.cb.0=0.18.0
verify.ss.decision=0
verify.ss.error=18
verify.ss.depth=0
verify.ss.num_untrusted=1
verify.ss.len=1
verify.ss.0.serial=1
verify.ss.0.self_ss=1
verify.ss.get1_len=1
verify.exp.cb.0=1.0.2
verify.exp.cb.1=1.0.1
verify.exp.cb.2=0.10.0
verify.exp.decision=0
verify.exp.error=10
verify.exp.depth=0
verify.exp.num_untrusted=2
verify.exp.len=3
verify.exp.0.serial=4
verify.exp.0.self_ss=0
verify.exp.0.links_up=1
verify.exp.1.serial=2
verify.exp.1.self_ss=0
verify.exp.1.links_up=1
verify.exp.2.serial=1
verify.exp.2.self_ss=1
verify.exp.get1_len=3
verify.hostbad.cb.0=0.62.0
verify.hostbad.decision=0
verify.hostbad.error=62
verify.hostbad.depth=0
verify.hostbad.num_untrusted=2
verify.hostbad.len=3
verify.hostbad.0.serial=3
verify.hostbad.0.self_ss=0
verify.hostbad.0.links_up=1
verify.hostbad.1.serial=2
verify.hostbad.1.self_ss=0
verify.hostbad.1.links_up=1
verify.hostbad.2.serial=1
verify.hostbad.2.self_ss=1
verify.hostbad.get1_len=3
verify.hostok.cb.0=1.0.2
verify.hostok.cb.1=1.0.1
verify.hostok.cb.2=1.0.0
verify.hostok.decision=1
verify.hostok.error=0
verify.hostok.depth=0
verify.hostok.num_untrusted=2
verify.hostok.len=3
verify.hostok.0.serial=3
verify.hostok.0.self_ss=0
verify.hostok.0.links_up=1
verify.hostok.1.serial=2
verify.hostok.1.self_ss=0
verify.hostok.1.links_up=1
verify.hostok.2.serial=1
verify.hostok.2.self_ss=1
verify.hostok.get1_len=3
verify.other.cb.0=0.62.0
verify.other.decision=0
verify.other.error=62
verify.other.depth=0
verify.other.num_untrusted=2
verify.other.len=3
verify.other.0.serial=5
verify.other.0.self_ss=0
verify.other.0.links_up=1
verify.other.1.serial=2
verify.other.1.self_ss=0
verify.other.1.links_up=1
verify.other.2.serial=1
verify.other.2.self_ss=1
verify.other.get1_len=3
verify.noct.cb.0=1.0.2
verify.noct.cb.1=1.0.1
verify.noct.cb.2=1.0.0
verify.noct.decision=1
verify.noct.error=0
verify.noct.depth=0
verify.noct.num_untrusted=2
verify.noct.len=3
verify.noct.0.serial=4
verify.noct.0.self_ss=0
verify.noct.0.links_up=1
verify.noct.1.serial=2
verify.noct.1.self_ss=0
verify.noct.1.links_up=1
verify.noct.2.serial=1
verify.noct.2.self_ss=1
verify.noct.get1_len=3
verify.pc.cb.0=1.0.1
verify.pc.cb.1=1.0.0
verify.pc.decision=1
verify.pc.error=0
verify.pc.depth=0
verify.pc.num_untrusted=1
verify.pc.len=2
verify.pc.0.serial=3
verify.pc.0.self_ss=0
verify.pc.0.links_up=1
verify.pc.1.serial=2
verify.pc.1.self_ss=0
verify.pc.get1_len=2
verify.nopc.cb.0=0.2.1
verify.nopc.decision=0
verify.nopc.error=2
verify.nopc.depth=1
verify.nopc.num_untrusted=1
verify.nopc.len=2
verify.nopc.0.serial=3
verify.nopc.0.self_ss=0
verify.nopc.0.links_up=1
verify.nopc.1.serial=2
verify.nopc.1.self_ss=0
verify.nopc.get1_len=2
ctxverify.ok.cb.0=1.0.2
ctxverify.ok.cb.1=1.0.1
ctxverify.ok.cb.2=1.0.0
ctxverify.ok.decision=1
ctxverify.ok.error=0
ctxverify.ok.depth=0
ctxverify.ok.num_untrusted=2
ctxverify.ok.len=3
ctxverify.ok.0.serial=3
ctxverify.ok.0.self_ss=0
ctxverify.ok.0.links_up=1
ctxverify.ok.1.serial=2
ctxverify.ok.1.self_ss=0
ctxverify.ok.1.links_up=1
ctxverify.ok.2.serial=1
ctxverify.ok.2.self_ss=1
ctxverify.ok.get1_len=3
ctxverify.ok.cert_same=1
build.null.ret=null
build.null.err=11.786690
build.store0.ret=nonnull
build.store0.len=2
build.store0.0.serial=3
build.store0.0.self_ss=0
build.store0.0.links_up=1
build.store0.1.serial=2
build.store0.1.self_ss=0
build.store1.ret=nonnull
build.store1.len=3
build.store1.0.serial=3
build.store1.0.self_ss=0
build.store1.0.links_up=1
build.store1.1.serial=2
build.store1.1.self_ss=0
build.store1.1.links_up=1
build.store1.2.serial=1
build.store1.2.self_ss=1
build.untrusted.ret=nonnull
build.untrusted.len=2
build.untrusted.0.serial=3
build.untrusted.0.self_ss=0
build.untrusted.0.links_up=1
build.untrusted.1.serial=2
build.untrusted.1.self_ss=0
build.nostore.ret=nonnull
build.nostore.len=2
build.nostore.0.serial=3
build.nostore.0.self_ss=0
build.nostore.0.links_up=1
build.nostore.1.serial=2
build.nostore.1.self_ss=0
build.nofinish.ret=null
