transcript.sha256=f5b9b873b6da6463d545f6cfa036cd949b1eff6a919d787b9313e6840ca9d99e
dh.set_mem_functions=1
dh.new.ev=2
dh.new.ev.0=M:72:../../src/openssl-3.6.4/crypto/dh/dh_meth.c
dh.new.ev.1=M:16:../../src/openssl-3.6.4/crypto/dh/dh_meth.c
dh.new.not_null=1
dh.dup.ev=2
dh.dup.ev.0=M:72:../../src/openssl-3.6.4/crypto/dh/dh_meth.c
dh.dup.ev.1=M:16:../../src/openssl-3.6.4/crypto/dh/dh_meth.c
dh.dup.not_null=1
dh.set1_name.ret=1
dh.set1_name.ev=2
dh.set1_name.ev.0=M:17:../../src/openssl-3.6.4/crypto/dh/dh_meth.c
dh.set1_name.ev.1=F:0:../../src/openssl-3.6.4/crypto/dh/dh_meth.c
dh.set1_name_null.ret=0
dh.set1_name_null.ev=0
dh.new.name=court-dh-renamed
dh.new.flags=4660
dh.new.app_data_is_null=1
dh.dup.name=court-dh-method
dh.dup.flags=4660
dh.dup.app_data_is_null=1
dh.dup.name_ptr_differs=1
dh.set1_name_null.name_unchanged=1
dh.generate_key.get_default_is_null=1
dh.generate_key.set_ret=1
dh.generate_key.get_is_sentinel=1
dh.generate_key.set_null_ret=1
dh.generate_key.get_after_null_is_null=1
dh.compute_key.get_default_is_null=1
dh.compute_key.set_ret=1
dh.compute_key.get_is_sentinel=1
dh.compute_key.set_null_ret=1
dh.compute_key.get_after_null_is_null=1
dh.bn_mod_exp.get_default_is_null=1
dh.bn_mod_exp.set_ret=1
dh.bn_mod_exp.get_is_sentinel=1
dh.bn_mod_exp.set_null_ret=1
dh.bn_mod_exp.get_after_null_is_null=1
dh.init.get_default_is_null=1
dh.init.set_ret=1
dh.init.get_is_sentinel=1
dh.init.set_null_ret=1
dh.init.get_after_null_is_null=1
dh.finish.get_default_is_null=1
dh.finish.set_ret=1
dh.finish.get_is_sentinel=1
dh.finish.set_null_ret=1
dh.finish.get_after_null_is_null=1
dh.generate_params.get_default_is_null=1
dh.generate_params.set_ret=1
dh.generate_params.get_is_sentinel=1
dh.generate_params.set_null_ret=1
dh.generate_params.get_after_null_is_null=1
dh.app_data.set_ret=1
dh.app_data.get_is_marker=1
dh.app_data.set_null_ret=1
dh.app_data.get_after_null_is_null=1
dh.flags.set_ret=1
dh.flags.get=3855
dh.free_dup.ev=2
dh.free_dup.ev.0=F:0:../../src/openssl-3.6.4/crypto/dh/dh_meth.c
dh.free_dup.ev.1=F:0:../../src/openssl-3.6.4/crypto/dh/dh_meth.c
dh.free_new.ev=2
dh.free_new.ev.0=F:0:../../src/openssl-3.6.4/crypto/dh/dh_meth.c
dh.free_new.ev.1=F:0:../../src/openssl-3.6.4/crypto/dh/dh_meth.c
dh.free_null.ev=0
dh.obj.scratch_built=1
dh.obj.new.engine_is_null=1
dh.obj.new.cache_mont=1
dh.obj.new.bits=-1
dh.obj.new.size=-1
dh.obj.new.security_bits=-1
dh.obj.new.length=0
dh.obj.new.pqg_null=1
dh.obj.new.key_null=1
dh.obj.new.p_null=1
dh.obj.new.q_null=1
dh.obj.new.g_null=1
dh.obj.new.priv_null=1
dh.obj.new.pub_null=1
dh.obj.new_method.not_null=1
dh.obj.new_method.engine_is_null=1
dh.obj.new_method.cache_mont=1
dh.obj.flags.set=4660
dh.obj.flags.cleared=4608
dh.obj.flags.remaining=5633
dh.obj.length.set_ret=1
dh.obj.length.get=42
dh.obj.set_method.ret=1
dh.obj.set_method.cache_mont=1
dh.obj.default.is_openssl=1
dh.obj.default.null_is_null=1
dh.obj.default.restored=1
dh.obj.exdata.set_ret=1
dh.obj.exdata.get_is_marker=1
dh.obj.exdata.unset_is_null=1
dh.obj.set0_pqg.all_null_refused=0
dh.obj.set0_pqg.p_only_refused=0
dh.obj.set0_pqg.p_still_null=1
dh.obj.up_ref.ret=1
dh.obj.up_ref.survived_first_free=1
dh.genparams_ex.ret=1
dh.genparams_ex.err.count=0
dh.genparams_ex.bits=512
dh.genparams_ex.size=64
dh.genparams_ex.security_bits=0
dh.genparams_ex.length=125
dh.genparams_ex.p_odd=1
dh.check.ret=1
dh.check.flags=0
dh.check.err.count=0
dh.check_ex.ret=1
dh.check_ex.err.count=0
dh.check_params.ret=1
dh.check_params.flags=0
dh.check_params.err.count=0
dh.check_params_ex.ret=1
dh.check_params_ex.err.count=0
dh.genkey.first.ret=1
dh.genkey_first.err.count=0
dh.genkey.first.priv_bits=125
dh.genkey.first.pub_null=0
dh.check_pub_key.ret=1
dh.check_pub_key.flags=0
dh.check_pub_key.err.count=0
dh.check_pub_key_ex.ret=1
dh.check_pub_key_ex.err.count=0
dh.agree.peer_built=1
dh.agree.peer_genkey=1
dh.peer_genkey.err.count=0
dh.agree.pad1=64
dh.agree.pad2=64
dh.agree.pad_is_size=1
dh.agree.secrets_equal=1
dh.agree_padded.err.count=0
dh.agree.unpad1_le_pad=1
dh.agree.unpad1_strips_leading_zeros=1
dh.agree.unpad1_first_nonzero=1
dh.agree.unpad_is_tail=1
dh.agree_unpadded.err.count=0
dh.genparams.depr_nonnull=1
dh.genparams_depr.err.count=0
dh.genparams.depr_bits=512
dh.genparams.depr_check=1
dh.genparams.depr_flags=0
dh.genparams.depr_length=125
dh.genparams_depr_check.err.count=0
dh.refuse.no_priv.ret=-1
dh.no_priv.err.0=41943140:../../src/openssl-3.6.4/crypto/dh/dh_key.c:73:ossl_dh_compute_key
dh.no_priv.err.count=1
dh.refuse.no_priv_padded.ret=-1
dh.no_priv_padded.err.0=41943140:../../src/openssl-3.6.4/crypto/dh/dh_key.c:73:ossl_dh_compute_key
dh.no_priv_padded.err.count=1
dh.refuse.tiny_group.built=1
dh.refuse.tiny_group.bits=5
dh.refuse.tiny_group.security_bits=0
dh.refuse.tiny_genkey.ret=0
dh.tiny_genkey.err.0=41943166:../../src/openssl-3.6.4/crypto/dh/dh_key.c:287:generate_key
dh.tiny_genkey.err.count=1
dh.refuse.tiny_compute.ret=0
dh.tiny_compute.err.0=41943166:../../src/openssl-3.6.4/crypto/dh/dh_key.c:59:ossl_dh_compute_key
dh.tiny_compute.err.count=1
dh.refuse.tiny_params.ret=1
dh.refuse.tiny_params.flags=128
dh.tiny_params.err.count=0
dh.refuse.tiny_params_ex.ret=0
dh.tiny_params_ex.err.0=41943166:../../src/openssl-3.6.4/crypto/dh/dh_check.c:41:DH_check_params_ex
dh.tiny_params_ex.err.count=1
dh.refuse.tiny_check.ret=1
dh.refuse.tiny_check.flags=128
dh.tiny_check.err.count=0
dh.refuse.tiny_check_ex.ret=0
dh.tiny_check_ex.err.0=41943166:../../src/openssl-3.6.4/crypto/dh/dh_check.c:142:DH_check_ex
dh.tiny_check_ex.err.count=1
dh.refuse.pub_one.ret=1
dh.refuse.pub_one.flags=1
dh.pub_one.err.count=0
dh.refuse.pub_one_ex.ret=0
dh.pub_one_ex.err.0=41943164:../../src/openssl-3.6.4/crypto/dh/dh_check.c:252:DH_check_pub_key_ex
dh.pub_one_ex.err.count=1
dh.refuse.pub_pm1.ret=1
dh.refuse.pub_pm1.flags=2
dh.pub_pm1.err.count=0
dh.refuse.genparams_small.ret=0
dh.genparams_small.err.0=41943166:../../src/openssl-3.6.4/crypto/dh/dh_gen.c:169:dh_builtin_genparams
dh.genparams_small.err.count=1
dh.refuse.genparams_badgen.ret=0
dh.genparams_badgen.err.0=41943141:../../src/openssl-3.6.4/crypto/dh/dh_gen.c:189:dh_builtin_genparams
dh.genparams_badgen.err.1=42467331:../../src/openssl-3.6.4/crypto/dh/dh_gen.c:231:dh_builtin_genparams
dh.genparams_badgen.err.count=2
dh.refuse.genparams_depr_small.is_null=1
dh.genparams_depr_small.err.0=41943166:../../src/openssl-3.6.4/crypto/dh/dh_gen.c:169:dh_builtin_genparams
dh.genparams_depr_small.err.count=1
dh.refuse.empty_params.ret=1
dh.refuse.empty_params.flags=9
dh.empty_params.err.count=0
dh.refuse.empty_params_ex.ret=0
dh.empty_params_ex.err.0=41943157:../../src/openssl-3.6.4/crypto/dh/dh_check.c:37:DH_check_params_ex
dh.empty_params_ex.err.1=41943160:../../src/openssl-3.6.4/crypto/dh/dh_check.c:39:DH_check_params_ex
dh.empty_params_ex.err.count=2
dh.refuse.empty_check.ret=1
dh.refuse.empty_check.flags=9
dh.empty_check.err.count=0
dh.refuse.empty_pub.ret=1
dh.refuse.empty_pub.flags=4
dh.empty_pub.err.count=0
dh.refuse.set0_key.both_null_ret=1
dh.refuse.set0_key.pub_still_null=1
dh.refuse.set0_key.pub_ret=1
dh.refuse.set0_key.pub_is_7=1
dh.obj.free_null.survived=1
dh.group.0.built=1
dh.group.0.nid=1126
dh.group.0.bits=2048
dh.group.0.security_bits=112
dh.group.0.p_bits=2048
dh.group.0.q_bits=2047
dh.group.0.g_is_two=1
dh.group.0.p_is_static=1
dh.group.0.p_mod24=23
dh.group.0.length=0
dh.group.1.built=1
dh.group.1.nid=1127
dh.group.1.bits=3072
dh.group.1.security_bits=128
dh.group.1.p_bits=3072
dh.group.1.q_bits=3071
dh.group.1.g_is_two=1
dh.group.1.p_is_static=1
dh.group.1.p_mod24=23
dh.group.1.length=0
dh.group.2.built=1
dh.group.2.nid=1128
dh.group.2.bits=4096
dh.group.2.security_bits=128
dh.group.2.p_bits=4096
dh.group.2.q_bits=4095
dh.group.2.g_is_two=1
dh.group.2.p_is_static=1
dh.group.2.p_mod24=23
dh.group.2.length=0
dh.group.3.built=1
dh.group.3.nid=1129
dh.group.3.bits=6144
dh.group.3.security_bits=128
dh.group.3.p_bits=6144
dh.group.3.q_bits=6143
dh.group.3.g_is_two=1
dh.group.3.p_is_static=1
dh.group.3.p_mod24=23
dh.group.3.length=0
dh.group.4.built=1
dh.group.4.nid=1130
dh.group.4.bits=8192
dh.group.4.security_bits=192
dh.group.4.p_bits=8192
dh.group.4.q_bits=8191
dh.group.4.g_is_two=1
dh.group.4.p_is_static=1
dh.group.4.p_mod24=23
dh.group.4.length=0
dh.group.5.built=1
dh.group.5.nid=1212
dh.group.5.bits=1536
dh.group.5.security_bits=80
dh.group.5.p_bits=1536
dh.group.5.q_bits=1535
dh.group.5.g_is_two=1
dh.group.5.p_is_static=1
dh.group.5.p_mod24=23
dh.group.5.length=0
dh.group.6.built=1
dh.group.6.nid=1213
dh.group.6.bits=2048
dh.group.6.security_bits=112
dh.group.6.p_bits=2048
dh.group.6.q_bits=2047
dh.group.6.g_is_two=1
dh.group.6.p_is_static=1
dh.group.6.p_mod24=23
dh.group.6.length=0
dh.group.7.built=1
dh.group.7.nid=1214
dh.group.7.bits=3072
dh.group.7.security_bits=128
dh.group.7.p_bits=3072
dh.group.7.q_bits=3071
dh.group.7.g_is_two=1
dh.group.7.p_is_static=1
dh.group.7.p_mod24=23
dh.group.7.length=0
dh.group.8.built=1
dh.group.8.nid=1215
dh.group.8.bits=4096
dh.group.8.security_bits=128
dh.group.8.p_bits=4096
dh.group.8.q_bits=4095
dh.group.8.g_is_two=1
dh.group.8.p_is_static=1
dh.group.8.p_mod24=23
dh.group.8.length=0
dh.group.9.built=1
dh.group.9.nid=1216
dh.group.9.bits=6144
dh.group.9.security_bits=128
dh.group.9.p_bits=6144
dh.group.9.q_bits=6143
dh.group.9.g_is_two=1
dh.group.9.p_is_static=1
dh.group.9.p_mod24=23
dh.group.9.length=0
dh.group.10.built=1
dh.group.10.nid=1217
dh.group.10.bits=8192
dh.group.10.security_bits=192
dh.group.10.p_bits=8192
dh.group.10.q_bits=8191
dh.group.10.g_is_two=1
dh.group.10.p_is_static=1
dh.group.10.p_mod24=23
dh.group.10.length=0
dh.group.11.built=1
dh.group.11.nid=1
dh.group.11.bits=1024
dh.group.11.security_bits=80
dh.group.11.p_bits=1024
dh.group.11.q_bits=160
dh.group.11.g_is_two=0
dh.group.11.p_is_static=1
dh.group.11.p_mod24=17
dh.group.11.length=0
dh.group.12.built=1
dh.group.12.nid=2
dh.group.12.bits=2048
dh.group.12.security_bits=112
dh.group.12.p_bits=2048
dh.group.12.q_bits=224
dh.group.12.g_is_two=0
dh.group.12.p_is_static=1
dh.group.12.p_mod24=7
dh.group.12.length=0
dh.group.13.built=1
dh.group.13.nid=3
dh.group.13.bits=2048
dh.group.13.security_bits=112
dh.group.13.p_bits=2048
dh.group.13.q_bits=256
dh.group.13.g_is_two=0
dh.group.13.p_is_static=1
dh.group.13.p_mod24=23
dh.group.13.length=0
dh.group.refuse.uid0_is_null=1
dh.group_uid0.err.0=41943154:../../src/openssl-3.6.4/crypto/dh/dh_group_params.c:47:ossl_dh_new_by_nid_ex
dh.group_uid0.err.count=1
dh.group.refuse.uid4_is_null=1
dh.group_uid4.err.0=41943154:../../src/openssl-3.6.4/crypto/dh/dh_group_params.c:47:ossl_dh_new_by_nid_ex
dh.group_uid4.err.count=1
dh.group.refuse.uid12345_is_null=1
dh.group_uid12345.err.0=41943154:../../src/openssl-3.6.4/crypto/dh/dh_group_params.c:47:ossl_dh_new_by_nid_ex
dh.group_uid12345.err.count=1
dh.group.identity.named_shared=1
dh.group.identity.deprecated_own=1
dh.group.identity.named_vs_deprecated=1
dh.group.cache.built=1
dh.group.cache.set0_pqg=1
dh.group.cache.q_filled=1
dh.group.cache.nid=1215
dh.group.cache.q_is_the_rows=1
dh.group.cache.p_is_the_rows=0
dh.group.cache.q_bits=4095
dh.group.prime.1536_p=1
dh.group.prime.1536_q=1
dh.group.prime.160_q=1
dh.group.prime.composite=0
dh.group.check.named=1
dh.group.check.named_flags=0
dh.group_check_named.err.count=0
dh.group.check_ex.named=1
dh.group_check_ex_named.err.count=0
dh.group.check_params.named=1
dh.group.check_params.named_flags=0
dh.group_check_params_named.err.count=0
dh.group.check_pub_key.named=1
dh.group.check_pub_key.named_flags=2
dh.group_check_pub_key_named.err.count=0
dh.group.genkey.short.set_length=1
dh.group.genkey.short.ret=0
dh.group_genkey_short.err.0=42467331:../../src/openssl-3.6.4/crypto/dh/dh_key.c:379:generate_key
dh.group_genkey_short.err.count=1
dh.group.genkey.default.ret=1
dh.group_genkey_default.err.count=0
dh.group.genkey.priv_within_225=1
dh.group.genkey.priv_nonzero=1
dh.group.genkey.pub_within_p=1
dh.group.agree.peer_built=1
dh.group.agree.peer_genkey=1
dh.group_peer_genkey.err.count=0
dh.group.agree.pad1=256
dh.group.agree.is_size=1
dh.group.agree.equal=1
dh.group_agree.err.count=0
dh.group.depr.built=1
dh.group.depr.1024_160_bits=1024
dh.group.depr.2048_224_bits=2048
dh.group.depr.2048_256_bits=2048
dh.group.depr.nid_is_undef=1
dh.ctl.md_fetched=1
dh.ctl.oid_built=1
dh.ctl.null.gindex=-2
dh.ctl.null.seed=-2
dh.ctl.null.type=-2
dh.ctl.null.prime_len=-2
dh.ctl.null.subprime_len=-2
dh.ctl.null.generator=-2
dh.ctl.null.rfc5114=-2
dh.ctl.null.dhx_rfc5114=-2
dh.ctl.null.nid=-2
dh.ctl.null.pad=-2
dh.ctl.null.set_kdf_type=-2
dh.ctl.null.get_kdf_type=-2
dh.ctl.null.set0_oid=-2
dh.ctl.null.get0_oid=-2
dh.ctl.null.kdf_md=-2
dh.ctl.null.get_kdf_md=-2
dh.ctl.null.kdf_outlen=-2
dh.ctl.null.get_kdf_outlen=-2
dh.ctl.null.set0_ukm=-2
dh.ctl.null.get0_ukm=-2
dh.ctl_null.err.0=50331795:../../src/openssl-3.6.4/crypto/evp/dh_ctrl.c:22:dh_paramgen_check
dh.ctl_null.err.1=50331795:../../src/openssl-3.6.4/crypto/evp/pmeth_lib.c:1346:EVP_PKEY_CTX_ctrl
dh.ctl_null.err.2=50331795:../../src/openssl-3.6.4/crypto/evp/pmeth_lib.c:1346:EVP_PKEY_CTX_ctrl
dh.ctl_null.err.3=50331795:../../src/openssl-3.6.4/crypto/evp/pmeth_lib.c:1346:EVP_PKEY_CTX_ctrl
dh.ctl_null.err.4=50331795:../../src/openssl-3.6.4/crypto/evp/dh_ctrl.c:166:EVP_PKEY_CTX_set_dh_pad
dh.ctl_null.err.5=50331795:../../src/openssl-3.6.4/crypto/evp/pmeth_lib.c:1346:EVP_PKEY_CTX_ctrl
dh.ctl_null.err.6=50331795:../../src/openssl-3.6.4/crypto/evp/pmeth_lib.c:1346:EVP_PKEY_CTX_ctrl
dh.ctl_null.err.7=50331795:../../src/openssl-3.6.4/crypto/evp/pmeth_lib.c:1346:EVP_PKEY_CTX_ctrl
dh.ctl_null.err.8=50331795:../../src/openssl-3.6.4/crypto/evp/pmeth_lib.c:1346:EVP_PKEY_CTX_ctrl
dh.ctl_null.err.9=50331795:../../src/openssl-3.6.4/crypto/evp/pmeth_lib.c:1346:EVP_PKEY_CTX_ctrl
dh.ctl_null.err.10=50331795:../../src/openssl-3.6.4/crypto/evp/pmeth_lib.c:1346:EVP_PKEY_CTX_ctrl
dh.ctl_null.err.11=50331795:../../src/openssl-3.6.4/crypto/evp/dh_ctrl.c:37:dh_param_derive_check
dh.ctl_null.err.12=50331795:../../src/openssl-3.6.4/crypto/evp/dh_ctrl.c:37:dh_param_derive_check
dh.ctl_null.err.13=50331795:../../src/openssl-3.6.4/crypto/evp/dh_ctrl.c:37:dh_param_derive_check
dh.ctl_null.err.14=50331795:../../src/openssl-3.6.4/crypto/evp/dh_ctrl.c:37:dh_param_derive_check
dh.ctl_null.err.count=15
dh.ctl.provider.add=1
dh.ctl.provider.load=1
dh.ctl.fresh=1
dh.ctl.fresh.is_a_self=1
dh.ctl.fresh.operation=0
dh.ctl.fresh.gindex=-2
dh.ctl.fresh.pad=-2
dh.ctl.fresh.kdf_outlen=-2
dh.ctl.fresh.type=-1
dh.ctl.fresh.nid=-1
dh.ctl.fresh.kdf_type=-1
dh.ctl_fresh.err.0=50331795:../../src/openssl-3.6.4/crypto/evp/dh_ctrl.c:22:dh_paramgen_check
dh.ctl_fresh.err.1=50331795:../../src/openssl-3.6.4/crypto/evp/dh_ctrl.c:166:EVP_PKEY_CTX_set_dh_pad
dh.ctl_fresh.err.2=50331795:../../src/openssl-3.6.4/crypto/evp/dh_ctrl.c:37:dh_param_derive_check
dh.ctl_fresh.err.3=50331797:../../src/openssl-3.6.4/crypto/evp/pmeth_lib.c:1309:evp_pkey_ctx_ctrl_int
dh.ctl_fresh.err.4=50331797:../../src/openssl-3.6.4/crypto/evp/pmeth_lib.c:1309:evp_pkey_ctx_ctrl_int
dh.ctl_fresh.err.5=50331797:../../src/openssl-3.6.4/crypto/evp/pmeth_lib.c:1309:evp_pkey_ctx_ctrl_int
dh.ctl_fresh.err.count=6
dh.ctl.gen=1
dh.ctl.gen.init=1
dh.ctl.gen.operation=2
dh.gen.set.p.0=gindex:int:5
dh.gen.set.p.count=1
dh.ctl.gen.gindex=1
dh.gen.set.p.0=seed:octet:4
dh.gen.set.p.count=1
dh.ctl.gen.seed=1
dh.gen.set.p.0=pbits:uint:2048
dh.gen.set.p.count=1
dh.ctl.gen.prime_len=1
dh.gen.set.p.0=qbits:uint:256
dh.gen.set.p.count=1
dh.ctl.gen.subprime_len=1
dh.gen.set.p.0=safeprime-generator:int:2
dh.gen.set.p.count=1
dh.ctl.gen.generator=1
dh.gen.set.p.0=type:utf8:<null>
dh.gen.set.p.count=1
dh.ctl.gen.type=1
dh.gen.set.p.0=group:utf8:dh_1024_160
dh.gen.set.p.count=1
dh.ctl.gen.rfc5114=1
dh.gen.set.p.0=group:utf8:dh_1024_160
dh.gen.set.p.count=1
dh.ctl.gen.dhx_rfc5114=1
dh.gen.set.p.0=group:utf8:dh_1024_160
dh.gen.set.p.count=1
dh.ctl.gen.nid=1
dh.ctl_gen.err.count=0
dh.ctl.der=1
dh.ctl.der.init=1
dh.ctl.der.operation=2048
dh.ctl_der_init.err.count=0
dh.der.get.p.0=kdf-outlen:uint:4294967295
dh.der.get.p.count=1
dh.ctl.der.default_kdf_outlen=1
dh.ctl.der.default_outlen=0
dh.der.get.p.0=kdf-type:utf8:
dh.der.get.p.count=1
dh.ctl.der.default_kdf_type=1
dh.ctl_der_default.err.count=0
dh.der.set.p.0=pad:uint:1
dh.der.set.p.count=1
dh.ctl.der.pad=1
dh.der.set.p.0=kdf-outlen:uint:32
dh.der.set.p.count=1
dh.ctl.der.set_kdf_outlen=1
dh.der.get.p.0=kdf-outlen:uint:4294967295
dh.der.get.p.count=1
dh.ctl.der.get_kdf_outlen=1
dh.ctl.der.outlen=32
dh.der.set.p.0=kdf-type:utf8:X942KDF-ASN1
dh.der.set.p.count=1
dh.ctl.der.set_kdf_type=1
dh.der.get.p.0=kdf-type:utf8:
dh.der.get.p.count=1
dh.ctl.der.get_kdf_type=2
dh.ctl.der.kdf_type_is_x942=1
dh.der.set.p.0=kdf-digest:utf8:SHA2-256
dh.der.set.p.count=1
dh.ctl.der.set_kdf_md=1
dh.der.get.p.0=kdf-digest:utf8:
dh.der.get.p.count=1
dh.ctl.der.get_kdf_md=1
dh.ctl.der.get_kdf_md_digest_skipped=1
dh.der.set.p.0=cekalg:utf8:dhSinglePass-stdDH-sha1kdf-scheme
dh.der.set.p.count=1
dh.ctl.der.set0_oid=1
dh.der.get.p.0=cekalg:utf8:
dh.der.get.p.count=1
dh.ctl.der.get0_oid=33
dh.ctl.der.goid_is_null=1
dh.ctl_der_pairs.err.0=125829236:../../src/openssl-3.6.4/crypto/params.c:1429:set_string_internal
dh.ctl_der_pairs.err.1=67108967:../../src/openssl-3.6.4/crypto/objects/obj_dat.c:362:OBJ_txt2obj
dh.ctl_der_pairs.err.count=2
dh.der.set.p.0=kdf-ukm:octet:4
dh.der.set.p.count=1
dh.ctl.der.set0_ukm=1
dh.der.get.p.0=kdf-ukm:type7:0
dh.der.get.p.count=1
dh.ctl.der.get0_ukm=4
dh.ctl.der.ukm_is_null=0
dh.ctl_der_ukm.err.count=0
dh.ctl.der.zero_outlen=-2
dh.ctl.der.neg_outlen=-2
dh.ctl.der.neg_ukm=-1
dh.ctl_der_refusals.err.count=0
dh.asn1.group.built=1
dh.asn1.it.notnull=1
dh.asn1.it.stable=1
dh.asn1.params.measure_positive=1
dh.asn1.params.i2d_ret=1
dh.asn1.params.starts_sequence=1
dh.asn1.params.d2i_notnull=1
dh.asn1.params.round_trip=1
dh.asn1.params.q_filled_by_the_cache=1
dh.asn1.params.consumed_all=1
dh.asn1.xparams.i2d_ret=1
dh.asn1.xparams.d2i_notnull=1
dh.asn1.xparams.round_trip=1
dh.asn1.xparams.consumed_all=1
dh.asn1.dup.notnull=1
dh.asn1.dup.match=1
dh.asn1.print.bio=1
dh.asn1.print.ret=1
dh.asn1.print.len_positive=1
dh.asn1.print.starts_indented_D=1
dh.asn1.print_fp.file=1
dh.asn1.print_fp.ret=1
dh.asn1.print.no_p_ret=0
dh.asn1_print_no_p.err.0=42729730:../../src/openssl-3.6.4/crypto/dh/dh_ameth.c:297:do_dh_print
dh.asn1_print_no_p.err.count=1
dh.asn1.params.d2i_negative_is_null=1
dh.asn1_d2i_negative.err.0=109052128:../../src/openssl-3.6.4/crypto/asn1/tasn_dec.c:212:asn1_item_embed_d2i
dh.asn1_d2i_negative.err.count=1
dh.kdf.md=1
dh.kdf.oid=1
dh.kdf.x942.ret=1
dh.kdf.x942.key=ee331e27436e3a113282f2e020a1dd133752623fe78b0ee8f30356a0bf5d8d2d
dh.dh_kdf_x942.err.count=0
dh.kdf.x942.noukm.ret=1
dh.kdf.x942.noukm.key=ec462c5efeaab707b78aebfe69e8db70736dcf31ff8c9583d008a7b8f8f8eaf9
dh.dh_kdf_x942_noukm.err.count=0
dh.kdf.x942.nulloid.ret=0
dh.dh_kdf_x942_nulloid.err.count=0
