FRF-MUTANT:stdout-first-line:transcript.sha256=1accb79ec02ab7c69a49d52ab9af776e2774cc55671c7ddf2c1a2d574ea9d0b8
ts.conf.load=1
ts.conf.errline=0
ts.device.null_absent=1
ts.device.null_builtin=1
ts.device.builtin=1
ts.device.unknown=0
ts.engine.builtin=1
ts.engine.unknown=0
srp.init.ok=0
srp.noseed.default_g=0
srp.noseed.default_N=0
srp.user.alice=1
srp.user.alice.id=alice
srp.user.alice.info=info-alice
srp.user.alice.v_bits=17
srp.user.alice.s_bits=27
srp.user.alice.g_bits=2
srp.user.alice.N_bits=3
srp.user.bob=0
srp.user.miss=0
srp.init.seed.ok=0
srp.seed.default_g=1
srp.seed.default_N=1
srp.seed.default_g_bits=2
srp.seed.default_N_bits=3
srp.init.nullfile=3
srp.init.absent=3
srp.init.badfields=1
srp.init.badbn=4
done=1
