transcript.sha256=7205ed38eaeb61a75446421d712ebae87b6c4436f04b043d0c533a39a36f188c
probe.rt-mem=1
set_mem_functions.rc=1
get_mem_functions.malloc_installed=1
get_mem_functions.realloc_installed=1
get_mem_functions.free_installed=1
set_mem_functions.again=1
malloc.0=nonnull
malloc.16=nonnull
zalloc.0=nonnull
zalloc.32=nonnull
zalloc.32.zeroed=1
calloc.0x16=nonnull
calloc.16x0=nonnull
calloc.4x8=nonnull
calloc.4x8.zeroed=1
malloc_array.4x4=nonnull
malloc_array.4x0=nonnull
malloc_array.overflow=null
malloc_array.overflow.err=1
malloc_array.overflow.err.code=0780007F
malloc_array.overflow.err.node=15
malloc_array.overflow.err.reason=127
malloc_array.overflow.err.func=
malloc_array.overflow.err.file=/work/courts/phase3/rt_mem_probe.c
malloc_array.overflow.err.line_nonzero=1
malloc_array.overflow.err.data=
malloc_array.overflow.err.flags=0
realloc.null_addr=nonnull
realloc.zero_num=null
realloc.zero_num.freed=0
clear_realloc.shrink_same_ptr=1
clear_realloc.shrink.freed=0
clear_realloc.shrink.content=1
clear_realloc.zero_num=null
clear_realloc.zero_num.freed=1
clear_realloc.zero_num.cleansed=1
clear_realloc.null_addr=nonnull
realloc_array.null_addr=nonnull
realloc_array.overflow=null
realloc_array.overflow.released_addr=0
realloc_array.overflow.err=1
realloc_array.overflow.err.code=0780007F
clear_realloc_array.grow=nonnull
clear_realloc_array.grow.preserves=1
clear_realloc_array.overflow=null
clear_realloc_array.overflow.released_addr=0
clear_realloc_array.overflow.err=1
clear_realloc_array.overflow.err.code=0780007F
aligned_alloc.64=nonnull
aligned_alloc.aligned=1
aligned_alloc.freeptr_nonnull=1
aligned_alloc.offset_within_align=1
aligned_alloc.freeptr=nonnull
aligned_alloc.zero_num=nonnull
aligned_alloc_array.4x16=nonnull
memdup.null=null
memdup.3.content=1
memdup.zero_len=nonnull
strdup.null=null
strdup.content=1
strndup.null=null
strndup.truncates=1
strndup.stops_at_nul=1
strndup.zero_len_empty=1
memcmp.equal=0
memcmp.diff.04=1
memcmp.diff.01=1
memcmp.len0=0
memcmp.1byte.01=1
memcmp.1byte.02=1
memcmp.1byte.04=1
memcmp.1byte.08=1
memcmp.1byte.10=1
memcmp.1byte.40=1
memcmp.1byte.80=1
memcmp.1byte.ff=1
cleanse.zeroed=1
cleanse.null_zero_len_survived=1
clear_free.freed=1
clear_free.cleansed=1
free.freed=1
free.preserves_bytes=1
