transcript.sha256=ccaf0cc8581e1a3ab59786a7842f7bbf96d77759339881b8eb9e97b0bcbb0576
pub.new=1
pub.set0_param=1
pub.built.get0_param=1
pub.built.oid_nid=6
pub.built.bitlen=3
pub.built.bit0=4
pub.built.algor_notnull=1
pub.i2d.len=21
pub.i2d.tag=48
pub.d2i.notnull=1
pub.back.get0_param=1
pub.back.oid_nid=6
pub.back.bitlen=3
pub.back.bit0=4
pub.back.algor_notnull=1
pub.rewrite.equal=1
pub.dup.notnull=1
pub.dup.get0_param=1
pub.dup.oid_nid=6
pub.dup.bitlen=3
pub.dup.bit0=4
pub.dup.algor_notnull=1
pub.eq.self=1
pub.eq.pair=-2
pub.eq.null=0
pub.object.err.0=50331762:../../src/openssl-3.6.4/crypto/x509/x_pubkey.c:466:X509_PUBKEY_get0
pub.object.err.count=1
pub.rsa.gen=1
pub.assign=1
pub.set=1
pub.set.get0_is_pkey=1
pub.get.notnull=1
pub.set.i2d.notnull=1
pub.i2d_pubkey.len=162
pub.i2d_pubkey.tag=48
pub.d2i_pubkey.zero.notnull=0
pub.d2i_pubkey_zero.err.0=109052128:../../src/openssl-3.6.4/crypto/asn1/tasn_dec.c:212:asn1_item_embed_d2i
pub.d2i_pubkey_zero.err.count=1
pub.rsa.i2d.len_nonzero=1
pub.rsa.d2i.notnull=1
pub.rsa.bits=1024
pub.rsa.rewrite.equal=1
pub.dsa.set0_pqg=1
pub.dsa.set0_key=1
pub.dsa.i2d.len_nonzero=1
pub.dsa.d2i.notnull=1
pub.dsa.rewrite.equal=1
pub.ec.keygen=1
pub.ec.i2d.len_nonzero=1
pub.ec.d2i.notnull=1
pub.ec.rewrite.equal=1
pub.rsapriv.write=1
pub.rsapriv.write.len_nonzero=1
pub.rsapriv.begin=-----BEGIN RSA PRIVATE
pub.rsapriv.bio.notnull=1
pub.rsapriv.bio.bits=1024
pub.rsapriv.bio.rewrite=1
pub.rsapriv_bio.err.count=0
pub.privkey.bio.notnull=1
pub.privkey.bio.type=6
pub.privkey.bio.is_legacy_rsa=1
pub.privkey_bio.err.count=0
pub.rsapriv.file.write=1
pub.rsapriv.file.notnull=1
pub.rsapriv.file.bits=1024
pub.rsapriv_file.err.count=0
pub.privkey.bio_ex.notnull=1
pub.privkey.bio_ex.type=6
pub.privkey_bio_ex.err.count=0
pub.privkey.file_ex.notnull=1
pub.privkey.file_ex.type=6
pub.privkey.file.notnull=1
pub.privkey.file.type=6
pub.dsapriv.write=1
pub.dsapriv.write.len_nonzero=1
pub.dsapriv.bio.notnull=1
pub.dsapriv_bio.err.count=0
pub.dsapriv.file.write=1
pub.dsapriv.file.notnull=1
pub.ecpriv.write=1
pub.ecpriv.write.len_nonzero=1
pub.ecpriv.bio.notnull=1
pub.ecpriv_bio.err.count=0
pub.ecpriv.file.write=1
pub.ecpriv.file.notnull=1
pub.pubkey.write=1
pub.pubkey.write.len_nonzero=1
pub.pubkey.begin=-----BEGIN PUBLIC KEY-
pub.pubkey.bio.notnull=1
pub.pubkey.bio.type=6
pub.pubkey.bio.is_legacy_rsa=1
pub.pubkey_bio.err.count=0
pub.pubkey.bio_ex.notnull=1
pub.pubkey.bio_ex.type=6
pub.pubkey_bio_ex.err.count=0
pub.pubkey.file.notnull=1
pub.pubkey.file.type=6
pub.pubkey.file_ex.notnull=1
pub.pubkey.file_ex.type=6
pub.done=1
