transcript.sha256=1fd1cc5ebfcf1d17c433257674de483021215cdd839e6a380180e2ae1bd59b7f
openssl.nonnull=1
openssl.opener=1
openssl.writer=1
openssl.flusher=0
openssl.reader=1
openssl.closer=1
openssl.prompt_ctor=0
openssl.data_dup=0
openssl.data_destr=0
null.nonnull=1
null.opener=0
null.writer=0
null.flusher=0
null.reader=0
null.closer=0
null.prompt_ctor=0
null.data_dup=0
null.data_destr=0
default.nonnull=1
default.is_openssl=1
new.nonnull=1
new_method.null_uses_default=1
default.set_null=1
default.restored=1
create.nonnull=1
create.opener_null=1
create.writer_null=1
create.flusher_null=1
create.reader_null=1
create.closer_null=1
create.prompt_ctor_null=1
create.data_dup_null=1
create.data_destr_null=1
set.opener=1
set.writer=1
set.flusher=1
set.reader=1
set.closer=1
get.opener_same=1
get.writer_same=1
get.flusher_same=1
get.reader_same=1
get.closer_same=1
set.opener_null=1
set.writer_null=1
set.flusher_null=1
set.reader_null=1
set.closer_null=1
set.datadup_null=1
set.promptctor_null=1
get.opener_null=1
get.writer_null=1
get.flusher_null=1
get.reader_null=1
get.closer_null=1
get.promptctor_null=1
get.datadup_null=1
get.datadestr_null=1
set2.datadup=1
get2.datadup_same=1
get2.datadestr_same=1
set2.promptctor=1
get2.promptctor_same=1
ex.ui_idx_ge0=1
ex.ui_before_null=1
ex.ui_set=1
ex.ui_get_a=1
ex.method_idx_ge0=1
ex.method_before_null=1
ex.method_set=1
ex.method_get_b=1
method.get_null=1
method.set_same=1
method.get_m=1
userdata.old_null=1
userdata.get_a=1
userdata.old_a=1
userdata.get_c=1
userdata.dup_unsupported=1
userdata.dup_ret=1
userdata.dup_get_b=1
userdata.dup_replace_null=1
userdata.dup_get_c=1
userdata.destroy_calls=1
prompt.default_both=Enter pass phrase for foo.key:
prompt.default_desc=Enter pass phrase:
prompt.default_null=1
prompt.custom=custom prompt
prompt.null_ui=0
main.i0=1
main.i1=2
main.i2=3
main.i3=4
main.i4=5
main.w0.type=1
main.w0.input_flags=0
main.w0.output=p-input
main.w0.action=NULL
main.w0.test=NULL
main.w0.minsize=0
main.w0.maxsize=8
main.w0.resultp=1
main.w0.resultlen=0
main.w1.type=2
main.w1.input_flags=1
main.w1.output=p-verify
main.w1.action=NULL
main.w1.test=abc
main.w1.minsize=2
main.w1.maxsize=8
main.w1.resultp=1
main.w1.resultlen=0
main.w2.type=3
main.w2.input_flags=0
main.w2.output=p-bool
main.w2.action=do it
main.w2.test=NULL
main.w2.minsize=-1
main.w2.maxsize=-1
main.w2.resultp=0
main.w2.resultlen=-1
main.w3.type=4
main.w3.input_flags=0
main.w3.output=info-text
main.w3.action=NULL
main.w3.test=NULL
main.w3.minsize=-1
main.w3.maxsize=-1
main.w3.resultp=0
main.w3.resultlen=-1
main.w4.type=5
main.w4.input_flags=0
main.w4.output=error-text
main.w4.action=NULL
main.w4.test=NULL
main.w4.minsize=-1
main.w4.maxsize=-1
main.w4.resultp=0
main.w4.resultlen=-1
main.r0.setret=0
main.r0.len=3
main.r0.value=abc
main.r1.setret=0
main.r1.len=3
main.r1.value=abc
main.r2.setret=0
main.r2.len=-1
main.r2.resultp=0
main.process_ret=0
main.open_calls=1
main.flush_calls=1
main.close_calls=1
main.res0=abc
main.len0=3
main.res1=abc
main.len1=3
main.res2=NULL
main.len2=-1
main.res3=NULL
main.len3=-1
main.res4=NULL
main.len4=-1
main.buf0=1
main.buf1=1
main.boolchar=110
main.i_neg=1
main.len_neg=-1
main.i_past=1
main.len_past=-1
main.redoable=0
dup.d0=1
dup.d1=2
dup.d2=3
dup.d3=4
dup.d4=5
dup.w0.type=1
dup.w0.input_flags=0
dup.w0.output=d-in
dup.w0.action=NULL
dup.w0.test=NULL
dup.w0.minsize=0
dup.w0.maxsize=8
dup.w0.resultp=1
dup.w0.resultlen=0
dup.w1.type=2
dup.w1.input_flags=0
dup.w1.output=d-ver
dup.w1.action=NULL
dup.w1.test=dtest
dup.w1.minsize=2
dup.w1.maxsize=8
dup.w1.resultp=1
dup.w1.resultlen=0
dup.w2.type=3
dup.w2.input_flags=0
dup.w2.output=d-bool
dup.w2.action=d-act
dup.w2.test=NULL
dup.w2.minsize=-1
dup.w2.maxsize=-1
dup.w2.resultp=0
dup.w2.resultlen=-1
dup.w3.type=4
dup.w3.input_flags=0
dup.w3.output=d-info
dup.w3.action=NULL
dup.w3.test=NULL
dup.w3.minsize=-1
dup.w3.maxsize=-1
dup.w3.resultp=0
dup.w3.resultlen=-1
dup.w4.type=5
dup.w4.input_flags=0
dup.w4.output=d-err
dup.w4.action=NULL
dup.w4.test=NULL
dup.w4.minsize=-1
dup.w4.maxsize=-1
dup.w4.resultp=0
dup.w4.resultlen=-1
dup.r0.setret=0
dup.r0.len=3
dup.r0.value=abc
dup.r1.setret=0
dup.r1.len=3
dup.r1.value=abc
dup.r2.setret=0
dup.r2.len=-1
dup.r2.resultp=0
dup.process_ret=0
dup.res0=abc
dup.len1=3
dup.boolchar=110
refuse.add_input_null_prompt=1
refuse.add_input_null_buf=1
refuse.add_verify_null_prompt=1
refuse.add_verify_null_buf=1
refuse.add_info_null=1
refuse.add_error_null=1
refuse.dup_input_null_prompt=1
refuse.dup_verify_null_prompt=1
refuse.dup_info_null=1
refuse.dup_error_null=1
refuse.bool_null_ok=1
refuse.bool_null_cancel=1
refuse.bool_null_buf=1
refuse.dup_bool_null_ok=1
refuse.bool_overlap_ge0=1
ctrl.print_prev0=1
ctrl.print_prev1=1
ctrl.print_prev1b=1
ctrl.print_prev0b=1
ctrl.redoable0=1
ctrl.unknown=1
ctrl.null=1
nullui.add=1
nullui.process_cancel=1
nullui.redoable=1
nullui.empty_process=1
readpw.size_zero=1
readpw.ret=0
readpw.buf=abc
readpw.verify_ret=0
readpw.verify_buf=abc
readpw.string_ret=0
readpw.string_buf=abc
wrap.nonnull=1
wrap.opener=1
wrap.writer=1
wrap.flusher_null=1
wrap.reader=1
wrap.closer=1
wrap.readpw_ret=0
wrap.readpw_buf=swordfish
wrapnull.nonnull=1
wrapnull.reader=1
default.final_restored=1
probe.done=1
