FRF-MUTANT:stdout-first-line:transcript.sha256=26c9de5088565991d310a17566e23885a73310d25497e971b2728dba46f91584
refs.count=103
refs.nonnull=103
data.new=nonnull
data.set_type=1
data.is_other=0
data.octet=nonnull
data.i2d_len=17
data.d2i=nonnull
data.d2i_consumed=0
data.dup=nonnull
data.ndef_len=21
data.print=1
data.print_len=61
set_type.0=1
set_type.0.detached=0
set_type.0.detached_err=33.104
set_type.1=1
set_type.1.detached=1
set_type.1.detached_err=none
set_type.2=1
set_type.2.detached=0
set_type.2.detached_err=33.104
set_type.3=1
set_type.3.detached=0
set_type.3.detached_err=33.104
set_type.4=1
set_type.4.detached=0
set_type.4.detached_err=33.104
set_type.5=1
set_type.5.detached=0
set_type.5.detached_err=33.104
set_type.invalid=0
set_type.invalid_err=33.112
set_content.data=0
set_content.data_err=33.112
digest.set_type=1
digest.set_digest=1
digest.content_new=1
digest.i2d_len=54
digest.d2i=nonnull
digest.d2i_is_other=0
pending.digest_dataInit=evp-md-fetch-type
data.dataInit=nonnull
data.write=36
data.dataFinal=1
data.stream_i2d_len=53
data.stream_d2i_octet_len=36
stream.ret=1
stream.boundary=nonnull
signed.d2i=nonnull
signed.is_other=0
signed.detached=0
signed.signer_count=1
signed.cert_from_signer=nonnull
signed.digest_alg=nonnull
signed.sig_alg=nonnull
signed.signer_pkey=null
signed.get0_signers_count=1
signed.verify_noverify=1
signed.verify_noverify_err=none
signed.i2d_len=1430
signed.reencode_first=48
verify.data=0
verify.data_err=33.113
verify.null=0
verify.null_err=33.143
enveloped.d2i=nonnull
enveloped.is_other=0
enveloped.i2d_len=431
enveloped.cert=nonnull
enveloped.set_type=1
pending.set_cipher=evp-cipher-get-type
enveloped.ri_new=nonnull
enveloped.ri_set=1
enveloped.ri_set_err=none
enveloped.ri_alg=nonnull
enveloped.ri_add=1
enveloped.ri_add_err=none
enveloped.add_recipient=nonnull
dataDecode.data=null
dataDecode.data_err=33.112
dataDecode.null=null
dataDecode.null_err=33.143
decrypt.null=0
decrypt.null_err=33.143
se.set_type=1
se.issuer_serial_0=nonnull
se.issuer_serial_9=null
attr.si=nonnull
attr.content_type=1
attr.signing_time=1
attr.digest=1
attr.get_signed=nonnull
attr.get_unsigned=null
attr.digest_from=nonnull
attr.simple_cap=1
attr.add_cap=1
attr.add_cap_err=none
attr.get_cap_num=1
attr.set_signed=1
attr.set_unsigned=1
attr.add_signed=1
attr.add_unsigned=1
attr.add_err=none
builders.add_signer_wrong_type=0
builders.add_signer_wrong_type_err=33.113
builders.add_signature_nullkey=null
builders.add_signature_nullkey_err=none
builders.add_certificate=1
builders.add_certificate_err=none
builders.add_certificate_null=0
builders.add_certificate_null_err=none
builders.set0_type_other=1
builders.other_is_other=1
builders.other_octet=nonnull
pem.write_bio=1
pem.write_bio_err=none
pem.text_len=1980
pem.first=45
pem.read_bio=nonnull
pem.read_bio_err=none
pem.read_back_len=1430
stream.i2d_bio=1
stream.i2d_bio_err=none
stream.i2d_bio_len=1430
stream.bio_new_pkcs7=nonnull
