transcript.sha256=1984d9f672295bf18ebb8deeab6e9aeb98d1bd10366f28bf01e1752b757bf62d
libctx.slots.live=18 err=0
libctx.slots.filled=10 err=0
libctx.slots.deferred=8 err=0
gd.nonnull=nonnull err=0
gd.stable=1 err=0
gd.comp_methods.stable=1 err=0
null.comp_methods.eq.gd=1 err=0
null.comp_methods.ne.gd=1 err=0
gslot.1=nonnull err=0
gslot.21=nonnull err=0
gslot.4=nonnull err=0
gslot.19=nonnull err=0
gslot.17=nonnull err=0
gslot.12=nonnull err=0
gslot.22=nonnull err=0
gslot.2=nonnull err=0
gslot.3=nonnull err=0
gslot.14=nonnull err=0
gdead.-1=NULL err=0
gdead.7=NULL err=0
gdead.8=NULL err=0
gdead.9=NULL err=0
gdead.13=NULL err=0
gdead.23=NULL err=0
gdead.24=NULL err=0
gdead.31=NULL err=0
gdead.255=NULL err=0
ndead.-1=NULL err=0
ndead.7=NULL err=0
ndead.8=NULL err=0
ndead.9=NULL err=0
ndead.13=NULL err=0
ndead.23=NULL err=0
ndead.24=NULL err=0
ndead.31=NULL err=0
ndead.255=NULL err=0
new.a=nonnull err=0
new.b=nonnull err=0
new.distinct=1 err=0
aslot.1=nonnull err=0
aslot.21=nonnull err=0
aslot.4=nonnull err=0
aslot.19=nonnull err=0
aslot.17=nonnull err=0
aslot.12=nonnull err=0
aslot.22=nonnull err=0
aslot.2=nonnull err=0
aslot.3=nonnull err=0
aslot.14=nonnull err=0
adead.-1=NULL err=0
adead.7=NULL err=0
adead.8=NULL err=0
adead.9=NULL err=0
adead.13=NULL err=0
adead.23=NULL err=0
adead.24=NULL err=0
adead.31=NULL err=0
adead.255=NULL err=0
new.comp_methods.stable=1 err=0
new.comp_methods.distinct=1 err=0
new.comp_methods.ne.gd=1 err=0
cd.new.zero=0 err=0
cd.set7.get=7 err=0
cd.other.unaffected=0 err=0
cd.null.reads.default=0 err=0
cd.null.set.null.get=9 err=0
cd.a.unaffected=7 err=0
cd.null.reset=0 err=0
cd.negative=-3 err=0
sd.query.returns.gd=1 err=0
sd.query.leaves.default=1 err=0
sd.set.returns.previous=1 err=0
sd.set.null.resolves.a=1 err=0
sd.set.null.data.ne.gd=1 err=0
sd.set.null.cd.reads.a=5 err=0
sd.query.now.returns.a=1 err=0
sd.clear.returns.previous=1 err=0
sd.clear.null.resolves.gd=1 err=0
sd.clear.query.returns.gd=1 err=0
free.null.noop=1 err=0
free.gd.alive.comp_methods=nonnull err=0
free.gd.same.object=1 err=0
free.gd.cd=0 err=0
free.a.gd.ok=1 err=0
free.threaddefault.installed=1 err=0
free.threaddefault.cd=0 err=0
free.threaddefault.data.nonnull=1 err=0
free.threaddefault.still.default=1 err=0
free.threaddefault.restore=1 err=0
ldcfg.newctx=nonnull err=0
ldcfg.diag.before=0 err=0
ldcfg.ok=1 err=0
ldcfg.ok.oid.known=1 err=0
ldcfg.duplicate.oid=0 err=117440621
ldcfg.duplicate.oid.reason=109
ldcfg.plain=1 err=0
ldcfg.plain.again=1 err=0
ldcfg.missing=0 err=117440626
ldcfg.missing.reason=114
ldcfg.badsec=0 err=117440636
ldcfg.raw.unknown=-1
ldcfg.wrapped.unknown=0
ldcfg.diag.default.before=0 err=0
ldcfg.diag.ok=1 err=0
ldcfg.diag.thisctx.after=1 err=0
ldcfg.diag.default.after=0 err=0
ldcfg.default.after.diag.file=0 err=0
ldcfg.null.file=1 err=0
child.nonnull=nonnull err=0
child.register_called=1 err=0
child.cbdata_is_ctx=1 err=0
child.create_nonnull=1 err=0
child.remove_nonnull=1 err=0
child.props_nonnull=1 err=0
child.deregister_before_free=0 err=0
child.slot18=nonnull err=0
child.deregister_after_free=1 err=0
child.deregister_handle_matches=1 err=0
child.no_get_libctx=NULL err=0
child.no_get_libctx.register_called=0 err=0
child.no_deregister=nonnull err=0
child.no_deregister.register_called=1 err=0
err.empty=1 err=0
done=rt-libctx err=0
