FRF-MUTANT:stdout-first-line:transcript.sha256=8733f3d0c0dc0f83c8313a288670a9917f6a16af008b29194d914572cc178898
conn.method.name=socket connect
conn.method.type=1292
conn.get.null.ptr0=0
conn.get.null.ptr4=0
conn.set.null=1
conn.get.hostname.ret=1
conn.get.hostname.isnull=1
conn.get.port.ret=1
conn.get.port.isnull=1
conn.get.address.ret=1
conn.get.address.isnull=1
conn.get.family=0
conn.get.mode=0
conn.get.sub5=0
conn.get.socktype=1
conn.get.dgrambio=0
conn.get.dgrambio.isnull=1
conn.get.fd=-1
conn.get.close=1
conn.set.close0=1
conn.get.close.after0=0
conn.pending=0
conn.wpending=0
conn.flush=1
conn.eof=0
conn.unknown=0
conn.ctrl.setcallback=0
conn.ctrl.getcallback.ret=1
conn.ctrl.getcallback.isnull=1
conn.set.nbio1=1
conn.set.nbio0=1
conn.set.tfo1=0
conn.set.tfo0=0
conn.set.mode3=1
conn.get.mode.after=0
conn.do_connect.noname=-1
conn.do_connect.noname.0.code=268435600
conn.do_connect.noname.0.file=../../src/openssl-3.6.4/crypto/bio/bss_conn.c
conn.do_connect.noname.0.line=123
conn.do_connect.noname.0.data=hostname=<NULL> service=<NULL>
conn.do_connect.noname.0.flags=3
conn.do_connect.noname.count=1
conn.set.family999=1
conn.get.family.after=0
conn.do_connect.badfamily=-1
conn.do_connect.badfamily.0.code=268435600
conn.do_connect.badfamily.0.file=../../src/openssl-3.6.4/crypto/bio/bss_conn.c
conn.do_connect.badfamily.0.line=123
conn.do_connect.badfamily.0.data=hostname=<NULL> service=<NULL>
conn.do_connect.badfamily.0.flags=3
conn.do_connect.badfamily.count=1
conn.set.hostname.plain=1
conn.hostname.plain.eq=1
conn.port.after.plain=1
conn.port.after.plain.isnull=1
conn.set.hostname.withport=1
conn.hostname.withport.eq=1
conn.port.withport.eq=1
conn.set.port80=1
conn.port80.eq=1
conn.set.address=1
conn.address.host.eq=1
conn.address.port.eq=1
conn.set.sub9=1
conn.free=1
acpt.method.name=socket accept
acpt.method.type=1293
acpt.new.null=0
acpt.fresh.nonnull=1
acpt.fresh.getaccept.noninit=-1
acpt.fresh.getfd=-1
acpt.fresh.close=1
acpt.fresh.pending=0
acpt.fresh.wpending=0
acpt.fresh.flush=1
acpt.fresh.eof=0
acpt.fresh.unknown=0
acpt.set.name=1
acpt.init.getfd=-1
acpt.getaccept.0.ret=1
acpt.getaccept.0.isnull=1
acpt.getaccept.1.ret=1
acpt.getaccept.1.isnull=1
acpt.getaccept.2.ret=1
acpt.getaccept.2.isnull=1
acpt.getaccept.3.ret=1
acpt.getaccept.3.isnull=1
acpt.getaccept.4=256
acpt.getaccept.5=-1
acpt.name.eq=0
acpt.bindmode.initial=0
acpt.set.bindmode.reuse=1
acpt.bindmode.after=1
acpt.set.nbio.ptr=1
acpt.set.nbio.ptr.again=1
acpt.set.tfo.ptr=1
acpt.set.sub9=1
acpt.set.nbio.ctrl1=1
acpt.set.nbio.ctrl0=1
acpt.do_accept=1
acpt.do_accept.count=0
acpt.do_accept.getfd.ge0=1
acpt.do_accept.accepting.name.eq=1
acpt.do_accept.accepting.port.nonempty=1
acpt.do_accept.again=-1
acpt.do_accept.again.count=0
acpt.set.chain.null=1
acpt.set.chain=1
acpt.eof.withchain=0
acpt.reset=0
acpt.reset.getfd=-1
acpt.reset.close=1
acpt.set.family999=1
acpt.get.family.after=999
acpt.do_accept.badfamily=-1
acpt.do_accept.badfamily.0.code=268435602
acpt.do_accept.badfamily.0.file=../../src/openssl-3.6.4/crypto/bio/bss_acpt.c
acpt.do_accept.badfamily.0.line=203
acpt.do_accept.badfamily.0.data=
acpt.do_accept.badfamily.0.flags=1
acpt.do_accept.badfamily.count=1
acpt.free=1
classify.EAGAIN.sock=1
classify.EAGAIN.fd=1
classify.EAGAIN.dgram=1
classify.EWOULDBLOCK.sock=1
classify.EWOULDBLOCK.fd=1
classify.EWOULDBLOCK.dgram=1
classify.EINTR.sock=1
classify.EINTR.fd=1
classify.EINTR.dgram=1
classify.ENOTCONN.sock=1
classify.ENOTCONN.fd=1
classify.ENOTCONN.dgram=0
classify.EPROTO.sock=1
classify.EPROTO.fd=1
classify.EPROTO.dgram=1
classify.EINPROGRESS.sock=1
classify.EINPROGRESS.fd=1
classify.EINPROGRESS.dgram=1
classify.EALREADY.sock=1
classify.EALREADY.fd=1
classify.EALREADY.dgram=1
classify.ECONNREFUSED.sock=0
classify.ECONNREFUSED.fd=0
classify.ECONNREFUSED.dgram=0
classify.ECONNRESET.sock=0
classify.ECONNRESET.fd=0
classify.ECONNRESET.dgram=0
classify.ENOBUFS.sock=0
classify.ENOBUFS.fd=0
classify.ENOBUFS.dgram=0
classify.EPIPE.sock=0
classify.EPIPE.fd=0
classify.EPIPE.dgram=0
classify.EBADF.sock=0
classify.EBADF.fd=0
classify.EBADF.dgram=0
classify.EINVAL.sock=0
classify.EINVAL.fd=0
classify.EINVAL.dgram=0
classify.EISCONN.sock=0
classify.EISCONN.fd=0
classify.EISCONN.dgram=0
classify.ETIMEDOUT.sock=0
classify.ETIMEDOUT.fd=0
classify.ETIMEDOUT.dgram=0
classify.0.sock=0
classify.0.fd=0
classify.0.dgram=0
connect.setup=1
connect.accept.listen=1
connect.accept.listen.count=0
connect.accept.port.nonempty=1
connect.accept.name.eq=1
connect.accept.getfd.ge0=1
connect.new.null=0
connect.client.nonnull=1
connect.client.set.port=1
conn.cb.0.state=2
conn.cb.0.ret=-1
conn.cb.1.state=3
conn.cb.1.ret=-1
conn.cb.2.state=4
conn.cb.2.ret=6
conn.cb.3.state=5
conn.cb.3.ret=1
conn.cb.4.state=5
conn.cb.4.ret=1
connect.client.do_connect=1
connect.client.do_connect.count=0
connect.client.cb.count=5
connect.client.state.ok=1
connect.client.fd.ge0=1
connect.client.port.eq=1
connect.client.addr.nonnull=1
connect.client.family=0
connect.client.eof=0
connect.client.rpoll.ret=1
connect.client.rpoll.type=1
connect.client.rpoll.fd.ge0=1
connect.client.write=4
connect.accept.second=1
connect.accept.second.count=0
connect.accept.read=4
connect.accept.bytes=ping
connect.accept.peer.name.eq=1
connect.accept.peer.port.nonempty=1
connect.accept.eof=0
connect.accept.write=4
connect.client.read=4
connect.client.bytes=pong
connect.accept.again=1
connect.accept.again.again=1
connect.accept.again.count=0
refused.client.nonnull=1
refused.client.set.port=1
conn.cb.0.state=2
conn.cb.0.ret=-1
conn.cb.1.state=3
conn.cb.1.ret=-1
conn.cb.2.state=4
conn.cb.2.ret=5
conn.cb.3.state=7
conn.cb.3.ret=0
refused.client.do_connect=0
refused.client.cb.count=4
refused.client.do_connect.0.code=2147483759
refused.client.do_connect.0.file=../../src/openssl-3.6.4/crypto/bio/bio_sock2.c
refused.client.do_connect.0.line=183
refused.client.do_connect.0.data=calling connect()
refused.client.do_connect.0.flags=3
refused.client.do_connect.1.code=268435559
refused.client.do_connect.1.file=../../src/openssl-3.6.4/crypto/bio/bio_sock2.c
refused.client.do_connect.1.line=185
refused.client.do_connect.1.data=
refused.client.do_connect.1.flags=0
refused.client.do_connect.2.code=2147483759
refused.client.do_connect.2.file=../../src/openssl-3.6.4/crypto/bio/bss_conn.c
refused.client.do_connect.2.line=215
refused.client.do_connect.2.data=calling connect(127.0.0.1, 1)
refused.client.do_connect.2.flags=3
refused.client.do_connect.count=3
conn.cb.4.state=7
conn.cb.4.ret=0
refused.client.again=0
refused.client.again.0.code=268435559
refused.client.again.0.file=../../src/openssl-3.6.4/crypto/bio/bss_conn.c
refused.client.again.0.line=259
refused.client.again.0.data=
refused.client.again.0.flags=1
refused.client.again.count=1
refused.client.eof=0
refused.noservice.nonnull=1
refused.noservice.do_connect=0
refused.noservice.do_connect.0.code=2147483759
refused.noservice.do_connect.0.file=../../src/openssl-3.6.4/crypto/bio/bio_sock2.c
refused.noservice.do_connect.0.line=183
refused.noservice.do_connect.0.data=calling connect()
refused.noservice.do_connect.0.flags=3
refused.noservice.do_connect.1.code=268435559
refused.noservice.do_connect.1.file=../../src/openssl-3.6.4/crypto/bio/bio_sock2.c
refused.noservice.do_connect.1.line=185
refused.noservice.do_connect.1.data=
refused.noservice.do_connect.1.flags=0
refused.noservice.do_connect.2.code=2147483759
refused.noservice.do_connect.2.file=../../src/openssl-3.6.4/crypto/bio/bss_conn.c
refused.noservice.do_connect.2.line=215
refused.noservice.do_connect.2.data=calling connect(127.0.0.1, <NULL>)
refused.noservice.do_connect.2.flags=3
refused.noservice.do_connect.3.code=268435559
refused.noservice.do_connect.3.file=../../src/openssl-3.6.4/crypto/bio/bss_conn.c
refused.noservice.do_connect.3.line=259
refused.noservice.do_connect.3.data=
refused.noservice.do_connect.3.flags=0
refused.noservice.do_connect.count=4
dgram.setup=1
dgram.client.nonnull=1
dgram.set.socktype=1
dgram.get.socktype=2
dgram.client.set.port=1
dgram.client.do_connect=1
dgram.client.do_connect.count=0
dgram.client.set.socktype.after=0
dgram.get.socktype.after=2
dgram.get.dgrambio=1
dgram.get.dgrambio.nonnull=1
dgram.inner.name=datagram socket
dgram.inner.fd.ge0=1
dgram.sendmmsg=1
dgram.sendmmsg.done=1
dgram.recv=3
dgram.recv.bytes=abc
dgram.client.write=2
dgram.client.eof=0
probe.done=1
