transcript.sha256=b6967836eb459b5e35de23ae7e639a4ae6c4a2a7805d493c50e56e8da48b1269
item.get.0=ACCESS_DESCRIPTION
item.get.4=ASN1_ANY
item.get.13=ASN1_INTEGER
item.get.39=CMS_ReceiptRequest
item.get.99=PKCS7_SIGN_ENVELOPE
item.get.146=ZUINT64
item.get.147=null
item.get.148=null
item.get.100000=null
item.lookup.X509=X509
item.lookup.PKCS7=PKCS7
item.lookup.ASN1_INTEGER=ASN1_INTEGER
item.lookup.CMS_ContentInfo=CMS_ContentInfo
item.lookup.X509_NAME=X509_NAME
item.lookup.NoSuchItem=null
ias.d2i=nonnull
ias.sha256.ret=1
ias.sha256.len=32
ias.sha256.md=bd775d73fa3449885c15fd64269f49f5536a67ea24e055112c69989299414f3e
ias.sha1.ret=1
ias.sha1.len=20
ias.sha1.md=805ac63aa59b5f52a1ddd4fd4672cc6490fe0131
ias.sha256.nolen=1
pk7.relen=1430
pk7.fixture_len=1430
pk7.bio.d2i=nonnull
pk7.bio.d2i_relen=1430
pk7.bio.i2d=1
pk7.bio.i2d_len=1430
pk7.bio.i2d_eq=1
pk7.bio.d2i_nullbp=null
pk7.bio.d2i_nullbp_ctx=null
pk7.bio.i2d_nullval=0
pk7.bio.i2d_nullbp=0
pk7.fp.tmpfile=nonnull
pk7.fp.i2d=1
pk7.fp.d2i=nonnull
pk7.fp.d2i_relen=1430
pk7.fp.i2d_nullval=0
pk7.fp.bad.tmpfile=nonnull
pk7.fp.d2i_bad=null
ct.store=nonnull
ct.load_default_file.ret=0
ct.load_file_missing.ret=0
smime.p7_relen=1430
smime.plain.write_ret=1
smime.plain.write_len=2124
smime.plain.text=MIME-Version: 1.0\nContent-Disposition: attachment; filename="smime.p7m"\nContent-Type: application/pkcs7-mime; smime-type=certs-only; name="smime.p7m"\nContent-Transfer-Encoding: base64\n\nMIIFkgYJKoZIhvcNAQcCoIIFgzCCBX8CAQExDzANBglghkgBZQMEAgEFADAzBgkq\nhkiG9w0BBwGgJgQkb3BlbnNzbC1ycyBwaGFzZS0xMi4yIFBLQ1M3IGZpeHR1cmUK\noIIDBTCCAwEwggHpoAMCAQICAQEwDQYJKoZIhvcNAQELBQAwEjEQMA4GA1UEAwwH\nUm9vdCBDQTAgFw0yMDEyMTIyMDA5NDlaGA8yMTIwMTIxMzIwMDk0OVowEjEQMA4G\nA1UEAwwHUm9vdCBDQTCCASIwDQYJKoZIhvcNAQEBBQADggEPADCCAQoCggEBAOHm\nAPUGvKBGOHkPPx5xGRNtAt8rm3Zr/KywIe3WkQhCO6VjNexSW6CiSsXWAJQDl1o9\nuWco0n3jIVyk7cY8jY6E0Z1Uwz3ZdKKWdmdx+cYaUHez/XjuW+DjjIkjwpoi7D7U\nN54HzcArVREXOjRCHGkNOhiw7RWUXsb9nofGHOeUGpLAXwXBc0PlA94JkckkztiO\ni34u4DFI0YYqalUmeugLNk6XseCkydpcaUsDgAhWg6Mfsiq4wUz+xbFN1MABqu2+\nziW97mmt9gfNbiuhiVT1aOuYCe3JYGbLM2JKA7Bo1g6rX8E1VX79Ru6669y2oqPt\nhX9337VoIkN+ZiQjr8UCAwEAAaNgMF4wDwYDVR0TAQH/BAUwAwEB/zALBgNVHQ8E\nBAMCAQYwHQYDVR0OBBYEFI71Ja8em2uEPXyAmslTnE1y96NSMB8GA1UdIwQYMBaA\nFI71Ja8em2uEPXyAmslTnE1y96NSMA0GCSqGSIb3DQEBCwUAA4IBAQC9rKmAeT9t\nnNOvBFDaDAHw4BsZ7mePHXVklivzlokuVOVSO0f3PL4zgh1NTiP3kH4Tnp18ZxzR\ndkAbrm43YOSJj7L4EDRbOmVIHp0IfhOCQ5E6Z+2ygoLSu6pQD1F2UWSOrgGh+cyr\nt8hT1NpKMNyxQsGLra0n1YOiWHl/nLmLCxxczczoaofPDLvcie6TyfH2nhxYJR2u\ndXqGsL7qwFZJ5O7c1MS2TdD8Q/Z63blcLYpbhWwj89BLT+Q7dSspRnT6yrwiTZBZ\nESV/ktLfVTSIcqi5rJT+bkhbbk7fLaF5Is2mJcSFR3JJL6bimQfJu5fAv5aJvbKm\noI2dSSH/rXhHMYICKTCCAiUCAQEwFzASMRAwDgYDVQQDDAdSb290IENBAgEBMA0G\nCWCGSAFlAwQCAQUAoIHkMBgGCSqGSIb3DQEJAzELBgkqhkiG9w0BBwEwHAYJKoZI\nhvcNAQkFMQ8XDTI2MTAwMjA3MzYwMFowLwYJKoZIhvcNAQkEMSIEIOT/K+3RSUuU\nqARw1j1KLHEjRYu/jV/KuGuDjlAlnyguMHkGCSqGSIb3DQEJDzFsMGowCwYJYIZI\nAWUDBAEqMAsGCWCGSAFlAwQBFjALBglghkgBZQMEAQIwCgYIKoZIhvcNAwcwDgYI\nKoZIhvcNAwICAgCAMA0GCCqGSIb3DQMCAgFAMAcGBSsOAwIHMA0GCCqGSIb3DQMC\nAgEoMA0GCSqGSIb3DQEBAQUABIIBAKQ7d/ptysn6ZOF5ScO4i2irmsbKpIcUwGjs\njWYMuDbkRrHG/EG5E/nF82/f3SyAOJa4jkQ/A2UBMStmUFurQGaO2tJAoEXXyqJV\niV7vqFXzcg3+iZoedtmYWeWnqEOhz2BqKXqABNHquieolrk4Fx+qDis7mVV6rcow\nQj2a+2eJJxd9vu3qJEeb5yfhjoSRZs8Id2XGQH1HIQFQrf2t2WsnuoF6V1XVxprA\ntFR5230D6YOXz1aUUkyZKpezDwHZIzPLOUZ1DORtMIWrMnjANwS5z+fd+mQ1qv8l\n/2IiUEN29SpNfeuMrIJ5Bzpf3pBbnF91+F99S1M249oXsubehNA=\n\n
smime.plain.read=nonnull
smime.plain.read_relen=1430
smime.plain.read_ex=nonnull
smime.plain.read_ex_relen=1430
smime.ex.write_ret=1
smime.ex.write_len=2124
smime.ex.text=MIME-Version: 1.0\nContent-Disposition: attachment; filename="smime.p7m"\nContent-Type: application/pkcs7-mime; smime-type=certs-only; name="smime.p7m"\nContent-Transfer-Encoding: base64\n\nMIIFkgYJKoZIhvcNAQcCoIIFgzCCBX8CAQExDzANBglghkgBZQMEAgEFADAzBgkq\nhkiG9w0BBwGgJgQkb3BlbnNzbC1ycyBwaGFzZS0xMi4yIFBLQ1M3IGZpeHR1cmUK\noIIDBTCCAwEwggHpoAMCAQICAQEwDQYJKoZIhvcNAQELBQAwEjEQMA4GA1UEAwwH\nUm9vdCBDQTAgFw0yMDEyMTIyMDA5NDlaGA8yMTIwMTIxMzIwMDk0OVowEjEQMA4G\nA1UEAwwHUm9vdCBDQTCCASIwDQYJKoZIhvcNAQEBBQADggEPADCCAQoCggEBAOHm\nAPUGvKBGOHkPPx5xGRNtAt8rm3Zr/KywIe3WkQhCO6VjNexSW6CiSsXWAJQDl1o9\nuWco0n3jIVyk7cY8jY6E0Z1Uwz3ZdKKWdmdx+cYaUHez/XjuW+DjjIkjwpoi7D7U\nN54HzcArVREXOjRCHGkNOhiw7RWUXsb9nofGHOeUGpLAXwXBc0PlA94JkckkztiO\ni34u4DFI0YYqalUmeugLNk6XseCkydpcaUsDgAhWg6Mfsiq4wUz+xbFN1MABqu2+\nziW97mmt9gfNbiuhiVT1aOuYCe3JYGbLM2JKA7Bo1g6rX8E1VX79Ru6669y2oqPt\nhX9337VoIkN+ZiQjr8UCAwEAAaNgMF4wDwYDVR0TAQH/BAUwAwEB/zALBgNVHQ8E\nBAMCAQYwHQYDVR0OBBYEFI71Ja8em2uEPXyAmslTnE1y96NSMB8GA1UdIwQYMBaA\nFI71Ja8em2uEPXyAmslTnE1y96NSMA0GCSqGSIb3DQEBCwUAA4IBAQC9rKmAeT9t\nnNOvBFDaDAHw4BsZ7mePHXVklivzlokuVOVSO0f3PL4zgh1NTiP3kH4Tnp18ZxzR\ndkAbrm43YOSJj7L4EDRbOmVIHp0IfhOCQ5E6Z+2ygoLSu6pQD1F2UWSOrgGh+cyr\nt8hT1NpKMNyxQsGLra0n1YOiWHl/nLmLCxxczczoaofPDLvcie6TyfH2nhxYJR2u\ndXqGsL7qwFZJ5O7c1MS2TdD8Q/Z63blcLYpbhWwj89BLT+Q7dSspRnT6yrwiTZBZ\nESV/ktLfVTSIcqi5rJT+bkhbbk7fLaF5Is2mJcSFR3JJL6bimQfJu5fAv5aJvbKm\noI2dSSH/rXhHMYICKTCCAiUCAQEwFzASMRAwDgYDVQQDDAdSb290IENBAgEBMA0G\nCWCGSAFlAwQCAQUAoIHkMBgGCSqGSIb3DQEJAzELBgkqhkiG9w0BBwEwHAYJKoZI\nhvcNAQkFMQ8XDTI2MTAwMjA3MzYwMFowLwYJKoZIhvcNAQkEMSIEIOT/K+3RSUuU\nqARw1j1KLHEjRYu/jV/KuGuDjlAlnyguMHkGCSqGSIb3DQEJDzFsMGowCwYJYIZI\nAWUDBAEqMAsGCWCGSAFlAwQBFjALBglghkgBZQMEAQIwCgYIKoZIhvcNAwcwDgYI\nKoZIhvcNAwICAgCAMA0GCCqGSIb3DQMCAgFAMAcGBSsOAwIHMA0GCCqGSIb3DQMC\nAgEoMA0GCSqGSIb3DQEBAQUABIIBAKQ7d/ptysn6ZOF5ScO4i2irmsbKpIcUwGjs\njWYMuDbkRrHG/EG5E/nF82/f3SyAOJa4jkQ/A2UBMStmUFurQGaO2tJAoEXXyqJV\niV7vqFXzcg3+iZoedtmYWeWnqEOhz2BqKXqABNHquieolrk4Fx+qDis7mVV6rcow\nQj2a+2eJJxd9vu3qJEeb5yfhjoSRZs8Id2XGQH1HIQFQrf2t2WsnuoF6V1XVxprA\ntFR5230D6YOXz1aUUkyZKpezDwHZIzPLOUZ1DORtMIWrMnjANwS5z+fd+mQ1qv8l\n/2IiUEN29SpNfeuMrIJ5Bzpf3pBbnF91+F99S1M249oXsubehNA=\n\n
smime.ex.read=nonnull
smime.ex.read_relen=1430
smime.ex.read_ex=nonnull
smime.ex.read_ex_relen=1430
smime.text.ret=1
smime.text.body_len=5
smime.text.nontext=0
smime.text.nontext_body_len=0
http.x509=nonnull
http.x509.cert_len=825
http.x509.cn=openssl-rs RT-OCSP
http.crl=nonnull
http.crl.crl_len=66
http.crl.cn=T
http.x509.nullurl=null
http.crl.nullurl=null
