FRF-MUTANT:stdout-first-line:transcript.sha256=8b63c4d63773602e27f50be39cc0364a522a4f912850657338c0fe6f1b273a35
pem.default_method_is_null=1
pem.def_callback.userdata.ret=6
pem.def_callback.userdata.value=secret
pem.def_callback.clamped.ret=3
pem.def_callback.clamped.value=sec
pem.def_callback.prompt.ret=-1
pem.read_pw_string.ret=-2
pem.read_pw_string_min.ret=-2
pem.do_header.plain.ret=1
pem.do_header.plain.len_unchanged=1
pem.dh.get_1024_160=1
pem.dhparams.write.ret=1
pem.dhparams.write.len_nonzero=1
pem.dhparams.begin=-----BEGIN DH PARAMETERS-----
pem.dhparams.read.not_null=1
pem.dhparams.rewrite.ret=1
pem.dhparams.roundtrip.equal=1
pem.dhxparams.write.ret=1
pem.dhxparams.write.len_nonzero=1
pem.dhxparams.begin=-----BEGIN X9.42 DH PARAMETERS-----
pem.dhxparams.read.not_null=1
pem.dhxparams.rewrite.ret=1
pem.dhxparams.roundtrip.equal=1
pem.dhparams.file.write.ret=1
pem.dhparams.file.read.not_null=1
pem.dhxparams.file.write.ret=1
pem.dhxparams.file.read.not_null=1
pem.asn1_write_bio.ret=1
pem.asn1_read_bio.not_null=1
pem.asn1_write_bio_ctx.ret=1
pem.asn1_write.file.ret=1
pem.asn1_read.file.not_null=1
pem.bytes.seed=1
pem.bytes.read.ret=1
pem.bytes.read.len_is_der=1
pem.bytes.read_secmem.ret=1
pem.dsa.set0_pqg=1
pem.dsaparams.write.ret=1
pem.dsaparams.write.len_nonzero=1
pem.dsaparams.read.not_null=1
pem.dsaparams.rewrite.ret=1
pem.dsaparams.roundtrip.equal=1
pem.dsaparams.file.write.ret=1
pem.dsaparams.file.read.not_null=1
pem.ec.group=1
pem.ecparams.write.ret=1
pem.ecparams.write.len_nonzero=1
pem.ecparams.begin=-----BEGIN EC PARAMETERS-----
pem.ecparams.read.not_null=1
pem.ecparams.rewrite.ret=1
pem.ecparams.roundtrip.equal=1
pem.ecparams.file.write.ret=1
pem.ecparams.file.read.not_null=1
pem.rsa.gen=1
pem.rsapub.write.ret=1
pem.rsapub.write.len_nonzero=1
pem.rsapub.read.not_null=1
pem.rsapub.rewrite.ret=1
pem.rsapub.roundtrip.equal=1
pem.rsapub.file.write.ret=1
pem.rsapub.file.read.not_null=1
pem.rsapriv.bio.enc_write.ret_nonzero=1
pem.rsapriv.bio.has_proc_type=1
pem.rsapriv.bio.has_dek_info=1
pem.rsapriv.bio.len_nonzero=1
pem.rsapriv.plain.write.ret=1
pem.rsapriv.plain.len_nonzero=1
pem.rsapriv.plain.read.ret=1
pem.rsapriv.plain.decodes=1
pem.rsapriv.file.enc_write.ret_nonzero=1
pem.rsapriv.plain.write.ret=1
pem.rsapriv.plain.len_nonzero=1
pem.rsapriv.plain.read.ret=1
pem.rsapriv.plain.decodes=1
pem.dsapriv.bio.enc_write.ret_nonzero=1
pem.dsapriv.bio.has_proc_type=1
pem.dsapriv.bio.has_dek_info=1
pem.dsapriv.bio.len_nonzero=1
pem.dsapriv.plain.write.ret=1
pem.dsapriv.plain.len_nonzero=1
pem.dsapriv.plain.read.ret=1
pem.dsapriv.plain.decodes=1
pem.dsapriv.file.enc_write.ret_nonzero=1
pem.dsapriv.plain.write.ret=1
pem.dsapriv.plain.len_nonzero=1
pem.dsapriv.plain.read.ret=1
pem.dsapriv.plain.decodes=1
pem.ec.keygen=1
pem.ecpriv.bio.enc_write.ret_nonzero=1
pem.ecpriv.bio.has_proc_type=1
pem.ecpriv.bio.has_dek_info=1
pem.ecpriv.bio.len_nonzero=1
pem.ecpriv.plain.write.ret=1
pem.ecpriv.plain.len_nonzero=1
pem.ecpriv.plain.read.ret=1
pem.ecpriv.plain.decodes=1
pem.ecpriv.file.enc_write.ret_nonzero=1
pem.ecpriv.plain.write.ret=1
pem.ecpriv.plain.len_nonzero=1
pem.ecpriv.plain.read.ret=1
pem.ecpriv.plain.decodes=1
pem.done=1
