transcript.sha256=d470b7bfd7f2579fb9115531175cc41e03dbc4b2ad6723b7e1272747a7ba5248
provider.load.default=1
err.provider.load.default.count=0
set_drbg_type.clear=1
err.set_drbg_type.clear.count=0
set_seed_source_type.clear=1
err.set_seed_source_type.clear.count=0
set1_random_provider.clear=1
err.set1_random_provider.clear.count=0
method.nonnull=1
method.is_openssl=1
method.seed=1
method.bytes=1
method.cleanup=0
method.add=1
method.pseudorand=1
method.status=1
openssl_method.nonnull=1
openssl_method.seed=1
openssl_method.bytes=1
openssl_method.cleanup=0
openssl_method.add=1
openssl_method.pseudorand=1
openssl_method.status=1
err.method.count=0
method.set_null=1
err.method.set_null.count=0
method.after_null.nonnull=1
method.after_null.is_openssl=1
method.after_null.seed=1
method.after_null.bytes=1
method.after_null.cleanup=0
method.after_null.add=1
method.after_null.pseudorand=1
method.after_null.status=1
err.method.after_null.count=0
method.set_openssl=1
err.method.set_openssl.count=0
status.initial=1
err.status.initial.count=0
set_drbg_type.after_primary=0
err.set_drbg_type.after_primary.0=lib=36,reason=103
err.set_drbg_type.after_primary.count=1
set_seed_source_type.after_primary=0
err.set_seed_source_type.after_primary.0=lib=36,reason=103
err.set_seed_source_type.after_primary.count=1
bytes_ex.16=1
err.bytes_ex.16.count=0
priv_bytes_ex.16=1
err.priv_bytes_ex.16.count=0
bytes_ex.16_s128=1
err.bytes_ex.16_s128.count=0
bytes_ex.16_s512=0
err.bytes_ex.16_s512.0=lib=57,reason=181
err.bytes_ex.16_s512.1=lib=6,reason=214
err.bytes_ex.16_s512.count=2
bytes_ex.0=1
err.bytes_ex.0.count=0
bytes.16=1
err.bytes.16.count=0
priv_bytes.16=1
err.priv_bytes.16.count=0
bytes.neg=0
err.bytes.neg.count=0
priv_bytes.neg=0
err.priv_bytes.neg.count=0
pseudo_bytes.16=1
err.pseudo_bytes.16.count=0
get0_primary.nonnull=1
get0_public.nonnull=1
get0_private.nonnull=1
err.get0.count=0
set0_public.null=1
err.set0_public.null.count=0
set0_private.null=1
err.set0_private.null.count=0
get0_public.after_set0=1
get0_private.after_set0=1
err.get0.after_set0.count=0
err.seed.count=0
err.add.count=0
err.keep_open.count=0
poll=1
err.poll.count=0
set1_random_provider.default=1
err.set1_random_provider.default.count=0
bytes_ex.via_provider=0
err.bytes_ex.via_provider.count=0
priv_bytes_ex.via_provider=0
err.priv_bytes_ex.via_provider.count=0
set1_random_provider.clear2=1
err.set1_random_provider.clear2.count=0
bytes_ex.after_clear=1
err.bytes_ex.after_clear.count=0
file_name.ok=0
file_name.value=(null)
file_name.tiny=0
err.file_name.count=0
write_file.tmp=1024
err.write_file.tmp.count=0
write_file.size_matches=1
err.write_file.stat.count=0
load_file.all=1024
err.load_file.all.count=0
load_file.100=100
err.load_file.100.count=0
load_file.zero=0
err.load_file.zero.count=0
load_file.missing=-1
err.load_file.missing.0=lib=36,reason=121
err.load_file.missing.count=1
write_file.not_regular=-1
err.write_file.not_regular.0=lib=36,reason=122
err.write_file.not_regular.count=1
set_rand_engine.null=1
err.set_rand_engine.null.count=0
method.after_engine.nonnull=1
method.after_engine.is_openssl=1
method.after_engine.seed=1
method.after_engine.bytes=1
method.after_engine.cleanup=0
method.after_engine.add=1
method.after_engine.pseudorand=1
method.after_engine.status=1
err.method.after_engine.count=0
status.final=1
err.status.final.count=0
base.load=1
err.base.load.count=0
base.name=base
base.available=1
base.self_test=1
err.base.self_test.count=0
base.rand_fetch=1
err.base.rand_fetch.count=0
base.rand_name=SEED-SRC
base.rand_ctx=1
err.base.rand_ctx.count=0
base.rand_gettable=1
base.rand_ctx_get0_same=1
base.unload=1
err.base.unload.count=0
base.available_after=0
provider.unload.default=1
provider.available=0
err.provider.unload.default.count=0
