transcript.sha256=9ef808346bbf70f2c8cce98b7a2bbe5a95d98cccaec335da8287aab8a1e7eac4
sfile.name=FILE pointer
sfile.type=1026
sfd.name=file descriptor
sfd.type=1284
slog.name=syslog
slog.type=1025
slog.reused.init=1
slog.reused.free=1
newfile.missing.null=1
newfile.missing.0.code=2147483650
newfile.missing.0.line=67
newfile.missing.0.data=calling fopen(/no-such-dir-xyz/f, r)
newfile.missing.0.flags=3
newfile.missing.1.code=268435584
newfile.missing.1.line=75
newfile.missing.1.data=
newfile.missing.1.flags=0
newfile.missing.count=2
newfile.isdir.null=1
newfile.isdir.0.code=2147483669
newfile.isdir.0.line=67
newfile.isdir.0.data=calling fopen(/tmp, w)
newfile.isdir.0.flags=3
newfile.isdir.1.code=268959746
newfile.isdir.1.line=77
newfile.isdir.1.data=
newfile.isdir.1.flags=0
newfile.isdir.count=2
newfile.w.nonnull=1
newfile.w.init=1
newfile.w.shutdown=1
newfile.w.getclose=1
newfile.w.getfp.ok=1
newfile.w.fp.nonnull=1
newfile.w.write=12
newfile.w.puts=4
newfile.w.flush=1
newfile.w.seek0=0
newfile.w.tell=0
newfile.w.pending=0
newfile.w.free=1
newfile.r.nonnull=1
newfile.r.init=1
newfile.r.shutdown=1
newfile.r.tell=0
newfile.r.read=5
newfile.r.data=hello
newfile.r.tell2=5
newfile.r.eof=0
newfile.r.gets=1
newfile.r.gets.data=

newfile.r.gets2=6
newfile.r.gets2.data=world

newfile.r.seek=0
newfile.r.read2=5
newfile.r.data2=world
newfile.r.reset=0
newfile.r.read3=5
newfile.r.data3=hello
newfile.r.dup=1
newfile.r.setclose=1
newfile.r.getclose=0
newfile.r.free=1
newfile.badmode=0
newfile.badmode.0.code=268435557
newfile.badmode.0.line=284
newfile.badmode.0.data=
newfile.badmode.0.flags=1
newfile.badmode.count=1
setfp.file.nonnull=1
setfp.ret=1
setfp.init=1
setfp.shutdown=0
setfp.read=4
setfp.data=hell
setfp.ret2=1
setfp.read2=4
setfp.data2=o
wo
setfp.free=1
newfp.nonnull=1
newfp.init=1
newfp.shutdown=0
newfp.ctl.unused=0
newfp.free=1
pipe.ok=1
newfd.nonnull=1
newfd.init=1
newfd.shutdown=0
newfd.getfd=6
newfd.fd.matches=1
newfd.pending=0
newfd.wpending=0
newfd.flush=1
newfd.eof.before=0
newfd.tell=-1
pipe.write=8
newfd.read=4
newfd.data=abc

newfd.eof.mid=0
newfd.gets=4
newfd.gets.data=def

newfd.read.eof=0
newfd.eof.after=1
newfd.gets.eof=0
newfd.free=1
newfd.negfd.nonnull=1
newfd.negfd.getfd=-1
newfd.negfd.fd=-1
newfd.negfd.free=1
newfd.bad.count=0
fdctrl.raw.init=0
fdctrl.getfd.before=-1
fdctrl.fd.before=-1
fdctrl.seteof=0
fdctrl.getclose=1
fdctrl.setclose=1
fdctrl.getclose2=0
fdctrl.dup=1
fdctrl.info=-1
fdctrl.free=1
slog.nonnull=1
slog.init=1
slog.shutdown=1
slog.write=11
slog.write.unmatched=11
slog.write.empty=0
slog.write.negative=0
slog.puts=13
slog.ctrl.set=0
slog.ctrl.flush=0
slog.ctrl.unknown=0
slog.free=1
cleanup=0
err.final=0
