FRF-MUTANT:stdout-first-line:transcript.sha256=9e7228d8e67bd91f06c9cb7b09f778d73b05e2b704504bd8ba611164242ed71a
setup.provider=1 err=0
setup.digests=1,1 err=0
setup.ciphers=1,1 err=0
pbe.get.00=1,0,9 err=0
pbe.get.01=1,0,10 err=0
pbe.get.02=1,0,68 err=0
pbe.get.03=1,0,69 err=0
pbe.get.04=1,0,144 err=0
pbe.get.05=1,0,145 err=0
pbe.get.06=1,0,146 err=0
pbe.get.07=1,0,147 err=0
pbe.get.08=1,0,148 err=0
pbe.get.09=1,0,149 err=0
pbe.get.10=1,0,161 err=0
pbe.get.11=1,0,168 err=0
pbe.get.12=1,0,169 err=0
pbe.get.13=1,0,170 err=0
pbe.get.14=1,1,163 err=0
pbe.get.15=1,1,780 err=0
pbe.get.16=1,1,781 err=0
pbe.get.17=1,1,797 err=0
pbe.get.18=1,1,798 err=0
pbe.get.19=1,1,799 err=0
pbe.get.20=1,1,800 err=0
pbe.get.21=1,1,801 err=0
pbe.get.22=1,1,810 err=0
pbe.get.23=1,1,988 err=0
pbe.get.24=1,1,989 err=0
pbe.get.25=1,1,1102 err=0
pbe.get.26=1,1,1103 err=0
pbe.get.27=1,1,1104 err=0
pbe.get.28=1,1,1105 err=0
pbe.get.29=1,1,1193 err=0
pbe.get.30=1,1,1194 err=0
pbe.get.31=1,1,1281 err=0
pbe.get.32=1,2,69 err=0
pbe.get.33=1,2,973 err=0
pbe.get.oob=0,-1,-1 err=0
pbe.get.nulls=1 err=0
pbe.find.00=1,0,9,31,3,K,E err=0
pbe.find_plain.00=1,31,3,K err=0
pbe.find.01=1,0,10,31,4,K,E err=0
pbe.find_plain.01=1,31,4,K err=0
pbe.find.02=1,0,68,166,64,K,E err=0
pbe.find_plain.02=1,166,64,K err=0
pbe.find.03=1,0,69,-1,-1,K,E err=0
pbe.find_plain.03=1,-1,-1,K err=0
pbe.find.04=1,0,144,5,64,NOT_MEASURED_REGISTERED_DIVERGENCE err=0
pbe.find_plain.04=1,5,64,NOT_MEASURED_REGISTERED_DIVERGENCE err=0
pbe.find.05=1,0,145,97,64,NOT_MEASURED_REGISTERED_DIVERGENCE err=0
pbe.find_plain.05=1,97,64,NOT_MEASURED_REGISTERED_DIVERGENCE err=0
pbe.find.06=1,0,146,44,64,NOT_MEASURED_REGISTERED_DIVERGENCE err=0
pbe.find_plain.06=1,44,64,NOT_MEASURED_REGISTERED_DIVERGENCE err=0
pbe.find.07=1,0,147,43,64,NOT_MEASURED_REGISTERED_DIVERGENCE err=0
pbe.find_plain.07=1,43,64,NOT_MEASURED_REGISTERED_DIVERGENCE err=0
pbe.find.08=1,0,148,37,64,NOT_MEASURED_REGISTERED_DIVERGENCE err=0
pbe.find_plain.08=1,37,64,NOT_MEASURED_REGISTERED_DIVERGENCE err=0
pbe.find.09=1,0,149,98,64,NOT_MEASURED_REGISTERED_DIVERGENCE err=0
pbe.find_plain.09=1,98,64,NOT_MEASURED_REGISTERED_DIVERGENCE err=0
pbe.find.10=1,0,161,-1,-1,K,E err=0
pbe.find_plain.10=1,-1,-1,K err=0
pbe.find.11=1,0,168,166,3,K,E err=0
pbe.find_plain.11=1,166,3,K err=0
pbe.find.12=1,0,169,166,4,K,E err=0
pbe.find_plain.12=1,166,4,K err=0
pbe.find.13=1,0,170,31,64,K,E err=0
pbe.find_plain.13=1,31,64,K err=0
pbe.find.14=1,1,163,-1,64,-,- err=0
pbe.find_plain.14=1,-1,64,- err=0
pbe.find.15=1,1,780,-1,4,-,- err=0
pbe.find_plain.15=1,-1,4,- err=0
pbe.find.16=1,1,781,-1,64,-,- err=0
pbe.find_plain.16=1,-1,64,- err=0
pbe.find.17=1,1,797,-1,4,-,- err=0
pbe.find_plain.17=1,-1,4,- err=0
pbe.find.18=1,1,798,-1,675,-,- err=0
pbe.find_plain.18=1,-1,675,- err=0
pbe.find.19=1,1,799,-1,672,-,- err=0
pbe.find_plain.19=1,-1,672,- err=0
pbe.find.20=1,1,800,-1,673,-,- err=0
pbe.find_plain.20=1,-1,673,- err=0
pbe.find.21=1,1,801,-1,674,-,- err=0
pbe.find_plain.21=1,-1,674,- err=0
pbe.find.22=1,1,810,-1,809,-,- err=0
pbe.find_plain.22=1,-1,809,- err=0
pbe.find.23=1,1,988,-1,982,-,- err=0
pbe.find_plain.23=1,-1,982,- err=0
pbe.find.24=1,1,989,-1,983,-,- err=0
pbe.find_plain.24=1,-1,983,- err=0
pbe.find.25=1,1,1102,-1,1096,-,- err=0
pbe.find_plain.25=1,-1,1096,- err=0
pbe.find.26=1,1,1103,-1,1097,-,- err=0
pbe.find_plain.26=1,-1,1097,- err=0
pbe.find.27=1,1,1104,-1,1098,-,- err=0
pbe.find_plain.27=1,-1,1098,- err=0
pbe.find.28=1,1,1105,-1,1099,-,- err=0
pbe.find_plain.28=1,-1,1099,- err=0
pbe.find.29=1,1,1193,-1,1094,-,- err=0
pbe.find_plain.29=1,-1,1094,- err=0
pbe.find.30=1,1,1194,-1,1095,-,- err=0
pbe.find_plain.30=1,-1,1095,- err=0
pbe.find.31=1,1,1281,-1,1143,-,- err=0
pbe.find_plain.31=1,-1,1143,- err=0
pbe.find.32=1,2,69,-1,-1,K,E err=0
pbe.find_plain.32=1,-1,-1,K err=0
pbe.find.33=1,2,973,-1,-1,K,E err=0
pbe.find_plain.33=1,-1,-1,K err=0
pbe.find.undef=0,1,1 err=0
pbe.find.unknown=0,1,1 err=0
pbe.find.wrong_type=0,1,1 err=0
pbe.find.nulls=1 err=0
pbe.add.outer=1 err=0
pbe.add.prf=1 err=0
pbe.add.kdf=1 err=0
pbe.add.odd_type=1 err=0
pbe.added.0=1,7,8,K,- err=0
pbe.added.1=1,-1,9,K,- err=0
pbe.added.2=1,-1,-1,K,- err=0
pbe.added.3=1,-1,-1,K,- err=0
pbe.alg_add.nulls=1 err=0
pbe.alg_add.nulls_find=1,-1,-1,- err=0
pbe.alg_add.row=1 err=0
pbe.alg_add.row_find=1,31,3,K err=0
pbe.alg_add.methods=1 err=0
pbe.alg_add.methods_nids=NOT_COMPARED_REGISTERED_DIVERGENCE_D_EVP_CIPHER_LEGACY_NID_1
pbeparam.build=1,1 err=0
pbeparam.ctx=1 err=0
pbe.cipherinit.approw=1 err=<empty>
pbe.cipherinit.approw_kdf.activity=1,1,1 err=0
pbe.cipherinit.approw_kdf.pass=7077 err=0
pbe.cipherinit.approw_kdf.pass_seen=1,null=0,shown=2 err=0
pbe.cipherinit.approw_kdf.salt=73616c err=0
pbe.cipherinit.approw_kdf.salt_seen=1,null=0,shown=3 err=0
pbe.cipherinit.approw_kdf.iter=1,3 err=0
pbe.cipherinit.approw_kdf.pkcs5=0,0 err=0
pbe.cipherinit.approw_kdf.digest=MD2 err=0
pbe.cipherinit.approw_kdf.out=len=16,null=0 err=0
pbe.cipherinit.approw_kdf.derived=3e454c535a61686f767d848b9299a0a7 err=0
pbe.cipherinit.approw_kdf.scrypt=n=0:0,r=0:0,p=0:0,maxmem=0:0 err=0
pbe.cipherinit.approw.einit_calls=1 err=0
pbe.cipherinit.approw.key=3e454c535a61686f err=0
pbe.cipherinit.approw.key_seen=null=0,len=8 err=0
pbe.cipherinit.approw.iv=767d848b9299a0a7 err=0
pbe.cipherinit.approw.iv_seen=null=0,len=8 err=0
pbe.add.shadow=1 err=0
pbe.shadowed=1,999,998,- err=0
pbe.shadowed.get=1,0,10 err=0
pbe.cleanup.added=0,0,0 err=0
pbe.cleanup.builtin=1,31,4 err=0
pbe.cleanup.idempotent=1 err=0
pkcs5.add.called=1 err=0
pbkdf2.plain=1 err=<empty>
pbkdf2.plain_kdf.activity=1,1,1 err=0
pbkdf2.plain_kdf.pass=7077 err=0
pbkdf2.plain_kdf.pass_seen=1,null=0,shown=2 err=0
pbkdf2.plain_kdf.salt=73616c err=0
pbkdf2.plain_kdf.salt_seen=1,null=0,shown=3 err=0
pbkdf2.plain_kdf.iter=1,4 err=0
pbkdf2.plain_kdf.pkcs5=1,1 err=0
pbkdf2.plain_kdf.digest=SHA1 err=0
pbkdf2.plain_kdf.out=len=16,null=0 err=0
pbkdf2.plain_kdf.derived=41484f565d646b727980878e959ca3aa err=0
pbkdf2.plain_kdf.scrypt=n=0:0,r=0:0,p=0:0,maxmem=0:0 err=0
pbkdf2.plain_out=41484f565d646b727980878e959ca3aa err=0
pbkdf2.plain_beyond=1 err=0
pbkdf2.null_zero=1 err=<empty>
pbkdf2.null_zero_kdf.activity=1,1,1 err=0
pbkdf2.null_zero_kdf.pass=(empty) err=0
pbkdf2.null_zero_kdf.pass_seen=1,null=0,shown=0 err=0
pbkdf2.null_zero_kdf.salt=(empty) err=0
pbkdf2.null_zero_kdf.salt_seen=1,null=0,shown=0 err=0
pbkdf2.null_zero_kdf.iter=1,0 err=0
pbkdf2.null_zero_kdf.pkcs5=1,1 err=0
pbkdf2.null_zero_kdf.digest=SHA1 err=0
pbkdf2.null_zero_kdf.out=len=0,null=0 err=0
pbkdf2.null_zero_kdf.derived=(empty) err=0
pbkdf2.null_zero_kdf.scrypt=n=0:0,r=0:0,p=0:0,maxmem=0:0 err=0
pbkdf2.null_pass_neg=1 err=<empty>
pbkdf2.null_pass_neg_kdf.activity=1,1,1 err=0
pbkdf2.null_pass_neg_kdf.pass=(empty) err=0
pbkdf2.null_pass_neg_kdf.pass_seen=1,null=0,shown=0 err=0
pbkdf2.null_pass_neg_kdf.salt=(empty) err=0
pbkdf2.null_pass_neg_kdf.salt_seen=1,null=0,shown=0 err=0
pbkdf2.null_pass_neg_kdf.iter=1,3 err=0
pbkdf2.null_pass_neg_kdf.pkcs5=1,1 err=0
pbkdf2.null_pass_neg_kdf.digest=SHA1 err=0
pbkdf2.null_pass_neg_kdf.out=len=8,null=0 err=0
pbkdf2.null_pass_neg_kdf.derived=070e151c232a3138 err=0
pbkdf2.null_pass_neg_kdf.scrypt=n=0:0,r=0:0,p=0:0,maxmem=0:0 err=0
pbkdf2.null_salt_len=1 err=<empty>
pbkdf2.null_salt_len_kdf.activity=1,1,1 err=0
pbkdf2.null_salt_len_kdf.pass=7077 err=0
pbkdf2.null_salt_len_kdf.pass_seen=1,null=0,shown=2 err=0
pbkdf2.null_salt_len_kdf.salt=0000000000 err=0
pbkdf2.null_salt_len_kdf.salt_seen=1,null=1,shown=5 err=0
pbkdf2.null_salt_len_kdf.iter=1,3 err=0
pbkdf2.null_salt_len_kdf.pkcs5=1,1 err=0
pbkdf2.null_salt_len_kdf.digest=SHA1 err=0
pbkdf2.null_salt_len_kdf.out=len=8,null=0 err=0
pbkdf2.null_salt_len_kdf.derived=626970777e858c93 err=0
pbkdf2.null_salt_len_kdf.scrypt=n=0:0,r=0:0,p=0:0,maxmem=0:0 err=0
pbkdf2.too_long=0 err=<empty>
pbkdf2.too_long_kdf.activity=1,1,1 err=0
pbkdf2.too_long_kdf.pass=7077 err=0
pbkdf2.too_long_kdf.pass_seen=1,null=0,shown=2 err=0
pbkdf2.too_long_kdf.salt=73616c err=0
pbkdf2.too_long_kdf.salt_seen=1,null=0,shown=3 err=0
pbkdf2.too_long_kdf.iter=1,1 err=0
pbkdf2.too_long_kdf.pkcs5=1,1 err=0
pbkdf2.too_long_kdf.digest=SHA1 err=0
pbkdf2.too_long_kdf.out=len=97,null=0 err=0
pbkdf2.too_long_kdf.derived=(refused) err=0
pbkdf2.too_long_kdf.scrypt=n=0:0,r=0:0,p=0:0,maxmem=0:0 err=0
pbkdf2.sha1=1 err=<empty>
pbkdf2.sha1_kdf.activity=1,1,1 err=0
pbkdf2.sha1_kdf.pass=7077 err=0
pbkdf2.sha1_kdf.pass_seen=1,null=0,shown=2 err=0
pbkdf2.sha1_kdf.salt=73616c err=0
pbkdf2.sha1_kdf.salt_seen=1,null=0,shown=3 err=0
pbkdf2.sha1_kdf.iter=1,2 err=0
pbkdf2.sha1_kdf.pkcs5=1,1 err=0
pbkdf2.sha1_kdf.digest=SHA1 err=0
pbkdf2.sha1_kdf.out=len=12,null=0 err=0
pbkdf2.sha1_kdf.derived=3f464d545b626970777e858c err=0
pbkdf2.sha1_kdf.scrypt=n=0:0,r=0:0,p=0:0,maxmem=0:0 err=0
pbkdf2.sha1_out=3f464d545b626970777e858c err=0
pbkdf2.digest_activity=0,0,0,0 err=0
pbeparam.ex=1 err=<empty>
pbeparam.kdf.activity=1,1,1 err=0
pbeparam.kdf.pass=7077 err=0
pbeparam.kdf.pass_seen=1,null=0,shown=2 err=0
pbeparam.kdf.salt=73616c err=0
pbeparam.kdf.salt_seen=1,null=0,shown=3 err=0
pbeparam.kdf.iter=1,3 err=0
pbeparam.kdf.pkcs5=0,0 err=0
pbeparam.kdf.digest=MD2 err=0
pbeparam.kdf.out=len=16,null=0 err=0
pbeparam.kdf.derived=3e454c535a61686f767d848b9299a0a7 err=0
pbeparam.kdf.scrypt=n=0:0,r=0:0,p=0:0,maxmem=0:0 err=0
pbeparam.einit_calls=1 err=0
pbeparam.key=3e454c535a61686f err=0
pbeparam.key_seen=null=0,len=8 err=0
pbeparam.iv=767d848b9299a0a7 err=0
pbeparam.iv_seen=null=0,len=8 err=0
pbeparam.plain=1 err=<empty>
pbeparam.plain_kdf.activity=1,1,1 err=0
pbeparam.plain_kdf.pass=7077 err=0
pbeparam.plain_kdf.pass_seen=1,null=0,shown=2 err=0
pbeparam.plain_kdf.salt=73616c err=0
pbeparam.plain_kdf.salt_seen=1,null=0,shown=3 err=0
pbeparam.plain_kdf.iter=1,3 err=0
pbeparam.plain_kdf.pkcs5=0,0 err=0
pbeparam.plain_kdf.digest=MD2 err=0
pbeparam.plain_kdf.out=len=16,null=0 err=0
pbeparam.plain_kdf.derived=3e454c535a61686f767d848b9299a0a7 err=0
pbeparam.plain_kdf.scrypt=n=0:0,r=0:0,p=0:0,maxmem=0:0 err=0
pbeparam.plain.einit_calls=0 err=0
pbeparam.plain.key=3e454c535a61686f err=0
pbeparam.plain.key_seen=null=0,len=8 err=0
pbeparam.plain.iv=767d848b9299a0a7 err=0
pbeparam.plain.iv_seen=null=0,len=8 err=0
pbeparam.null_param=0 err=decode error[]@PKCS5_PBE_keyivgen_ex/46
pbeparam.wrong_type=0 err=decode error[]@PKCS5_PBE_keyivgen_ex/46
pbe.cipherinit.v1=1 err=<empty>
pbe.cipherinit.v1_kdf.activity=1,1,1 err=0
pbe.cipherinit.v1_kdf.pass=7077 err=0
pbe.cipherinit.v1_kdf.pass_seen=1,null=0,shown=2 err=0
pbe.cipherinit.v1_kdf.salt=73616c err=0
pbe.cipherinit.v1_kdf.salt_seen=1,null=0,shown=3 err=0
pbe.cipherinit.v1_kdf.iter=1,3 err=0
pbe.cipherinit.v1_kdf.pkcs5=0,0 err=0
pbe.cipherinit.v1_kdf.digest=MD2 err=0
pbe.cipherinit.v1_kdf.out=len=16,null=0 err=0
pbe.cipherinit.v1_kdf.derived=3e454c535a61686f767d848b9299a0a7 err=0
pbe.cipherinit.v1_kdf.scrypt=n=0:0,r=0:0,p=0:0,maxmem=0:0 err=0
pbe.cipherinit.v1.einit_calls=1 err=0
pbe.cipherinit.v1.key=3e454c535a61686f err=0
pbe.cipherinit.v1.key_seen=null=0,len=8 err=0
pbe.cipherinit.v1.iv=767d848b9299a0a7 err=0
pbe.cipherinit.v1.iv_seen=null=0,len=8 err=0
pbe.cipherinit.v1_plain=1 err=<empty>
pbe.cipherinit.v1_plain_kdf.activity=1,1,1 err=0
pbe.cipherinit.v1_plain_kdf.pass=7077 err=0
pbe.cipherinit.v1_plain_kdf.pass_seen=1,null=0,shown=2 err=0
pbe.cipherinit.v1_plain_kdf.salt=73616c err=0
pbe.cipherinit.v1_plain_kdf.salt_seen=1,null=0,shown=3 err=0
pbe.cipherinit.v1_plain_kdf.iter=1,3 err=0
pbe.cipherinit.v1_plain_kdf.pkcs5=0,0 err=0
pbe.cipherinit.v1_plain_kdf.digest=MD2 err=0
pbe.cipherinit.v1_plain_kdf.out=len=16,null=0 err=0
pbe.cipherinit.v1_plain_kdf.derived=3e454c535a61686f767d848b9299a0a7 err=0
pbe.cipherinit.v1_plain_kdf.scrypt=n=0:0,r=0:0,p=0:0,maxmem=0:0 err=0
pbe.cipherinit.v1_plain.einit_calls=1 err=0
pbe.cipherinit.v1_plain.key=3e454c535a61686f err=0
pbe.cipherinit.v1_plain.key_seen=null=0,len=8 err=0
pbe.cipherinit.v1_plain.iv=767d848b9299a0a7 err=0
pbe.cipherinit.v1_plain.iv_seen=null=0,len=8 err=0
pbe.cipherinit.null_obj=0 err=unknown pbe algorithm[TYPE=NULL]@EVP_PBE_CipherInit_ex/116
pbe.cipherinit.no_row=0 err=unknown pbe algorithm[TYPE=sha1]@EVP_PBE_CipherInit_ex/116
v2param.build=1,1,1 err=0
v2.param=1 err=<empty>
v2.param_kdf.activity=1,1,1 err=0
v2.param_kdf.pass=7077 err=0
v2.param_kdf.pass_seen=1,null=0,shown=2 err=0
v2.param_kdf.salt=73616c err=0
v2.param_kdf.salt_seen=1,null=0,shown=3 err=0
v2.param_kdf.iter=1,1 err=0
v2.param_kdf.pkcs5=1,1 err=0
v2.param_kdf.digest=SHA1 err=0
v2.param_kdf.out=len=24,null=0 err=0
v2.param_kdf.derived=3e454c535a61686f767d848b9299a0a7aeb5bcc3cad1d8df err=0
v2.param_kdf.scrypt=n=0:0,r=0:0,p=0:0,maxmem=0:0 err=0
v2.param.einit_calls=3 err=0
v2.param.key=3e454c535a61686f767d848b9299a0a7aeb5bcc3cad1d8df err=0
v2.param.key_seen=null=0,len=24 err=0
v2.param.iv=(empty) err=0
v2.param.iv_seen=null=1,len=0 err=0
v2.plain=1 err=<empty>
v2.plain_kdf.activity=1,1,1 err=0
v2.plain_kdf.pass=7077 err=0
v2.plain_kdf.pass_seen=1,null=0,shown=2 err=0
v2.plain_kdf.salt=73616c err=0
v2.plain_kdf.salt_seen=1,null=0,shown=3 err=0
v2.plain_kdf.iter=1,1 err=0
v2.plain_kdf.pkcs5=1,1 err=0
v2.plain_kdf.digest=SHA1 err=0
v2.plain_kdf.out=len=24,null=0 err=0
v2.plain_kdf.derived=3e454c535a61686f767d848b9299a0a7aeb5bcc3cad1d8df err=0
v2.plain_kdf.scrypt=n=0:0,r=0:0,p=0:0,maxmem=0:0 err=0
v2.plain.einit_calls=0 err=0
v2.plain.key=3e454c535a61686f767d848b9299a0a7aeb5bcc3cad1d8df err=0
v2.plain.key_seen=null=0,len=24 err=0
v2.plain.iv=(empty) err=0
v2.plain.iv_seen=null=1,len=0 err=0
pbe.cipherinit.pbes2=1 err=<empty>
pbe.cipherinit.pbes2_kdf.activity=1,1,1 err=0
pbe.cipherinit.pbes2_kdf.pass=7077 err=0
pbe.cipherinit.pbes2_kdf.pass_seen=1,null=0,shown=2 err=0
pbe.cipherinit.pbes2_kdf.salt=73616c err=0
pbe.cipherinit.pbes2_kdf.salt_seen=1,null=0,shown=3 err=0
pbe.cipherinit.pbes2_kdf.iter=1,1 err=0
pbe.cipherinit.pbes2_kdf.pkcs5=1,1 err=0
pbe.cipherinit.pbes2_kdf.digest=SHA1 err=0
pbe.cipherinit.pbes2_kdf.out=len=24,null=0 err=0
pbe.cipherinit.pbes2_kdf.derived=3e454c535a61686f767d848b9299a0a7aeb5bcc3cad1d8df err=0
pbe.cipherinit.pbes2_kdf.scrypt=n=0:0,r=0:0,p=0:0,maxmem=0:0 err=0
pbe.cipherinit.pbes2.einit_calls=3 err=0
pbe.cipherinit.pbes2.key=3e454c535a61686f767d848b9299a0a7aeb5bcc3cad1d8df err=0
pbe.cipherinit.pbes2.key_seen=null=0,len=24 err=0
pbe.cipherinit.pbes2.iv=(empty) err=0
pbe.cipherinit.pbes2.iv_seen=null=1,len=0 err=0
v2.wrong_shape=0 err=v2.wrong_shape.top=wrong tag[]@asn1_check_tlen/1236
<empty>
scrypt.param=1 err=<empty>
scrypt.param_kdf.activity=2,2,2 err=0
scrypt.param_kdf.pass=(empty) err=0
scrypt.param_kdf.pass_seen=1,null=0,shown=18446744073709551615 err=0
scrypt.param_kdf.salt=73616c err=0
scrypt.param_kdf.salt_seen=1,null=0,shown=3 err=0
scrypt.param_kdf.iter=0,0 err=0
scrypt.param_kdf.pkcs5=0,0 err=0
scrypt.param_kdf.digest=(absent) err=0
scrypt.param_kdf.out=len=24,null=0 err=0
scrypt.param_kdf.derived=40474e555c636a71787f868d949ba2a9b0b7bec5ccd3dae1 err=0
scrypt.param_kdf.scrypt=n=1:16,r=1:1,p=1:1,maxmem=1:33554432 err=0
scrypt.param.einit_calls=1 err=0
scrypt.param.key=40474e555c636a71787f868d949ba2a9b0b7bec5ccd3dae1 err=0
scrypt.param.key_seen=null=0,len=24 err=0
scrypt.param.iv=(empty) err=0
scrypt.param.iv_seen=null=1,len=0 err=0
scrypt.keylen_ok=1 err=<empty>
scrypt.keylen_ok_kdf.activity=2,2,2 err=0
scrypt.keylen_ok_kdf.pass=(empty) err=0
scrypt.keylen_ok_kdf.pass_seen=1,null=0,shown=18446744073709551615 err=0
scrypt.keylen_ok_kdf.salt=73616c err=0
scrypt.keylen_ok_kdf.salt_seen=1,null=0,shown=3 err=0
scrypt.keylen_ok_kdf.iter=0,0 err=0
scrypt.keylen_ok_kdf.pkcs5=0,0 err=0
scrypt.keylen_ok_kdf.digest=(absent) err=0
scrypt.keylen_ok_kdf.out=len=24,null=0 err=0
scrypt.keylen_ok_kdf.derived=40474e555c636a71787f868d949ba2a9b0b7bec5ccd3dae1 err=0
scrypt.keylen_ok_kdf.scrypt=n=1:16,r=1:1,p=1:1,maxmem=1:33554432 err=0
scrypt.keylen_mismatch=0 err=unsupported keylength[]@PKCS5_v2_scrypt_keyivgen_ex/278
scrypt.keylen_mismatch_kdf.activity=0,0,0 err=0
scrypt.keylen_mismatch_kdf.pass=(empty) err=0
scrypt.keylen_mismatch_kdf.pass_seen=0,null=0,shown=0 err=0
scrypt.keylen_mismatch_kdf.salt=(empty) err=0
scrypt.keylen_mismatch_kdf.salt_seen=0,null=0,shown=0 err=0
scrypt.keylen_mismatch_kdf.iter=0,0 err=0
scrypt.keylen_mismatch_kdf.pkcs5=0,0 err=0
scrypt.keylen_mismatch_kdf.digest=(absent) err=0
scrypt.keylen_mismatch_kdf.out=len=0,null=0 err=0
scrypt.keylen_mismatch_kdf.derived=(refused) err=0
scrypt.keylen_mismatch_kdf.scrypt=n=0:0,r=0:0,p=0:0,maxmem=0:0 err=0
scrypt.keylen8=1 err=<empty>
scrypt.keylen8_kdf.activity=2,2,2 err=0
scrypt.keylen8_kdf.pass=(empty) err=0
scrypt.keylen8_kdf.pass_seen=1,null=0,shown=18446744073709551615 err=0
scrypt.keylen8_kdf.salt=73616c err=0
scrypt.keylen8_kdf.salt_seen=1,null=0,shown=3 err=0
scrypt.keylen8_kdf.iter=0,0 err=0
scrypt.keylen8_kdf.pkcs5=0,0 err=0
scrypt.keylen8_kdf.digest=(absent) err=0
scrypt.keylen8_kdf.out=len=8,null=0 err=0
scrypt.keylen8_kdf.derived=40474e555c636a71 err=0
scrypt.keylen8_kdf.scrypt=n=1:16,r=1:1,p=1:1,maxmem=1:33554432 err=0
scrypt.keylen8.einit_calls=1 err=0
scrypt.keylen8.key=40474e555c636a71 err=0
scrypt.keylen8.key_seen=null=0,len=8 err=0
scrypt.keylen8.iv=(empty) err=0
scrypt.keylen8.iv_seen=null=1,len=0 err=0
scrypt.null_param=0 err=decode error[]@PKCS5_v2_scrypt_keyivgen_ex/261
btk.nodata=8 err=<empty>
btk.nodata.key=aaaaaaaaaaaaaaaa err=0
btk.nodata.iv=aaaaaaaaaaaaaaaa err=0
btk.count1=8 err=<empty>
btk.count1.key=6fcbd59aa8adada3 err=0
btk.count1.iv=6d307d2b7b847c2f err=0
btk.count2=8 err=<empty>
btk.count2.key=6fccd79dacb2b3aa err=0
btk.count2.iv=7539873687918a3e err=0
btk.count0=8 err=<empty>
btk.count0.key=6fcbd59aa8adada3 err=0
btk.count0.iv=6d307d2b7b847c2f err=0
btk.nosalt=8 err=<empty>
btk.nosalt.key=fc69672374777569 err=0
btk.nosalt.iv=6d307d2b7b847c2f err=0
btk.tworounds=24 err=<empty>
btk.tworounds.key=6fcbd59aa8adada36d307d2b7b847c2f797f8288de97ac37 err=0
btk.tworounds.iv=545f604de2690461 err=0
btk.noout=8 err=<empty>
btk.nodata_noout=8 err=<empty>
pkcs12.keygen=NOT_MEASURED_REGISTERED_DIVERGENCE
pbe.cipherinit.pkcs12=NOT_MEASURED_REGISTERED_DIVERGENCE
v2.kdf_without_keygen_ex=NOT_MEASURED_AUTHORITY_FAULTS
v2.pbkdf2.direct=NOT_MEASURED_SYMBOL_IS_LOCAL_IN_THE_AUTHORITY
v2.pbkdf2.keylen_over_64=NOT_MEASURED_AUTHORITY_ABORTS
scrypt.keylen_over_64=NOT_MEASURED_AUTHORITY_OVERFLOWS
scrypt.illegal_params=NOT_MEASURED_PROBE_PROVIDER_ACCEPTS_ANY
pbe.cipher_nid.legacy=NOT_COMPARED_REGISTERED_DIVERGENCE_D_EVP_CIPHER_LEGACY_NID_1
btk.overlong_key=NOT_MEASURED_AUTHORITY_ABORTS_evp_key_c_92
btk.negative_count=NOT_MEASURED_AUTHORITY_LOOPS_2_32_TIMES
teardown=1 err=0
