FRF-MUTANT:stdout-first-line:transcript.sha256=e1a7302292745e3065a2819fad760dc2efa53598f7b29ded8650d08d8d4b4c18
kmgmt.DH.ctx=1
kmgmt.DHX.ctx=1
kmgmt.DSA.ctx=1
kmgmt.RSA.ctx=1
kmgmt.RSA-PSS.ctx=1
kmgmt.EC.ctx=1
kmgmt.X25519.ctx=1
kmgmt.X448.ctx=1
kmgmt.ED25519.ctx=1
kmgmt.ED448.ctx=1
kmgmt.TLS1-PRF.ctx=1
kmgmt.HKDF.ctx=1
kmgmt.SCRYPT.ctx=1
kmgmt.HMAC.ctx=1
kmgmt.SIPHASH.ctx=1
kmgmt.POLY1305.ctx=1
kmgmt.CMAC.ctx=1
kmgmt.SM2.ctx=1
kmgmt.ML-KEM-512.ctx=1
kmgmt.ML-KEM-768.ctx=1
kmgmt.ML-KEM-1024.ctx=1
kmgmt.X25519MLKEM768.ctx=1
kmgmt.X448MLKEM1024.ctx=1
kmgmt.SecP256r1MLKEM768.ctx=1
kmgmt.SecP384r1MLKEM1024.ctx=1
kmgmt.absent.ctx=0
keyexch.DH.ctx=1
keyexch.DH.derive_init=1
keyexch.ECDH.ctx=0
keyexch.X25519.ctx=1
keyexch.X25519.derive_init=1
keyexch.X448.ctx=1
keyexch.X448.derive_init=1
keyexch.TLS1-PRF.ctx=1
keyexch.TLS1-PRF.derive_init=1
keyexch.HKDF.ctx=1
keyexch.HKDF.derive_init=1
keyexch.SCRYPT.ctx=1
keyexch.SCRYPT.derive_init=1
keyexch.absent.ctx=0
dh.fromdata_init=1
dh.fromdata.group=1
dh.bits=2048
dh.size=256
dh.security_bits=112
dh.fromdata.empty=1
dh.fromdata.unknown_group=0
ecx.X25519.fromdata_init=1
ecx.X25519.fromdata=1
ecx.X25519.bits=253
ecx.X25519.size=32
ecx.X25519.security_bits=128
ecx.X25519.key.derive_init=1
ecx.X25519.key.encapsulate_init=1
ecx.X25519.key.decapsulate_init=0
ecx.X25519.fromdata.short=0
ecx.X448.fromdata_init=1
ecx.X448.fromdata=1
ecx.X448.bits=448
ecx.X448.size=56
ecx.X448.security_bits=224
ecx.X448.key.derive_init=1
ecx.X448.key.encapsulate_init=1
ecx.X448.key.decapsulate_init=0
ecx.X448.fromdata.short=0
ecx.ED25519.fromdata_init=1
ecx.ED25519.fromdata=1
ecx.ED25519.bits=256
ecx.ED25519.size=64
ecx.ED25519.security_bits=128
ecx.ED25519.fromdata.short=0
ecx.ED448.fromdata_init=1
ecx.ED448.fromdata=1
ecx.ED448.bits=456
ecx.ED448.size=114
ecx.ED448.security_bits=224
ecx.ED448.fromdata.short=0
ec.fromdata_init=1
ec.fromdata=1
ec.bits=256
ec.size=72
ec.security_bits=128
ec.key.derive_init=1
ec.fromdata.sm2_curve=0
ec.fromdata.unknown_group=0
sm2.fromdata_init=1
sm2.fromdata=1
sm2.bits=256
sm2.size=72
sm2.security_bits=128
sm2.fromdata.ec_curve=0
eckem.genctx=1
eckem.keygen_init=1
eckem.set_params=1
eckem.generate=1
eckem.pub_len=65
eckem.pub_sha256=2a54d2a0477824dc82549f28fb77d563603cf81a12bf24a61e97ce0853387352
eckem.encap_init=1
eckem.encap_size=1
eckem.ctext_size=65
eckem.secret_size=32
eckem.encap=1
eckem.ctext_len=65
eckem.secret_len=32
eckem.ctext_sha256=9168f3fb0f3426d7f83c25e1ff28d2d36f0855bd8ea7181f8a72f17b6f5b3b29
eckem.secret_sha256=886ca2157d903410bef117f300bf69fcf407f19359f84cf8d4322afccbb66701
eckem.decap_init=1
eckem.decap=1
eckem.decap_secret_len=32
eckem.decap_secret_sha256=886ca2157d903410bef117f300bf69fcf407f19359f84cf8d4322afccbb66701
eckem.secret_match=1
rd.RSA.fromdata_init=1
rd.RSA.fromdata=1
rd.RSA.bits=16
rd.RSA.size=2
rd.RSA.security_bits=8
rd.RSA.key.ctx=1
rd.RSA.fromdata.empty=1
rd.RSA-PSS.fromdata_init=1
rd.RSA-PSS.fromdata=1
rd.RSA-PSS.bits=16
rd.RSA-PSS.size=2
rd.RSA-PSS.security_bits=8
rd.RSA-PSS.key.ctx=1
rd.RSA-PSS.fromdata.empty=1
rd.DSA.fromdata_init=1
rd.DSA.fromdata=1
rd.DSA.bits=16
rd.DSA.size=8
rd.DSA.security_bits=0
rd.DSA.key.ctx=1
rd.DSA.fromdata.empty=1
mac.HMAC.fromdata_init=1
mac.HMAC.fromdata=1
mac.HMAC.fromdata.empty=0
mac.SIPHASH.fromdata_init=1
mac.SIPHASH.fromdata=1
mac.SIPHASH.fromdata.empty=0
mac.POLY1305.fromdata_init=1
mac.POLY1305.fromdata=1
mac.POLY1305.fromdata.empty=0
mac.CMAC.fromdata_init=1
mac.CMAC.fromdata=1
mac.CMAC.fromdata.empty=0
mac.CMAC.fromdata.cipher=1
mac.CMAC.fromdata.bad_cipher=0
kem.X25519.ctx=1
kem.X25519.encapsulate_init_nokey=0
kem.X448.ctx=1
kem.X448.encapsulate_init_nokey=0
kem.EC.ctx=1
kem.EC.encapsulate_init_nokey=0
kem.absent.ctx=0
mlkem.ML-KEM-512.fetch=1
mlkem.ML-KEM-512.is_a_full=1
mlkem.ML-KEM-512.is_a_short=1
mlkem.ML-KEM-512.is_a_oid_name=1
mlkem.ML-KEM-512.is_a_other=0
mlkem.MLKEM512.alias_fetch=1
mlkem.ML-KEM-768.fetch=1
mlkem.ML-KEM-768.is_a_full=1
mlkem.ML-KEM-768.is_a_short=1
mlkem.ML-KEM-768.is_a_oid_name=1
mlkem.ML-KEM-768.is_a_other=0
mlkem.MLKEM768.alias_fetch=1
mlkem.ML-KEM-1024.fetch=1
mlkem.ML-KEM-1024.is_a_full=1
mlkem.ML-KEM-1024.is_a_short=1
mlkem.ML-KEM-1024.is_a_oid_name=1
mlkem.ML-KEM-1024.is_a_other=0
mlkem.MLKEM1024.alias_fetch=1
mlkem.absent.fetch=0
mlkem.ML-KEM-512.ctx=1
mlkem.ML-KEM-512.keygen_init=1
mlkem.ML-KEM-512.set_seed=1
mlkem.ML-KEM-512.generate=1
mlkem.ML-KEM-512.bits=512
mlkem.ML-KEM-512.security_bits=128
mlkem.ML-KEM-512.max_size=768
mlkem.ML-KEM-512.security_category=1
mlkem.ML-KEM-512.get_pub=1
mlkem.ML-KEM-512.pub_len=800
mlkem.ML-KEM-512.pub_matches_vector=1
mlkem.ML-KEM-512.pub_sha256=852523749efd2b78d1074e5de629060312cd9397933a19ddb7482cfda5e92614
mlkem.ML-KEM-512.get_priv=1
mlkem.ML-KEM-512.priv_len=1632
mlkem.ML-KEM-512.dup=1
mlkem.ML-KEM-512.dup_eq=1
mlkem.ML-KEM-512.set_encoded_pub=0
mlkem.ML-KEM-512.import_ctx=1
mlkem.ML-KEM-512.fromdata_init=1
mlkem.ML-KEM-512.fromdata_pub=1
mlkem.ML-KEM-512.import_roundtrip=1
mlkem.ML-KEM-512.import_matches=1
mlkem.ML-KEM-512.fromdata_short=0
mlkem.ML-KEM-768.ctx=1
mlkem.ML-KEM-768.keygen_init=1
mlkem.ML-KEM-768.set_seed=1
mlkem.ML-KEM-768.generate=1
mlkem.ML-KEM-768.bits=768
mlkem.ML-KEM-768.security_bits=192
mlkem.ML-KEM-768.max_size=1088
mlkem.ML-KEM-768.security_category=3
mlkem.ML-KEM-768.get_pub=1
mlkem.ML-KEM-768.pub_len=1184
mlkem.ML-KEM-768.pub_matches_vector=1
mlkem.ML-KEM-768.pub_sha256=86adbca81f4fee893e2fb58fb98aa2fe188f501fed268d7f4056f8c05c4e53c4
mlkem.ML-KEM-768.get_priv=1
mlkem.ML-KEM-768.priv_len=2400
mlkem.ML-KEM-768.dup=1
mlkem.ML-KEM-768.dup_eq=1
mlkem.ML-KEM-768.set_encoded_pub=0
mlkem.ML-KEM-768.import_ctx=1
mlkem.ML-KEM-768.fromdata_init=1
mlkem.ML-KEM-768.fromdata_pub=1
mlkem.ML-KEM-768.import_roundtrip=1
mlkem.ML-KEM-768.import_matches=1
mlkem.ML-KEM-768.fromdata_short=0
mlkem.ML-KEM-1024.ctx=1
mlkem.ML-KEM-1024.keygen_init=1
mlkem.ML-KEM-1024.set_seed=1
mlkem.ML-KEM-1024.generate=1
mlkem.ML-KEM-1024.bits=1024
mlkem.ML-KEM-1024.security_bits=256
mlkem.ML-KEM-1024.max_size=1568
mlkem.ML-KEM-1024.security_category=5
mlkem.ML-KEM-1024.get_pub=1
mlkem.ML-KEM-1024.pub_len=1568
mlkem.ML-KEM-1024.pub_matches_vector=1
mlkem.ML-KEM-1024.pub_sha256=61b95ec8c32ae85ad7a17ae5b9c2dfb083e05f767da3ba9a0a8092ea6b4cbf7a
mlkem.ML-KEM-1024.get_priv=1
mlkem.ML-KEM-1024.priv_len=3168
mlkem.ML-KEM-1024.dup=1
mlkem.ML-KEM-1024.dup_eq=1
mlkem.ML-KEM-1024.set_encoded_pub=0
mlkem.ML-KEM-1024.import_ctx=1
mlkem.ML-KEM-1024.fromdata_init=1
mlkem.ML-KEM-1024.fromdata_pub=1
mlkem.ML-KEM-1024.import_roundtrip=1
mlkem.ML-KEM-1024.import_matches=1
mlkem.ML-KEM-1024.fromdata_short=0
mlx.X25519MLKEM768.ctx=1
mlx.X25519MLKEM768.keygen_init=1
mlx.X25519MLKEM768.generate=1
mlx.X25519MLKEM768.bits=768
mlx.X25519MLKEM768.security_bits=192
mlx.X25519MLKEM768.max_size=1120
mlx.X25519MLKEM768.security_category=3
mlx.X25519MLKEM768.get_pub=0
mlx.X25519MLKEM768.pub_len=0
mlx.X25519MLKEM768.get_priv=1
mlx.X25519MLKEM768.priv_len=2432
mlx.X25519MLKEM768.dup=1
mlx.X25519MLKEM768.dup_eq=1
mlx.X25519MLKEM768.encap_init=1
mlx.X25519MLKEM768.encap=1
mlx.X25519MLKEM768.ctext_len=1120
mlx.X25519MLKEM768.secret_len=64
mlx.X25519MLKEM768.decap_init=1
mlx.X25519MLKEM768.decap=1
mlx.X25519MLKEM768.secret_match=1
mlx.X25519MLKEM768.encap_small=0
mlx.X25519MLKEM768.kem_fetch=1
mlx.X25519MLKEM768.kem_is_a=1
mlx.X25519MLKEM768.kem_is_a_other=0
mlx.X448MLKEM1024.ctx=1
mlx.X448MLKEM1024.keygen_init=1
mlx.X448MLKEM1024.generate=1
mlx.X448MLKEM1024.bits=1024
mlx.X448MLKEM1024.security_bits=256
mlx.X448MLKEM1024.max_size=1624
mlx.X448MLKEM1024.security_category=5
mlx.X448MLKEM1024.get_pub=0
mlx.X448MLKEM1024.pub_len=0
mlx.X448MLKEM1024.get_priv=1
mlx.X448MLKEM1024.priv_len=3224
mlx.X448MLKEM1024.dup=1
mlx.X448MLKEM1024.dup_eq=1
mlx.X448MLKEM1024.encap_init=1
mlx.X448MLKEM1024.encap=1
mlx.X448MLKEM1024.ctext_len=1624
mlx.X448MLKEM1024.secret_len=88
mlx.X448MLKEM1024.decap_init=1
mlx.X448MLKEM1024.decap=1
mlx.X448MLKEM1024.secret_match=1
mlx.X448MLKEM1024.encap_small=0
mlx.X448MLKEM1024.kem_fetch=1
mlx.X448MLKEM1024.kem_is_a=1
mlx.X448MLKEM1024.kem_is_a_other=0
mlx.SecP256r1MLKEM768.ctx=1
mlx.SecP256r1MLKEM768.keygen_init=1
mlx.SecP256r1MLKEM768.generate=1
mlx.SecP256r1MLKEM768.bits=768
mlx.SecP256r1MLKEM768.security_bits=192
mlx.SecP256r1MLKEM768.max_size=1153
mlx.SecP256r1MLKEM768.security_category=3
mlx.SecP256r1MLKEM768.get_pub=0
mlx.SecP256r1MLKEM768.pub_len=0
mlx.SecP256r1MLKEM768.get_priv=1
mlx.SecP256r1MLKEM768.priv_len=2432
mlx.SecP256r1MLKEM768.dup=1
mlx.SecP256r1MLKEM768.dup_eq=1
mlx.SecP256r1MLKEM768.encap_init=1
mlx.SecP256r1MLKEM768.encap=1
mlx.SecP256r1MLKEM768.ctext_len=1153
mlx.SecP256r1MLKEM768.secret_len=64
mlx.SecP256r1MLKEM768.decap_init=1
mlx.SecP256r1MLKEM768.decap=1
mlx.SecP256r1MLKEM768.secret_match=1
mlx.SecP256r1MLKEM768.encap_small=0
mlx.SecP256r1MLKEM768.kem_fetch=1
mlx.SecP256r1MLKEM768.kem_is_a=1
mlx.SecP256r1MLKEM768.kem_is_a_other=0
mlx.SecP384r1MLKEM1024.ctx=1
mlx.SecP384r1MLKEM1024.keygen_init=1
mlx.SecP384r1MLKEM1024.generate=1
mlx.SecP384r1MLKEM1024.bits=1024
mlx.SecP384r1MLKEM1024.security_bits=256
mlx.SecP384r1MLKEM1024.max_size=1665
mlx.SecP384r1MLKEM1024.security_category=5
mlx.SecP384r1MLKEM1024.get_pub=0
mlx.SecP384r1MLKEM1024.pub_len=0
mlx.SecP384r1MLKEM1024.get_priv=1
mlx.SecP384r1MLKEM1024.priv_len=3216
mlx.SecP384r1MLKEM1024.dup=1
mlx.SecP384r1MLKEM1024.dup_eq=1
mlx.SecP384r1MLKEM1024.encap_init=1
mlx.SecP384r1MLKEM1024.encap=1
mlx.SecP384r1MLKEM1024.ctext_len=1665
mlx.SecP384r1MLKEM1024.secret_len=80
mlx.SecP384r1MLKEM1024.decap_init=1
mlx.SecP384r1MLKEM1024.decap=1
mlx.SecP384r1MLKEM1024.secret_match=1
mlx.SecP384r1MLKEM1024.encap_small=0
mlx.SecP384r1MLKEM1024.kem_fetch=1
mlx.SecP384r1MLKEM1024.kem_is_a=1
mlx.SecP384r1MLKEM1024.kem_is_a_other=0
slh.SLH-DSA-SHA2-128s.fetch=1
slh.SLH-DSA-SHA2-128s.keygen_init=1
slh.SLH-DSA-SHA2-128s.set_seed=1
slh.SLH-DSA-SHA2-128s.generate=1
slh.SLH-DSA-SHA2-128s.get_priv=1
slh.SLH-DSA-SHA2-128s.priv_len=64
slh.SLH-DSA-SHA2-128s.get_pub=1
slh.SLH-DSA-SHA2-128s.pub_len=32
slh.SLH-DSA-SHA2-128s.pub_matches_vector=1
slh.SLH-DSA-SHA2-128s.pub_sha256=2bc6642994d6da7c5f4296a62acd48a5bcde9bdbd53f59df7daf6f5e6b8a6a80
slh.SLH-DSA-SHA2-128s.bits=256
slh.SLH-DSA-SHA2-128s.security_bits=128
slh.SLH-DSA-SHA2-128s.max_size=7856
slh.SLH-DSA-SHA2-128s.missing_parameters=0
slh.SLH-DSA-SHA2-128s.dup=1
slh.SLH-DSA-SHA2-128s.dup_eq=1
slh.SLH-DSA-SHA2-128s.dup_get_pub=1
slh.SLH-DSA-SHA2-128s.dup_pub_matches=1
slh.SLH-DSA-SHA2-128f.fetch=1
slh.SLH-DSA-SHA2-128f.keygen_init=1
slh.SLH-DSA-SHA2-128f.set_seed=1
slh.SLH-DSA-SHA2-128f.generate=1
slh.SLH-DSA-SHA2-128f.get_priv=1
slh.SLH-DSA-SHA2-128f.priv_len=64
slh.SLH-DSA-SHA2-128f.get_pub=1
slh.SLH-DSA-SHA2-128f.pub_len=32
slh.SLH-DSA-SHA2-128f.pub_matches_vector=1
slh.SLH-DSA-SHA2-128f.pub_sha256=6ed7c7ee85c79773d90f3780409a1baab141b18278cf25813f20c64e6c4aa254
slh.SLH-DSA-SHA2-128f.bits=256
slh.SLH-DSA-SHA2-128f.security_bits=128
slh.SLH-DSA-SHA2-128f.max_size=17088
slh.SLH-DSA-SHA2-128f.missing_parameters=0
slh.SLH-DSA-SHA2-128f.dup=1
slh.SLH-DSA-SHA2-128f.dup_eq=1
slh.SLH-DSA-SHA2-128f.dup_get_pub=1
slh.SLH-DSA-SHA2-128f.dup_pub_matches=1
slh.SLH-DSA-SHA2-192s.fetch=1
slh.SLH-DSA-SHA2-192s.keygen_init=1
slh.SLH-DSA-SHA2-192s.set_seed=1
slh.SLH-DSA-SHA2-192s.generate=1
slh.SLH-DSA-SHA2-192s.get_priv=1
slh.SLH-DSA-SHA2-192s.priv_len=96
slh.SLH-DSA-SHA2-192s.get_pub=1
slh.SLH-DSA-SHA2-192s.pub_len=48
slh.SLH-DSA-SHA2-192s.pub_matches_vector=1
slh.SLH-DSA-SHA2-192s.pub_sha256=49f55ff9aca43e7c9cf0208a4ac9fd923480386712830727243514224c6a7278
slh.SLH-DSA-SHA2-192s.bits=384
slh.SLH-DSA-SHA2-192s.security_bits=192
slh.SLH-DSA-SHA2-192s.max_size=16224
slh.SLH-DSA-SHA2-192s.missing_parameters=0
slh.SLH-DSA-SHA2-192s.dup=1
slh.SLH-DSA-SHA2-192s.dup_eq=1
slh.SLH-DSA-SHA2-192s.dup_get_pub=1
slh.SLH-DSA-SHA2-192s.dup_pub_matches=1
slh.SLH-DSA-SHA2-192f.fetch=1
slh.SLH-DSA-SHA2-192f.keygen_init=1
slh.SLH-DSA-SHA2-192f.set_seed=1
slh.SLH-DSA-SHA2-192f.generate=1
slh.SLH-DSA-SHA2-192f.get_priv=1
slh.SLH-DSA-SHA2-192f.priv_len=96
slh.SLH-DSA-SHA2-192f.get_pub=1
slh.SLH-DSA-SHA2-192f.pub_len=48
slh.SLH-DSA-SHA2-192f.pub_matches_vector=1
slh.SLH-DSA-SHA2-192f.pub_sha256=1422ecea4ee6e028bc7bcd75ec0038c62840c4607b1037d746aec6e5c6206da8
slh.SLH-DSA-SHA2-192f.bits=384
slh.SLH-DSA-SHA2-192f.security_bits=192
slh.SLH-DSA-SHA2-192f.max_size=35664
slh.SLH-DSA-SHA2-192f.missing_parameters=0
slh.SLH-DSA-SHA2-192f.dup=1
slh.SLH-DSA-SHA2-192f.dup_eq=1
slh.SLH-DSA-SHA2-192f.dup_get_pub=1
slh.SLH-DSA-SHA2-192f.dup_pub_matches=1
slh.SLH-DSA-SHA2-256s.fetch=1
slh.SLH-DSA-SHA2-256s.keygen_init=1
slh.SLH-DSA-SHA2-256s.set_seed=1
slh.SLH-DSA-SHA2-256s.generate=1
slh.SLH-DSA-SHA2-256s.get_priv=1
slh.SLH-DSA-SHA2-256s.priv_len=128
slh.SLH-DSA-SHA2-256s.get_pub=1
slh.SLH-DSA-SHA2-256s.pub_len=64
slh.SLH-DSA-SHA2-256s.pub_matches_vector=1
slh.SLH-DSA-SHA2-256s.pub_sha256=4b97b6768714a8791a1208238eb74036bb962684d64097a192f1488286fa92a1
slh.SLH-DSA-SHA2-256s.bits=512
slh.SLH-DSA-SHA2-256s.security_bits=256
slh.SLH-DSA-SHA2-256s.max_size=29792
slh.SLH-DSA-SHA2-256s.missing_parameters=0
slh.SLH-DSA-SHA2-256s.dup=1
slh.SLH-DSA-SHA2-256s.dup_eq=1
slh.SLH-DSA-SHA2-256s.dup_get_pub=1
slh.SLH-DSA-SHA2-256s.dup_pub_matches=1
slh.SLH-DSA-SHA2-256f.fetch=1
slh.SLH-DSA-SHA2-256f.keygen_init=1
slh.SLH-DSA-SHA2-256f.set_seed=1
slh.SLH-DSA-SHA2-256f.generate=1
slh.SLH-DSA-SHA2-256f.get_priv=1
slh.SLH-DSA-SHA2-256f.priv_len=128
slh.SLH-DSA-SHA2-256f.get_pub=1
slh.SLH-DSA-SHA2-256f.pub_len=64
slh.SLH-DSA-SHA2-256f.pub_matches_vector=1
slh.SLH-DSA-SHA2-256f.pub_sha256=b8a4f40ea81b154c0e28e68840143bbbd90554eeddf61fdb468afb985c4b65b6
slh.SLH-DSA-SHA2-256f.bits=512
slh.SLH-DSA-SHA2-256f.security_bits=256
slh.SLH-DSA-SHA2-256f.max_size=49856
slh.SLH-DSA-SHA2-256f.missing_parameters=0
slh.SLH-DSA-SHA2-256f.dup=1
slh.SLH-DSA-SHA2-256f.dup_eq=1
slh.SLH-DSA-SHA2-256f.dup_get_pub=1
slh.SLH-DSA-SHA2-256f.dup_pub_matches=1
slh.SLH-DSA-SHAKE-128s.fetch=1
slh.SLH-DSA-SHAKE-128s.keygen_init=1
slh.SLH-DSA-SHAKE-128s.set_seed=1
slh.SLH-DSA-SHAKE-128s.generate=1
slh.SLH-DSA-SHAKE-128s.get_priv=1
slh.SLH-DSA-SHAKE-128s.priv_len=64
slh.SLH-DSA-SHAKE-128s.get_pub=1
slh.SLH-DSA-SHAKE-128s.pub_len=32
slh.SLH-DSA-SHAKE-128s.pub_matches_vector=1
slh.SLH-DSA-SHAKE-128s.pub_sha256=515e1d5fdc9a62d2b2e85f406fdc0e6b23b958b79944b22bbef7dcef4144ca2a
slh.SLH-DSA-SHAKE-128s.bits=256
slh.SLH-DSA-SHAKE-128s.security_bits=128
slh.SLH-DSA-SHAKE-128s.max_size=7856
slh.SLH-DSA-SHAKE-128s.missing_parameters=0
slh.SLH-DSA-SHAKE-128s.dup=1
slh.SLH-DSA-SHAKE-128s.dup_eq=1
slh.SLH-DSA-SHAKE-128s.dup_get_pub=1
slh.SLH-DSA-SHAKE-128s.dup_pub_matches=1
slh.SLH-DSA-SHAKE-128f.fetch=1
slh.SLH-DSA-SHAKE-128f.keygen_init=1
slh.SLH-DSA-SHAKE-128f.set_seed=1
slh.SLH-DSA-SHAKE-128f.generate=1
slh.SLH-DSA-SHAKE-128f.get_priv=1
slh.SLH-DSA-SHAKE-128f.priv_len=64
slh.SLH-DSA-SHAKE-128f.get_pub=1
slh.SLH-DSA-SHAKE-128f.pub_len=32
slh.SLH-DSA-SHAKE-128f.pub_matches_vector=1
slh.SLH-DSA-SHAKE-128f.pub_sha256=1513a53d79208a90ec32262d4f39e2deef57f05fcc587c637a9edf12ffba18c9
slh.SLH-DSA-SHAKE-128f.bits=256
slh.SLH-DSA-SHAKE-128f.security_bits=128
slh.SLH-DSA-SHAKE-128f.max_size=17088
slh.SLH-DSA-SHAKE-128f.missing_parameters=0
slh.SLH-DSA-SHAKE-128f.dup=1
slh.SLH-DSA-SHAKE-128f.dup_eq=1
slh.SLH-DSA-SHAKE-128f.dup_get_pub=1
slh.SLH-DSA-SHAKE-128f.dup_pub_matches=1
slh.SLH-DSA-SHAKE-192s.fetch=1
slh.SLH-DSA-SHAKE-192s.keygen_init=1
slh.SLH-DSA-SHAKE-192s.set_seed=1
slh.SLH-DSA-SHAKE-192s.generate=1
slh.SLH-DSA-SHAKE-192s.get_priv=1
slh.SLH-DSA-SHAKE-192s.priv_len=96
slh.SLH-DSA-SHAKE-192s.get_pub=1
slh.SLH-DSA-SHAKE-192s.pub_len=48
slh.SLH-DSA-SHAKE-192s.pub_matches_vector=1
slh.SLH-DSA-SHAKE-192s.pub_sha256=c4a0c55175fe3f8a5689617f88418242ff40f202fb02fa397314bb3e664ae47f
slh.SLH-DSA-SHAKE-192s.bits=384
slh.SLH-DSA-SHAKE-192s.security_bits=192
slh.SLH-DSA-SHAKE-192s.max_size=16224
slh.SLH-DSA-SHAKE-192s.missing_parameters=0
slh.SLH-DSA-SHAKE-192s.dup=1
slh.SLH-DSA-SHAKE-192s.dup_eq=1
slh.SLH-DSA-SHAKE-192s.dup_get_pub=1
slh.SLH-DSA-SHAKE-192s.dup_pub_matches=1
slh.SLH-DSA-SHAKE-192f.fetch=1
slh.SLH-DSA-SHAKE-192f.keygen_init=1
slh.SLH-DSA-SHAKE-192f.set_seed=1
slh.SLH-DSA-SHAKE-192f.generate=1
slh.SLH-DSA-SHAKE-192f.get_priv=1
slh.SLH-DSA-SHAKE-192f.priv_len=96
slh.SLH-DSA-SHAKE-192f.get_pub=1
slh.SLH-DSA-SHAKE-192f.pub_len=48
slh.SLH-DSA-SHAKE-192f.pub_matches_vector=1
slh.SLH-DSA-SHAKE-192f.pub_sha256=159907ac799b78427c35b576fc0985edcc4c50aea03d81ffae1b40112c73913c
slh.SLH-DSA-SHAKE-192f.bits=384
slh.SLH-DSA-SHAKE-192f.security_bits=192
slh.SLH-DSA-SHAKE-192f.max_size=35664
slh.SLH-DSA-SHAKE-192f.missing_parameters=0
slh.SLH-DSA-SHAKE-192f.dup=1
slh.SLH-DSA-SHAKE-192f.dup_eq=1
slh.SLH-DSA-SHAKE-192f.dup_get_pub=1
slh.SLH-DSA-SHAKE-192f.dup_pub_matches=1
slh.SLH-DSA-SHAKE-256s.fetch=1
slh.SLH-DSA-SHAKE-256s.keygen_init=1
slh.SLH-DSA-SHAKE-256s.set_seed=1
slh.SLH-DSA-SHAKE-256s.generate=1
slh.SLH-DSA-SHAKE-256s.get_priv=1
slh.SLH-DSA-SHAKE-256s.priv_len=128
slh.SLH-DSA-SHAKE-256s.get_pub=1
slh.SLH-DSA-SHAKE-256s.pub_len=64
slh.SLH-DSA-SHAKE-256s.pub_matches_vector=1
slh.SLH-DSA-SHAKE-256s.pub_sha256=00d634f28d5c4b8de541dab64663925eb3a8f335e06b937ea1833d606a9761d4
slh.SLH-DSA-SHAKE-256s.bits=512
slh.SLH-DSA-SHAKE-256s.security_bits=256
slh.SLH-DSA-SHAKE-256s.max_size=29792
slh.SLH-DSA-SHAKE-256s.missing_parameters=0
slh.SLH-DSA-SHAKE-256s.dup=1
slh.SLH-DSA-SHAKE-256s.dup_eq=1
slh.SLH-DSA-SHAKE-256s.dup_get_pub=1
slh.SLH-DSA-SHAKE-256s.dup_pub_matches=1
slh.SLH-DSA-SHAKE-256f.fetch=1
slh.SLH-DSA-SHAKE-256f.keygen_init=1
slh.SLH-DSA-SHAKE-256f.set_seed=1
slh.SLH-DSA-SHAKE-256f.generate=1
slh.SLH-DSA-SHAKE-256f.get_priv=1
slh.SLH-DSA-SHAKE-256f.priv_len=128
slh.SLH-DSA-SHAKE-256f.get_pub=1
slh.SLH-DSA-SHAKE-256f.pub_len=64
slh.SLH-DSA-SHAKE-256f.pub_matches_vector=1
slh.SLH-DSA-SHAKE-256f.pub_sha256=7c7d7afd615b4d7b7e88bda39b3304fee5e933dcfb4d61f253f6a86573622b2d
slh.SLH-DSA-SHAKE-256f.bits=512
slh.SLH-DSA-SHAKE-256f.security_bits=256
slh.SLH-DSA-SHAKE-256f.max_size=49856
slh.SLH-DSA-SHAKE-256f.missing_parameters=0
slh.SLH-DSA-SHAKE-256f.dup=1
slh.SLH-DSA-SHAKE-256f.dup_eq=1
slh.SLH-DSA-SHAKE-256f.dup_get_pub=1
slh.SLH-DSA-SHAKE-256f.dup_pub_matches=1
mldsa.ML-DSA-44.fetch=1
mldsa.ML-DSA-44.is_a_full=1
mldsa.ML-DSA-44.is_a_short=1
mldsa.ML-DSA-44.is_a_oid=1
mldsa.ML-DSA-44.is_a_oid_name=1
mldsa.ML-DSA-44.is_a_other=0
mldsa.MLDSA44.alias_fetch=1
mldsa.ML-DSA-44.ctx=1
mldsa.ML-DSA-44.keygen_init=1
mldsa.ML-DSA-44.set_seed=1
mldsa.ML-DSA-44.generate=1
mldsa.ML-DSA-44.bits=10496
mldsa.ML-DSA-44.security_bits=128
mldsa.ML-DSA-44.max_size=2420
mldsa.ML-DSA-44.security_category=2
mldsa.ML-DSA-44.get_pub=1
mldsa.ML-DSA-44.pub_len=1312
mldsa.ML-DSA-44.pub_sha256=9f107644c1084526af3bc8098680b05499a2325a644e388fb4f970e058d19d46
mldsa.ML-DSA-65.fetch=1
mldsa.ML-DSA-65.is_a_full=1
mldsa.ML-DSA-65.is_a_short=1
mldsa.ML-DSA-65.is_a_oid=1
mldsa.ML-DSA-65.is_a_oid_name=1
mldsa.ML-DSA-65.is_a_other=0
mldsa.MLDSA65.alias_fetch=1
mldsa.ML-DSA-65.ctx=1
mldsa.ML-DSA-65.keygen_init=1
mldsa.ML-DSA-65.set_seed=1
mldsa.ML-DSA-65.generate=1
mldsa.ML-DSA-65.bits=15616
mldsa.ML-DSA-65.security_bits=192
mldsa.ML-DSA-65.max_size=3309
mldsa.ML-DSA-65.security_category=3
mldsa.ML-DSA-65.get_pub=1
mldsa.ML-DSA-65.pub_len=1952
mldsa.ML-DSA-65.pub_sha256=d666806e11cee19a7c989f7445f90dd419cf4d2d51db8c0fdb4c0f0a542238c9
mldsa.ML-DSA-87.fetch=1
mldsa.ML-DSA-87.is_a_full=1
mldsa.ML-DSA-87.is_a_short=1
mldsa.ML-DSA-87.is_a_oid=1
mldsa.ML-DSA-87.is_a_oid_name=1
mldsa.ML-DSA-87.is_a_other=0
mldsa.MLDSA87.alias_fetch=1
mldsa.ML-DSA-87.ctx=1
mldsa.ML-DSA-87.keygen_init=1
mldsa.ML-DSA-87.set_seed=1
mldsa.ML-DSA-87.generate=1
mldsa.ML-DSA-87.bits=20736
mldsa.ML-DSA-87.security_bits=256
mldsa.ML-DSA-87.max_size=4627
mldsa.ML-DSA-87.security_category=5
mldsa.ML-DSA-87.get_pub=1
mldsa.ML-DSA-87.pub_len=2592
mldsa.ML-DSA-87.pub_sha256=91dc389cfaa01470b7f66eee45a4ae9026d154817c754dfe22298b3fa241ffcd
mldsa.absent.fetch=0
