FRF-MUTANT:stdout-first-line:transcript.sha256=6484e4ac09b1df19cc4e4ebd38023cf46c762b69df1aa70380a0585ce91abbe3
read.nonnull=1
read.nf=3
read.rows=3
read.r0.f0=616c7068613d31
read.r0.f1=7809797979
read.r0.f2=7a
read.r1.f0=626574613d32
read.r1.f1=70
read.r1.f2=71
read.r2.f0=67616d6d613d33
read.r2.f1=6d
read.r2.f2=6e
write.ret=40
write.len=40
write.hex=616c7068613d3109785c09797979097a0a626574613d32097009710a67616d6d613d33096d096e0a
rt.nonnull=1
rt.nf=3
rt.rows=3
rt.r0.f0=616c7068613d31
rt.r0.f1=7809797979
rt.r0.f2=7a
rt.r1.f0=626574613d32
rt.r1.f1=70
rt.r1.f2=71
rt.r2.f0=67616d6d613d33
rt.r2.f1=6d
rt.r2.f2=6e
idx.create.ret=1
idx.hit.nonnull=1
idx.hit.error=0
idx.hit.f0=626574613d32
idx.miss.nonnull=0
idx.miss.error=0
idx.oor.nonnull=0
idx.oor.error=3
idx.noindex.nonnull=0
idx.noindex.error=4
ins.ret=1
ins.rows=4
ins.find.nonnull=1
ins.dup.ret=0
ins.dup.error=2
ins.dup.arg1=0
ins.dup.rows=4
ins.dup.arg_row.same=1
ins.dup.arg_row.f0=626574613d32
write2.ret=52
write2.hex=616c7068613d3109785c09797979097a0a626574613d32097009710a67616d6d613d33096d096e0a64656c74613d34097209730a
bad.few.nonnull=0
bad.many.nonnull=0
dupdb.nonnull=1
dupdb.rows=2
idx.dup.create.ret=0
idx.dup.error=2
idx.dup.arg1=0
idx.dup.arg2=1
free.done=1
