FRF-MUTANT:stdout-first-line:transcript.sha256=feb7c8e2044e4ae190b6882d2c6372dfd88025d793c64bb26a1bdbdeb7e94ac3
ameth.count.positive=1
ameth.get0.negative_is_null=1
ameth.find.none_is_null=1
ameth.find.6.notnull=1
ameth.find.6.info_ret=1
ameth.find.6.pkey_id=6
ameth.find.6.pkey_base_id=6
ameth.find.6.pkey_flags=4
ameth.find.6.info=OpenSSL RSA method
ameth.find.6.pem=RSA
ameth.get0.scan_finds.6=1
ameth.get0.same_object.6=1
ameth.find.19.notnull=1
ameth.find.19.info_ret=1
ameth.find.19.pkey_id=6
ameth.find.19.pkey_base_id=6
ameth.find.19.pkey_flags=4
ameth.find.19.info=OpenSSL RSA method
ameth.find.19.pem=RSA
ameth.get0.scan_finds.19=1
ameth.get0.same_object.19=1
ameth.find.28.notnull=1
ameth.find.28.info_ret=1
ameth.find.28.pkey_id=28
ameth.find.28.pkey_base_id=28
ameth.find.28.pkey_flags=0
ameth.find.28.info=OpenSSL PKCS#3 DH method
ameth.find.28.pem=DH
ameth.get0.scan_finds.28=1
ameth.get0.same_object.28=1
ameth.find.67.notnull=1
ameth.find.67.info_ret=1
ameth.find.67.pkey_id=116
ameth.find.67.pkey_base_id=116
ameth.find.67.pkey_flags=0
ameth.find.67.info=OpenSSL DSA method
ameth.find.67.pem=DSA
ameth.get0.scan_finds.67=1
ameth.get0.same_object.67=1
ameth.find.70.notnull=0
ameth.get0.scan_finds.70=1
ameth.get0.same_object.70=0
ameth.find.113.notnull=0
ameth.get0.scan_finds.113=1
ameth.get0.same_object.113=0
ameth.find.116.notnull=1
ameth.find.116.info_ret=1
ameth.find.116.pkey_id=116
ameth.find.116.pkey_base_id=116
ameth.find.116.pkey_flags=0
ameth.find.116.info=OpenSSL DSA method
ameth.find.116.pem=DSA
ameth.get0.scan_finds.116=1
ameth.get0.same_object.116=1
ameth.find.408.notnull=1
ameth.find.408.info_ret=1
ameth.find.408.pkey_id=408
ameth.find.408.pkey_base_id=408
ameth.find.408.pkey_flags=0
ameth.find.408.info=OpenSSL EC algorithm
ameth.find.408.pem=EC
ameth.get0.scan_finds.408=1
ameth.get0.same_object.408=1
ameth.find.912.notnull=1
ameth.find.912.info_ret=1
ameth.find.912.pkey_id=912
ameth.find.912.pkey_base_id=912
ameth.find.912.pkey_flags=4
ameth.find.912.info=OpenSSL RSA-PSS method
ameth.find.912.pem=RSA-PSS
ameth.get0.scan_finds.912=1
ameth.get0.same_object.912=1
ameth.find.920.notnull=1
ameth.find.920.info_ret=1
ameth.find.920.pkey_id=920
ameth.find.920.pkey_base_id=920
ameth.find.920.pkey_flags=0
ameth.find.920.info=OpenSSL X9.42 DH method
ameth.find.920.pem=X9.42 DH
ameth.get0.scan_finds.920=1
ameth.get0.same_object.920=1
ameth.find.1172.notnull=1
ameth.find.1172.info_ret=1
ameth.find.1172.pkey_id=408
ameth.find.1172.pkey_base_id=408
ameth.find.1172.pkey_flags=0
ameth.find.1172.info=OpenSSL EC algorithm
ameth.find.1172.pem=EC
ameth.get0.scan_finds.1172=1
ameth.get0.same_object.1172=1
ameth.find_str.rsa_measured.notnull=1
ameth.find_str.rsa_measured.info_ret=1
ameth.find_str.rsa_measured.pkey_id=6
ameth.find_str.rsa_measured.pkey_base_id=6
ameth.find_str.rsa_measured.pkey_flags=4
ameth.find_str.rsa_measured.info=OpenSSL RSA method
ameth.find_str.rsa_measured.pem=RSA
ameth.find_str.rsa_explicit.notnull=1
ameth.find_str.rsa_explicit.info_ret=1
ameth.find_str.rsa_explicit.pkey_id=6
ameth.find_str.rsa_explicit.pkey_base_id=6
ameth.find_str.rsa_explicit.pkey_flags=4
ameth.find_str.rsa_explicit.info=OpenSSL RSA method
ameth.find_str.rsa_explicit.pem=RSA
ameth.find_str.rsa_lowercase.notnull=1
ameth.find_str.rsa_lowercase.info_ret=1
ameth.find_str.rsa_lowercase.pkey_id=6
ameth.find_str.rsa_lowercase.pkey_base_id=6
ameth.find_str.rsa_lowercase.pkey_flags=4
ameth.find_str.rsa_lowercase.info=OpenSSL RSA method
ameth.find_str.rsa_lowercase.pem=RSA
ameth.find_str.rsa_prefix.notnull=0
ameth.find_str.rsa_too_long.notnull=0
ameth.find_str.dsa.notnull=1
ameth.find_str.dsa.info_ret=1
ameth.find_str.dsa.pkey_id=116
ameth.find_str.dsa.pkey_base_id=116
ameth.find_str.dsa.pkey_flags=0
ameth.find_str.dsa.info=OpenSSL DSA method
ameth.find_str.dsa.pem=DSA
ameth.find_str.dh.notnull=1
ameth.find_str.dh.info_ret=1
ameth.find_str.dh.pkey_id=28
ameth.find_str.dh.pkey_base_id=28
ameth.find_str.dh.pkey_flags=0
ameth.find_str.dh.info=OpenSSL PKCS#3 DH method
ameth.find_str.dh.pem=DH
ameth.find_str.dhx.notnull=0
ameth.find_str.ec.notnull=1
ameth.find_str.ec.info_ret=1
ameth.find_str.ec.pkey_id=408
ameth.find_str.ec.pkey_base_id=408
ameth.find_str.ec.pkey_flags=0
ameth.find_str.ec.info=OpenSSL EC algorithm
ameth.find_str.ec.pem=EC
ameth.find_str.rsa_pss.notnull=1
ameth.find_str.rsa_pss.info_ret=1
ameth.find_str.rsa_pss.pkey_id=912
ameth.find_str.rsa_pss.pkey_base_id=912
ameth.find_str.rsa_pss.pkey_flags=4
ameth.find_str.rsa_pss.info=OpenSSL RSA-PSS method
ameth.find_str.rsa_pss.pem=RSA-PSS
ameth.find_str.absent.notnull=0
ameth.find_str.empty.notnull=0
ameth.find_str.null_ameth=0
ameth.type.6=6
ameth.type.19=6
ameth.type.28=28
ameth.type.67=116
ameth.type.70=0
ameth.type.113=0
ameth.type.116=116
ameth.type.408=408
ameth.type.912=912
ameth.type.920=920
ameth.type.1172=408
ameth.type.undef=0
ameth.type.none=0
ameth.type.keymgmt=0
ameth.assign.rsa.built=1
ameth.assign.rsa.ret=1
ameth.assign.rsa.id=6
ameth.assign.rsa.base_id=6
ameth.assign.rsa.ameth_notnull=1
ameth.assign.rsa.info_ret=1
ameth.assign.rsa.pkey_id=6
ameth.assign.rsa.pkey_base_id=6
ameth.assign.rsa.pkey_flags=4
ameth.assign.rsa.info=OpenSSL RSA method
ameth.assign.rsa.pem=RSA
ameth.assign.dh.built=1
ameth.assign.dh.ret=1
ameth.assign.dh.id=28
ameth.assign.dh.base_id=28
ameth.assign.dh.ameth_notnull=1
ameth.assign.dh.info_ret=1
ameth.assign.dh.pkey_id=28
ameth.assign.dh.pkey_base_id=28
ameth.assign.dh.pkey_flags=0
ameth.assign.dh.info=OpenSSL PKCS#3 DH method
ameth.assign.dh.pem=DH
ameth.assign.dh.get0_dh_is_key=1
ameth.assign.sm2.built=1
ameth.assign.sm2.ret=1
ameth.assign.sm2.id=1172
ameth.assign.sm2.base_id=408
ameth.assign.sm2.ameth_notnull=1
ameth.assign.sm2.info_ret=1
ameth.assign.sm2.pkey_id=408
ameth.assign.sm2.pkey_base_id=408
ameth.assign.sm2.pkey_flags=0
ameth.assign.sm2.info=OpenSSL EC algorithm
ameth.assign.sm2.pem=EC
ameth.assign.ec.built=1
ameth.assign.ec.ret=1
ameth.assign.ec.id=408
ameth.assign.ec.base_id=408
ameth.params.built=1
ameth.params.set1_a=1
ameth.params.set1_b=1
ameth.params.id_a=28
ameth.params.base_id_a=28
ameth.params.missing_a=0
ameth.params.cmp_ab=1
ameth.params.copy_ba=1
ameth.params.cmp_after_copy=1
ameth.params.get0_dh_notnull=1
ameth.params.get1_dh_notnull=1
ameth.params.get1_dh_releases=1
ameth.params.blank.missing=0
ameth.params.empty_rsa.built=1
ameth.params.empty_rsa.assign=1
ameth.params.empty_rsa.missing=0
ameth.refuse.dh.built=1
ameth.refuse.dh.assign=1
ameth.refuse.get0_rsa_is_null=1
ameth.get0_rsa_on_dh.err.0=50331775:../../src/openssl-3.6.4/crypto/evp/p_legacy.c:43:evp_pkey_get0_RSA_int
ameth.get0_rsa_on_dh.err.count=1
ameth.refuse.get1_rsa_is_null=1
ameth.get1_rsa_on_dh.err.0=50331775:../../src/openssl-3.6.4/crypto/evp/p_legacy.c:43:evp_pkey_get0_RSA_int
ameth.get1_rsa_on_dh.err.count=1
ameth.refuse.get0_dsa_is_null=1
ameth.get0_dsa_on_dh.err.0=50331777:../../src/openssl-3.6.4/crypto/evp/p_lib.c:890:evp_pkey_get0_DSA_int
ameth.get0_dsa_on_dh.err.count=1
ameth.refuse.get0_ec_is_null=1
ameth.get0_ec_on_dh.err.0=50331790:../../src/openssl-3.6.4/crypto/evp/p_legacy.c:79:evp_pkey_get0_EC_KEY_int
ameth.get0_ec_on_dh.err.count=1
ameth.refuse.find_unknown_is_null=1
ameth.find_unknown.err.count=0
ameth.refuse.find_str_unknown_is_null=1
ameth.find_str_unknown.err.count=0
ameth.refuse.blank.ameth_is_null=1
ameth.d2i_keyparams.rsa.notnull=0
ameth.d2i_keyparams.rsa.slot_null=1
ameth.d2i_keyparams_rsa.err.0=109052100:../../src/openssl-3.6.4/crypto/asn1/d2i_param.c:33:d2i_KeyParams
ameth.d2i_keyparams_rsa.err.count=1
ameth.d2i_keyparams.sm2.notnull=0
ameth.d2i_keyparams.sm2.slot_null=1
ameth.d2i_keyparams_sm2.err.count=0
ameth.d2i_publickey.dh.notnull=0
ameth.d2i_publickey.dh.slot_null=1
ameth.d2i_publickey_dh.err.0=109052067:../../src/openssl-3.6.4/crypto/asn1/d2i_pu.c:86:d2i_PublicKey
ameth.d2i_publickey_dh.err.count=1
ameth.d2i_keyparams_bio.built=1
ameth.d2i_keyparams_bio.rsa.notnull=0
ameth.d2i_keyparams_bio.rsa.slot_null=1
ameth.d2i_keyparams_bio_rsa.err.0=109052100:../../src/openssl-3.6.4/crypto/asn1/d2i_param.c:33:d2i_KeyParams
ameth.d2i_keyparams_bio_rsa.err.count=1
ameth.pmeth.count_at_least_six=1
ameth.pmeth.find.none_is_null=1
ameth.pmeth.find.6.notnull=1
ameth.pmeth.find.6.pkey_id=6
ameth.pmeth.find.6.flags=2
ameth.pmeth.get0.0.0.notnull=1
ameth.pmeth.get0.0.0.pkey_id=6
ameth.pmeth.get0.0.0.same=1
ameth.pmeth.get0.0.1.notnull=1
ameth.pmeth.get0.0.1.pkey_id=28
ameth.pmeth.get0.0.1.same=0
ameth.pmeth.get0.0.2.notnull=1
ameth.pmeth.get0.0.2.pkey_id=116
ameth.pmeth.get0.0.2.same=0
ameth.pmeth.get0.0.3.notnull=1
ameth.pmeth.get0.0.3.pkey_id=408
ameth.pmeth.get0.0.3.same=0
ameth.pmeth.get0.0.4.notnull=1
ameth.pmeth.get0.0.4.pkey_id=912
ameth.pmeth.get0.0.4.same=0
ameth.pmeth.get0.0.5.notnull=1
ameth.pmeth.get0.0.5.pkey_id=920
ameth.pmeth.get0.0.5.same=0
ameth.pmeth.find.28.notnull=1
ameth.pmeth.find.28.pkey_id=28
ameth.pmeth.find.28.flags=0
ameth.pmeth.get0.1.0.notnull=1
ameth.pmeth.get0.1.0.pkey_id=6
ameth.pmeth.get0.1.0.same=0
ameth.pmeth.get0.1.1.notnull=1
ameth.pmeth.get0.1.1.pkey_id=28
ameth.pmeth.get0.1.1.same=1
ameth.pmeth.get0.1.2.notnull=1
ameth.pmeth.get0.1.2.pkey_id=116
ameth.pmeth.get0.1.2.same=0
ameth.pmeth.get0.1.3.notnull=1
ameth.pmeth.get0.1.3.pkey_id=408
ameth.pmeth.get0.1.3.same=0
ameth.pmeth.get0.1.4.notnull=1
ameth.pmeth.get0.1.4.pkey_id=912
ameth.pmeth.get0.1.4.same=0
ameth.pmeth.get0.1.5.notnull=1
ameth.pmeth.get0.1.5.pkey_id=920
ameth.pmeth.get0.1.5.same=0
ameth.pmeth.find.116.notnull=1
ameth.pmeth.find.116.pkey_id=116
ameth.pmeth.find.116.flags=2
ameth.pmeth.get0.2.0.notnull=1
ameth.pmeth.get0.2.0.pkey_id=6
ameth.pmeth.get0.2.0.same=0
ameth.pmeth.get0.2.1.notnull=1
ameth.pmeth.get0.2.1.pkey_id=28
ameth.pmeth.get0.2.1.same=0
ameth.pmeth.get0.2.2.notnull=1
ameth.pmeth.get0.2.2.pkey_id=116
ameth.pmeth.get0.2.2.same=1
ameth.pmeth.get0.2.3.notnull=1
ameth.pmeth.get0.2.3.pkey_id=408
ameth.pmeth.get0.2.3.same=0
ameth.pmeth.get0.2.4.notnull=1
ameth.pmeth.get0.2.4.pkey_id=912
ameth.pmeth.get0.2.4.same=0
ameth.pmeth.get0.2.5.notnull=1
ameth.pmeth.get0.2.5.pkey_id=920
ameth.pmeth.get0.2.5.same=0
ameth.pmeth.find.408.notnull=1
ameth.pmeth.find.408.pkey_id=408
ameth.pmeth.find.408.flags=0
ameth.pmeth.get0.3.0.notnull=1
ameth.pmeth.get0.3.0.pkey_id=6
ameth.pmeth.get0.3.0.same=0
ameth.pmeth.get0.3.1.notnull=1
ameth.pmeth.get0.3.1.pkey_id=28
ameth.pmeth.get0.3.1.same=0
ameth.pmeth.get0.3.2.notnull=1
ameth.pmeth.get0.3.2.pkey_id=116
ameth.pmeth.get0.3.2.same=0
ameth.pmeth.get0.3.3.notnull=1
ameth.pmeth.get0.3.3.pkey_id=408
ameth.pmeth.get0.3.3.same=1
ameth.pmeth.get0.3.4.notnull=1
ameth.pmeth.get0.3.4.pkey_id=912
ameth.pmeth.get0.3.4.same=0
ameth.pmeth.get0.3.5.notnull=1
ameth.pmeth.get0.3.5.pkey_id=920
ameth.pmeth.get0.3.5.same=0
ameth.pmeth.find.912.notnull=1
ameth.pmeth.find.912.pkey_id=912
ameth.pmeth.find.912.flags=2
ameth.pmeth.get0.4.0.notnull=1
ameth.pmeth.get0.4.0.pkey_id=6
ameth.pmeth.get0.4.0.same=0
ameth.pmeth.get0.4.1.notnull=1
ameth.pmeth.get0.4.1.pkey_id=28
ameth.pmeth.get0.4.1.same=0
ameth.pmeth.get0.4.2.notnull=1
ameth.pmeth.get0.4.2.pkey_id=116
ameth.pmeth.get0.4.2.same=0
ameth.pmeth.get0.4.3.notnull=1
ameth.pmeth.get0.4.3.pkey_id=408
ameth.pmeth.get0.4.3.same=0
ameth.pmeth.get0.4.4.notnull=1
ameth.pmeth.get0.4.4.pkey_id=912
ameth.pmeth.get0.4.4.same=1
ameth.pmeth.get0.4.5.notnull=1
ameth.pmeth.get0.4.5.pkey_id=920
ameth.pmeth.get0.4.5.same=0
ameth.pmeth.find.920.notnull=1
ameth.pmeth.find.920.pkey_id=920
ameth.pmeth.find.920.flags=0
ameth.pmeth.get0.5.0.notnull=1
ameth.pmeth.get0.5.0.pkey_id=6
ameth.pmeth.get0.5.0.same=0
ameth.pmeth.get0.5.1.notnull=1
ameth.pmeth.get0.5.1.pkey_id=28
ameth.pmeth.get0.5.1.same=0
ameth.pmeth.get0.5.2.notnull=1
ameth.pmeth.get0.5.2.pkey_id=116
ameth.pmeth.get0.5.2.same=0
ameth.pmeth.get0.5.3.notnull=1
ameth.pmeth.get0.5.3.pkey_id=408
ameth.pmeth.get0.5.3.same=0
ameth.pmeth.get0.5.4.notnull=1
ameth.pmeth.get0.5.4.pkey_id=912
ameth.pmeth.get0.5.4.same=0
ameth.pmeth.get0.5.5.notnull=1
ameth.pmeth.get0.5.5.pkey_id=920
ameth.pmeth.get0.5.5.same=1
ameth.pmeth.get0.far_is_null=1
ameth.cov.dh.built=1
ameth.cov.rsa.built=1
ameth.cov.set1_rsa.ret=1
ameth.cov.set1_rsa.id=6
ameth.cov.set1_rsa.same=1
ameth.cov.get1_rsa.notnull=1
ameth.cov.dsa.built=1
ameth.cov.set1_dsa.ret=1
ameth.cov.set1_dsa.id=116
ameth.cov.set1_dsa.same=1
ameth.cov.get1_dsa.notnull=1
ameth.cov.ec.built=1
ameth.cov.set1_ec.ret=1
ameth.cov.set1_ec.id=408
ameth.cov.set1_ec.base_id=408
ameth.cov.set1_ec.same=1
ameth.cov.get1_ec.notnull=1
ameth.cov.conv_form=4
ameth.cov.field_type=406
ameth.cov.conv_form_dh=0
ameth.conv_form_on_dh.err.0=50331790:../../src/openssl-3.6.4/crypto/evp/p_legacy.c:79:evp_pkey_get0_EC_KEY_int
ameth.conv_form_on_dh.err.count=1
ameth.cov.field_type_dh=0
ameth.field_type_on_dh.err.0=50331790:../../src/openssl-3.6.4/crypto/evp/p_legacy.c:79:evp_pkey_get0_EC_KEY_int
ameth.field_type_on_dh.err.count=1
ameth.cov.hmac_is_null=1
ameth.cov.hmac.len_untouched=1
ameth.hmac_on_dh.err.0=50331822:../../src/openssl-3.6.4/crypto/evp/p_lib.c:840:EVP_PKEY_get0_hmac
ameth.hmac_on_dh.err.count=1
ameth.cov.poly1305_is_null=1
ameth.cov.poly1305.len_untouched=1
ameth.poly1305_on_dh.err.0=50331812:../../src/openssl-3.6.4/crypto/evp/p_lib.c:856:EVP_PKEY_get0_poly1305
ameth.poly1305_on_dh.err.count=1
ameth.cov.siphash_is_null=1
ameth.cov.siphash.len_untouched=1
ameth.siphash_on_dh.err.0=50331823:../../src/openssl-3.6.4/crypto/evp/p_lib.c:874:EVP_PKEY_get0_siphash
ameth.siphash_on_dh.err.count=1
ameth.cov.encrypt_old_dh=0
ameth.encrypt_old_on_dh.err.0=50331754:../../src/openssl-3.6.4/crypto/evp/p_enc.c:28:EVP_PKEY_encrypt_old
ameth.encrypt_old_on_dh.err.count=1
ameth.cov.decrypt_old_dh=-1
ameth.decrypt_old_on_dh.err.0=50331754:../../src/openssl-3.6.4/crypto/evp/p_dec.c:28:EVP_PKEY_decrypt_old
ameth.decrypt_old_on_dh.err.count=1
ameth.print.rsa.built=1
ameth.print.rsa.ret=1
ameth.print.rsa.len_pos=1
ameth.print.rsa.indent4=1
ameth.print.rsa.header=0
ameth.print.dsa.built=1
ameth.print.dsa.ret=1
ameth.print.dsa.len_pos=1
ameth.print.dsa.indent4=1
ameth.print.dsa.header=0
ameth.print.dsaparams.ret=1
ameth.print.dsaparams.len_pos=1
ameth.print.dsaparams.indent4=1
ameth.print.dsaparams.header=0
ameth.print.ec.built=1
ameth.print.ec.ret=1
ameth.print.ec.len_pos=1
ameth.print.ec.indent4=1
ameth.print.ec.header=1
ameth.print.rsa_fp.built=1
ameth.print.rsa_fp.ret=1
ameth.print.rsa_fp.len_pos=1
ameth.print.rsa_fp.indent4=1
ameth.print.rsa_fp.header=0
ameth.print.dsa_fp.built=1
ameth.print.dsa_fp.ret=1
ameth.print.dsa_fp.len_pos=1
ameth.print.dsa_fp.indent4=1
ameth.print.dsa_fp.header=0
ameth.print.dsaparams_fp.ret=1
ameth.print.dsaparams_fp.len_pos=1
ameth.print.dsaparams_fp.indent4=1
ameth.print.dsaparams_fp.header=0
ameth.print.ec_fp.built=1
ameth.print.ec_fp.ret=1
ameth.print.ec_fp.len_pos=1
ameth.print.ec_fp.indent4=1
ameth.print.ec_fp.header=1
ameth.print.pkey.built=1
ameth.print.pkey.private=1
ameth.print.pkey.private_indent4=1
ameth.print.pkey.private_header=0
ameth.print.pkey.public=1
ameth.print.pkey.public_indent4=1
ameth.print.pkey.public_header=0
ameth.print.pkey.params=1
ameth.print.pkey.params_indent4=1
ameth.print.pkey.params_unsup=1
ameth.print.pkey.private_fp=1
ameth.print.pkey.public_fp=1
ameth.print.pkey.params_fp=1
