FRF-MUTANT:stdout-first-line:transcript.sha256=578b8c3656c95a119c886fdd71c7ace3bdd51ced483a5d5c8888e5e8275b5a64
probe.kind=cpu-capability
probe.arch=x86
probe.reachable.ia32cap_p=1
probe.reachable.cpuid_setup=1
probe.reachable.ia32_cpuid=1
probe.setup.called=1
probe.setup.stable=1
cap.word.0=0x078bffff
cap.after_setup.0=0x078bffff
cap.word.1=0x7ed8320b
cap.after_setup.1=0x7ed8320b
cap.word.2=0xf1bf97ab
cap.after_setup.2=0xf1bf97ab
cap.word.3=0x19405fde
cap.after_setup.3=0x19405fde
cap.synthetic.pair=0x7ed8320b078bffff
cap.synthetic.word.4=0x10000110
cap.synthetic.word.5=0x00000030
probe.cpuid.called=1
api.cpuinfo=CPUINFO: OPENSSL_ia32cap=0x7ed8320b078bffff:0x19405fdef1bf97ab:0x0000003010000110:0x0000000000000000:0x0000000000000000
api.cpu_settings_null=0
api.cpu_settings=OPENSSL_ia32cap=0x7ed8320b078bffff:0x19405fdef1bf97ab:0x0000003010000110:0x0000000000000000:0x0000000000000000
sel.aes128cbcsha1.null=0
sel.aes256cbcsha1.null=0
sel.aes128cbcsha256.null=0
sel.aes256cbcsha256.null=0
probe.done=1
