transcript.sha256=69294c959601facecdba79db1966a8422e8e657372b21b49e4cb4e919e80d5ba
ptype.null=19
ptype.null_neg_len=19
ptype.empty=19
ptype.empty_zero_len=19
ptype.printable=19
ptype.printable_prefix=19
ptype.printable_zero_len=19
ptype.ia5_semicolon=22
ptype.ia5_del=22
ptype.ia5_newline=22
ptype.t61_high=20
ptype.t61_all_high=20
ptype.one.c20=19
ptype.one.c21=22
ptype.one.c22=22
ptype.one.c23=22
ptype.one.c24=22
ptype.one.c25=22
ptype.one.c26=22
ptype.one.c27=19
ptype.one.c28=19
ptype.one.c29=19
ptype.one.c2a=22
ptype.one.c2b=19
ptype.one.c2c=19
ptype.one.c2d=19
ptype.one.c2e=19
ptype.one.c2f=19
ptype.one.c30=19
ptype.one.c31=19
ptype.one.c32=19
ptype.one.c33=19
ptype.one.c34=19
ptype.one.c35=19
ptype.one.c36=19
ptype.one.c37=19
ptype.one.c38=19
ptype.one.c39=19
ptype.one.c3a=19
ptype.one.c3b=22
ptype.one.c3c=22
ptype.one.c3d=19
ptype.one.c3e=22
ptype.one.c3f=19
ptype.one.c40=22
ptype.one.c41=19
ptype.one.c42=19
ptype.one.c43=19
ptype.one.c44=19
ptype.one.c45=19
ptype.one.c46=19
ptype.one.c47=19
ptype.one.c48=19
ptype.one.c49=19
ptype.one.c4a=19
ptype.one.c4b=19
ptype.one.c4c=19
ptype.one.c4d=19
ptype.one.c4e=19
ptype.one.c4f=19
ptype.one.c50=19
ptype.one.c51=19
ptype.one.c52=19
ptype.one.c53=19
ptype.one.c54=19
ptype.one.c55=19
ptype.one.c56=19
ptype.one.c57=19
ptype.one.c58=19
ptype.one.c59=19
ptype.one.c5a=19
ptype.one.c5b=22
ptype.one.c5c=22
ptype.one.c5d=22
ptype.one.c5e=22
ptype.one.c5f=22
ptype.one.c60=22
ptype.one.c61=19
ptype.one.c62=19
ptype.one.c63=19
ptype.one.c64=19
ptype.one.c65=19
ptype.one.c66=19
ptype.one.c67=19
ptype.one.c68=19
ptype.one.c69=19
ptype.one.c6a=19
ptype.one.c6b=19
ptype.one.c6c=19
ptype.one.c6d=19
ptype.one.c6e=19
ptype.one.c6f=19
ptype.one.c70=19
ptype.one.c71=19
ptype.one.c72=19
ptype.one.c73=19
ptype.one.c74=19
ptype.one.c75=19
ptype.one.c76=19
ptype.one.c77=19
ptype.one.c78=19
ptype.one.c79=19
ptype.one.c7a=19
ptype.one.c7b=22
ptype.one.c7c=22
ptype.one.c7d=22
ptype.one.c7e=22
univ.ab=1
ab.type=19
ab.len=2
ab.data=4142
univ.err=<empty>
univ.nonzero_prefix=0
nonzero_prefix.type=28
nonzero_prefix.len=4
nonzero_prefix.data=00000141
univ.err=<empty>
univ.not_multiple_of_4=0
not_multiple_of_4.type=28
not_multiple_of_4.len=5
not_multiple_of_4.data=0000004100
univ.err=<empty>
univ.high_after_compaction=1
high_after_compaction.type=20
high_after_compaction.len=2
high_after_compaction.data=4180
univ.err=<empty>
univ.empty=1
empty.type=19
empty.len=0
empty.data=
univ.err=<empty>
univ.wrong_type=0
wrong_type.type=4
wrong_type.len=8
wrong_type.data=0000004100000042
univ.err=<empty>
univ.bmp_type=0
bmp_type.type=30
bmp_type.len=8
bmp_type.data=0000004100000042
univ.err=<empty>
sprint.null=0
sprint.empty=1
empty.n=0
empty=
sprint.short=1
short.n=1
short=5
sprint.controls=1
controls.n=1
controls=11
sprint.high=1
high.n=1
high=5
sprint.exactly_80=1
exactly_80.n=1
exactly_80=80
sprint.exactly_81=1
exactly_81.n=2
exactly_81=80,1
sprint.exactly_160=1
exactly_160.n=2
exactly_160=80,80
sprint.fresh=1
sprint.fresh.n=0
sprint.fresh=
mb.asc_printable.classify=19
mb.err=<empty>
mb.asc_default_mask.classify=19
mb.err=<empty>
mb.asc_latin1.classify=20
mb.err=<empty>
mb.asc_numeric.classify=18
mb.err=<empty>
mb.asc_semicolon.classify=22
mb.err=<empty>
mb.null_len.classify=19
mb.err=<empty>
mb.all_seven.classify=19
mb.err=<empty>
mb.only_unknown_bit.classify=12
mb.err=<empty>
mb.unknown_plus_printable.classify=19
mb.err=<empty>
mb.bad_inform.classify=-1
mb.err=unknown format[]
mb.asc_to_dir.rv=19
mb.asc_to_dir.reused=0
asc_to_dir.type=19
asc_to_dir.len=5
asc_to_dir.data=68656c6c6f
mb.err=<empty>
mb.asc_with_nul.rv=20
mb.asc_with_nul.reused=0
asc_with_nul.type=20
asc_with_nul.len=3
asc_with_nul.data=610062
mb.err=<empty>
mb.asc_latin1.rv=20
mb.asc_latin1.reused=0
asc_latin1.type=20
asc_latin1.len=6
asc_latin1.data=68e96c6c6f00
mb.err=<empty>
mb.utf8_to_asc.rv=20
mb.utf8_to_asc.reused=0
utf8_to_asc.type=20
utf8_to_asc.len=5
utf8_to_asc.data=68e96c6c6f
mb.err=<empty>
mb.utf8_to_bmp.rv=30
mb.utf8_to_bmp.reused=0
utf8_to_bmp.type=30
utf8_to_bmp.len=6
utf8_to_bmp.data=006820ac0021
mb.err=<empty>
mb.utf8_to_utf8.rv=12
mb.utf8_to_utf8.reused=0
utf8_to_utf8.type=12
utf8_to_utf8.len=5
utf8_to_utf8.data=68f09f9880
mb.err=<empty>
mb.bmp_to_asc.rv=19
mb.bmp_to_asc.reused=0
bmp_to_asc.type=19
bmp_to_asc.len=2
bmp_to_asc.data=4142
mb.err=<empty>
mb.univ_to_asc.rv=19
mb.univ_to_asc.reused=0
univ_to_asc.type=19
univ_to_asc.len=2
univ_to_asc.data=4142
mb.err=<empty>
mb.univ_to_univ.rv=28
mb.univ_to_univ.reused=0
univ_to_univ.type=28
univ_to_univ.len=8
univ_to_univ.data=0000004100000042
mb.err=<empty>
mb.univ_to_bmp.rv=30
mb.univ_to_bmp.reused=0
univ_to_bmp.type=30
univ_to_bmp.len=2
univ_to_bmp.data=20ac
mb.err=<empty>
mb.asc_to_univ.rv=28
mb.asc_to_univ.reused=0
asc_to_univ.type=28
asc_to_univ.len=8
asc_to_univ.data=0000004100000042
mb.err=<empty>
mb.asc_to_bmp.rv=30
mb.asc_to_bmp.reused=0
asc_to_bmp.type=30
asc_to_bmp.len=4
asc_to_bmp.data=00410042
mb.err=<empty>
mb.asc_utf8_only.rv=12
mb.asc_utf8_only.reused=0
asc_utf8_only.type=12
asc_utf8_only.len=2
asc_utf8_only.data=4142
mb.err=<empty>
mb.reuse.rv=19
mb.reuse.reused=1
reuse.type=19
reuse.len=3
reuse.data=4e4557
mb.err=<empty>
mb.reuse_utf8.rv=12
mb.reuse_utf8.reused=1
reuse_utf8.type=12
reuse_utf8.len=2
reuse_utf8.data=4142
mb.err=<empty>
mb.bad_utf8_ff.rv=-1
mb.bad_utf8_ff.reused=0
bad_utf8_ff=<null>
mb.err=invalid utf8string[]
mb.bad_utf8_surrogate.rv=-1
mb.bad_utf8_surrogate.reused=0
bad_utf8_surrogate=<null>
mb.err=invalid utf8string[]
mb.odd_bmp.rv=-1
mb.odd_bmp.reused=0
odd_bmp=<null>
mb.err=invalid bmpstring length[]
mb.odd_univ.rv=-1
mb.odd_univ.reused=0
odd_univ=<null>
mb.err=invalid universalstring length[]
mb.negative_len.rv=-1
mb.negative_len.reused=0
negative_len=<null>
mb.err=passed invalid argument[]
mb.huge_len.rv=-1
mb.huge_len.reused=0
huge_len=<null>
mb.err=string too long[]
mb.bad_inform.rv=-1
mb.bad_inform.reused=0
bad_inform=<null>
mb.err=unknown format[]
mb.high_byte_asc.rv=-1
mb.high_byte_asc.reused=0
high_byte_asc=<null>
mb.err=illegal characters[]
mbn.min_ok.rv=19
min_ok.type=19
min_ok.len=3
min_ok.data=616263
mbn.err=<empty>
mbn.min_short.rv=-1
min_short=<null>
mbn.err=string too short[minsize=3]
mbn.max_ok.rv=19
max_ok.type=19
max_ok.len=3
max_ok.data=616263
mbn.err=<empty>
mbn.max_long.rv=-1
max_long=<null>
mbn.err=string too long[maxsize=3]
mbn.both_bad_min_first.rv=-1
both_bad_min_first=<null>
mbn.err=string too short[minsize=9]
mbn.zero_means_unbounded.rv=19
zero_means_unbounded.type=19
zero_means_unbounded.len=3
zero_means_unbounded.data=616263
mbn.err=<empty>
row.commonName.nid=13
row.commonName.min=1
row.commonName.max=64
row.commonName.mask=10246
row.commonName.flags=0
row.err=<empty>
row.countryName.nid=14
row.countryName.min=2
row.countryName.max=2
row.countryName.mask=2
row.countryName.flags=2
row.err=<empty>
row.pkcs9_emailAddress.nid=48
row.pkcs9_emailAddress.min=1
row.pkcs9_emailAddress.max=128
row.pkcs9_emailAddress.mask=16
row.pkcs9_emailAddress.flags=2
row.err=<empty>
row.friendlyName.nid=156
row.friendlyName.min=-1
row.friendlyName.max=-1
row.friendlyName.mask=2048
row.friendlyName.flags=2
row.err=<empty>
row.dnQualifier.nid=174
row.dnQualifier.min=-1
row.dnQualifier.max=-1
row.dnQualifier.mask=2
row.dnQualifier.flags=2
row.err=<empty>
row.dnsName.nid=1092
row.dnsName.min=0
row.dnsName.max=-1
row.dnsName.mask=8192
row.dnsName.flags=2
row.err=<empty>
row.smtputf8.nid=1208
row.smtputf8.min=1
row.smtputf8.max=128
row.smtputf8.mask=8192
row.smtputf8.flags=2
row.err=<empty>
row.serialNumber.nid=105
row.serialNumber.min=1
row.serialNumber.max=64
row.serialNumber.mask=2
row.serialNumber.flags=2
row.err=<empty>
row.unknown=<null>
row.err=<empty>
row.zero=<null>
row.err=passed invalid argument[]
row.negative=<null>
row.err=passed invalid argument[]
add.commonName=1
add.commonName.err=<empty>
row.commonName.after.nid=13
row.commonName.after.min=3
row.commonName.after.max=10
row.commonName.after.mask=16
row.commonName.after.flags=1
row.err=<empty>
add.unknown_nid=1
add.unknown_nid.err=<empty>
row.unknown.after.nid=99990
row.unknown.after.min=1
row.unknown.after.max=2
row.unknown.after.mask=2
row.unknown.after.flags=1
row.err=<empty>
add.mask_only=1
add.mask_only.err=<empty>
row.commonName.mask_only.nid=13
row.commonName.mask_only.min=3
row.commonName.mask_only.max=10
row.commonName.mask_only.mask=8192
row.commonName.mask_only.flags=1
row.err=<empty>
add.clear_flags=1
add.clear_flags.err=<empty>
row.countryName.cleared.nid=14
row.countryName.cleared.min=2
row.countryName.cleared.max=2
row.countryName.cleared.mask=2
row.countryName.cleared.flags=1
row.err=<empty>
add.restore_no_mask=1
add.restore_no_mask.err=<empty>
row.countryName.restored.nid=14
row.countryName.restored.min=2
row.countryName.restored.max=2
row.countryName.restored.mask=2
row.countryName.restored.flags=3
row.err=<empty>
add.min_gt_max=0
add.min_gt_max.err=passed invalid argument[]
add.zero_nid=0
add.zero_nid.err=passed invalid argument[]
add.negative_nid=0
add.negative_nid.err=passed invalid argument[]
bynid.ia5_ok=1
bynid.ia5_ok.type=12
bynid.ia5_ok.len=3
bynid.ia5_ok.data=616263
bynid.ia5_ok.err=<empty>
bynid.ia5_short=0
bynid.ia5_short.null=1
bynid.ia5_short.err=string too short[minsize=3]
bynid.ia5_long=0
bynid.ia5_long.null=1
bynid.ia5_long.err=string too long[maxsize=10]
bynid.country=1
bynid.country.type=19
bynid.country.len=2
bynid.country.data=5553
bynid.country.err=<empty>
bynid.unknown_nid=1
bynid.unknown_nid.type=12
bynid.unknown_nid.len=5
bynid.unknown_nid.data=68656c6c6f
bynid.unknown_nid.err=<empty>
cleanup.done=1
row.commonName.after_cleanup.nid=13
row.commonName.after_cleanup.min=1
row.commonName.after_cleanup.max=64
row.commonName.after_cleanup.mask=10246
row.commonName.after_cleanup.flags=0
row.err=<empty>
row.unknown.after_cleanup=<null>
row.err=<empty>
mask.initial=8192
mask.set=16
bynid.masked_country=1
bynid.masked_country.type=19
bynid.masked_country.len=2
bynid.masked_country.data=5553
bynid.masked_country.err=<empty>
bynid.masked_common=1
bynid.masked_common.type=19
bynid.masked_common.len=2
bynid.masked_common.data=6869
bynid.masked_common.err=<empty>
ascmask.0.rv=1
ascmask.0.now=16
ascmask.err=<empty>
ascmask.1.rv=1
ascmask.1.now=16
ascmask.err=<empty>
ascmask.2.rv=1
ascmask.2.now=14
ascmask.err=<empty>
ascmask.3.rv=1
ascmask.3.now=0
ascmask.err=<empty>
ascmask.4.rv=1
ascmask.4.now=18446744073709541375
ascmask.err=<empty>
ascmask.5.rv=1
ascmask.5.now=18446744073709551611
ascmask.err=<empty>
ascmask.6.rv=1
ascmask.6.now=8192
ascmask.err=<empty>
ascmask.7.rv=1
ascmask.7.now=4294967295
ascmask.err=<empty>
ascmask.8.rv=0
ascmask.8.now=8192
ascmask.err=<empty>
ascmask.9.rv=0
ascmask.9.now=8192
ascmask.err=<empty>
ascmask.10.rv=0
ascmask.10.now=8192
ascmask.err=<empty>
ascmask.11.rv=0
ascmask.11.now=8192
ascmask.err=<empty>
ascmask.12.rv=0
ascmask.12.now=8192
ascmask.err=<empty>
ascmask.13.rv=0
ascmask.13.now=8192
ascmask.err=<empty>
ascmask.14.rv=0
ascmask.14.now=8192
ascmask.err=<empty>
buf.empty=1
buf.empty.len=1
buf.empty="."
buf.one=1
buf.one.len=3
buf.one="41."
buf.fifteen=1
buf.fifteen.len=45
buf.fifteen="01:02:03:04:05:06:07:08:09:0a:0b:0c:0d:0e:0f."
buf.sixteen=1
buf.sixteen.len=49
buf.sixteen="01:02:03:04:05:06:07:08:09:0a:0b:0c:0d:0e:0f:.10."
buf.thirtyone=1
buf.thirtyone.len=95
buf.thirtyone="aa:00:00:00:00:00:00:00:00:00:00:00:00:00:00:.00:00:00:00:00:00:00:00:00:00:00:00:00:00:00:.00."
buf.indent2=1
buf.indent2.len=53
buf.indent2="  01:02:03:04:05:06:07:08:09:0a:0b:0c:0d:0e:0f:.  10."
buf.indent80=1
buf.indent80.len=209
buf.indent80="                                                                                01:02:03:04:05:06:07:08:09:0a:0b:0c:0d:0e:0f:.                                                                                10."
buf.indent81=1
buf.indent81.len=211
buf.indent81="                                                                                 01:02:03:04:05:06:07:08:09:0a:0b:0c:0d:0e:0f:.                                                                                 10."
buf.indent_negative=1
buf.indent_negative.len=49
buf.indent_negative="01:02:03:04:05:06:07:08:09:0a:0b:0c:0d:0e:0f:.10."
bn.null=1
bn.null.len=0
bn.null=""
bn.zero=1
bn.zero.len=4
bn.zero="N 0."
bn.word=1
bn.word.len=16
bn.word="N 4660 (0x1234)."
bn.one=1
bn.one.len=12
bn.one="N 65 (0x41)."
bn.wide_low=1
bn.wide_low.len=33
bn.wide_low="K.    01:23:45:67:89:ab:cd:ef:11."
bn.wide_high=1
bn.wide_high.len=36
bn.wide_high="K.    00:80:23:45:67:89:ab:cd:ef:11."
bn.wide_indent=1
bn.wide_indent.len=40
bn.wide_indent="  K.      00:80:23:45:67:89:ab:cd:ef:11."
bn.wide_indent80=1
bn.wide_indent80.len=196
bn.wide_indent80="                                                                                K.                                                                                    00:80:23:45:67:89:ab:cd:ef:11."
bn.empty_name=1
bn.empty_name.len=32
bn.empty_name=".    01:23:45:67:89:ab:cd:ef:11."
bn.neg_word=1
bn.neg_word.len=18
bn.neg_word="N -4660 (-0x1234)."
bn.neg_wide=1
bn.neg_wide.len=47
bn.neg_wide="K (Negative).    00:80:23:45:67:89:ab:cd:ef:11."
done=1
