FRF-MUTANT:stdout-first-line:transcript.sha256=5ad23cfe5b82df5db0ebe751c59d7d02890c6854287d86495bb8095075624aa4
a.new_nonnull=1
a.oct_set=1
a.len_opt_absent=13
a.der_opt_absent=300b0204012345670403010203
a.rt_opt_absent_nonnull=1
a.rt_num=19088743
a.rt_oct_len=3
a.rt_oct_data=010203
a.rt_opt_is_null=1
a.rt_consumed=13
a.opt_set=1
a.len_opt_present=20
a.der_opt_present=30120204012345670403010203160568656c6c6f
a.rt_opt_present_nonnull=1
a.rt_opt_len=5
a.len_negative=17
a.der_negative=300f0201fb0403010203160568656c6c6f
a.rt_negative_num=-5
a.len_zero=17
a.der_zero=300f0201000403010203160568656c6c6f
a.rt_zero_num=0
a.reencode_same=300f0201070403010203160568656c6c6f
b.truncated_null=1
b.truncated_err=13:asn1 encoding routines:too long,13:asn1 encoding routines:bad object header,13:asn1 encoding routines:nested asn1 error
b.wrong_outer_null=1
b.wrong_outer_err=13:asn1 encoding routines:wrong tag,13:asn1 encoding routines:nested asn1 error
b.wrong_inner_null=1
b.wrong_inner_err=13:asn1 encoding routines:wrong tag,13:asn1 encoding routines:nested asn1 error,13:asn1 encoding routines:nested asn1 error
b.length_mismatch_null=1
b.length_mismatch_err=13:asn1 encoding routines:header too long,13:asn1 encoding routines:bad object header,13:asn1 encoding routines:nested asn1 error,13:asn1 encoding routines:nested asn1 error
c.new_nonnull=1
c.initial_selector=-1
c.initial_alt0_null=1
c.len_oct=4
c.der_oct=0402aabb
c.oct_nonnull=1
c.oct_selector=0
c.oct_len=2
c.len_int=4
c.der_int=02024242
c.int_nonnull=1
c.int_selector=1
c.int_value=16962
c.no_match_null=1
c.no_match_err=13:asn1 encoding routines:no matching choice type
d.seq_len=11
d.seq_der=3009040177040101040102
d.seq_rt_nonnull=1
d.seq_rt_num=3
d.seq_rt_0_type=4,len=1,first=77
d.seq_rt_1_type=4,len=1,first=01
d.seq_rt_2_type=4,len=1,first=02
d.set_len=11
d.set_der=3109040101040102040177
d.set_rt_nonnull=1
d.set_rt_num=3
e.int32_len=6
e.int32_der=020401234567
e.int32_rt=19088743
e.int32_neg_len=3
e.int32_neg_der=0201fd
e.uint32_len=7
e.uint32_der=020500ffffffff
e.uint32_rt=4294967295
e.int64_len=8
e.int64_der=02060123456789ab
e.int64_rt=1250999896491
e.zint32_zero_len=0
e.zint32_zero_der_null=1
e.zint32_nine_len=3
e.zint32_nine_der=020109
e.long_five_len=3
e.long_five_der=020105
e.long_rt=5
e.long_undef_len=0
e.long_undef_der_null=1
e.zlong_zero_len=0
e.bignum_len=4
e.bignum_der=02021234
e.bignum_rt=4660
e.bignum_pad_len=5
e.bignum_pad_der=0203008001
f.set_oct=1
f.get_oct_type=4
f.get_oct_len=2
f.get_oct_data=dead
f.get_oct_short=2
f.get_oct_short_data=de
f.set_int_oct=1
f.int_oct_type=16
f.int_oct_der_len=9
f.int_oct_der=300702017f04020102
f.get_int_oct_len=2
f.get_int_oct_num=127
f.get_int_oct_data=0102
f.get_int_oct_short=2
f.get_int_oct_short_data=01
f.wrong_type_get_int_oct=-1
f.wrong_type_err=13:asn1 encoding routines:data is wrong
done=1
