transcript.sha256=588112bd94da9d24f32306d936210883ac7eabcd111f75ff7b5c78cccd85ab9b
ctx.tls.nonnull=1
ctx.dtls.nonnull=1
tls.nonnull=1
dtls.nonnull=1
init_ssl.zero=1
init_ssl.zero.again=1
init_ssl.ssl_strings=1
init_ssl.no_load_config=1
init_ssl.load_config=1
init_ssl.no_load_ssl_strings=1
err_load=1
err_load.again=1
quic_cbs.null=0
quic_cbs.dtls=0
quic_cbs.empty=0
quic_cbs.partial=0
quic_transport.null=0
quic_transport.dtls=0
quic_transport.tls=0
quic_early_data.null=0
quic_early_data.dtls=0
quic_early_data.tls=0
inject.null=0
inject.dtls=0
inject.tls=0
freed=1
