transcript.sha256=4426e3ec081a56b77f5c9a1a9da40ebfd21d74bafd737b08ad0e64571f956160
count=82
count.nitems0=82
count.null.nitems1=82
count.short=82
short.nid=704
short.comment=SECG/WTLS curve over a 112 bit prime field
short.sn=secp112r1
short.tail=0,1
count.full=82
row000.nid=704
row000.sn=secp112r1
row000.comment=SECG/WTLS curve over a 112 bit prime field
nid2nist.704=NULL
nid2name.704=secp112r1
row001.nid=705
row001.sn=secp112r2
row001.comment=SECG curve over a 112 bit prime field
nid2nist.705=NULL
nid2name.705=secp112r2
row002.nid=706
row002.sn=secp128r1
row002.comment=SECG curve over a 128 bit prime field
nid2nist.706=NULL
nid2name.706=secp128r1
row003.nid=707
row003.sn=secp128r2
row003.comment=SECG curve over a 128 bit prime field
nid2nist.707=NULL
nid2name.707=secp128r2
row004.nid=708
row004.sn=secp160k1
row004.comment=SECG curve over a 160 bit prime field
nid2nist.708=NULL
nid2name.708=secp160k1
row005.nid=709
row005.sn=secp160r1
row005.comment=SECG curve over a 160 bit prime field
nid2nist.709=NULL
nid2name.709=secp160r1
row006.nid=710
row006.sn=secp160r2
row006.comment=SECG/WTLS curve over a 160 bit prime field
nid2nist.710=NULL
nid2name.710=secp160r2
row007.nid=711
row007.sn=secp192k1
row007.comment=SECG curve over a 192 bit prime field
nid2nist.711=NULL
nid2name.711=secp192k1
row008.nid=712
row008.sn=secp224k1
row008.comment=SECG curve over a 224 bit prime field
nid2nist.712=NULL
nid2name.712=secp224k1
row009.nid=713
row009.sn=secp224r1
row009.comment=NIST/SECG curve over a 224 bit prime field
nid2nist.713=P-224
nid2name.713=secp224r1
row010.nid=714
row010.sn=secp256k1
row010.comment=SECG curve over a 256 bit prime field
nid2nist.714=NULL
nid2name.714=secp256k1
row011.nid=715
row011.sn=secp384r1
row011.comment=NIST/SECG curve over a 384 bit prime field
nid2nist.715=P-384
nid2name.715=secp384r1
row012.nid=716
row012.sn=secp521r1
row012.comment=NIST/SECG curve over a 521 bit prime field
nid2nist.716=P-521
nid2name.716=secp521r1
row013.nid=409
row013.sn=prime192v1
row013.comment=NIST/X9.62/SECG curve over a 192 bit prime field
nid2nist.409=P-192
nid2name.409=prime192v1
row014.nid=410
row014.sn=prime192v2
row014.comment=X9.62 curve over a 192 bit prime field
nid2nist.410=NULL
nid2name.410=prime192v2
row015.nid=411
row015.sn=prime192v3
row015.comment=X9.62 curve over a 192 bit prime field
nid2nist.411=NULL
nid2name.411=prime192v3
row016.nid=412
row016.sn=prime239v1
row016.comment=X9.62 curve over a 239 bit prime field
nid2nist.412=NULL
nid2name.412=prime239v1
row017.nid=413
row017.sn=prime239v2
row017.comment=X9.62 curve over a 239 bit prime field
nid2nist.413=NULL
nid2name.413=prime239v2
row018.nid=414
row018.sn=prime239v3
row018.comment=X9.62 curve over a 239 bit prime field
nid2nist.414=NULL
nid2name.414=prime239v3
row019.nid=415
row019.sn=prime256v1
row019.comment=X9.62/SECG curve over a 256 bit prime field
nid2nist.415=P-256
nid2name.415=prime256v1
row020.nid=717
row020.sn=sect113r1
row020.comment=SECG curve over a 113 bit binary field
nid2nist.717=NULL
nid2name.717=sect113r1
row021.nid=718
row021.sn=sect113r2
row021.comment=SECG curve over a 113 bit binary field
nid2nist.718=NULL
nid2name.718=sect113r2
row022.nid=719
row022.sn=sect131r1
row022.comment=SECG/WTLS curve over a 131 bit binary field
nid2nist.719=NULL
nid2name.719=sect131r1
row023.nid=720
row023.sn=sect131r2
row023.comment=SECG curve over a 131 bit binary field
nid2nist.720=NULL
nid2name.720=sect131r2
row024.nid=721
row024.sn=sect163k1
row024.comment=NIST/SECG/WTLS curve over a 163 bit binary field
nid2nist.721=K-163
nid2name.721=sect163k1
row025.nid=722
row025.sn=sect163r1
row025.comment=SECG curve over a 163 bit binary field
nid2nist.722=NULL
nid2name.722=sect163r1
row026.nid=723
row026.sn=sect163r2
row026.comment=NIST/SECG curve over a 163 bit binary field
nid2nist.723=B-163
nid2name.723=sect163r2
row027.nid=724
row027.sn=sect193r1
row027.comment=SECG curve over a 193 bit binary field
nid2nist.724=NULL
nid2name.724=sect193r1
row028.nid=725
row028.sn=sect193r2
row028.comment=SECG curve over a 193 bit binary field
nid2nist.725=NULL
nid2name.725=sect193r2
row029.nid=726
row029.sn=sect233k1
row029.comment=NIST/SECG/WTLS curve over a 233 bit binary field
nid2nist.726=K-233
nid2name.726=sect233k1
row030.nid=727
row030.sn=sect233r1
row030.comment=NIST/SECG/WTLS curve over a 233 bit binary field
nid2nist.727=B-233
nid2name.727=sect233r1
row031.nid=728
row031.sn=sect239k1
row031.comment=SECG curve over a 239 bit binary field
nid2nist.728=NULL
nid2name.728=sect239k1
row032.nid=729
row032.sn=sect283k1
row032.comment=NIST/SECG curve over a 283 bit binary field
nid2nist.729=K-283
nid2name.729=sect283k1
row033.nid=730
row033.sn=sect283r1
row033.comment=NIST/SECG curve over a 283 bit binary field
nid2nist.730=B-283
nid2name.730=sect283r1
row034.nid=731
row034.sn=sect409k1
row034.comment=NIST/SECG curve over a 409 bit binary field
nid2nist.731=K-409
nid2name.731=sect409k1
row035.nid=732
row035.sn=sect409r1
row035.comment=NIST/SECG curve over a 409 bit binary field
nid2nist.732=B-409
nid2name.732=sect409r1
row036.nid=733
row036.sn=sect571k1
row036.comment=NIST/SECG curve over a 571 bit binary field
nid2nist.733=K-571
nid2name.733=sect571k1
row037.nid=734
row037.sn=sect571r1
row037.comment=NIST/SECG curve over a 571 bit binary field
nid2nist.734=B-571
nid2name.734=sect571r1
row038.nid=684
row038.sn=c2pnb163v1
row038.comment=X9.62 curve over a 163 bit binary field
nid2nist.684=NULL
nid2name.684=c2pnb163v1
row039.nid=685
row039.sn=c2pnb163v2
row039.comment=X9.62 curve over a 163 bit binary field
nid2nist.685=NULL
nid2name.685=c2pnb163v2
row040.nid=686
row040.sn=c2pnb163v3
row040.comment=X9.62 curve over a 163 bit binary field
nid2nist.686=NULL
nid2name.686=c2pnb163v3
row041.nid=687
row041.sn=c2pnb176v1
row041.comment=X9.62 curve over a 176 bit binary field
nid2nist.687=NULL
nid2name.687=c2pnb176v1
row042.nid=688
row042.sn=c2tnb191v1
row042.comment=X9.62 curve over a 191 bit binary field
nid2nist.688=NULL
nid2name.688=c2tnb191v1
row043.nid=689
row043.sn=c2tnb191v2
row043.comment=X9.62 curve over a 191 bit binary field
nid2nist.689=NULL
nid2name.689=c2tnb191v2
row044.nid=690
row044.sn=c2tnb191v3
row044.comment=X9.62 curve over a 191 bit binary field
nid2nist.690=NULL
nid2name.690=c2tnb191v3
row045.nid=693
row045.sn=c2pnb208w1
row045.comment=X9.62 curve over a 208 bit binary field
nid2nist.693=NULL
nid2name.693=c2pnb208w1
row046.nid=694
row046.sn=c2tnb239v1
row046.comment=X9.62 curve over a 239 bit binary field
nid2nist.694=NULL
nid2name.694=c2tnb239v1
row047.nid=695
row047.sn=c2tnb239v2
row047.comment=X9.62 curve over a 239 bit binary field
nid2nist.695=NULL
nid2name.695=c2tnb239v2
row048.nid=696
row048.sn=c2tnb239v3
row048.comment=X9.62 curve over a 239 bit binary field
nid2nist.696=NULL
nid2name.696=c2tnb239v3
row049.nid=699
row049.sn=c2pnb272w1
row049.comment=X9.62 curve over a 272 bit binary field
nid2nist.699=NULL
nid2name.699=c2pnb272w1
row050.nid=700
row050.sn=c2pnb304w1
row050.comment=X9.62 curve over a 304 bit binary field
nid2nist.700=NULL
nid2name.700=c2pnb304w1
row051.nid=701
row051.sn=c2tnb359v1
row051.comment=X9.62 curve over a 359 bit binary field
nid2nist.701=NULL
nid2name.701=c2tnb359v1
row052.nid=702
row052.sn=c2pnb368w1
row052.comment=X9.62 curve over a 368 bit binary field
nid2nist.702=NULL
nid2name.702=c2pnb368w1
row053.nid=703
row053.sn=c2tnb431r1
row053.comment=X9.62 curve over a 431 bit binary field
nid2nist.703=NULL
nid2name.703=c2tnb431r1
row054.nid=735
row054.sn=wap-wsg-idm-ecid-wtls1
row054.comment=WTLS curve over a 113 bit binary field
nid2nist.735=NULL
nid2name.735=wap-wsg-idm-ecid-wtls1
row055.nid=736
row055.sn=wap-wsg-idm-ecid-wtls3
row055.comment=NIST/SECG/WTLS curve over a 163 bit binary field
nid2nist.736=NULL
nid2name.736=wap-wsg-idm-ecid-wtls3
row056.nid=737
row056.sn=wap-wsg-idm-ecid-wtls4
row056.comment=SECG curve over a 113 bit binary field
nid2nist.737=NULL
nid2name.737=wap-wsg-idm-ecid-wtls4
row057.nid=738
row057.sn=wap-wsg-idm-ecid-wtls5
row057.comment=X9.62 curve over a 163 bit binary field
nid2nist.738=NULL
nid2name.738=wap-wsg-idm-ecid-wtls5
row058.nid=739
row058.sn=wap-wsg-idm-ecid-wtls6
row058.comment=SECG/WTLS curve over a 112 bit prime field
nid2nist.739=NULL
nid2name.739=wap-wsg-idm-ecid-wtls6
row059.nid=740
row059.sn=wap-wsg-idm-ecid-wtls7
row059.comment=SECG/WTLS curve over a 160 bit prime field
nid2nist.740=NULL
nid2name.740=wap-wsg-idm-ecid-wtls7
row060.nid=741
row060.sn=wap-wsg-idm-ecid-wtls8
row060.comment=WTLS curve over a 112 bit prime field
nid2nist.741=NULL
nid2name.741=wap-wsg-idm-ecid-wtls8
row061.nid=742
row061.sn=wap-wsg-idm-ecid-wtls9
row061.comment=WTLS curve over a 160 bit prime field
nid2nist.742=NULL
nid2name.742=wap-wsg-idm-ecid-wtls9
row062.nid=743
row062.sn=wap-wsg-idm-ecid-wtls10
row062.comment=NIST/SECG/WTLS curve over a 233 bit binary field
nid2nist.743=NULL
nid2name.743=wap-wsg-idm-ecid-wtls10
row063.nid=744
row063.sn=wap-wsg-idm-ecid-wtls11
row063.comment=NIST/SECG/WTLS curve over a 233 bit binary field
nid2nist.744=NULL
nid2name.744=wap-wsg-idm-ecid-wtls11
row064.nid=745
row064.sn=wap-wsg-idm-ecid-wtls12
row064.comment=WTLS curve over a 224 bit prime field
nid2nist.745=NULL
nid2name.745=wap-wsg-idm-ecid-wtls12
row065.nid=749
row065.sn=Oakley-EC2N-3
row065.comment=|/IPSec/IKE/Oakley curve #3 over a 155 bit binary field.|/Not suitable for ECDSA.|/Questionable extension field!
nid2nist.749=NULL
nid2name.749=Oakley-EC2N-3
row066.nid=750
row066.sn=Oakley-EC2N-4
row066.comment=|/IPSec/IKE/Oakley curve #4 over a 185 bit binary field.|/Not suitable for ECDSA.|/Questionable extension field!
nid2nist.750=NULL
nid2name.750=Oakley-EC2N-4
row067.nid=921
row067.sn=brainpoolP160r1
row067.comment=RFC 5639 curve over a 160 bit prime field
nid2nist.921=NULL
nid2name.921=brainpoolP160r1
row068.nid=922
row068.sn=brainpoolP160t1
row068.comment=RFC 5639 curve over a 160 bit prime field
nid2nist.922=NULL
nid2name.922=brainpoolP160t1
row069.nid=923
row069.sn=brainpoolP192r1
row069.comment=RFC 5639 curve over a 192 bit prime field
nid2nist.923=NULL
nid2name.923=brainpoolP192r1
row070.nid=924
row070.sn=brainpoolP192t1
row070.comment=RFC 5639 curve over a 192 bit prime field
nid2nist.924=NULL
nid2name.924=brainpoolP192t1
row071.nid=925
row071.sn=brainpoolP224r1
row071.comment=RFC 5639 curve over a 224 bit prime field
nid2nist.925=NULL
nid2name.925=brainpoolP224r1
row072.nid=926
row072.sn=brainpoolP224t1
row072.comment=RFC 5639 curve over a 224 bit prime field
nid2nist.926=NULL
nid2name.926=brainpoolP224t1
row073.nid=927
row073.sn=brainpoolP256r1
row073.comment=RFC 5639 curve over a 256 bit prime field
nid2nist.927=NULL
nid2name.927=brainpoolP256r1
row074.nid=928
row074.sn=brainpoolP256t1
row074.comment=RFC 5639 curve over a 256 bit prime field
nid2nist.928=NULL
nid2name.928=brainpoolP256t1
row075.nid=929
row075.sn=brainpoolP320r1
row075.comment=RFC 5639 curve over a 320 bit prime field
nid2nist.929=NULL
nid2name.929=brainpoolP320r1
row076.nid=930
row076.sn=brainpoolP320t1
row076.comment=RFC 5639 curve over a 320 bit prime field
nid2nist.930=NULL
nid2name.930=brainpoolP320t1
row077.nid=931
row077.sn=brainpoolP384r1
row077.comment=RFC 5639 curve over a 384 bit prime field
nid2nist.931=NULL
nid2name.931=brainpoolP384r1
row078.nid=932
row078.sn=brainpoolP384t1
row078.comment=RFC 5639 curve over a 384 bit prime field
nid2nist.932=NULL
nid2name.932=brainpoolP384t1
row079.nid=933
row079.sn=brainpoolP512r1
row079.comment=RFC 5639 curve over a 512 bit prime field
nid2nist.933=NULL
nid2name.933=brainpoolP512r1
row080.nid=934
row080.sn=brainpoolP512t1
row080.comment=RFC 5639 curve over a 512 bit prime field
nid2nist.934=NULL
nid2name.934=brainpoolP512t1
row081.nid=1172
row081.sn=SM2
row081.comment=SM2 curve over a 256 bit prime field
nid2nist.1172=NULL
nid2name.1172=SM2
nid2nist.0=NULL
nid2nist.-1=NULL
nid2nist.999999=NULL
nid2nist.927=NULL
nid2nist.6=NULL
nid2name.0=NULL
nid2name.-1=NULL
nid2name.999999=NULL
nid2name.927=brainpoolP256r1
nid2name.6=NULL
nist2nid.B-163=723
nid2nist.723=B-163
nid2name.723=sect163r2
nist2nid.B-233=727
nid2nist.727=B-233
nid2name.727=sect233r1
nist2nid.B-283=730
nid2nist.730=B-283
nid2name.730=sect283r1
nist2nid.B-409=732
nid2nist.732=B-409
nid2name.732=sect409r1
nist2nid.B-571=734
nid2nist.734=B-571
nid2name.734=sect571r1
nist2nid.K-163=721
nid2nist.721=K-163
nid2name.721=sect163k1
nist2nid.K-233=726
nid2nist.726=K-233
nid2name.726=sect233k1
nist2nid.K-283=729
nid2nist.729=K-283
nid2name.729=sect283k1
nist2nid.K-409=731
nid2nist.731=K-409
nid2name.731=sect409k1
nist2nid.K-571=733
nid2nist.733=K-571
nid2name.733=sect571k1
nist2nid.P-192=409
nid2nist.409=P-192
nid2name.409=prime192v1
nist2nid.P-224=713
nid2nist.713=P-224
nid2name.713=secp224r1
nist2nid.P-256=415
nid2nist.415=P-256
nid2name.415=prime256v1
nist2nid.P-384=715
nid2nist.715=P-384
nid2name.715=secp384r1
nist2nid.P-521=716
nid2nist.716=P-521
nid2name.716=secp521r1
nist2nid.p-256=0
nist2nid.b-163=0
nist2nid.P-256 =0
nist2nid.P-999=0
nist2nid.secp256k1=0
nist2nid.SM2=0
nist2nid.=0
nist2nid.P-256-with-a-very-long-suffix-that-matches-no-row-at-all=0
err.queue_records=0
ec.ctl.md_fetched=1
ec.ctl.null.set_cofactor=-2
ec.ctl.null.get_cofactor=-2
ec.ctl.null.set_kdf_type=-2
ec.ctl.null.get_kdf_type=-2
ec.ctl.null.set_kdf_md=-2
ec.ctl.null.get_kdf_md=-2
ec.ctl.null.set_outlen=-2
ec.ctl.null.get_outlen=-2
ec.ctl.null.set0_ukm=-2
ec.ctl.null.get0_ukm=-2
ec.ctl.null.curve_nid=-2
ec.ctl.null.param_enc=-2
ctl_null.err0.lib=6
ctl_null.err0.reason=147
ctl_null.err0.file=../../src/openssl-3.6.4/crypto/evp/ec_ctrl.c
ctl_null.err0.line=26
ctl_null.err0.func=evp_pkey_ctx_getset_ecdh_param_checks
ctl_null.err1.lib=6
ctl_null.err1.reason=147
ctl_null.err1.file=../../src/openssl-3.6.4/crypto/evp/ec_ctrl.c
ctl_null.err1.line=26
ctl_null.err1.func=evp_pkey_ctx_getset_ecdh_param_checks
ctl_null.err2.lib=6
ctl_null.err2.reason=147
ctl_null.err2.file=../../src/openssl-3.6.4/crypto/evp/pmeth_lib.c
ctl_null.err2.line=1346
ctl_null.err2.func=EVP_PKEY_CTX_ctrl
ctl_null.err3.lib=6
ctl_null.err3.reason=147
ctl_null.err3.file=../../src/openssl-3.6.4/crypto/evp/pmeth_lib.c
ctl_null.err3.line=1346
ctl_null.err3.func=EVP_PKEY_CTX_ctrl
ctl_null.err4.lib=6
ctl_null.err4.reason=147
ctl_null.err4.file=../../src/openssl-3.6.4/crypto/evp/pmeth_lib.c
ctl_null.err4.line=1346
ctl_null.err4.func=EVP_PKEY_CTX_ctrl
ctl_null.err5.lib=6
ctl_null.err5.reason=147
ctl_null.err5.file=../../src/openssl-3.6.4/crypto/evp/pmeth_lib.c
ctl_null.err5.line=1346
ctl_null.err5.func=EVP_PKEY_CTX_ctrl
ctl_null.err6.lib=6
ctl_null.err6.reason=147
ctl_null.err6.file=../../src/openssl-3.6.4/crypto/evp/ec_ctrl.c
ctl_null.err6.line=26
ctl_null.err6.func=evp_pkey_ctx_getset_ecdh_param_checks
ctl_null.err7.lib=6
ctl_null.err7.reason=147
ctl_null.err7.file=../../src/openssl-3.6.4/crypto/evp/ec_ctrl.c
ctl_null.err7.line=26
ctl_null.err7.func=evp_pkey_ctx_getset_ecdh_param_checks
ctl_null.err8.lib=6
ctl_null.err8.reason=147
ctl_null.err8.file=../../src/openssl-3.6.4/crypto/evp/ec_ctrl.c
ctl_null.err8.line=26
ctl_null.err8.func=evp_pkey_ctx_getset_ecdh_param_checks
ctl_null.err9.lib=6
ctl_null.err9.reason=147
ctl_null.err9.file=../../src/openssl-3.6.4/crypto/evp/ec_ctrl.c
ctl_null.err9.line=26
ctl_null.err9.func=evp_pkey_ctx_getset_ecdh_param_checks
ctl_null.err10.lib=6
ctl_null.err10.reason=147
ctl_null.err10.file=../../src/openssl-3.6.4/crypto/evp/pmeth_lib.c
ctl_null.err10.line=1346
ctl_null.err10.func=EVP_PKEY_CTX_ctrl
ctl_null.err11.lib=6
ctl_null.err11.reason=147
ctl_null.err11.file=../../src/openssl-3.6.4/crypto/evp/pmeth_lib.c
ctl_null.err11.line=1346
ctl_null.err11.func=EVP_PKEY_CTX_ctrl
ctl_null.err_count=12
ec.ctl.provider.add=1
ec.ctl.provider.load=1
ec.ctl.fresh=1
ec.ctl.fresh.is_a_self=1
ec.ctl.fresh.operation=0
ec.ctl.fresh.cofactor=-2
ec.ctl.fresh.outlen=-2
ec.ctl.fresh.kdf_type=-1
ec.ctl.fresh.curve_nid=-1
ec.ctl.fresh.param_enc=-1
ctl_fresh.err0.lib=6
ctl_fresh.err0.reason=147
ctl_fresh.err0.file=../../src/openssl-3.6.4/crypto/evp/ec_ctrl.c
ctl_fresh.err0.line=26
ctl_fresh.err0.func=evp_pkey_ctx_getset_ecdh_param_checks
ctl_fresh.err1.lib=6
ctl_fresh.err1.reason=147
ctl_fresh.err1.file=../../src/openssl-3.6.4/crypto/evp/ec_ctrl.c
ctl_fresh.err1.line=26
ctl_fresh.err1.func=evp_pkey_ctx_getset_ecdh_param_checks
ctl_fresh.err2.lib=6
ctl_fresh.err2.reason=149
ctl_fresh.err2.file=../../src/openssl-3.6.4/crypto/evp/pmeth_lib.c
ctl_fresh.err2.line=1309
ctl_fresh.err2.func=evp_pkey_ctx_ctrl_int
ctl_fresh.err3.lib=6
ctl_fresh.err3.reason=149
ctl_fresh.err3.file=../../src/openssl-3.6.4/crypto/evp/pmeth_lib.c
ctl_fresh.err3.line=1309
ctl_fresh.err3.func=evp_pkey_ctx_ctrl_int
ctl_fresh.err4.lib=6
ctl_fresh.err4.reason=149
ctl_fresh.err4.file=../../src/openssl-3.6.4/crypto/evp/pmeth_lib.c
ctl_fresh.err4.line=1309
ctl_fresh.err4.func=evp_pkey_ctx_ctrl_int
ctl_fresh.err_count=5
ec.ctl.gen=1
ec.ctl.gen.init=1
ec.ctl.gen.operation=2
ec.gen.set.p.0=group:utf8:prime256v1
ec.gen.set.p.count=1
ec.ctl.gen.curve_nid=1
ec.gen.set.p.0=group:utf8:SM2
ec.gen.set.p.count=1
ec.ctl.gen.curve_nid_sm2=1
ec.gen.set.p.0=encoding:utf8:named_curve
ec.gen.set.p.count=1
ec.ctl.gen.param_enc_named=1
ec.gen.set.p.0=encoding:utf8:explicit
ec.gen.set.p.count=1
ec.ctl.gen.param_enc_explicit=1
ctl_gen.err_count=0
ec.ctl.der=1
ec.ctl.der.init=1
ec.ctl.der.operation=2048
ctl_der_init.err_count=0
ec.der.get.p.0=kdf-outlen:uint:4294967295
ec.der.get.p.count=1
ec.ctl.der.default_outlen=1
ec.ctl.der.default_outlen_value=0
ec.der.get.p.0=ecdh-cofactor-mode:integer_unwritten:4
ec.der.get.p.count=1
ec.ctl.der.default_cofactor=0
ec.der.get.p.0=kdf-type:utf8:
ec.der.get.p.count=1
ec.ctl.der.default_kdf_type=1
ctl_der_default.err_count=0
ec.der.set.p.0=ecdh-cofactor-mode:int:1
ec.der.set.p.count=1
ec.ctl.der.set_cofactor=1
ec.der.get.p.0=ecdh-cofactor-mode:integer_unwritten:4
ec.der.get.p.count=1
ec.ctl.der.get_cofactor=1
ec.ctl.der.cofactor_is_one=1
ec.der.set.p.0=kdf-outlen:uint:32
ec.der.set.p.count=1
ec.ctl.der.set_outlen=1
ec.der.get.p.0=kdf-outlen:uint:4294967295
ec.der.get.p.count=1
ec.ctl.der.get_outlen=1
ec.ctl.der.outlen=32
ec.der.set.p.0=kdf-type:utf8:X963KDF
ec.der.set.p.count=1
ec.ctl.der.set_kdf_type=1
ec.der.get.p.0=kdf-type:utf8:
ec.der.get.p.count=1
ec.ctl.der.get_kdf_type=2
ec.ctl.der.kdf_type_is_x963=1
ec.der.set.p.0=kdf-digest:utf8:SHA2-256
ec.der.set.p.count=1
ec.ctl.der.set_kdf_md=1
ec.der.get.p.0=kdf-digest:utf8:
ec.der.get.p.count=1
ec.ctl.der.get_kdf_md=1
ec.ctl.der.get_kdf_md_digest_skipped=1
ctl_der_pairs.err_count=0
ec.der.set.p.0=kdf-ukm:octet:4
ec.der.set.p.count=1
ec.ctl.der.set0_ukm=1
ec.der.get.p.0=kdf-ukm:type7:0
ec.der.get.p.count=1
ec.ctl.der.get0_ukm=4
ec.ctl.der.ukm_is_null=0
ctl_der_ukm.err_count=0
ec.ctl.der.cofactor_high=-2
ec.ctl.der.cofactor_low=-2
ec.ctl.der.zero_outlen=-2
ec.ctl.der.neg_outlen=-2
ctl_der_refusals.err_count=0
ec.ctl.gen.param_enc_bad=-2
ctl_gen_refusal.err0.lib=6
ctl_gen_refusal.err0.reason=147
ctl_gen_refusal.err0.file=../../src/openssl-3.6.4/crypto/evp/ctrl_params_translate.c
ctl_gen_refusal.err0.line=1134
ctl_gen_refusal.err0.func=fix_ec_param_enc
ctl_gen_refusal.err_count=1
layer.ctx=1
method.0.field_type=406
method.1.field_type=406
method.2.field_type=406
method.3.field_type=407
method.distinct=111111
group_new.0=1
group_new.0.method_simple=1
group_new.0.asn1_flag=0
group_new.0.conv_form=4
group_new.0.order_bits=0
group_new.0.field=406
group_new.0.degree=0
group_new.0.basis=0
group_new.0.check_named=-1
group_new.0.seed_len=0
group_new.3=1
group_new.3.method_gf2m=1
cgrp000.ok=1
cgrp000.field=406
cgrp000.degree=112
cgrp000.order_bits=112
cgrp000.get_order=1
cgrp000.order_width=112
cgrp000.cofactor_word=1
cgrp000.seed_len=20
cgrp000.name=704
cgrp000.gen=1
cgrp000.field0=1
cgrp000.mont=1
cgrp000.basis=0
cgrp000.trinomial=0,0
cgrp000.pentanomial=0,0,0,0
cgrp000.have_precomp=0
cgrp000.method=0100
cgrp001.ok=1
cgrp001.field=406
cgrp001.degree=112
cgrp001.order_bits=110
cgrp001.get_order=1
cgrp001.order_width=110
cgrp001.cofactor_word=4
cgrp001.seed_len=20
cgrp001.name=705
cgrp001.gen=1
cgrp001.field0=1
cgrp001.mont=1
cgrp001.basis=0
cgrp001.trinomial=0,0
cgrp001.pentanomial=0,0,0,0
cgrp001.have_precomp=0
cgrp001.method=0100
cgrp002.ok=1
cgrp002.field=406
cgrp002.degree=128
cgrp002.order_bits=128
cgrp002.get_order=1
cgrp002.order_width=128
cgrp002.cofactor_word=1
cgrp002.seed_len=20
cgrp002.name=706
cgrp002.gen=1
cgrp002.field0=1
cgrp002.mont=1
cgrp002.basis=0
cgrp002.trinomial=0,0
cgrp002.pentanomial=0,0,0,0
cgrp002.have_precomp=0
cgrp002.method=0100
cgrp003.ok=1
cgrp003.field=406
cgrp003.degree=128
cgrp003.order_bits=126
cgrp003.get_order=1
cgrp003.order_width=126
cgrp003.cofactor_word=4
cgrp003.seed_len=20
cgrp003.name=707
cgrp003.gen=1
cgrp003.field0=1
cgrp003.mont=1
cgrp003.basis=0
cgrp003.trinomial=0,0
cgrp003.pentanomial=0,0,0,0
cgrp003.have_precomp=0
cgrp003.method=0100
cgrp004.ok=1
cgrp004.field=406
cgrp004.degree=160
cgrp004.order_bits=161
cgrp004.get_order=1
cgrp004.order_width=161
cgrp004.cofactor_word=1
cgrp004.seed_len=0
cgrp004.name=708
cgrp004.gen=1
cgrp004.field0=1
cgrp004.mont=1
cgrp004.basis=0
cgrp004.trinomial=0,0
cgrp004.pentanomial=0,0,0,0
cgrp004.have_precomp=0
cgrp004.method=0100
cgrp005.ok=1
cgrp005.field=406
cgrp005.degree=160
cgrp005.order_bits=161
cgrp005.get_order=1
cgrp005.order_width=161
cgrp005.cofactor_word=1
cgrp005.seed_len=20
cgrp005.name=709
cgrp005.gen=1
cgrp005.field0=1
cgrp005.mont=1
cgrp005.basis=0
cgrp005.trinomial=0,0
cgrp005.pentanomial=0,0,0,0
cgrp005.have_precomp=0
cgrp005.method=0100
cgrp006.ok=1
cgrp006.field=406
cgrp006.degree=160
cgrp006.order_bits=161
cgrp006.get_order=1
cgrp006.order_width=161
cgrp006.cofactor_word=1
cgrp006.seed_len=20
cgrp006.name=710
cgrp006.gen=1
cgrp006.field0=1
cgrp006.mont=1
cgrp006.basis=0
cgrp006.trinomial=0,0
cgrp006.pentanomial=0,0,0,0
cgrp006.have_precomp=0
cgrp006.method=0100
cgrp007.ok=1
cgrp007.field=406
cgrp007.degree=192
cgrp007.order_bits=192
cgrp007.get_order=1
cgrp007.order_width=192
cgrp007.cofactor_word=1
cgrp007.seed_len=0
cgrp007.name=711
cgrp007.gen=1
cgrp007.field0=1
cgrp007.mont=1
cgrp007.basis=0
cgrp007.trinomial=0,0
cgrp007.pentanomial=0,0,0,0
cgrp007.have_precomp=0
cgrp007.method=0100
cgrp008.ok=1
cgrp008.field=406
cgrp008.degree=224
cgrp008.order_bits=225
cgrp008.get_order=1
cgrp008.order_width=225
cgrp008.cofactor_word=1
cgrp008.seed_len=0
cgrp008.name=712
cgrp008.gen=1
cgrp008.field0=1
cgrp008.mont=1
cgrp008.basis=0
cgrp008.trinomial=0,0
cgrp008.pentanomial=0,0,0,0
cgrp008.have_precomp=0
cgrp008.method=0100
cgrp009.ok=1
cgrp009.field=406
cgrp009.degree=224
cgrp009.order_bits=224
cgrp009.get_order=1
cgrp009.order_width=224
cgrp009.cofactor_word=1
cgrp009.seed_len=20
cgrp009.name=713
cgrp009.gen=1
cgrp009.field0=1
cgrp009.mont=1
cgrp009.basis=0
cgrp009.trinomial=0,0
cgrp009.pentanomial=0,0,0,0
cgrp009.have_precomp=0
cgrp009.method=0100
cgrp010.ok=1
cgrp010.field=406
cgrp010.degree=256
cgrp010.order_bits=256
cgrp010.get_order=1
cgrp010.order_width=256
cgrp010.cofactor_word=1
cgrp010.seed_len=0
cgrp010.name=714
cgrp010.gen=1
cgrp010.field0=1
cgrp010.mont=1
cgrp010.basis=0
cgrp010.trinomial=0,0
cgrp010.pentanomial=0,0,0,0
cgrp010.have_precomp=0
cgrp010.method=0100
cgrp011.ok=1
cgrp011.field=406
cgrp011.degree=384
cgrp011.order_bits=384
cgrp011.get_order=1
cgrp011.order_width=384
cgrp011.cofactor_word=1
cgrp011.seed_len=20
cgrp011.name=715
cgrp011.gen=1
cgrp011.field0=1
cgrp011.mont=1
cgrp011.basis=0
cgrp011.trinomial=0,0
cgrp011.pentanomial=0,0,0,0
cgrp011.have_precomp=0
cgrp011.method=0100
cgrp012.ok=1
cgrp012.field=406
cgrp012.degree=521
cgrp012.order_bits=521
cgrp012.get_order=1
cgrp012.order_width=521
cgrp012.cofactor_word=1
cgrp012.seed_len=20
cgrp012.name=716
cgrp012.gen=1
cgrp012.field0=1
cgrp012.mont=1
cgrp012.basis=0
cgrp012.trinomial=0,0
cgrp012.pentanomial=0,0,0,0
cgrp012.have_precomp=0
cgrp012.method=0100
cgrp013.ok=1
cgrp013.field=406
cgrp013.degree=192
cgrp013.order_bits=192
cgrp013.get_order=1
cgrp013.order_width=192
cgrp013.cofactor_word=1
cgrp013.seed_len=20
cgrp013.name=409
cgrp013.gen=1
cgrp013.field0=1
cgrp013.mont=1
cgrp013.basis=0
cgrp013.trinomial=0,0
cgrp013.pentanomial=0,0,0,0
cgrp013.have_precomp=0
cgrp013.method=0100
cgrp014.ok=1
cgrp014.field=406
cgrp014.degree=192
cgrp014.order_bits=192
cgrp014.get_order=1
cgrp014.order_width=192
cgrp014.cofactor_word=1
cgrp014.seed_len=20
cgrp014.name=410
cgrp014.gen=1
cgrp014.field0=1
cgrp014.mont=1
cgrp014.basis=0
cgrp014.trinomial=0,0
cgrp014.pentanomial=0,0,0,0
cgrp014.have_precomp=0
cgrp014.method=0100
cgrp015.ok=1
cgrp015.field=406
cgrp015.degree=192
cgrp015.order_bits=192
cgrp015.get_order=1
cgrp015.order_width=192
cgrp015.cofactor_word=1
cgrp015.seed_len=20
cgrp015.name=411
cgrp015.gen=1
cgrp015.field0=1
cgrp015.mont=1
cgrp015.basis=0
cgrp015.trinomial=0,0
cgrp015.pentanomial=0,0,0,0
cgrp015.have_precomp=0
cgrp015.method=0100
cgrp016.ok=1
cgrp016.field=406
cgrp016.degree=239
cgrp016.order_bits=239
cgrp016.get_order=1
cgrp016.order_width=239
cgrp016.cofactor_word=1
cgrp016.seed_len=20
cgrp016.name=412
cgrp016.gen=1
cgrp016.field0=1
cgrp016.mont=1
cgrp016.basis=0
cgrp016.trinomial=0,0
cgrp016.pentanomial=0,0,0,0
cgrp016.have_precomp=0
cgrp016.method=0100
cgrp017.ok=1
cgrp017.field=406
cgrp017.degree=239
cgrp017.order_bits=239
cgrp017.get_order=1
cgrp017.order_width=239
cgrp017.cofactor_word=1
cgrp017.seed_len=20
cgrp017.name=413
cgrp017.gen=1
cgrp017.field0=1
cgrp017.mont=1
cgrp017.basis=0
cgrp017.trinomial=0,0
cgrp017.pentanomial=0,0,0,0
cgrp017.have_precomp=0
cgrp017.method=0100
cgrp018.ok=1
cgrp018.field=406
cgrp018.degree=239
cgrp018.order_bits=239
cgrp018.get_order=1
cgrp018.order_width=239
cgrp018.cofactor_word=1
cgrp018.seed_len=20
cgrp018.name=414
cgrp018.gen=1
cgrp018.field0=1
cgrp018.mont=1
cgrp018.basis=0
cgrp018.trinomial=0,0
cgrp018.pentanomial=0,0,0,0
cgrp018.have_precomp=0
cgrp018.method=0100
cgrp019.ok=1
cgrp019.field=406
cgrp019.degree=256
cgrp019.order_bits=256
cgrp019.get_order=1
cgrp019.order_width=256
cgrp019.cofactor_word=1
cgrp019.seed_len=20
cgrp019.name=415
cgrp019.gen=1
cgrp019.field0=1
cgrp019.mont=1
cgrp019.basis=0
cgrp019.trinomial=0,0
cgrp019.pentanomial=0,0,0,0
cgrp020.ok=1
cgrp020.field=407
cgrp020.degree=113
cgrp020.order_bits=113
cgrp020.get_order=1
cgrp020.order_width=113
cgrp020.cofactor_word=2
cgrp020.seed_len=20
cgrp020.name=717
cgrp020.gen=1
cgrp020.field0=1
cgrp020.mont=1
cgrp020.basis=682
cgrp020.trinomial=1,9
cgrp020.pentanomial=0,0,0,0
cgrp020.have_precomp=0
cgrp020.method=0001
cgrp021.ok=1
cgrp021.field=407
cgrp021.degree=113
cgrp021.order_bits=113
cgrp021.get_order=1
cgrp021.order_width=113
cgrp021.cofactor_word=2
cgrp021.seed_len=20
cgrp021.name=718
cgrp021.gen=1
cgrp021.field0=1
cgrp021.mont=1
cgrp021.basis=682
cgrp021.trinomial=1,9
cgrp021.pentanomial=0,0,0,0
cgrp021.have_precomp=0
cgrp021.method=0001
cgrp022.ok=1
cgrp022.field=407
cgrp022.degree=131
cgrp022.order_bits=131
cgrp022.get_order=1
cgrp022.order_width=131
cgrp022.cofactor_word=2
cgrp022.seed_len=20
cgrp022.name=719
cgrp022.gen=1
cgrp022.field0=1
cgrp022.mont=1
cgrp022.basis=683
cgrp022.trinomial=0,0
cgrp022.pentanomial=1,2,3,8
cgrp022.have_precomp=0
cgrp022.method=0001
cgrp023.ok=1
cgrp023.field=407
cgrp023.degree=131
cgrp023.order_bits=131
cgrp023.get_order=1
cgrp023.order_width=131
cgrp023.cofactor_word=2
cgrp023.seed_len=20
cgrp023.name=720
cgrp023.gen=1
cgrp023.field0=1
cgrp023.mont=1
cgrp023.basis=683
cgrp023.trinomial=0,0
cgrp023.pentanomial=1,2,3,8
cgrp023.have_precomp=0
cgrp023.method=0001
cgrp024.ok=1
cgrp024.field=407
cgrp024.degree=163
cgrp024.order_bits=163
cgrp024.get_order=1
cgrp024.order_width=163
cgrp024.cofactor_word=2
cgrp024.seed_len=0
cgrp024.name=721
cgrp024.gen=1
cgrp024.field0=1
cgrp024.mont=1
cgrp024.basis=683
cgrp024.trinomial=0,0
cgrp024.pentanomial=1,3,6,7
cgrp024.have_precomp=0
cgrp024.method=0001
cgrp025.ok=1
cgrp025.field=407
cgrp025.degree=163
cgrp025.order_bits=162
cgrp025.get_order=1
cgrp025.order_width=162
cgrp025.cofactor_word=2
cgrp025.seed_len=0
cgrp025.name=722
cgrp025.gen=1
cgrp025.field0=1
cgrp025.mont=1
cgrp025.basis=683
cgrp025.trinomial=0,0
cgrp025.pentanomial=1,3,6,7
cgrp025.have_precomp=0
cgrp025.method=0001
cgrp026.ok=1
cgrp026.field=407
cgrp026.degree=163
cgrp026.order_bits=163
cgrp026.get_order=1
cgrp026.order_width=163
cgrp026.cofactor_word=2
cgrp026.seed_len=0
cgrp026.name=723
cgrp026.gen=1
cgrp026.field0=1
cgrp026.mont=1
cgrp026.basis=683
cgrp026.trinomial=0,0
cgrp026.pentanomial=1,3,6,7
cgrp026.have_precomp=0
cgrp026.method=0001
cgrp027.ok=1
cgrp027.field=407
cgrp027.degree=193
cgrp027.order_bits=193
cgrp027.get_order=1
cgrp027.order_width=193
cgrp027.cofactor_word=2
cgrp027.seed_len=20
cgrp027.name=724
cgrp027.gen=1
cgrp027.field0=1
cgrp027.mont=1
cgrp027.basis=682
cgrp027.trinomial=1,15
cgrp027.pentanomial=0,0,0,0
cgrp027.have_precomp=0
cgrp027.method=0001
cgrp028.ok=1
cgrp028.field=407
cgrp028.degree=193
cgrp028.order_bits=193
cgrp028.get_order=1
cgrp028.order_width=193
cgrp028.cofactor_word=2
cgrp028.seed_len=20
cgrp028.name=725
cgrp028.gen=1
cgrp028.field0=1
cgrp028.mont=1
cgrp028.basis=682
cgrp028.trinomial=1,15
cgrp028.pentanomial=0,0,0,0
cgrp028.have_precomp=0
cgrp028.method=0001
cgrp029.ok=1
cgrp029.field=407
cgrp029.degree=233
cgrp029.order_bits=232
cgrp029.get_order=1
cgrp029.order_width=232
cgrp029.cofactor_word=4
cgrp029.seed_len=0
cgrp029.name=726
cgrp029.gen=1
cgrp029.field0=1
cgrp029.mont=1
cgrp029.basis=682
cgrp029.trinomial=1,74
cgrp029.pentanomial=0,0,0,0
cgrp029.have_precomp=0
cgrp029.method=0001
cgrp030.ok=1
cgrp030.field=407
cgrp030.degree=233
cgrp030.order_bits=233
cgrp030.get_order=1
cgrp030.order_width=233
cgrp030.cofactor_word=2
cgrp030.seed_len=20
cgrp030.name=727
cgrp030.gen=1
cgrp030.field0=1
cgrp030.mont=1
cgrp030.basis=682
cgrp030.trinomial=1,74
cgrp030.pentanomial=0,0,0,0
cgrp030.have_precomp=0
cgrp030.method=0001
cgrp031.ok=1
cgrp031.field=407
cgrp031.degree=239
cgrp031.order_bits=238
cgrp031.get_order=1
cgrp031.order_width=238
cgrp031.cofactor_word=4
cgrp031.seed_len=0
cgrp031.name=728
cgrp031.gen=1
cgrp031.field0=1
cgrp031.mont=1
cgrp031.basis=682
cgrp031.trinomial=1,158
cgrp031.pentanomial=0,0,0,0
cgrp031.have_precomp=0
cgrp031.method=0001
cgrp032.ok=1
cgrp032.field=407
cgrp032.degree=283
cgrp032.order_bits=281
cgrp032.get_order=1
cgrp032.order_width=281
cgrp032.cofactor_word=4
cgrp032.seed_len=0
cgrp032.name=729
cgrp032.gen=1
cgrp032.field0=1
cgrp032.mont=1
cgrp032.basis=683
cgrp032.trinomial=0,0
cgrp032.pentanomial=1,5,7,12
cgrp032.have_precomp=0
cgrp032.method=0001
cgrp033.ok=1
cgrp033.field=407
cgrp033.degree=283
cgrp033.order_bits=282
cgrp033.get_order=1
cgrp033.order_width=282
cgrp033.cofactor_word=2
cgrp033.seed_len=20
cgrp033.name=730
cgrp033.gen=1
cgrp033.field0=1
cgrp033.mont=1
cgrp033.basis=683
cgrp033.trinomial=0,0
cgrp033.pentanomial=1,5,7,12
cgrp033.have_precomp=0
cgrp033.method=0001
cgrp034.ok=1
cgrp034.field=407
cgrp034.degree=409
cgrp034.order_bits=407
cgrp034.get_order=1
cgrp034.order_width=407
cgrp034.cofactor_word=4
cgrp034.seed_len=0
cgrp034.name=731
cgrp034.gen=1
cgrp034.field0=1
cgrp034.mont=1
cgrp034.basis=682
cgrp034.trinomial=1,87
cgrp034.pentanomial=0,0,0,0
cgrp034.have_precomp=0
cgrp034.method=0001
cgrp035.ok=1
cgrp035.field=407
cgrp035.degree=409
cgrp035.order_bits=409
cgrp035.get_order=1
cgrp035.order_width=409
cgrp035.cofactor_word=2
cgrp035.seed_len=20
cgrp035.name=732
cgrp035.gen=1
cgrp035.field0=1
cgrp035.mont=1
cgrp035.basis=682
cgrp035.trinomial=1,87
cgrp035.pentanomial=0,0,0,0
cgrp035.have_precomp=0
cgrp035.method=0001
cgrp036.ok=1
cgrp036.field=407
cgrp036.degree=571
cgrp036.order_bits=570
cgrp036.get_order=1
cgrp036.order_width=570
cgrp036.cofactor_word=4
cgrp036.seed_len=0
cgrp036.name=733
cgrp036.gen=1
cgrp036.field0=1
cgrp036.mont=1
cgrp036.basis=683
cgrp036.trinomial=0,0
cgrp036.pentanomial=1,2,5,10
cgrp036.have_precomp=0
cgrp036.method=0001
cgrp037.ok=1
cgrp037.field=407
cgrp037.degree=571
cgrp037.order_bits=570
cgrp037.get_order=1
cgrp037.order_width=570
cgrp037.cofactor_word=2
cgrp037.seed_len=20
cgrp037.name=734
cgrp037.gen=1
cgrp037.field0=1
cgrp037.mont=1
cgrp037.basis=683
cgrp037.trinomial=0,0
cgrp037.pentanomial=1,2,5,10
cgrp037.have_precomp=0
cgrp037.method=0001
cgrp038.ok=1
cgrp038.field=407
cgrp038.degree=163
cgrp038.order_bits=163
cgrp038.get_order=1
cgrp038.order_width=163
cgrp038.cofactor_word=2
cgrp038.seed_len=20
cgrp038.name=684
cgrp038.gen=1
cgrp038.field0=1
cgrp038.mont=1
cgrp038.basis=683
cgrp038.trinomial=0,0
cgrp038.pentanomial=1,1,2,8
cgrp038.have_precomp=0
cgrp038.method=0001
cgrp039.ok=1
cgrp039.field=407
cgrp039.degree=163
cgrp039.order_bits=162
cgrp039.get_order=1
cgrp039.order_width=162
cgrp039.cofactor_word=2
cgrp039.seed_len=20
cgrp039.name=685
cgrp039.gen=1
cgrp039.field0=1
cgrp039.mont=1
cgrp039.basis=683
cgrp039.trinomial=0,0
cgrp039.pentanomial=1,1,2,8
cgrp039.have_precomp=0
cgrp039.method=0001
cgrp040.ok=1
cgrp040.field=407
cgrp040.degree=163
cgrp040.order_bits=162
cgrp040.get_order=1
cgrp040.order_width=162
cgrp040.cofactor_word=2
cgrp040.seed_len=20
cgrp040.name=686
cgrp040.gen=1
cgrp040.field0=1
cgrp040.mont=1
cgrp040.basis=683
cgrp040.trinomial=0,0
cgrp040.pentanomial=1,1,2,8
cgrp040.have_precomp=0
cgrp040.method=0001
cgrp041.ok=1
cgrp041.field=407
cgrp041.degree=176
cgrp041.order_bits=161
cgrp041.get_order=1
cgrp041.order_width=161
cgrp041.cofactor_word=65390
cgrp041.seed_len=0
cgrp041.name=687
cgrp041.gen=1
cgrp041.field0=1
cgrp041.mont=1
cgrp041.basis=683
cgrp041.trinomial=0,0
cgrp041.pentanomial=1,1,2,43
cgrp041.have_precomp=0
cgrp041.method=0001
cgrp042.ok=1
cgrp042.field=407
cgrp042.degree=191
cgrp042.order_bits=191
cgrp042.get_order=1
cgrp042.order_width=191
cgrp042.cofactor_word=2
cgrp042.seed_len=20
cgrp042.name=688
cgrp042.gen=1
cgrp042.field0=1
cgrp042.mont=1
cgrp042.basis=682
cgrp042.trinomial=1,9
cgrp042.pentanomial=0,0,0,0
cgrp042.have_precomp=0
cgrp042.method=0001
cgrp043.ok=1
cgrp043.field=407
cgrp043.degree=191
cgrp043.order_bits=190
cgrp043.get_order=1
cgrp043.order_width=190
cgrp043.cofactor_word=4
cgrp043.seed_len=20
cgrp043.name=689
cgrp043.gen=1
cgrp043.field0=1
cgrp043.mont=1
cgrp043.basis=682
cgrp043.trinomial=1,9
cgrp043.pentanomial=0,0,0,0
cgrp043.have_precomp=0
cgrp043.method=0001
cgrp044.ok=1
cgrp044.field=407
cgrp044.degree=191
cgrp044.order_bits=189
cgrp044.get_order=1
cgrp044.order_width=189
cgrp044.cofactor_word=6
cgrp044.seed_len=20
cgrp044.name=690
cgrp044.gen=1
cgrp044.field0=1
cgrp044.mont=1
cgrp044.basis=682
cgrp044.trinomial=1,9
cgrp044.pentanomial=0,0,0,0
cgrp044.have_precomp=0
cgrp044.method=0001
cgrp045.ok=1
cgrp045.field=407
cgrp045.degree=208
cgrp045.order_bits=193
cgrp045.get_order=1
cgrp045.order_width=193
cgrp045.cofactor_word=65096
cgrp045.seed_len=0
cgrp045.name=693
cgrp045.gen=1
cgrp045.field0=1
cgrp045.mont=1
cgrp045.basis=683
cgrp045.trinomial=0,0
cgrp045.pentanomial=1,1,2,83
cgrp045.have_precomp=0
cgrp045.method=0001
cgrp046.ok=1
cgrp046.field=407
cgrp046.degree=239
cgrp046.order_bits=238
cgrp046.get_order=1
cgrp046.order_width=238
cgrp046.cofactor_word=4
cgrp046.seed_len=20
cgrp046.name=694
cgrp046.gen=1
cgrp046.field0=1
cgrp046.mont=1
cgrp046.basis=682
cgrp046.trinomial=1,36
cgrp046.pentanomial=0,0,0,0
cgrp046.have_precomp=0
cgrp046.method=0001
cgrp047.ok=1
cgrp047.field=407
cgrp047.degree=239
cgrp047.order_bits=237
cgrp047.get_order=1
cgrp047.order_width=237
cgrp047.cofactor_word=6
cgrp047.seed_len=20
cgrp047.name=695
cgrp047.gen=1
cgrp047.field0=1
cgrp047.mont=1
cgrp047.basis=682
cgrp047.trinomial=1,36
cgrp047.pentanomial=0,0,0,0
cgrp047.have_precomp=0
cgrp047.method=0001
cgrp048.ok=1
cgrp048.field=407
cgrp048.degree=239
cgrp048.order_bits=236
cgrp048.get_order=1
cgrp048.order_width=236
cgrp048.cofactor_word=10
cgrp048.seed_len=20
cgrp048.name=696
cgrp048.gen=1
cgrp048.field0=1
cgrp048.mont=1
cgrp048.basis=682
cgrp048.trinomial=1,36
cgrp048.pentanomial=0,0,0,0
cgrp048.have_precomp=0
cgrp048.method=0001
cgrp049.ok=1
cgrp049.field=407
cgrp049.degree=272
cgrp049.order_bits=257
cgrp049.get_order=1
cgrp049.order_width=257
cgrp049.cofactor_word=65286
cgrp049.seed_len=0
cgrp049.name=699
cgrp049.gen=1
cgrp049.field0=1
cgrp049.mont=1
cgrp049.basis=683
cgrp049.trinomial=0,0
cgrp049.pentanomial=1,1,3,56
cgrp049.have_precomp=0
cgrp049.method=0001
cgrp050.ok=1
cgrp050.field=407
cgrp050.degree=304
cgrp050.order_bits=289
cgrp050.get_order=1
cgrp050.order_width=289
cgrp050.cofactor_word=65070
cgrp050.seed_len=0
cgrp050.name=700
cgrp050.gen=1
cgrp050.field0=1
cgrp050.mont=1
cgrp050.basis=683
cgrp050.trinomial=0,0
cgrp050.pentanomial=1,1,2,11
cgrp050.have_precomp=0
cgrp050.method=0001
cgrp051.ok=1
cgrp051.field=407
cgrp051.degree=359
cgrp051.order_bits=353
cgrp051.get_order=1
cgrp051.order_width=353
cgrp051.cofactor_word=76
cgrp051.seed_len=20
cgrp051.name=701
cgrp051.gen=1
cgrp051.field0=1
cgrp051.mont=1
cgrp051.basis=682
cgrp051.trinomial=1,68
cgrp051.pentanomial=0,0,0,0
cgrp051.have_precomp=0
cgrp051.method=0001
cgrp052.ok=1
cgrp052.field=407
cgrp052.degree=368
cgrp052.order_bits=353
cgrp052.get_order=1
cgrp052.order_width=353
cgrp052.cofactor_word=65392
cgrp052.seed_len=0
cgrp052.name=702
cgrp052.gen=1
cgrp052.field0=1
cgrp052.mont=1
cgrp052.basis=683
cgrp052.trinomial=0,0
cgrp052.pentanomial=1,1,2,85
cgrp052.have_precomp=0
cgrp052.method=0001
cgrp053.ok=1
cgrp053.field=407
cgrp053.degree=431
cgrp053.order_bits=418
cgrp053.get_order=1
cgrp053.order_width=418
cgrp053.cofactor_word=10080
cgrp053.seed_len=0
cgrp053.name=703
cgrp053.gen=1
cgrp053.field0=1
cgrp053.mont=1
cgrp053.basis=682
cgrp053.trinomial=1,120
cgrp053.pentanomial=0,0,0,0
cgrp053.have_precomp=0
cgrp053.method=0001
cgrp054.ok=1
cgrp054.field=407
cgrp054.degree=113
cgrp054.order_bits=112
cgrp054.get_order=1
cgrp054.order_width=112
cgrp054.cofactor_word=2
cgrp054.seed_len=0
cgrp054.name=735
cgrp054.gen=1
cgrp054.field0=1
cgrp054.mont=1
cgrp054.basis=682
cgrp054.trinomial=1,9
cgrp054.pentanomial=0,0,0,0
cgrp054.have_precomp=0
cgrp054.method=0001
cgrp055.ok=1
cgrp055.field=407
cgrp055.degree=163
cgrp055.order_bits=163
cgrp055.get_order=1
cgrp055.order_width=163
cgrp055.cofactor_word=2
cgrp055.seed_len=0
cgrp055.name=736
cgrp055.gen=1
cgrp055.field0=1
cgrp055.mont=1
cgrp055.basis=683
cgrp055.trinomial=0,0
cgrp055.pentanomial=1,3,6,7
cgrp055.have_precomp=0
cgrp055.method=0001
cgrp056.ok=1
cgrp056.field=407
cgrp056.degree=113
cgrp056.order_bits=113
cgrp056.get_order=1
cgrp056.order_width=113
cgrp056.cofactor_word=2
cgrp056.seed_len=20
cgrp056.name=737
cgrp056.gen=1
cgrp056.field0=1
cgrp056.mont=1
cgrp056.basis=682
cgrp056.trinomial=1,9
cgrp056.pentanomial=0,0,0,0
cgrp056.have_precomp=0
cgrp056.method=0001
cgrp057.ok=1
cgrp057.field=407
cgrp057.degree=163
cgrp057.order_bits=163
cgrp057.get_order=1
cgrp057.order_width=163
cgrp057.cofactor_word=2
cgrp057.seed_len=20
cgrp057.name=738
cgrp057.gen=1
cgrp057.field0=1
cgrp057.mont=1
cgrp057.basis=683
cgrp057.trinomial=0,0
cgrp057.pentanomial=1,1,2,8
cgrp057.have_precomp=0
cgrp057.method=0001
cgrp058.ok=1
cgrp058.field=406
cgrp058.degree=112
cgrp058.order_bits=112
cgrp058.get_order=1
cgrp058.order_width=112
cgrp058.cofactor_word=1
cgrp058.seed_len=20
cgrp058.name=739
cgrp058.gen=1
cgrp058.field0=1
cgrp058.mont=1
cgrp058.basis=0
cgrp058.trinomial=0,0
cgrp058.pentanomial=0,0,0,0
cgrp058.have_precomp=0
cgrp058.method=0100
cgrp059.ok=1
cgrp059.field=406
cgrp059.degree=160
cgrp059.order_bits=161
cgrp059.get_order=1
cgrp059.order_width=161
cgrp059.cofactor_word=1
cgrp059.seed_len=20
cgrp059.name=740
cgrp059.gen=1
cgrp059.field0=1
cgrp059.mont=1
cgrp059.basis=0
cgrp059.trinomial=0,0
cgrp059.pentanomial=0,0,0,0
cgrp059.have_precomp=0
cgrp059.method=0100
cgrp060.ok=1
cgrp060.field=406
cgrp060.degree=112
cgrp060.order_bits=113
cgrp060.get_order=1
cgrp060.order_width=113
cgrp060.cofactor_word=1
cgrp060.seed_len=0
cgrp060.name=741
cgrp060.gen=1
cgrp060.field0=1
cgrp060.mont=1
cgrp060.basis=0
cgrp060.trinomial=0,0
cgrp060.pentanomial=0,0,0,0
cgrp060.have_precomp=0
cgrp060.method=0100
cgrp061.ok=1
cgrp061.field=406
cgrp061.degree=160
cgrp061.order_bits=161
cgrp061.get_order=1
cgrp061.order_width=161
cgrp061.cofactor_word=1
cgrp061.seed_len=0
cgrp061.name=742
cgrp061.gen=1
cgrp061.field0=1
cgrp061.mont=1
cgrp061.basis=0
cgrp061.trinomial=0,0
cgrp061.pentanomial=0,0,0,0
cgrp061.have_precomp=0
cgrp061.method=0100
cgrp062.ok=1
cgrp062.field=407
cgrp062.degree=233
cgrp062.order_bits=232
cgrp062.get_order=1
cgrp062.order_width=232
cgrp062.cofactor_word=4
cgrp062.seed_len=0
cgrp062.name=743
cgrp062.gen=1
cgrp062.field0=1
cgrp062.mont=1
cgrp062.basis=682
cgrp062.trinomial=1,74
cgrp062.pentanomial=0,0,0,0
cgrp062.have_precomp=0
cgrp062.method=0001
cgrp063.ok=1
cgrp063.field=407
cgrp063.degree=233
cgrp063.order_bits=233
cgrp063.get_order=1
cgrp063.order_width=233
cgrp063.cofactor_word=2
cgrp063.seed_len=20
cgrp063.name=744
cgrp063.gen=1
cgrp063.field0=1
cgrp063.mont=1
cgrp063.basis=682
cgrp063.trinomial=1,74
cgrp063.pentanomial=0,0,0,0
cgrp063.have_precomp=0
cgrp063.method=0001
cgrp064.ok=1
cgrp064.field=406
cgrp064.degree=224
cgrp064.order_bits=224
cgrp064.get_order=1
cgrp064.order_width=224
cgrp064.cofactor_word=1
cgrp064.seed_len=0
cgrp064.name=745
cgrp064.gen=1
cgrp064.field0=1
cgrp064.mont=1
cgrp064.basis=0
cgrp064.trinomial=0,0
cgrp064.pentanomial=0,0,0,0
cgrp064.have_precomp=0
cgrp064.method=0100
cgrp065.ok=1
cgrp065.field=407
cgrp065.degree=155
cgrp065.order_bits=154
cgrp065.get_order=1
cgrp065.order_width=154
cgrp065.cofactor_word=3
cgrp065.seed_len=0
cgrp065.name=749
cgrp065.gen=1
cgrp065.field0=1
cgrp065.mont=0
cgrp065.basis=682
cgrp065.trinomial=1,62
cgrp065.pentanomial=0,0,0,0
cgrp065.have_precomp=0
cgrp065.method=0001
cgrp066.ok=1
cgrp066.field=407
cgrp066.degree=185
cgrp066.order_bits=184
cgrp066.get_order=1
cgrp066.order_width=184
cgrp066.cofactor_word=2
cgrp066.seed_len=0
cgrp066.name=750
cgrp066.gen=1
cgrp066.field0=1
cgrp066.mont=0
cgrp066.basis=682
cgrp066.trinomial=1,69
cgrp066.pentanomial=0,0,0,0
cgrp066.have_precomp=0
cgrp066.method=0001
cgrp067.ok=1
cgrp067.field=406
cgrp067.degree=160
cgrp067.order_bits=160
cgrp067.get_order=1
cgrp067.order_width=160
cgrp067.cofactor_word=1
cgrp067.seed_len=0
cgrp067.name=921
cgrp067.gen=1
cgrp067.field0=1
cgrp067.mont=1
cgrp067.basis=0
cgrp067.trinomial=0,0
cgrp067.pentanomial=0,0,0,0
cgrp067.have_precomp=0
cgrp067.method=0100
cgrp068.ok=1
cgrp068.field=406
cgrp068.degree=160
cgrp068.order_bits=160
cgrp068.get_order=1
cgrp068.order_width=160
cgrp068.cofactor_word=1
cgrp068.seed_len=0
cgrp068.name=922
cgrp068.gen=1
cgrp068.field0=1
cgrp068.mont=1
cgrp068.basis=0
cgrp068.trinomial=0,0
cgrp068.pentanomial=0,0,0,0
cgrp068.have_precomp=0
cgrp068.method=0100
cgrp069.ok=1
cgrp069.field=406
cgrp069.degree=192
cgrp069.order_bits=192
cgrp069.get_order=1
cgrp069.order_width=192
cgrp069.cofactor_word=1
cgrp069.seed_len=0
cgrp069.name=923
cgrp069.gen=1
cgrp069.field0=1
cgrp069.mont=1
cgrp069.basis=0
cgrp069.trinomial=0,0
cgrp069.pentanomial=0,0,0,0
cgrp069.have_precomp=0
cgrp069.method=0100
cgrp070.ok=1
cgrp070.field=406
cgrp070.degree=192
cgrp070.order_bits=192
cgrp070.get_order=1
cgrp070.order_width=192
cgrp070.cofactor_word=1
cgrp070.seed_len=0
cgrp070.name=924
cgrp070.gen=1
cgrp070.field0=1
cgrp070.mont=1
cgrp070.basis=0
cgrp070.trinomial=0,0
cgrp070.pentanomial=0,0,0,0
cgrp070.have_precomp=0
cgrp070.method=0100
cgrp071.ok=1
cgrp071.field=406
cgrp071.degree=224
cgrp071.order_bits=224
cgrp071.get_order=1
cgrp071.order_width=224
cgrp071.cofactor_word=1
cgrp071.seed_len=0
cgrp071.name=925
cgrp071.gen=1
cgrp071.field0=1
cgrp071.mont=1
cgrp071.basis=0
cgrp071.trinomial=0,0
cgrp071.pentanomial=0,0,0,0
cgrp071.have_precomp=0
cgrp071.method=0100
cgrp072.ok=1
cgrp072.field=406
cgrp072.degree=224
cgrp072.order_bits=224
cgrp072.get_order=1
cgrp072.order_width=224
cgrp072.cofactor_word=1
cgrp072.seed_len=0
cgrp072.name=926
cgrp072.gen=1
cgrp072.field0=1
cgrp072.mont=1
cgrp072.basis=0
cgrp072.trinomial=0,0
cgrp072.pentanomial=0,0,0,0
cgrp072.have_precomp=0
cgrp072.method=0100
cgrp073.ok=1
cgrp073.field=406
cgrp073.degree=256
cgrp073.order_bits=256
cgrp073.get_order=1
cgrp073.order_width=256
cgrp073.cofactor_word=1
cgrp073.seed_len=0
cgrp073.name=927
cgrp073.gen=1
cgrp073.field0=1
cgrp073.mont=1
cgrp073.basis=0
cgrp073.trinomial=0,0
cgrp073.pentanomial=0,0,0,0
cgrp073.have_precomp=0
cgrp073.method=0100
cgrp074.ok=1
cgrp074.field=406
cgrp074.degree=256
cgrp074.order_bits=256
cgrp074.get_order=1
cgrp074.order_width=256
cgrp074.cofactor_word=1
cgrp074.seed_len=0
cgrp074.name=928
cgrp074.gen=1
cgrp074.field0=1
cgrp074.mont=1
cgrp074.basis=0
cgrp074.trinomial=0,0
cgrp074.pentanomial=0,0,0,0
cgrp074.have_precomp=0
cgrp074.method=0100
cgrp075.ok=1
cgrp075.field=406
cgrp075.degree=320
cgrp075.order_bits=320
cgrp075.get_order=1
cgrp075.order_width=320
cgrp075.cofactor_word=1
cgrp075.seed_len=0
cgrp075.name=929
cgrp075.gen=1
cgrp075.field0=1
cgrp075.mont=1
cgrp075.basis=0
cgrp075.trinomial=0,0
cgrp075.pentanomial=0,0,0,0
cgrp075.have_precomp=0
cgrp075.method=0100
cgrp076.ok=1
cgrp076.field=406
cgrp076.degree=320
cgrp076.order_bits=320
cgrp076.get_order=1
cgrp076.order_width=320
cgrp076.cofactor_word=1
cgrp076.seed_len=0
cgrp076.name=930
cgrp076.gen=1
cgrp076.field0=1
cgrp076.mont=1
cgrp076.basis=0
cgrp076.trinomial=0,0
cgrp076.pentanomial=0,0,0,0
cgrp076.have_precomp=0
cgrp076.method=0100
cgrp077.ok=1
cgrp077.field=406
cgrp077.degree=384
cgrp077.order_bits=384
cgrp077.get_order=1
cgrp077.order_width=384
cgrp077.cofactor_word=1
cgrp077.seed_len=0
cgrp077.name=931
cgrp077.gen=1
cgrp077.field0=1
cgrp077.mont=1
cgrp077.basis=0
cgrp077.trinomial=0,0
cgrp077.pentanomial=0,0,0,0
cgrp077.have_precomp=0
cgrp077.method=0100
cgrp078.ok=1
cgrp078.field=406
cgrp078.degree=384
cgrp078.order_bits=384
cgrp078.get_order=1
cgrp078.order_width=384
cgrp078.cofactor_word=1
cgrp078.seed_len=0
cgrp078.name=932
cgrp078.gen=1
cgrp078.field0=1
cgrp078.mont=1
cgrp078.basis=0
cgrp078.trinomial=0,0
cgrp078.pentanomial=0,0,0,0
cgrp078.have_precomp=0
cgrp078.method=0100
cgrp079.ok=1
cgrp079.field=406
cgrp079.degree=512
cgrp079.order_bits=512
cgrp079.get_order=1
cgrp079.order_width=512
cgrp079.cofactor_word=1
cgrp079.seed_len=0
cgrp079.name=933
cgrp079.gen=1
cgrp079.field0=1
cgrp079.mont=1
cgrp079.basis=0
cgrp079.trinomial=0,0
cgrp079.pentanomial=0,0,0,0
cgrp079.have_precomp=0
cgrp079.method=0100
cgrp080.ok=1
cgrp080.field=406
cgrp080.degree=512
cgrp080.order_bits=512
cgrp080.get_order=1
cgrp080.order_width=512
cgrp080.cofactor_word=1
cgrp080.seed_len=0
cgrp080.name=934
cgrp080.gen=1
cgrp080.field0=1
cgrp080.mont=1
cgrp080.basis=0
cgrp080.trinomial=0,0
cgrp080.pentanomial=0,0,0,0
cgrp080.have_precomp=0
cgrp080.method=0100
cgrp081.ok=1
cgrp081.field=406
cgrp081.degree=256
cgrp081.order_bits=256
cgrp081.get_order=1
cgrp081.order_width=256
cgrp081.cofactor_word=1
cgrp081.seed_len=0
cgrp081.name=1172
cgrp081.gen=1
cgrp081.field0=1
cgrp081.mont=1
cgrp081.basis=0
cgrp081.trinomial=0,0
cgrp081.pentanomial=0,0,0,0
cgrp081.have_precomp=0
cgrp081.method=0100
check.prime=1
check.prime_disc=1
check.binary=1
check.binary_disc=1
check.named=1
check.named_nist_only=1
curve.new_by_curve_name_ex=1
curve.get0_order=1
curve.get=1
curve.get_wrapper_gfp=1
curve.get_order=1
curve.get_cofactor=1
curve.p_width=256
curve.order_width=256
curve.new_gfp=1
curve.new_gfp.field=406
curve.new_gfp.degree=256
curve.new_gfp.set_curve=1
curve.new_gfp.set_curve_wrapper=1
curve.new_gfp.set_generator=0
curve.new_gfp.name=415
curve.new_gfp.cmp_named=1
gf2m.get_curve=1
gf2m.get_curve_wrapper=1
gf2m.get_order=1
gf2m.get_cofactor=1
gf2m.set_curve_wrapper=1
gf2m.new=1
gf2m.new.field=407
gf2m.new.set_generator=1
gf2m.new.cmp_named=0
group.dup=1
group.dup.cmp=0
group.copy=1
group.set_seed=3
group.seed_len=3
group.seed0=1
group.asn1_explicit=0
group.asn1_named=1
group.conv=2
group.precompute=1
group.have_precomp=1
group.dup_null=1
point.new=1
point.method=1
point.copy=1
point.is_at_inf=0
point.is_on_curve=1
point.set_to_infinity=1
point.inf_is_at_inf=1
point.inf_on_curve=1
point.inf_invert=1
point.add=1
point.dbl=1
point.add_matches_dbl=1
point.cmp_self=0
point.invert=1
point.dup=1
point.dup.cmp=0
point.dup.is_on_curve=1
point.get_affine=1
point.get_affine_gfp=1
point.set_affine=1
point.set_affine_gfp=1
point.affine_round_trip=1
point.make_affine=1
point.get_affine_gf2m=1
point.set_affine_gf2m=0
point.points_make_affine=1
point.jproj_get=1
point.jproj_set=1
point.oct_len=65
point.point2oct=65
point.oct2point=1
point.oct_round_trip=1
point.point2buf=65
point.compressed_set=0
point.compressed_set_gfp=0
point.compressed_gf2m=0
point.mul_ladder=1
point.mul_generator_array=1
point.mul_null_n=1
point.mul_both_null=1
point.mul_both_null_inf=1
point.points_mul=1
refusal.incompatible=0
refusal.point.err0.lib=16
refusal.point.err0.reason=786689
refusal.point.err0.file=../../src/openssl-3.6.4/crypto/ec/ec_lib.c
refusal.point.err0.line=1357
refusal.point.err0.func=EC_GROUP_get_trinomial_basis
refusal.point.err1.lib=16
refusal.point.err1.reason=786689
refusal.point.err1.file=../../src/openssl-3.6.4/crypto/ec/ec_lib.c
refusal.point.err1.line=1377
refusal.point.err1.func=EC_GROUP_get_pentanomial_basis
refusal.point.err2.lib=16
refusal.point.err2.reason=786689
refusal.point.err2.file=../../src/openssl-3.6.4/crypto/ec/ec_lib.c
refusal.point.err2.line=1357
refusal.point.err2.func=EC_GROUP_get_trinomial_basis
refusal.point.err3.lib=16
refusal.point.err3.reason=786689
refusal.point.err3.file=../../src/openssl-3.6.4/crypto/ec/ec_lib.c
refusal.point.err3.line=1377
refusal.point.err3.func=EC_GROUP_get_pentanomial_basis
refusal.point.err4.lib=16
refusal.point.err4.reason=786689
refusal.point.err4.file=../../src/openssl-3.6.4/crypto/ec/ec_lib.c
refusal.point.err4.line=1357
refusal.point.err4.func=EC_GROUP_get_trinomial_basis
refusal.point.err5.lib=16
refusal.point.err5.reason=786689
refusal.point.err5.file=../../src/openssl-3.6.4/crypto/ec/ec_lib.c
refusal.point.err5.line=1377
refusal.point.err5.func=EC_GROUP_get_pentanomial_basis
refusal.point.err6.lib=16
refusal.point.err6.reason=786689
refusal.point.err6.file=../../src/openssl-3.6.4/crypto/ec/ec_lib.c
refusal.point.err6.line=1357
refusal.point.err6.func=EC_GROUP_get_trinomial_basis
refusal.point.err7.lib=16
refusal.point.err7.reason=786689
refusal.point.err7.file=../../src/openssl-3.6.4/crypto/ec/ec_lib.c
refusal.point.err7.line=1377
refusal.point.err7.func=EC_GROUP_get_pentanomial_basis
refusal.point.err8.lib=16
refusal.point.err8.reason=101
refusal.point.err8.file=../../src/openssl-3.6.4/crypto/ec/ec_lib.c
refusal.point.err8.line=780
refusal.point.err8.func=EC_POINT_copy
refusal.point.err9.lib=16
refusal.point.err9.reason=101
refusal.point.err9.file=../../src/openssl-3.6.4/crypto/ec/ec_lib.c
refusal.point.err9.line=1024
refusal.point.err9.func=EC_POINT_cmp
refusal.point.err10.lib=16
refusal.point.err10.reason=786690
refusal.point.err10.file=../../src/openssl-3.6.4/crypto/ec/ec2_smpl.c
refusal.point.err10.line=294
refusal.point.err10.func=ossl_ec_GF2m_simple_point_set_affine_coordinates
refusal.point.err11.lib=16
refusal.point.err11.reason=110
refusal.point.err11.file=../../src/openssl-3.6.4/crypto/ec/ecp_oct.c
refusal.point.err11.line=112
refusal.point.err11.func=ossl_ec_GFp_simple_set_compressed_coordinates
refusal.point.err12.lib=16
refusal.point.err12.reason=110
refusal.point.err12.file=../../src/openssl-3.6.4/crypto/ec/ecp_oct.c
refusal.point.err12.line=112
refusal.point.err12.func=ossl_ec_GFp_simple_set_compressed_coordinates
refusal.point.err13.lib=16
refusal.point.err13.reason=110
refusal.point.err13.file=../../src/openssl-3.6.4/crypto/ec/ec2_oct.c
refusal.point.err13.line=88
refusal.point.err13.func=ossl_ec_GF2m_simple_set_compressed_coordinates
refusal.point.err14.lib=16
refusal.point.err14.reason=101
refusal.point.err14.file=../../src/openssl-3.6.4/crypto/ec/ec_lib.c
refusal.point.err14.line=1010
refusal.point.err14.func=EC_POINT_is_on_curve
refusal.point.err_count=15
gparams.bld=1
gparams.to_params=1
gparams.from_params=1
gparams.cmp=0
gparams.field=406
gparams.err_count=0
codec.hex.notnull=1
codec.hex.len_is_twice_oct=1
codec.hex.upper_case=1
codec.hex2point.notnull=1
codec.hex.round_trip=1
codec.hex2point.in_place=1
codec.hex2point.null_group=1
codec.hex2point.null_hex=1
codec.hex2point.odd_len=1
codec.hex2point.bad_digit=1
codec.hex2point.wrong_width=1
codec.hex2point.zero_is_infinity=1
codec.bn.notnull=1
codec.bn.width_is_oct=1
codec.bn2point.notnull=1
codec.bn.round_trip=1
codec.bn2point.in_place=1
codec.point2bn.reuse=1
codec.bn2point.zero_is_infinity=1
codec.bn2point.one_refused=1
codec.err0.lib=15
codec.err0.reason=103
codec.err0.file=../../src/openssl-3.6.4/crypto/o_str.c
codec.err0.line=229
codec.err0.func=hexstr2buf_sep
codec.err1.lib=15
codec.err1.reason=102
codec.err1.file=../../src/openssl-3.6.4/crypto/o_str.c
codec.err1.line=235
codec.err1.func=hexstr2buf_sep
codec.err2.lib=16
codec.err2.reason=102
codec.err2.file=../../src/openssl-3.6.4/crypto/ec/ecp_oct.c
codec.err2.line=315
codec.err2.func=ossl_ec_GFp_simple_oct2point
codec.err3.lib=16
codec.err3.reason=102
codec.err3.file=../../src/openssl-3.6.4/crypto/ec/ecp_oct.c
codec.err3.line=298
codec.err3.func=ossl_ec_GFp_simple_oct2point
codec.err_count=4
key.new_by_curve_name_ex=1
key.new_by_curve_name=1
key.new_meth=1
key.new_ex=1
key.method_is_default=1
key.default_is_openssl=1
key.can_sign=1
key.get0_engine_null=1
key.decoded_from_explicit=0
key.set_ex_data=1
key.get_ex_data=1
key.up_ref=1
key.enc_flags_default=0
key.enc_flags_set=2
key.conv_form=4
key.conv_form2=2
key.set_method=1
key.set_default=1
key.set_flags=4096
key.clear_flags=0
key.generate=1
key.check_key=1
key.pub_on_curve=1
key.priv_present=1
key.set_group=1
key.set_public=1
key.set_private=1
key2.check_key=1
key.precompute=1
key.affine=1
key3.check_key=1
key.priv2oct_len=32
key.priv2oct=32
key.oct2priv=1
key.priv_round_trip=1
key.priv2buf=32
key.priv2buf_matches=1
key.key2buf=65
key.oct2key=1
key.pub_round_trip=1
key.dup=0
key.copy=0
key.copy.check=1
keymeth.new=1
keymeth.set_init_all_null=1
keymeth.get_all=1
ecdsa.sig_new=1
ecdsa.sig_set0=1
ecdsa.size=72
ecdsa.sign_null_size=1
ecdsa.size_matches=1
ecdsa.sign=1
ecdsa.verify=1
ecdsa.verify_wrong=0
ecdsa.do_sign=1
ecdsa.do_verify=1
ecdsa.parts=1
ecdsa.get0_r_is_field=1
ecdsa.get0_s_is_field=1
ecdsa.i2d_null_pos=1
ecdsa.i2d_pos=1
ecdsa.d2i=1
ecdsa.round_trip=1
ecdsa.sign_setup=1
ecdsa.sign_setup_parts=1
ecdsa.do_sign_ex=1
ecdsa.sign_ex=1
ecdsa.verify_ex=1
ecdsa.err_count=0
ecdh.peer_gen=1
ecdh.len=32
ecdh.peer_len=32
ecdh.pub_widths=65,65
ecdh.agree=1
ecasn1.ep_new=1
ecasn1.pk_new=1
ecasn1.ep_it=1
ecasn1.pk_it=1
ecasn1.get_ecparams=1
ecasn1.get_ecpk=1
ecasn1.new_from_ecpk=1
ecasn1.new_from_ecpk_cmp=1
ecasn1.new_from_ecparams=1
ecasn1.new_from_ecparams_cmp=1
ecasn1.pk_derlen=10
ecasn1.pk_i2d=1
ecasn1.pk_der=06082a8648ce3d030107
ecasn1.pk_d2i=1
ecasn1.pk_consumed=1
ecasn1.pk_cmp=1
ecasn1.params_d2i=1
ecasn1.params_group_cmp=1
ecasn1.key_params_len=10
ecasn1.key_params_same=1
ecasn1.pub_len=65
ecasn1.pub_i2o=1
ecasn1.pub_form=4
ecasn1.pub_o2i=1
ecasn1.pub_consumed=1
ecasn1.pub_cmp=1
ecasn1.priv_len=121
ecasn1.priv_i2d=1
ecasn1.priv_d2i=1
ecasn1.priv_consumed=1
ecasn1.priv_cmp=1
ecasn1.pk_print=1
ecasn1.pk_print_len_positive=1
ecasn1.pk_print_prefix=1
ecasn1.params_print=1
ecasn1.pk_print_fp_file=1
ecasn1.pk_print_fp=1
ecasn1.params_print_fp_file=1
ecasn1.params_print_fp=1
ecasn1.pk_print_null=0
ecasn1.err0.lib=16
ecasn1.err0.reason=786690
ecasn1.err0.file=../../src/openssl-3.6.4/crypto/ec/eck_prn.c
ecasn1.err0.line=214
ecasn1.err0.func=ECPKParameters_print
ecasn1.err_count=1
layer.err_count=0
ecdh_kdf.md=1
ecdh_kdf.x963.ret=1
ecdh_kdf.x963.key=dd10b0668911897cc030f81bffe30e47cecd10aaf3ac4fe37fce4ae8483ca1e8
ecdh_kdf.x963.noinfo.ret=1
ecdh_kdf.x963.noinfo.key=74c310a1872be564e2cf6b22f1a15f4be018f7994e93dd4c90b6e3698905cbfa
ecdh_kdf.err.queue_records=0
