FRF-MUTANT:stdout-first-line:transcript.sha256=733c5dd10803e35b764e869acded8d62cc16bac17c2f4ef2caaf4369fe01a065
probe.rt-lhash=1
strhash.null=0
strhash.empty=0
strhash.[a]=124608
strhash.[b]=125317
strhash.[z]=142886
strhash.[A]=103040
strhash.[Z]=119717
strhash.[0]=92417
strhash.[9]=97968
strhash.[ ]=82945
strhash.[cn]=3698268
strhash.[CN]=854875440
strhash.[commonName]=3744328667
strhash.[subjectAltName]=2748284244
strhash.[2.5.4.3]=349822398
strhash.[1.2.840.113549.1.1.11]=2664607289
strhash.[sha256]=541343278
strhash.[a longer string with spaces and punctuation: !@#$%^&*()]=736962178
new.nonnull=1
new.num_items=0
new.error=0
new.down_load=256
new.retrieve_missing_null=1
new.delete_missing_null=1
insert.first_prev_null=1
insert.second_prev_null=1
num_items.after_two=2
retrieve.alpha=1
retrieve.beta=1
retrieve.absent=1
insert.duplicate_returns_prev=0
insert.duplicate_num_items=3
num_items.six=6
doall.calls=NOT_MEASURED_AUTHORITY_FAULTS
doall_arg.calls=NOT_MEASURED_AUTHORITY_FAULTS
delete.beta_returns_item=1
delete.num_items=5
delete.absent_again=1
down_load.after_set=4
flush.num_items=0
flush.retrieve_null=1
flush.reuse_insert=1
free.survived=1
free.null_survived=1
