FRF-MUTANT:stdout-first-line:transcript.sha256=0a92f2f0683400a2c0044d3c18498f67afd487c3d64fd3ac57d5be86953b8884
null.next=(nil)
null.family=0
null.socktype=0
null.protocol=0
null.address=(nil)
null.survived=1
lk.v4.ret=1
lk.v4.isnull=0
lk.v4.0.family=2
lk.v4.0.socktype=1
lk.v4.0.protocol=6
lk.v4.0.addrfamily=2
lk.v4.0.host=127.0.0.1
lk.v4.0.serv=80
lk.v4.0.rawport=20480
lk.v4.1.family=2
lk.v4.1.socktype=1
lk.v4.1.protocol=6
lk.v4.1.addrfamily=2
lk.v4.1.host=127.0.0.1
lk.v4.1.serv=80
lk.v4.1.rawport=20480
lk.v4.count=2
lk.v4.err=0
lk.numeric.ret=1
lk.numeric.isnull=0
lk.numeric.0.family=2
lk.numeric.0.socktype=1
lk.numeric.0.protocol=6
lk.numeric.0.addrfamily=2
lk.numeric.0.host=127.0.0.1
lk.numeric.0.serv=8080
lk.numeric.0.rawport=36895
lk.numeric.count=1
lk.numeric.err=0
lk.v4ex.tcp.ret=1
lk.v4ex.tcp.isnull=0
lk.v4ex.tcp.0.family=2
lk.v4ex.tcp.0.socktype=1
lk.v4ex.tcp.0.protocol=6
lk.v4ex.tcp.0.addrfamily=2
lk.v4ex.tcp.0.host=127.0.0.1
lk.v4ex.tcp.0.serv=80
lk.v4ex.tcp.0.rawport=20480
lk.v4ex.tcp.1.family=2
lk.v4ex.tcp.1.socktype=1
lk.v4ex.tcp.1.protocol=6
lk.v4ex.tcp.1.addrfamily=2
lk.v4ex.tcp.1.host=127.0.0.1
lk.v4ex.tcp.1.serv=80
lk.v4ex.tcp.1.rawport=20480
lk.v4ex.tcp.count=2
lk.v4ex.tcp.err=0
lk.dgram.ret=1
lk.dgram.isnull=0
lk.dgram.0.family=2
lk.dgram.0.socktype=2
lk.dgram.0.protocol=17
lk.dgram.0.addrfamily=2
lk.dgram.0.host=127.0.0.1
lk.dgram.0.serv=80
lk.dgram.0.rawport=20480
lk.dgram.1.family=2
lk.dgram.1.socktype=2
lk.dgram.1.protocol=17
lk.dgram.1.addrfamily=2
lk.dgram.1.host=127.0.0.1
lk.dgram.1.serv=80
lk.dgram.1.rawport=20480
lk.dgram.count=2
lk.dgram.err=0
lk.sock0.ret=1
lk.sock0.isnull=0
lk.sock0.0.family=2
lk.sock0.0.socktype=1
lk.sock0.0.protocol=6
lk.sock0.0.addrfamily=2
lk.sock0.0.host=127.0.0.1
lk.sock0.0.serv=80
lk.sock0.0.rawport=20480
lk.sock0.1.family=2
lk.sock0.1.socktype=2
lk.sock0.1.protocol=17
lk.sock0.1.addrfamily=2
lk.sock0.1.host=127.0.0.1
lk.sock0.1.serv=80
lk.sock0.1.rawport=20480
lk.sock0.2.family=2
lk.sock0.2.socktype=3
lk.sock0.2.protocol=0
lk.sock0.2.addrfamily=2
lk.sock0.2.host=127.0.0.1
lk.sock0.2.serv=80
lk.sock0.2.rawport=20480
lk.sock0.count=3
lk.sock0.err=0
lk.family0.ret=1
lk.family0.isnull=0
lk.family0.0.family=2
lk.family0.0.socktype=1
lk.family0.0.protocol=6
lk.family0.0.addrfamily=2
lk.family0.0.host=127.0.0.1
lk.family0.0.serv=80
lk.family0.0.rawport=20480
lk.family0.count=1
lk.family0.err=0
lk.server.v4.ret=1
lk.server.v4.isnull=0
lk.server.v4.0.family=2
lk.server.v4.0.socktype=1
lk.server.v4.0.protocol=6
lk.server.v4.0.addrfamily=2
lk.server.v4.0.host=0.0.0.0
lk.server.v4.0.serv=80
lk.server.v4.0.rawport=20480
lk.server.v4.count=1
lk.server.v4.err=0
lk.server.v6.ret=1
lk.server.v6.isnull=0
lk.server.v6.0.family=10
lk.server.v6.0.socktype=1
lk.server.v6.0.protocol=6
lk.server.v6.0.addrfamily=10
lk.server.v6.0.host=::
lk.server.v6.0.serv=80
lk.server.v6.0.rawport=20480
lk.server.v6.count=1
lk.server.v6.err=0
lk.client.v6.ret=1
lk.client.v6.isnull=0
lk.client.v6.0.family=10
lk.client.v6.0.socktype=1
lk.client.v6.0.protocol=6
lk.client.v6.0.addrfamily=10
lk.client.v6.0.host=::1
lk.client.v6.0.serv=80
lk.client.v6.0.rawport=20480
lk.client.v6.count=1
lk.client.v6.err=0
lk.noservice.ret=1
lk.noservice.isnull=0
lk.noservice.0.family=2
lk.noservice.0.socktype=1
lk.noservice.0.protocol=6
lk.noservice.0.addrfamily=2
lk.noservice.0.host=127.0.0.1
lk.noservice.0.serv=0
lk.noservice.0.rawport=0
lk.noservice.count=1
lk.noservice.err=0
lk.badhost.ret=0
lk.badhost.isnull=1
lk.badhost.count=0
lk.badhost.err=268959746
lk.badhost.err.file=../../src/openssl-3.6.4/crypto/bio/bio_addr.c
lk.badhost.err.line=767
lk.badhost.err.data=Name or service not known
lk.badhost.err.flags=3
lk.badhost.err.emptyafter=1
lk.badservice.ret=0
lk.badservice.isnull=1
lk.badservice.count=0
lk.badservice.err=268959746
lk.badservice.err.file=../../src/openssl-3.6.4/crypto/bio/bio_addr.c
lk.badservice.err.line=767
lk.badservice.err.data=Servname not supported for ai_socktype
lk.badservice.err.flags=3
lk.badservice.err.emptyafter=1
lk.mismatch.ret=0
lk.mismatch.isnull=1
lk.mismatch.count=0
lk.mismatch.err=268959746
lk.mismatch.err.file=../../src/openssl-3.6.4/crypto/bio/bio_addr.c
lk.mismatch.err.line=767
lk.mismatch.err.data=ai_socktype not supported
lk.mismatch.err.flags=3
lk.mismatch.err.emptyafter=1
lk.badproto.ret=0
lk.badproto.isnull=1
lk.badproto.count=0
lk.badproto.err=268959746
lk.badproto.err.file=../../src/openssl-3.6.4/crypto/bio/bio_addr.c
lk.badproto.err.line=767
lk.badproto.err.data=ai_socktype not supported
lk.badproto.err.flags=3
lk.badproto.err.emptyafter=1
lk.badfamily.ret=0
lk.badfamily.isnull=1
lk.badfamily.count=0
lk.badfamily.err=268435587
lk.badfamily.err.file=../../src/openssl-3.6.4/crypto/bio/bio_addr.c
lk.badfamily.err.line=698
lk.badfamily.err.data=
lk.badfamily.err.flags=1
lk.badfamily.err.emptyafter=1
lk.emptyhost.ret=0
lk.emptyhost.isnull=1
lk.emptyhost.count=0
lk.emptyhost.err=268959746
lk.emptyhost.err.file=../../src/openssl-3.6.4/crypto/bio/bio_addr.c
lk.emptyhost.err.line=767
lk.emptyhost.err.data=No address associated with hostname
lk.emptyhost.err.flags=3
lk.emptyhost.err.emptyafter=1
lk.unix.ret=1
lk.unix.isnull=0
lk.unix.0.family=1
lk.unix.0.socktype=1
lk.unix.0.protocol=0
lk.unix.0.addrfamily=1
lk.unix.0.host=localhost
lk.unix.0.serv=/tmp/openssl-rs.sock
lk.unix.0.rawport=0
lk.unix.count=1
lk.unix.err=0
lk.unix.dgram.ret=1
lk.unix.dgram.isnull=0
lk.unix.dgram.0.family=1
lk.unix.dgram.0.socktype=2
lk.unix.dgram.0.protocol=0
lk.unix.dgram.0.addrfamily=1
lk.unix.dgram.0.host=localhost
lk.unix.dgram.0.serv=/tmp/openssl-rs.sock
lk.unix.dgram.0.rawport=0
lk.unix.dgram.count=1
lk.unix.dgram.err=0
lookup.wrapper.ret=1
lookup.wrapper.isnull=0
lookup.wrapper.0.family=2
lookup.wrapper.0.socktype=1
lookup.wrapper.0.protocol=6
lookup.wrapper.0.addrfamily=2
lookup.wrapper.0.host=127.0.0.1
lookup.wrapper.0.serv=8080
lookup.wrapper.0.rawport=36895
lookup.wrapper.count=1
res.fail.ret=0
res.fail.intact=1
res.ok.ret=1
res.ok.replaced=1
hs.hostport.ret=1
hs.hostport.host=example.com
hs.hostport.serv=443
hs.hostport.err=0
hs.hostonly.ret=1
hs.hostonly.host=example.com
hs.hostonly.serv=<NULL>
hs.hostonly.err=0
hs.portonly.ret=1
hs.portonly.host=<NULL>
hs.portonly.serv=443
hs.portonly.err=0
hs.v6bracket.ret=1
hs.v6bracket.host=::1
hs.v6bracket.serv=443
hs.v6bracket.err=0
hs.v6bracket.noport.ret=1
hs.v6bracket.noport.host=::1
hs.v6bracket.noport.serv=<NULL>
hs.v6bracket.noport.err=0
hs.v6bracket.junk.ret=0
hs.v6bracket.junk.host=<NULL>
hs.v6bracket.junk.serv=<NULL>
hs.v6bracket.junk.err=268435586
hs.v6bracket.junk.err.file=../../src/openssl-3.6.4/crypto/bio/bio_addr.c
hs.v6bracket.junk.err.line=593
hs.v6bracket.junk.err.data=
hs.v6bracket.junk.err.flags=1
hs.v6bracket.junk.err.emptyafter=1
hs.unbracketed.ret=0
hs.unbracketed.host=<NULL>
hs.unbracketed.serv=<NULL>
hs.unbracketed.err=268435585
hs.unbracketed.err.file=../../src/openssl-3.6.4/crypto/bio/bio_addr.c
hs.unbracketed.err.line=590
hs.unbracketed.err.data=
hs.unbracketed.err.flags=1
hs.unbracketed.err.emptyafter=1
hs.empty.ret=1
hs.empty.host=<NULL>
hs.empty.serv=<NULL>
hs.empty.err=0
hs.colon.ret=1
hs.colon.host=<NULL>
hs.colon.serv=<NULL>
hs.colon.err=0
hs.two.colons.ret=0
hs.two.colons.host=<NULL>
hs.two.colons.serv=<NULL>
hs.two.colons.err=268435585
hs.two.colons.err.file=../../src/openssl-3.6.4/crypto/bio/bio_addr.c
hs.two.colons.err.line=590
hs.two.colons.err.data=
hs.two.colons.err.flags=1
hs.two.colons.err.emptyafter=1
hs.star.host.ret=1
hs.star.host.host=<NULL>
hs.star.host.serv=443
hs.star.host.err=0
hs.star.serv.ret=1
hs.star.serv.host=example.com
hs.star.serv.serv=<NULL>
hs.star.serv.err=0
hs.star.both.ret=1
hs.star.both.host=<NULL>
hs.star.both.serv=<NULL>
hs.star.both.err=0
hs.portonly.servprio.ret=1
hs.portonly.servprio.host=<NULL>
hs.portonly.servprio.serv=443
hs.portonly.servprio.err=0
hs.both.servprio.ret=1
hs.both.servprio.host=host
hs.both.servprio.serv=443
hs.both.servprio.err=0
hs.hostonly.servprio.ret=1
hs.hostonly.servprio.host=<NULL>
hs.hostonly.servprio.serv=example.com
hs.hostonly.servprio.err=0
hs.bracketed.nested.ret=1
hs.bracketed.nested.host=a:b
hs.bracketed.nested.serv=443
hs.bracketed.nested.err=0
hs.serv.has.colon.ret=0
hs.serv.has.colon.host=<NULL>
hs.serv.has.colon.serv=<NULL>
hs.serv.has.colon.err=268435585
hs.serv.has.colon.err.file=../../src/openssl-3.6.4/crypto/bio/bio_addr.c
hs.serv.has.colon.err.line=590
hs.serv.has.colon.err.data=
hs.serv.has.colon.err.flags=1
hs.serv.has.colon.err.emptyafter=1
hs.long.ret=1
hs.long.host=aaaaaaaaaaaaaaaaaaaaaaaaaaaaaaaaaaaaaaaaaaaa
hs.long.serv=443
hs.long.err=0
hs.nullhost.ret=1
hs.nullhost.serv=443
port.0.ret=1
port.0.port=80
port.0.err=0
port.1.ret=1
port.1.port=0
port.1.err=0
port.2.ret=1
port.2.port=65535
port.2.err=0
port.3.ret=1
port.3.port=0
port.3.err=0
port.4.ret=1
port.4.port=4464
port.4.err=0
port.5.ret=1
port.5.port=65535
port.5.err=0
port.6.ret=0
port.6.port=42405
port.6.err=268959746
port.6.err.file=../../src/openssl-3.6.4/crypto/bio/bio_addr.c
port.6.err.line=767
port.6.err.data=Servname not supported for ai_socktypehost=-1
port.6.err.flags=3
port.6.err.emptyafter=1
port.7.ret=1
port.7.port=80
port.7.err=0
port.8.ret=0
port.8.port=42405
port.8.err=268959746
port.8.err.file=../../src/openssl-3.6.4/crypto/bio/bio_addr.c
port.8.err.line=767
port.8.err.data=Servname not supported for ai_socktypehost=0x50
port.8.err.flags=3
port.8.err.emptyafter=1
port.9.ret=1
port.9.port=80
port.9.err=0
port.10.ret=0
port.10.port=42405
port.10.err=268959746
port.10.err.file=../../src/openssl-3.6.4/crypto/bio/bio_addr.c
port.10.err.line=767
port.10.err.data=Servname not supported for ai_socktypehost=80x
port.10.err.flags=3
port.10.err.emptyafter=1
port.11.ret=1
port.11.port=0
port.11.err=0
port.12.ret=0
port.12.port=42405
port.12.err=268959746
port.12.err.file=../../src/openssl-3.6.4/crypto/bio/bio_addr.c
port.12.err.line=767
port.12.err.data=Servname not supported for ai_socktypehost=http
port.12.err.flags=3
port.12.err.emptyafter=1
port.13.ret=0
port.13.port=42405
port.13.err=268959746
port.13.err.file=../../src/openssl-3.6.4/crypto/bio/bio_addr.c
port.13.err.line=767
port.13.err.data=Servname not supported for ai_socktypehost=https
port.13.err.flags=3
port.13.err.emptyafter=1
port.14.ret=0
port.14.port=42405
port.14.err=268959746
port.14.err.file=../../src/openssl-3.6.4/crypto/bio/bio_addr.c
port.14.err.line=767
port.14.err.data=Servname not supported for ai_socktypehost=ftp
port.14.err.flags=3
port.14.err.emptyafter=1
port.15.ret=0
port.15.port=42405
port.15.err=268959746
port.15.err.file=../../src/openssl-3.6.4/crypto/bio/bio_addr.c
port.15.err.line=767
port.15.err.data=Name or service not knownhost=*
port.15.err.flags=3
port.15.err.emptyafter=1
port.null.ret=0
port.null.err=268435569
port.null.err.file=../../src/openssl-3.6.4/crypto/bio/bio_sock.c
port.null.err.line=80
port.null.err.data=
port.null.err.flags=1
port.null.err.emptyafter=1
ip.0.ret=1
ip.0.bytes=01020304
ip.0.err=0
ip.1.ret=1
ip.1.bytes=00000000
ip.1.err=0
ip.2.ret=1
ip.2.bytes=ffffffff
ip.2.err=0
ip.3.ret=1
ip.3.bytes=7f000001
ip.3.err=0
ip.4.ret=1
ip.4.bytes=01020003
ip.4.err=0
ip.5.ret=1
ip.5.bytes=01000002
ip.5.err=0
ip.6.ret=1
ip.6.bytes=00000001
ip.6.err=0
ip.7.ret=0
ip.7.bytes=deadbeef
ip.7.err=268959746
ip.7.err.file=../../src/openssl-3.6.4/crypto/bio/bio_addr.c
ip.7.err.line=767
ip.7.err.data=Name or service not knownhost=256.1.1.1
ip.7.err.flags=3
ip.7.err.emptyafter=1
ip.8.ret=0
ip.8.bytes=deadbeef
ip.8.err=268959746
ip.8.err.file=../../src/openssl-3.6.4/crypto/bio/bio_addr.c
ip.8.err.line=767
ip.8.err.data=Address family for hostname not supportedhost=::1
ip.8.err.flags=3
ip.8.err.emptyafter=1
ip.9.ret=0
ip.9.bytes=deadbeef
ip.9.err=268959746
ip.9.err.file=../../src/openssl-3.6.4/crypto/bio/bio_addr.c
ip.9.err.line=767
ip.9.err.data=No address associated with hostnamehost=
ip.9.err.flags=3
ip.9.err.emptyafter=1
ip.10.ret=0
ip.10.bytes=deadbeef
ip.10.err=268959746
ip.10.err.file=../../src/openssl-3.6.4/crypto/bio/bio_addr.c
ip.10.err.line=767
ip.10.err.data=Name or service not knownhost=no-such-host.invalid
ip.10.err.flags=3
ip.10.err.emptyafter=1
ip.null.ret=0
ip.null.bytes=deadbeef
ip.null.err=268959746
ip.null.err.file=../../src/openssl-3.6.4/crypto/bio/bio_addr.c
ip.null.err.line=767
ip.null.err.data=Name or service not knownhost=<NULL>
ip.null.err.flags=3
ip.null.err.emptyafter=1
ghbn.ok.nonnull=1
ghbn.ok.name=localhost
ghbn.ok.addrtype=2
ghbn.ok.length=4
ghbn.ok.first=7f000001
ghbn.bad.nonnull=0
ghbn.bad.err=0
aed.null.err=0
aed.bothnull.err=0
aed.long.err=0
aed.zero.err=0
