transcript.sha256=b269d9cc95cc31b66f2de2f84703ab58a8b16ac9dedd5d9bd4ade1309a758363
lr.pem.keygen=1
lr.pem.assign=1
lr.pem.type=6
lr.pem.write_bio_privkey=1
lr.pem.write_bio_privkey.len_nonzero=1
lr.p8.banner=-----BEGIN PRIVATE KEY-----
lr.p8.bio.notnull=1
lr.p8.bio.type=6
lr.p8.bio.bits=1024
lr.p8.bio_ex.notnull=1
lr.p8.bio_ex.type=6
lr.p8.fp.notnull=1
lr.p8.fp.type=6
lr.p8.fp_ex.notnull=1
lr.pem.write_bio_privkey_ex=1
lr.pem.write_privkey_fp=1
lr.pem.write_privkey_fp_roundtrip=6
lr.pem.write_privkey_ex_fp=1
lr.pem.write_bio_enc=1
lr.enc.banner=-----BEGIN ENCRYPTED PRIVATE KEY-----
lr.pem.enc.read=1
lr.pem.enc.type=6
lr.pem.enc.bits=1024
lr.pem.enc.wrong_pass=0
lr.pem.pkcs8_bio=1
lr.pkcs8.banner=-----BEGIN ENCRYPTED PRIVATE KEY-----
lr.pem.pkcs8_bio.read=1
lr.pem.pkcs8_nid_bio=1
lr.pem.pkcs8_fp=1
lr.pem.pkcs8_nid_fp=1
lr.pem.i2d_pkcs8_nonneg=1
lr.pem.write_params_rsa=0
lr.pem.read_params_empty=0
lr.pem.read_params_ex_empty=0
lr.async.capable=1
lr.async.init=1
lr.async.init_bad=0
lr.async.memfn_alloc_nonnull=1
lr.async.memfn_free_nonnull=1
lr.async.set_memfn_early=1
lr.async.current_job_outside=0
lr.async.pause_outside=1
lr.async.immediate=3
lr.async.immediate_ret=8
lr.async.immediate_job_null=1
lr.async.waitctx_new=1
lr.async.start_pause=2
lr.async.start_paused_steps=1
lr.async.job_nonnull=1
lr.async.wait_ctx_identity=1
lr.async.current_job_inside_outer=0
lr.async.resume=3
lr.async.resume_ret=107
lr.async.resume_steps=11
lr.async.resume_job_null=1
lr.async.set_memfn_late=0
lr.async.wc.status0=0
lr.async.wc.set_status=1
lr.async.wc.status2=2
lr.async.wc.get_callback_empty=0
lr.async.wc.set_callback=1
lr.async.wc.get_callback=1
lr.async.wc.callback_roundtrip=1
lr.async.wc.set_callback_null=0
lr.async.wc.set_fd=1
lr.async.wc.get_fd_hit=1
lr.async.wc.fd=42
lr.async.wc.custom_roundtrip=1
lr.async.wc.get_fd_miss=0
lr.async.wc.get_all=1
lr.async.wc.numfds=1
lr.async.wc.get_changed=1
lr.async.wc.numadd=1
lr.async.wc.numdel=0
lr.async.wc.clear_hit=1
lr.async.wc.get_all_after=1
lr.async.wc.numfds_after=0
lr.async.wc.clear_miss=0
