transcript.sha256=314fe2d896cca2e17843979fd6b59743d0fe96daf5734447fa887626637c9032
meth.nonnull=nonnull err=0 last=0
meth.stable=1 err=0 last=0
new.a=nonnull err=0 last=0
new.b=nonnull err=0 last=0
new.distinct=1 err=0 last=0
new.flags.zero=0 err=0 last=0
null.free=1 err=0 last=0
null.flags=0 err=0 last=0
null.upref=0 err=311165186 last=311165186
null.ctrl.get=-1 err=311165186 last=311165186
null.ctrl.set=-1 err=311165186 last=311165186
null.ctrl.or=-1 err=311165186 last=311165186
null.getfilename=NULL err=311165186 last=311165186
null.setfilename.dso=0 err=311165186 last=311165186
null.setfilename.name=0 err=311165186 last=311165186
null.merge=NULL err=311165186 last=311165186
null.convert=NULL err=311165186 last=311165186
null.bind.dso=NULL err=311165186 last=311165186
null.bind.name=NULL err=311165186 last=311165186
unloaded.bind=NULL err=310378601 last=310378602
null.load.both=NULL err=310378607 last=310378607
ctrl.get.fresh=0 err=0 last=0
ctrl.set.ret=0 err=0 last=0
ctrl.get.after.set=32 err=0 last=0
ctrl.get.ret=32 err=0 last=0
ctrl.get.ctrl.agrees.flags=1 err=0 last=0
ctrl.or.ret=0 err=0 last=0
ctrl.get.after.or=33 err=0 last=0
ctrl.or.idempotent.ret=0 err=0 last=0
ctrl.get.after.or.again=33 err=0 last=0
ctrl.set.negative.ret=0 err=0 last=0
ctrl.get.after.negative=-1 err=0 last=0
ctrl.flags.after.negative=-1 err=0 last=0
ctrl.set.zero.ret=0 err=0 last=0
ctrl.get.after.zero=0 err=0 last=0
ctrl.unknown.zero=-1 err=310378604 last=310378604
ctrl.unknown.four=-1 err=310378604 last=310378604
ctrl.unknown.99=-1 err=310378604 last=310378604
ctrl.unknown.neg=-1 err=310378604 last=310378604
name.fresh=NULL err=0 last=0
name.set.ret=1 err=0 last=0
name.get.one=1 err=0 last=0
name.replace.ret=1 err=0 last=0
name.get.two=1 err=0 last=0
name.set.empty.ret=1 err=0 last=0
name.get.empty=1 err=0 last=0
name.set.null.ret=0 err=311165186 last=311165186
name.get.still=1 err=0 last=0
translator.object=nonnull err=0 last=0
conv.plain=libfoo.so err=0 last=0
conv.already=liblibfoo.so.so err=0 last=0
conv.slash=/x/foo err=0 last=0
conv.slash.already=/x/libfoo.so err=0 last=0
conv.empty=lib.so err=0 last=0
conv.trailing.slash=/x/ err=0 last=0
conv.dot=lib..so err=0 last=0
conv.dotdot=lib...so err=0 last=0
conv.extonly.plain=foo.so err=0 last=0
conv.extonly.already=libfoo.so.so err=0 last=0
conv.extonly.slash=/x/foo err=0 last=0
conv.notranslate.plain=foo err=0 last=0
conv.notranslate.slash=/x/foo err=0 last=0
conv.null.noname=NULL err=310378607 last=310378607
conv.null.set.ret=1 err=0 last=0
conv.null.stored=libstored.so err=0 last=0
conv.stored.untranslated=1 err=0 last=0
merge.object=nonnull err=0 last=0
merge.rooted.first=/a/b err=0 last=0
merge.no.second=b err=0 last=0
merge.dir.slash=/d/f err=0 last=0
merge.dir.noslash=/d/f err=0 last=0
merge.dir.relative=d/f err=0 last=0
merge.dir.double.slash=/d//f err=0 last=0
merge.empty.first=/d/ err=0 last=0
merge.empty.second=/f err=0 last=0
merge.empty.both=/ err=0 last=0
merge.rooted.empty.second=/a err=0 last=0
merge.null.first=NULL err=311165186 last=311165186
merge.both.null=NULL err=311165186 last=311165186
merge.notranslate=NULL err=0 last=0
merge.notranslate.null.first=NULL err=311165186 last=311165186
path.query.positive=1 err=0 last=0
path.sz1=1 err=0 last=0
path.sz1.terminator=1 err=0 last=0
path.sz2=2 err=0 last=0
path.sz2.terminator=1 err=0 last=0
path.sz4=4 err=0 last=0
path.sz4.terminator=1 err=0 last=0
path.query.agrees.full=1 err=0 last=0
path.full.terminator=1 err=0 last=0
path.full.strlen.agrees=1 err=0 last=0
path.full.rooted=1 err=0 last=0
path.truncated.answer.eq.full.minus.one=1 err=0 last=0
path.truncated.terminator=1 err=0 last=0
path.truncated.strlen=1 err=0 last=0
path.truncated.shorter=1 err=0 last=0
path.negative.agrees.query=1 err=0 last=0
path.miss.answer.is.negative.one=1 err=0 last=0
path.miss.queue.empty=1 err=0 last=0
path.miss.raised.code.nonzero=1 err=0 last=0
path.miss.raised.data=dlfcn_pathbyaddr(): <NULL> err=0 last=0
path.miss.raised.flags.string=1 err=0 last=0
path.miss.raised.queue.drained=1 err=0 last=0
byaddr.object=nonnull err=0 last=0
byaddr.filename=nonnull err=0 last=0
byaddr.filename.rooted=1 err=0 last=0
byaddr.bind.dso_new=nonnull err=0 last=0
byaddr.bind.absent=NULL err=310378602 last=310378602
byaddr.upref=1 err=0 last=0
byaddr.free.first=1 err=0 last=0
byaddr.free.second=1 err=0 last=0
global.crypto_malloc=nonnull err=0 last=0
global.dso_new=nonnull err=0 last=0
global.absent=NULL err=0 last=0
load.no.object.no.name=NULL err=310378607 last=310378607
load.caller.no.name=NULL err=310378607 last=310378607
load.caller.survives=1 err=0 last=0
load.caller.getfilename=NULL err=0 last=0
load.caller.free=1 err=0 last=0
load.absent.absolute=NULL err=310378599 last=310378599
load.bare.soname.translated=NULL err=310378599 last=310378599
load.self.object=nonnull err=0 last=0
load.self.filename.kept=1 err=0 last=0
load.self.flags.zero=0 err=0 last=0
load.self.setfilename.refused=0 err=310378606 last=310378606
load.self.filename.unchanged=1 err=0 last=0
load.self.twice=NULL err=310378606 last=310378606
load.self.alive.after.refusal=1 err=0 last=0
load.self.bind.after.refusal=nonnull err=0 last=0
load.self.bind.crypto_malloc=nonnull err=0 last=0
load.self.bind.absent=NULL err=310378602 last=310378602
load.self.upref=1 err=0 last=0
load.self.free.first=1 err=0 last=0
load.self.free.second=1 err=0 last=0
nounload.object=nonnull err=0 last=0
nounload.flags=4 err=0 last=0
nounload.free=1 err=0 last=0
nounload.reload=nonnull err=0 last=0
nounload.reload.free=1 err=0 last=0
free.d=1 err=0 last=0
free.c=1 err=0 last=0
free.b=1 err=0 last=0
free.a=1 err=0 last=0
free.null.again=1 err=0 last=0
done=rt-dso err=0
