transcript.sha256=38973729f229e745a1343d3f1139f60f9b8c5ddfe448957fc19361671d2a91b7
sig.HMAC.fetch=1
sig.HMAC.key=1
sig.HMAC.sign_init=1
sig.HMAC.update=1
sig.HMAC.size=1
sig.HMAC.size_len=32
sig.HMAC.sign=1
sig.HMAC.mac_len=32
sig.HMAC.mac=8b0c89bebb51f6b5b77119a345f05219087b9e70f9d1dc9a6acfb806329f4f55
sig.HMAC.small_buffer=0
sig.HMAC.verify_init=0
sig.SIPHASH.fetch=1
sig.SIPHASH.key=1
sig.SIPHASH.sign_init=1
sig.SIPHASH.update=1
sig.SIPHASH.size=1
sig.SIPHASH.size_len=16
sig.SIPHASH.sign=1
sig.SIPHASH.mac_len=16
sig.SIPHASH.mac=a465745e7a23d6542e0a3851cb31b51b
sig.SIPHASH.small_buffer=0
sig.SIPHASH.verify_init=0
sig.POLY1305.fetch=1
sig.POLY1305.key=1
sig.POLY1305.sign_init=1
sig.POLY1305.update=1
sig.POLY1305.size=1
sig.POLY1305.size_len=16
sig.POLY1305.sign=1
sig.POLY1305.mac_len=16
sig.POLY1305.mac=44a8221a6c79da6400c375f7086c41cf
sig.POLY1305.small_buffer=0
sig.POLY1305.verify_init=0
sig.CMAC.fetch=1
sig.CMAC.key=1
sig.CMAC.sign_init=1
sig.CMAC.update=1
sig.CMAC.size=1
sig.CMAC.size_len=16
sig.CMAC.sign=1
sig.CMAC.mac_len=16
sig.CMAC.mac=0b147a129c42a369f028a4a8cf704181
sig.CMAC.small_buffer=0
sig.CMAC.verify_init=0
sig.absent.fetch=0
dsa.DSA.fetch=1
dsa.DSA-SHA1.fetch=1
dsa.DSA-SHA2-224.fetch=1
dsa.DSA-SHA2-256.fetch=1
dsa.DSA-SHA2-384.fetch=1
dsa.DSA-SHA2-512.fetch=1
dsa.DSA-SHA3-224.fetch=1
dsa.DSA-SHA3-256.fetch=1
dsa.DSA-SHA3-384.fetch=1
dsa.DSA-SHA3-512.fetch=1
dsa.DSA.key=1
dsa.DSA.sign_init=1
dsa.DSA.update=1
dsa.DSA.size=1
dsa.DSA.size_len=48
dsa.DSA.sign=1
dsa.DSA.verify=1
dsa.DSA.md5=0
ecdsa.ECDSA.fetch=1
ecdsa.ECDSA-SHA1.fetch=1
ecdsa.ECDSA-SHA2-224.fetch=1
ecdsa.ECDSA-SHA2-256.fetch=1
ecdsa.ECDSA-SHA2-384.fetch=1
ecdsa.ECDSA-SHA2-512.fetch=1
ecdsa.ECDSA-SHA3-224.fetch=1
ecdsa.ECDSA-SHA3-256.fetch=1
ecdsa.ECDSA-SHA3-384.fetch=1
ecdsa.ECDSA-SHA3-512.fetch=1
ecdsa.key=1
ecdsa.ECDSA.sign_init=1
ecdsa.ECDSA.update=1
ecdsa.ECDSA.size=1
ecdsa.ECDSA.size_len=72
ecdsa.ECDSA.sign=1
ecdsa.ECDSA.verify=1
ecdsa.ECDSA.small_buffer=0
ecdsa.ECDSA.md5=1
ecdsa.ECDSA.shake=0
ecdsa.ECDSA-SHA1.sign_message_init=1
ecdsa.ECDSA-SHA1.update=1
ecdsa.ECDSA-SHA1.size=1
ecdsa.ECDSA-SHA1.size_len=72
ecdsa.ECDSA-SHA1.sign=1
ecdsa.ECDSA-SHA1.verify=1
ecdsa.ECDSA-SHA2-224.sign_message_init=1
ecdsa.ECDSA-SHA2-224.update=1
ecdsa.ECDSA-SHA2-224.size=1
ecdsa.ECDSA-SHA2-224.size_len=72
ecdsa.ECDSA-SHA2-224.sign=1
ecdsa.ECDSA-SHA2-224.verify=1
ecdsa.ECDSA-SHA2-256.sign_message_init=1
ecdsa.ECDSA-SHA2-256.update=1
ecdsa.ECDSA-SHA2-256.size=1
ecdsa.ECDSA-SHA2-256.size_len=72
ecdsa.ECDSA-SHA2-256.sign=1
ecdsa.ECDSA-SHA2-256.verify=1
ecdsa.ECDSA-SHA2-384.sign_message_init=1
ecdsa.ECDSA-SHA2-384.update=1
ecdsa.ECDSA-SHA2-384.size=1
ecdsa.ECDSA-SHA2-384.size_len=72
ecdsa.ECDSA-SHA2-384.sign=1
ecdsa.ECDSA-SHA2-384.verify=1
ecdsa.ECDSA-SHA2-512.sign_message_init=1
ecdsa.ECDSA-SHA2-512.update=1
ecdsa.ECDSA-SHA2-512.size=1
ecdsa.ECDSA-SHA2-512.size_len=72
ecdsa.ECDSA-SHA2-512.sign=1
ecdsa.ECDSA-SHA2-512.verify=1
ecdsa.ECDSA-SHA3-224.sign_message_init=1
ecdsa.ECDSA-SHA3-224.update=1
ecdsa.ECDSA-SHA3-224.size=1
ecdsa.ECDSA-SHA3-224.size_len=72
ecdsa.ECDSA-SHA3-224.sign=1
ecdsa.ECDSA-SHA3-224.verify=1
ecdsa.ECDSA-SHA3-256.sign_message_init=1
ecdsa.ECDSA-SHA3-256.update=1
ecdsa.ECDSA-SHA3-256.size=1
ecdsa.ECDSA-SHA3-256.size_len=72
ecdsa.ECDSA-SHA3-256.sign=1
ecdsa.ECDSA-SHA3-256.verify=1
ecdsa.ECDSA-SHA3-384.sign_message_init=1
ecdsa.ECDSA-SHA3-384.update=1
ecdsa.ECDSA-SHA3-384.size=1
ecdsa.ECDSA-SHA3-384.size_len=72
ecdsa.ECDSA-SHA3-384.sign=1
ecdsa.ECDSA-SHA3-384.verify=1
ecdsa.ECDSA-SHA3-512.sign_message_init=1
ecdsa.ECDSA-SHA3-512.update=1
ecdsa.ECDSA-SHA3-512.size=1
ecdsa.ECDSA-SHA3-512.size_len=72
ecdsa.ECDSA-SHA3-512.sign=1
ecdsa.ECDSA-SHA3-512.verify=1
eddsa.ED25519.fetch=1
eddsa.ED25519ph.fetch=1
eddsa.ED25519ctx.fetch=1
eddsa.ED448.fetch=1
eddsa.ED448ph.fetch=1
eddsa.ED25519.key=1
eddsa.ED448.key=1
eddsa.ED25519.sign_message_init=1
eddsa.ED25519.sign=1
eddsa.ED25519.siglen=64
eddsa.ED25519.small_buffer=0
eddsa.ED25519.verify=1
eddsa.ED25519ph.sign_message_init=1
eddsa.ED25519ph.sign=1
eddsa.ED25519ph.siglen=64
eddsa.ED25519ph.small_buffer=0
eddsa.ED25519ph.verify=1
eddsa.ED25519ctx.sign_message_init=1
eddsa.ED25519ctx.sign=1
eddsa.ED25519ctx.siglen=64
eddsa.ED25519ctx.small_buffer=0
eddsa.ED25519ctx.verify=1
eddsa.ED448.sign_message_init=1
eddsa.ED448.sign=1
eddsa.ED448.siglen=114
eddsa.ED448.small_buffer=0
eddsa.ED448.verify=1
eddsa.ED448ph.sign_message_init=1
eddsa.ED448ph.sign=1
eddsa.ED448ph.siglen=114
eddsa.ED448ph.small_buffer=0
eddsa.ED448ph.verify=1
eddsa.ED25519ctx.no_context=0
rsa.RSA.fetch=1
rsa.RSA-RIPEMD160.fetch=1
rsa.RSA-SHA1.fetch=1
rsa.RSA-SHA2-224.fetch=1
rsa.RSA-SHA2-256.fetch=1
rsa.RSA-SHA2-384.fetch=1
rsa.RSA-SHA2-512.fetch=1
rsa.RSA-SHA2-512/224.fetch=1
rsa.RSA-SHA2-512/256.fetch=1
rsa.RSA-SHA3-224.fetch=1
rsa.RSA-SHA3-256.fetch=1
rsa.RSA-SHA3-384.fetch=1
rsa.RSA-SHA3-512.fetch=1
rsa.RSA-SM3.fetch=1
rsa.key=1
rsa.RSA.sign_init=1
rsa.RSA.update=1
rsa.RSA.size=1
rsa.RSA.size_len=256
rsa.RSA.sign=1
rsa.RSA.verify=1
rsa.RSA.algid=300d06092a864886f70d01010b0500
rsa.RSA.small_buffer=0
rsa.RSA.shake=0
rsa.RSA-RIPEMD160.sign_message_init=1
rsa.RSA-RIPEMD160.update=1
rsa.RSA-RIPEMD160.size=1
rsa.RSA-RIPEMD160.size_len=256
rsa.RSA-RIPEMD160.sign=1
rsa.RSA-RIPEMD160.sign.algid=300a06062b24030301020500
rsa.RSA-RIPEMD160.small_buffer=0
rsa.RSA-RIPEMD160.verify=1
rsa.RSA-SHA1.sign_message_init=1
rsa.RSA-SHA1.update=1
rsa.RSA-SHA1.size=1
rsa.RSA-SHA1.size_len=256
rsa.RSA-SHA1.sign=1
rsa.RSA-SHA1.sign.algid=300d06092a864886f70d0101050500
rsa.RSA-SHA1.small_buffer=0
rsa.RSA-SHA1.verify=1
rsa.RSA-SHA2-224.sign_message_init=1
rsa.RSA-SHA2-224.update=1
rsa.RSA-SHA2-224.size=1
rsa.RSA-SHA2-224.size_len=256
rsa.RSA-SHA2-224.sign=1
rsa.RSA-SHA2-224.sign.algid=300d06092a864886f70d01010e0500
rsa.RSA-SHA2-224.small_buffer=0
rsa.RSA-SHA2-224.verify=1
rsa.RSA-SHA2-256.sign_message_init=1
rsa.RSA-SHA2-256.update=1
rsa.RSA-SHA2-256.size=1
rsa.RSA-SHA2-256.size_len=256
rsa.RSA-SHA2-256.sign=1
rsa.RSA-SHA2-256.sign.algid=300d06092a864886f70d01010b0500
rsa.RSA-SHA2-256.small_buffer=0
rsa.RSA-SHA2-256.verify=1
rsa.RSA-SHA2-384.sign_message_init=1
rsa.RSA-SHA2-384.update=1
rsa.RSA-SHA2-384.size=1
rsa.RSA-SHA2-384.size_len=256
rsa.RSA-SHA2-384.sign=1
rsa.RSA-SHA2-384.sign.algid=300d06092a864886f70d01010c0500
rsa.RSA-SHA2-384.small_buffer=0
rsa.RSA-SHA2-384.verify=1
rsa.RSA-SHA2-512.sign_message_init=1
rsa.RSA-SHA2-512.update=1
rsa.RSA-SHA2-512.size=1
rsa.RSA-SHA2-512.size_len=256
rsa.RSA-SHA2-512.sign=1
rsa.RSA-SHA2-512.sign.algid=300d06092a864886f70d01010d0500
rsa.RSA-SHA2-512.small_buffer=0
rsa.RSA-SHA2-512.verify=1
rsa.RSA-SHA2-512/224.sign_message_init=1
rsa.RSA-SHA2-512/224.update=1
rsa.RSA-SHA2-512/224.size=1
rsa.RSA-SHA2-512/224.size_len=256
rsa.RSA-SHA2-512/224.sign=1
rsa.RSA-SHA2-512/224.sign.algid=300d06092a864886f70d01010f0500
rsa.RSA-SHA2-512/224.small_buffer=0
rsa.RSA-SHA2-512/224.verify=1
rsa.RSA-SHA2-512/256.sign_message_init=1
rsa.RSA-SHA2-512/256.update=1
rsa.RSA-SHA2-512/256.size=1
rsa.RSA-SHA2-512/256.size_len=256
rsa.RSA-SHA2-512/256.sign=1
rsa.RSA-SHA2-512/256.sign.algid=300d06092a864886f70d0101100500
rsa.RSA-SHA2-512/256.small_buffer=0
rsa.RSA-SHA2-512/256.verify=1
rsa.RSA-SHA3-224.sign_message_init=1
rsa.RSA-SHA3-224.update=1
rsa.RSA-SHA3-224.size=1
rsa.RSA-SHA3-224.size_len=256
rsa.RSA-SHA3-224.sign=1
rsa.RSA-SHA3-224.sign.algid=300d060960864801650304030d0500
rsa.RSA-SHA3-224.small_buffer=0
rsa.RSA-SHA3-224.verify=1
rsa.RSA-SHA3-256.sign_message_init=1
rsa.RSA-SHA3-256.update=1
rsa.RSA-SHA3-256.size=1
rsa.RSA-SHA3-256.size_len=256
rsa.RSA-SHA3-256.sign=1
rsa.RSA-SHA3-256.sign.algid=300d060960864801650304030e0500
rsa.RSA-SHA3-256.small_buffer=0
rsa.RSA-SHA3-256.verify=1
rsa.RSA-SHA3-384.sign_message_init=1
rsa.RSA-SHA3-384.update=1
rsa.RSA-SHA3-384.size=1
rsa.RSA-SHA3-384.size_len=256
rsa.RSA-SHA3-384.sign=1
rsa.RSA-SHA3-384.sign.algid=300d060960864801650304030f0500
rsa.RSA-SHA3-384.small_buffer=0
rsa.RSA-SHA3-384.verify=1
rsa.RSA-SHA3-512.sign_message_init=1
rsa.RSA-SHA3-512.update=1
rsa.RSA-SHA3-512.size=1
rsa.RSA-SHA3-512.size_len=256
rsa.RSA-SHA3-512.sign=1
rsa.RSA-SHA3-512.sign.algid=300d06096086480165030403100500
rsa.RSA-SHA3-512.small_buffer=0
rsa.RSA-SHA3-512.verify=1
rsa.RSA-SM3.sign_message_init=1
rsa.RSA-SM3.update=1
rsa.RSA-SM3.size=1
rsa.RSA-SM3.size_len=256
rsa.RSA-SM3.sign=1
rsa.RSA-SM3.small_buffer=0
rsa.RSA-SM3.verify=1
slh.SLH-DSA-SHA2-128s.key=1
slh.SLH-DSA-SHA2-128s.sig_fetch=1
slh.SLH-DSA-SHA2-128s.sign_message_init=1
slh.SLH-DSA-SHA2-128s.sign_size_query=1
slh.SLH-DSA-SHA2-128s.sign_size=7856
slh.SLH-DSA-SHA2-128s.sign=1
slh.SLH-DSA-SHA2-128s.sig_len=7856
slh.SLH-DSA-SHA2-128s.sig_sha256=217ef607ec174ad95e4b3df767bcb1b6fa9a702c1538e2f084e2e9cc5955fce4
slh.SLH-DSA-SHA2-128s.small_buffer=0
slh.SLH-DSA-SHA2-128s.verify=1
slh.SLH-DSA-SHA2-128s.verify_corrupted=0
slh.SLH-DSA-SHA2-128f.key=1
slh.SLH-DSA-SHA2-128f.sig_fetch=1
slh.SLH-DSA-SHA2-128f.sign_message_init=1
slh.SLH-DSA-SHA2-128f.sign_size_query=1
slh.SLH-DSA-SHA2-128f.sign_size=17088
slh.SLH-DSA-SHA2-128f.sign=1
slh.SLH-DSA-SHA2-128f.sig_len=17088
slh.SLH-DSA-SHA2-128f.sig_sha256=39ce123c60d5f32b000975577c2979f56ce9bef4d3c39aea4cf3f978e85c6d12
slh.SLH-DSA-SHA2-128f.small_buffer=0
slh.SLH-DSA-SHA2-128f.verify=1
slh.SLH-DSA-SHA2-128f.verify_corrupted=0
slh.SLH-DSA-SHA2-192s.key=1
slh.SLH-DSA-SHA2-192s.sig_fetch=1
slh.SLH-DSA-SHA2-192s.sign_message_init=1
slh.SLH-DSA-SHA2-192s.sign_size_query=1
slh.SLH-DSA-SHA2-192s.sign_size=16224
slh.SLH-DSA-SHA2-192s.sign=1
slh.SLH-DSA-SHA2-192s.sig_len=16224
slh.SLH-DSA-SHA2-192s.sig_sha256=1e0af97251075a4dff2efc421453788c103828c2212e82d04af41ce5bc47cd46
slh.SLH-DSA-SHA2-192s.small_buffer=0
slh.SLH-DSA-SHA2-192s.verify=1
slh.SLH-DSA-SHA2-192s.verify_corrupted=0
slh.SLH-DSA-SHA2-192f.key=1
slh.SLH-DSA-SHA2-192f.sig_fetch=1
slh.SLH-DSA-SHA2-192f.sign_message_init=1
slh.SLH-DSA-SHA2-192f.sign_size_query=1
slh.SLH-DSA-SHA2-192f.sign_size=35664
slh.SLH-DSA-SHA2-192f.sign=1
slh.SLH-DSA-SHA2-192f.sig_len=35664
slh.SLH-DSA-SHA2-192f.sig_sha256=57f40a99490aa3c922a41de70cea53341376e3a74319c41f0ca019b1e8d12e84
slh.SLH-DSA-SHA2-192f.small_buffer=0
slh.SLH-DSA-SHA2-192f.verify=1
slh.SLH-DSA-SHA2-192f.verify_corrupted=0
slh.SLH-DSA-SHA2-256s.key=1
slh.SLH-DSA-SHA2-256s.sig_fetch=1
slh.SLH-DSA-SHA2-256s.sign_message_init=1
slh.SLH-DSA-SHA2-256s.sign_size_query=1
slh.SLH-DSA-SHA2-256s.sign_size=29792
slh.SLH-DSA-SHA2-256s.sign=1
slh.SLH-DSA-SHA2-256s.sig_len=29792
slh.SLH-DSA-SHA2-256s.sig_sha256=6e7a990c10435413b9a1028c685b2a6e843468d19b34b5d50116b99242126f78
slh.SLH-DSA-SHA2-256s.small_buffer=0
slh.SLH-DSA-SHA2-256s.verify=1
slh.SLH-DSA-SHA2-256s.verify_corrupted=0
slh.SLH-DSA-SHA2-256f.key=1
slh.SLH-DSA-SHA2-256f.sig_fetch=1
slh.SLH-DSA-SHA2-256f.sign_message_init=1
slh.SLH-DSA-SHA2-256f.sign_size_query=1
slh.SLH-DSA-SHA2-256f.sign_size=49856
slh.SLH-DSA-SHA2-256f.sign=1
slh.SLH-DSA-SHA2-256f.sig_len=49856
slh.SLH-DSA-SHA2-256f.sig_sha256=b4ad3ed5b7eda338a8e38b96fde05812ef985250e01f27c03d648590ea44115d
slh.SLH-DSA-SHA2-256f.small_buffer=0
slh.SLH-DSA-SHA2-256f.verify=1
slh.SLH-DSA-SHA2-256f.verify_corrupted=0
slh.SLH-DSA-SHAKE-128s.key=1
slh.SLH-DSA-SHAKE-128s.sig_fetch=1
slh.SLH-DSA-SHAKE-128s.sign_message_init=1
slh.SLH-DSA-SHAKE-128s.sign_size_query=1
slh.SLH-DSA-SHAKE-128s.sign_size=7856
slh.SLH-DSA-SHAKE-128s.sign=1
slh.SLH-DSA-SHAKE-128s.sig_len=7856
slh.SLH-DSA-SHAKE-128s.sig_sha256=dd7e07a56969a659840bd82223f11e61322ffe36007713de85a09a288d228bb9
slh.SLH-DSA-SHAKE-128s.small_buffer=0
slh.SLH-DSA-SHAKE-128s.verify=1
slh.SLH-DSA-SHAKE-128s.verify_corrupted=0
slh.SLH-DSA-SHAKE-128f.key=1
slh.SLH-DSA-SHAKE-128f.sig_fetch=1
slh.SLH-DSA-SHAKE-128f.sign_message_init=1
slh.SLH-DSA-SHAKE-128f.sign_size_query=1
slh.SLH-DSA-SHAKE-128f.sign_size=17088
slh.SLH-DSA-SHAKE-128f.sign=1
slh.SLH-DSA-SHAKE-128f.sig_len=17088
slh.SLH-DSA-SHAKE-128f.sig_sha256=ca0ba74b11580823a27f889f0481b3b8bb9c92063d72dc9c5fae70197e604e18
slh.SLH-DSA-SHAKE-128f.small_buffer=0
slh.SLH-DSA-SHAKE-128f.verify=1
slh.SLH-DSA-SHAKE-128f.verify_corrupted=0
slh.SLH-DSA-SHAKE-192s.key=1
slh.SLH-DSA-SHAKE-192s.sig_fetch=1
slh.SLH-DSA-SHAKE-192s.sign_message_init=1
slh.SLH-DSA-SHAKE-192s.sign_size_query=1
slh.SLH-DSA-SHAKE-192s.sign_size=16224
slh.SLH-DSA-SHAKE-192s.sign=1
slh.SLH-DSA-SHAKE-192s.sig_len=16224
slh.SLH-DSA-SHAKE-192s.sig_sha256=96509af3d6cb7147555c99e03c48ae00fed794d4a599ca402e717fcf50c3d232
slh.SLH-DSA-SHAKE-192s.small_buffer=0
slh.SLH-DSA-SHAKE-192s.verify=1
slh.SLH-DSA-SHAKE-192s.verify_corrupted=0
slh.SLH-DSA-SHAKE-192f.key=1
slh.SLH-DSA-SHAKE-192f.sig_fetch=1
slh.SLH-DSA-SHAKE-192f.sign_message_init=1
slh.SLH-DSA-SHAKE-192f.sign_size_query=1
slh.SLH-DSA-SHAKE-192f.sign_size=35664
slh.SLH-DSA-SHAKE-192f.sign=1
slh.SLH-DSA-SHAKE-192f.sig_len=35664
slh.SLH-DSA-SHAKE-192f.sig_sha256=92435fdd11382a1c8d648e27bc21a8b831884b68011992a8d83dcef9bfa704e9
slh.SLH-DSA-SHAKE-192f.small_buffer=0
slh.SLH-DSA-SHAKE-192f.verify=1
slh.SLH-DSA-SHAKE-192f.verify_corrupted=0
slh.SLH-DSA-SHAKE-256s.key=1
slh.SLH-DSA-SHAKE-256s.sig_fetch=1
slh.SLH-DSA-SHAKE-256s.sign_message_init=1
slh.SLH-DSA-SHAKE-256s.sign_size_query=1
slh.SLH-DSA-SHAKE-256s.sign_size=29792
slh.SLH-DSA-SHAKE-256s.sign=1
slh.SLH-DSA-SHAKE-256s.sig_len=29792
slh.SLH-DSA-SHAKE-256s.sig_sha256=3f8b0f888465c3eec73ee1951a04757457911018846d031fa8f8ae362c26e169
slh.SLH-DSA-SHAKE-256s.small_buffer=0
slh.SLH-DSA-SHAKE-256s.verify=1
slh.SLH-DSA-SHAKE-256s.verify_corrupted=0
slh.SLH-DSA-SHAKE-256f.key=1
slh.SLH-DSA-SHAKE-256f.sig_fetch=1
slh.SLH-DSA-SHAKE-256f.sign_message_init=1
slh.SLH-DSA-SHAKE-256f.sign_size_query=1
slh.SLH-DSA-SHAKE-256f.sign_size=49856
slh.SLH-DSA-SHAKE-256f.sign=1
slh.SLH-DSA-SHAKE-256f.sig_len=49856
slh.SLH-DSA-SHAKE-256f.sig_sha256=1f0c21db7f5049caca3b1a832a1593843bbc66af8d5be2aa592b1b0e6895a5cc
slh.SLH-DSA-SHAKE-256f.small_buffer=0
slh.SLH-DSA-SHAKE-256f.verify=1
slh.SLH-DSA-SHAKE-256f.verify_corrupted=0
mldsa.ML-DSA-44.key=1
mldsa.ML-DSA-44.sig_fetch=1
mldsa.ML-DSA-44.sign_message_init=1
mldsa.ML-DSA-44.sign_size_query=1
mldsa.ML-DSA-44.sign_size=2420
mldsa.ML-DSA-44.sign=1
mldsa.ML-DSA-44.sig_len=2420
mldsa.ML-DSA-44.sig_sha256=5d62141734a3a86236d79c48bb5ba6034e4c50488bec61a1cc50c763a84fabaf
mldsa.ML-DSA-44.small_buffer=0
mldsa.ML-DSA-44.verify=1
mldsa.ML-DSA-44.verify_corrupted=0
mldsa.ML-DSA-65.key=1
mldsa.ML-DSA-65.sig_fetch=1
mldsa.ML-DSA-65.sign_message_init=1
mldsa.ML-DSA-65.sign_size_query=1
mldsa.ML-DSA-65.sign_size=3309
mldsa.ML-DSA-65.sign=1
mldsa.ML-DSA-65.sig_len=3309
mldsa.ML-DSA-65.sig_sha256=656364779814fd7a4be74f04223e8bad69fe4ea4d0d4a0696b8b4ff57ac9bab8
mldsa.ML-DSA-65.small_buffer=0
mldsa.ML-DSA-65.verify=1
mldsa.ML-DSA-65.verify_corrupted=0
mldsa.ML-DSA-87.key=1
mldsa.ML-DSA-87.sig_fetch=1
mldsa.ML-DSA-87.sign_message_init=1
mldsa.ML-DSA-87.sign_size_query=1
mldsa.ML-DSA-87.sign_size=4627
mldsa.ML-DSA-87.sign=1
mldsa.ML-DSA-87.sig_len=4627
mldsa.ML-DSA-87.sig_sha256=bc799702a45c575615683c03a2519d64fb8207c8ae9300e60bf486dff353f4ab
mldsa.ML-DSA-87.small_buffer=0
mldsa.ML-DSA-87.verify=1
mldsa.ML-DSA-87.verify_corrupted=0
sm2.fetch=1
sm2.keygen_init=1
sm2.set_group=1
sm2.keygen=1
sm2.sm3_fetch=1
sm2.digest_sign_init=1
sm2.update=1
sm2.size=1
sm2.sign=1
sm2.verify=1
