transcript.sha256=c9c9d416a25993a67ca1921467a8811e70d7423a77432ddcb15616060fb2c878
AES-128-CBC.acc=1
AES-128-CBC.bs=16
AES-128-CBC.kl=16
AES-128-CBC.ivl=16
AES-128-CBC.flags=2
AES-128-CBC.byname=1
AES-128-CBC.ct=753d5eacf88ed4c2c30496112e5f2221380449120c43e61d91c66cae5065cdad254d8b9141f047f75d0caaa9c96543da
AES-128-CBC.rt=1
AES-128-ECB.acc=1
AES-128-ECB.bs=16
AES-128-ECB.kl=16
AES-128-ECB.ivl=0
AES-128-ECB.flags=1
AES-128-ECB.byname=1
AES-128-ECB.ct=0a940bb5416ef045f1c39458c653ea5a07feef74e1d5036e900eee118e949293954f64f2e4e86e9eee82d20216684899
AES-128-ECB.rt=1
AES-128-OFB.acc=1
AES-128-OFB.bs=1
AES-128-OFB.kl=16
AES-128-OFB.ivl=16
AES-128-OFB.flags=4
AES-128-OFB.byname=1
AES-128-OFB.ct=66a6c5eb3057374f9f58d40c3f1ba3a27e708ba942c09a4513777f0dedd79fb5
AES-128-OFB.rt=1
AES-128-CFB.acc=1
AES-128-CFB.bs=1
AES-128-CFB.kl=16
AES-128-CFB.ivl=16
AES-128-CFB.flags=3
AES-128-CFB.byname=1
AES-128-CFB.ct=66a6c5eb3057374f9f58d40c3f1ba3a25b050107dcd400f797204348c0a7fd59
AES-128-CFB.rt=1
AES-128-CFB1.acc=1
AES-128-CFB1.bs=1
AES-128-CFB1.kl=16
AES-128-CFB1.ivl=16
AES-128-CFB1.flags=3
AES-128-CFB1.byname=1
AES-128-CFB1.ct=11c446415bab629ef5fd043d6bd9cc2ff090322bc40eb614729aad13d67d6c4d
AES-128-CFB1.rt=1
AES-128-CFB8.acc=1
AES-128-CFB8.bs=1
AES-128-CFB8.kl=16
AES-128-CFB8.ivl=16
AES-128-CFB8.flags=3
AES-128-CFB8.byname=1
AES-128-CFB8.ct=66be3f88185dd602bd7b930dddeb177d323676716216399d07e095f191c4ba72
AES-128-CFB8.rt=1
AES-128-CTR.acc=1
AES-128-CTR.bs=1
AES-128-CTR.kl=16
AES-128-CTR.ivl=16
AES-128-CTR.flags=5
AES-128-CTR.byname=1
AES-128-CTR.ct=66a6c5eb3057374f9f58d40c3f1ba3a2a290c513a38b2ababcb469a0728101f5
AES-128-CTR.rt=1
id-aes128-GCM.acc=1
id-aes128-GCM.bs=1
id-aes128-GCM.kl=16
id-aes128-GCM.ivl=12
id-aes128-GCM.flags=300c76
id-aes128-GCM.byname=1
id-aes128-GCM.ct=111be4703edd63733bf535bbdb0da378559e3127ffdee15ac0a8cf5078ac06bd
id-aes128-GCM.rt=0
id-aes128-CCM.acc=1
id-aes128-CCM.bs=1
id-aes128-CCM.kl=16
id-aes128-CCM.ivl=12
id-aes128-CCM.flags=300c77
id-aes128-CCM.byname=1
id-aes128-CCM.ct=7747ef4ef7cc2c2d9bbd532843632418d8ae88ea6540dcccc93a7529d125608b
id-aes128-CCM.rt=0
AES-128-XTS.acc=1
AES-128-XTS.bs=1
AES-128-XTS.kl=32
AES-128-XTS.ivl=16
AES-128-XTS.flags=10471
AES-128-XTS.byname=1
AES-128-XTS.ct=e15ae9891638794e54332fb2d765cad76b437694c899fe7723e35bb46c63c444
AES-128-XTS.rt=1
AES-128-OCB.acc=1
AES-128-OCB.bs=16
AES-128-OCB.kl=16
AES-128-OCB.ivl=12
AES-128-OCB.flags=310c73
AES-128-OCB.byname=1
AES-128-OCB.ct=93f272f105b6567fff10b19eeee4494a6c7f6f78c5f4311371ed2db6a74c66f5
AES-128-OCB.rt=0
id-aes128-wrap.acc=1
id-aes128-wrap.bs=8
id-aes128-wrap.kl=16
id-aes128-wrap.ivl=8
id-aes128-wrap.flags=110032
id-aes128-wrap.byname=1
id-aes128-wrap.ct=160c761fd28c303c5a671d6f81c66b68b2c80569b736402c9a6b4064e458375d512e7aae3f23dabc
id-aes128-wrap.rt=1
id-aes128-wrap-pad.acc=1
id-aes128-wrap-pad.bs=8
id-aes128-wrap-pad.kl=16
id-aes128-wrap-pad.ivl=4
id-aes128-wrap-pad.flags=110032
id-aes128-wrap-pad.byname=1
id-aes128-wrap-pad.ct=0be48ed9911fac8b48686c83ffcadfd433d26a9a03171a17532714aa42872ce8ca57f2eca2dc5f81
id-aes128-wrap-pad.rt=1
AES-192-CBC.acc=1
AES-192-CBC.bs=16
AES-192-CBC.kl=24
AES-192-CBC.ivl=16
AES-192-CBC.flags=2
AES-192-CBC.byname=1
AES-192-CBC.ct=8109f00b4324e87d610d74c4e2ca931c682ca0dc59afb401b0c88076930072a4afd2c2fdb2b90888299e01d1b18534be
AES-192-CBC.rt=1
AES-192-ECB.acc=1
AES-192-ECB.bs=16
AES-192-ECB.kl=24
AES-192-ECB.ivl=0
AES-192-ECB.flags=1
AES-192-ECB.byname=1
AES-192-ECB.ct=0060bffe46834bb8da5cf9a61ff220ae93ae3b7f9fc2e8159d05a6a9f5e24f2d3fe7286abde5f03943d5777020259626
AES-192-ECB.rt=1
AES-192-OFB.acc=1
AES-192-OFB.bs=1
AES-192-OFB.kl=24
AES-192-OFB.ivl=16
AES-192-OFB.flags=4
AES-192-OFB.byname=1
AES-192-OFB.ct=2b834a5150f76f97bbd03c09fce8a6fcf03f5a783a2c9dc3918cd841841d6184
AES-192-OFB.rt=1
AES-192-CFB.acc=1
AES-192-CFB.bs=1
AES-192-CFB.kl=24
AES-192-CFB.ivl=16
AES-192-CFB.flags=3
AES-192-CFB.byname=1
AES-192-CFB.ct=2b834a5150f76f97bbd03c09fce8a6fc5fdcd03edbdab1334160ba9ba312cbfd
AES-192-CFB.rt=1
AES-192-CFB1.acc=1
AES-192-CFB1.bs=1
AES-192-CFB1.kl=24
AES-192-CFB1.ivl=16
AES-192-CFB1.flags=3
AES-192-CFB1.byname=1
AES-192-CFB1.ct=7b94728a754bea5a66c2f4da8e842749b256d14cd9f25140972cc52c58be3b7b
AES-192-CFB1.rt=1
AES-192-CFB8.acc=1
AES-192-CFB8.bs=1
AES-192-CFB8.kl=24
AES-192-CFB8.ivl=16
AES-192-CFB8.flags=3
AES-192-CFB8.byname=1
AES-192-CFB8.ct=2b92ec56449b1afcac807efe7ef980e63bf563cf2d72c1e0010cb69eecd9f512
AES-192-CFB8.rt=1
AES-192-CTR.acc=1
AES-192-CTR.bs=1
AES-192-CTR.kl=24
AES-192-CTR.ivl=16
AES-192-CTR.flags=5
AES-192-CTR.byname=1
AES-192-CTR.ct=2b834a5150f76f97bbd03c09fce8a6fccb193990dd81e1269f7692df37dcb71b
AES-192-CTR.rt=1
id-aes192-GCM.acc=1
id-aes192-GCM.bs=1
id-aes192-GCM.kl=24
id-aes192-GCM.ivl=12
id-aes192-GCM.flags=300c76
id-aes192-GCM.byname=1
id-aes192-GCM.ct=ecf80f3e88657c1d4de8cc5a032348d0b3e954b66d4230b0527c362396fa7b13
id-aes192-GCM.rt=0
id-aes192-CCM.acc=1
id-aes192-CCM.bs=1
id-aes192-CCM.kl=24
id-aes192-CCM.ivl=12
id-aes192-CCM.flags=300c77
id-aes192-CCM.byname=1
id-aes192-CCM.ct=57d7ab6c3ca52cc363054300e0f08680c30fb1e8184b702868136177d64f050c
id-aes192-CCM.rt=0
AES-192-OCB.acc=1
AES-192-OCB.bs=16
AES-192-OCB.kl=24
AES-192-OCB.ivl=12
AES-192-OCB.flags=310c73
AES-192-OCB.byname=1
AES-192-OCB.ct=9a6cbcc082f71a3cf3e24b53002133eb9494f3268f2f0f39efd22aebfcbdbecb
AES-192-OCB.rt=0
id-aes192-wrap.acc=1
id-aes192-wrap.bs=8
id-aes192-wrap.kl=24
id-aes192-wrap.ivl=8
id-aes192-wrap.flags=110032
id-aes192-wrap.byname=1
id-aes192-wrap.ct=7775753d528a387948b5cab17d1b8d9b3175aef0fbca5d655a0221c59961d8412a5fc145c3920673
id-aes192-wrap.rt=1
id-aes192-wrap-pad.acc=1
id-aes192-wrap-pad.bs=8
id-aes192-wrap-pad.kl=24
id-aes192-wrap-pad.ivl=4
id-aes192-wrap-pad.flags=110032
id-aes192-wrap-pad.byname=1
id-aes192-wrap-pad.ct=acf616e77d03876cf0f1b79a403e677cbabbaa93084e7bb18fe08dc5ced0f9d1f2b9556f1c5371fa
id-aes192-wrap-pad.rt=1
AES-256-CBC.acc=1
AES-256-CBC.bs=16
AES-256-CBC.kl=32
AES-256-CBC.ivl=16
AES-256-CBC.flags=2
AES-256-CBC.byname=1
AES-256-CBC.ct=904ce45cf22ed0d1be643f5fc86504cd5657deaccfb95ef5a793ca2db1f9a6457e7c9e738a494b6f8400b6c33acdc0b2
AES-256-CBC.rt=1
AES-256-ECB.acc=1
AES-256-ECB.bs=16
AES-256-ECB.kl=32
AES-256-ECB.ivl=0
AES-256-ECB.flags=1
AES-256-ECB.byname=1
AES-256-ECB.ct=5a6e045708fb7196f02e553d02c3a692e9c3ef8ab23453e6f0749cd636e7a88e9f3b7504926f8bd36e3118e903a4cd4a
AES-256-ECB.rt=1
AES-256-OFB.acc=1
AES-256-OFB.bs=1
AES-256-OFB.kl=32
AES-256-OFB.ivl=16
AES-256-OFB.flags=4
AES-256-OFB.byname=1
AES-256-OFB.ct=9201cf8e279386cc5260ec5f4c3f6d1bb835beccffdf9013a75c908a085301c4
AES-256-OFB.rt=1
AES-256-CFB.acc=1
AES-256-CFB.bs=1
AES-256-CFB.kl=32
AES-256-CFB.ivl=16
AES-256-CFB.flags=3
AES-256-CFB.byname=1
AES-256-CFB.ct=9201cf8e279386cc5260ec5f4c3f6d1b2013bd14ff3dba1bb34bfea3a0d0e400
AES-256-CFB.rt=1
AES-256-CFB1.acc=1
AES-256-CFB1.bs=1
AES-256-CFB1.kl=32
AES-256-CFB1.ivl=16
AES-256-CFB1.flags=3
AES-256-CFB1.byname=1
AES-256-CFB1.ct=8f052ad9575956e44c9f8f3181233274c51c5056a66df2b4e6d6646d76297f35
AES-256-CFB1.rt=1
AES-256-CFB8.acc=1
AES-256-CFB8.bs=1
AES-256-CFB8.kl=32
AES-256-CFB8.ivl=16
AES-256-CFB8.flags=3
AES-256-CFB8.byname=1
AES-256-CFB8.ct=923a29d495cef167efd4de3ed7f099abfef1306873ebaf0249d4c224d38ad8f3
AES-256-CFB8.rt=1
AES-256-CTR.acc=1
AES-256-CTR.bs=1
AES-256-CTR.kl=32
AES-256-CTR.ivl=16
AES-256-CTR.flags=5
AES-256-CTR.byname=1
AES-256-CTR.ct=9201cf8e279386cc5260ec5f4c3f6d1bda4e6953e53f22d676be4f3a566a9891
AES-256-CTR.rt=1
id-aes256-GCM.acc=1
id-aes256-GCM.bs=1
id-aes256-GCM.kl=32
id-aes256-GCM.ivl=12
id-aes256-GCM.flags=300c76
id-aes256-GCM.byname=1
id-aes256-GCM.ct=69074103783fd47397fefd9182476cb900f04bd12c12598f4e4f29bb452ecc18
id-aes256-GCM.rt=0
id-aes256-CCM.acc=1
id-aes256-CCM.bs=1
id-aes256-CCM.kl=32
id-aes256-CCM.ivl=12
id-aes256-CCM.flags=300c77
id-aes256-CCM.byname=1
id-aes256-CCM.ct=3e5e0c42c669db80ee4bad1d84b6575d8f81ffb1eae21e24d71784fcbb8aa4f1
id-aes256-CCM.rt=0
AES-256-XTS.acc=1
AES-256-XTS.bs=1
AES-256-XTS.kl=64
AES-256-XTS.ivl=16
AES-256-XTS.flags=10471
AES-256-XTS.byname=1
AES-256-XTS.ct=98beceec2b5bcf79a02c47826603ea7421fdd90fba152fb21bcc787a810bfe05
AES-256-XTS.rt=1
AES-256-OCB.acc=1
AES-256-OCB.bs=16
AES-256-OCB.kl=32
AES-256-OCB.ivl=12
AES-256-OCB.flags=310c73
AES-256-OCB.byname=1
AES-256-OCB.ct=7cf34cfb01794b8156d596662f7f8d1111f30fcea004a3e8f262662b096e448d
AES-256-OCB.rt=0
id-aes256-wrap.acc=1
id-aes256-wrap.bs=8
id-aes256-wrap.kl=32
id-aes256-wrap.ivl=8
id-aes256-wrap.flags=110032
id-aes256-wrap.byname=1
id-aes256-wrap.ct=ba8cf0a59bade2a6ce446113d91d38b554326a92c71dc7159bc6764999cb926e0770ada957a812de
id-aes256-wrap.rt=1
id-aes256-wrap-pad.acc=1
id-aes256-wrap-pad.bs=8
id-aes256-wrap-pad.kl=32
id-aes256-wrap-pad.ivl=4
id-aes256-wrap-pad.flags=110032
id-aes256-wrap-pad.byname=1
id-aes256-wrap-pad.ct=35dbe641bf512c347a1cecb9d1899805992120c96ef234eb6b637244e65baabe30be5db345fb7ac8
id-aes256-wrap-pad.rt=1
AES-128-CBC-HMAC-SHA1.acc=1
AES-128-CBC-HMAC-SHA1.bs=16
AES-128-CBC-HMAC-SHA1.kl=16
AES-128-CBC-HMAC-SHA1.ivl=16
AES-128-CBC-HMAC-SHA1.flags=600002
AES-128-CBC-HMAC-SHA1.byname=1
AES-128-CBC-HMAC-SHA1.ct=753d5eacf88ed4c2c30496112e5f2221380449120c43e61d91c66cae5065cdad
AES-128-CBC-HMAC-SHA1.rt=1
AES-256-CBC-HMAC-SHA1.acc=1
AES-256-CBC-HMAC-SHA1.bs=16
AES-256-CBC-HMAC-SHA1.kl=32
AES-256-CBC-HMAC-SHA1.ivl=16
AES-256-CBC-HMAC-SHA1.flags=600002
AES-256-CBC-HMAC-SHA1.byname=1
AES-256-CBC-HMAC-SHA1.ct=904ce45cf22ed0d1be643f5fc86504cd5657deaccfb95ef5a793ca2db1f9a645
AES-256-CBC-HMAC-SHA1.rt=1
AES-128-CBC-HMAC-SHA256.acc=1
AES-128-CBC-HMAC-SHA256.bs=16
AES-128-CBC-HMAC-SHA256.kl=16
AES-128-CBC-HMAC-SHA256.ivl=16
AES-128-CBC-HMAC-SHA256.flags=600002
AES-128-CBC-HMAC-SHA256.byname=1
AES-128-CBC-HMAC-SHA256.ct=753d5eacf88ed4c2c30496112e5f2221380449120c43e61d91c66cae5065cdad
AES-128-CBC-HMAC-SHA256.rt=1
AES-256-CBC-HMAC-SHA256.acc=1
AES-256-CBC-HMAC-SHA256.bs=16
AES-256-CBC-HMAC-SHA256.kl=32
AES-256-CBC-HMAC-SHA256.ivl=16
AES-256-CBC-HMAC-SHA256.flags=600002
AES-256-CBC-HMAC-SHA256.byname=1
AES-256-CBC-HMAC-SHA256.ct=904ce45cf22ed0d1be643f5fc86504cd5657deaccfb95ef5a793ca2db1f9a645
AES-256-CBC-HMAC-SHA256.rt=1
ARIA-128-CBC.acc=1
ARIA-128-CBC.bs=16
ARIA-128-CBC.kl=16
ARIA-128-CBC.ivl=16
ARIA-128-CBC.flags=2
ARIA-128-CBC.byname=1
ARIA-128-CBC.ct=f3c821bedd6aab62e2095888b7782a8ad356bbf275ac35beb4a396eca8859ef93e86c556c8ca9779296dad37f188b9b9
ARIA-128-CBC.rt=1
ARIA-128-ECB.acc=1
ARIA-128-ECB.bs=16
ARIA-128-ECB.kl=16
ARIA-128-ECB.ivl=0
ARIA-128-ECB.flags=1
ARIA-128-ECB.byname=1
ARIA-128-ECB.ct=3695a47e0769b8bc008f08a86cc4fff830322bff4c44a0bcb622e2bff61abc35f3db02acf7d1feb59279bb4e3d14139b
ARIA-128-ECB.rt=1
ARIA-128-OFB.acc=1
ARIA-128-OFB.bs=1
ARIA-128-OFB.kl=16
ARIA-128-OFB.ivl=16
ARIA-128-OFB.flags=4
ARIA-128-OFB.byname=1
ARIA-128-OFB.ct=5bf9df61462c0d20d850035ea335ad1fe966df9609c54f4a5e7ada309e3b191d
ARIA-128-OFB.rt=1
ARIA-128-CFB.acc=1
ARIA-128-CFB.bs=1
ARIA-128-CFB.kl=16
ARIA-128-CFB.ivl=16
ARIA-128-CFB.flags=3
ARIA-128-CFB.byname=1
ARIA-128-CFB.ct=5bf9df61462c0d20d850035ea335ad1f74465b8052ba9c15f8cf3666b3ac9c15
ARIA-128-CFB.rt=1
ARIA-128-CFB1.acc=1
ARIA-128-CFB1.bs=1
ARIA-128-CFB1.kl=16
ARIA-128-CFB1.ivl=16
ARIA-128-CFB1.flags=3
ARIA-128-CFB1.byname=1
ARIA-128-CFB1.ct=6add401c27a2b15a232d00ee8e3d5256f22cdb397c120788790fcee057083b15
ARIA-128-CFB1.rt=1
ARIA-128-CFB8.acc=1
ARIA-128-CFB8.bs=1
ARIA-128-CFB8.kl=16
ARIA-128-CFB8.ivl=16
ARIA-128-CFB8.flags=3
ARIA-128-CFB8.byname=1
ARIA-128-CFB8.ct=5bec431e0f8f9de9182b22dce243a51a8b30c51924453b6cd8894302bfc08f66
ARIA-128-CFB8.rt=1
ARIA-128-CTR.acc=1
ARIA-128-CTR.bs=1
ARIA-128-CTR.kl=16
ARIA-128-CTR.ivl=16
ARIA-128-CTR.flags=5
ARIA-128-CTR.byname=1
ARIA-128-CTR.ct=5bf9df61462c0d20d850035ea335ad1fef59279e97958dfbb1624c934a96d356
ARIA-128-CTR.rt=1
ARIA-128-GCM.acc=1
ARIA-128-GCM.bs=1
ARIA-128-GCM.kl=16
ARIA-128-GCM.ivl=12
ARIA-128-GCM.flags=300c76
ARIA-128-GCM.byname=1
ARIA-128-GCM.ct=a2393c0d0b0c58f212b938825a75987db546a3c43d359937bbff9343bec26eaf
ARIA-128-GCM.rt=0
ARIA-128-CCM.acc=1
ARIA-128-CCM.bs=1
ARIA-128-CCM.kl=16
ARIA-128-CCM.ivl=12
ARIA-128-CCM.flags=300c77
ARIA-128-CCM.byname=1
ARIA-128-CCM.ct=c2bbdaf004932676f1057af66b0b95e5482acda12d06d58e8778b3f4e50e2aca
ARIA-128-CCM.rt=0
ARIA-192-CBC.acc=1
ARIA-192-CBC.bs=16
ARIA-192-CBC.kl=24
ARIA-192-CBC.ivl=16
ARIA-192-CBC.flags=2
ARIA-192-CBC.byname=1
ARIA-192-CBC.ct=8d0d71ce70715af83d67d3a5a2be669eae57bd30fd8e4691cf0ec82673e3346c66be25e6a4d6953e5969effbe28493c9
ARIA-192-CBC.rt=1
ARIA-192-ECB.acc=1
ARIA-192-ECB.bs=16
ARIA-192-ECB.kl=24
ARIA-192-ECB.ivl=0
ARIA-192-ECB.flags=1
ARIA-192-ECB.byname=1
ARIA-192-ECB.ct=f8ea29ad7147aea21bae5e6fbc07204301424af91d8aa81b2a3133c45ff5f2d79aad1d671c885137ae299f807fbb5217
ARIA-192-ECB.rt=1
ARIA-192-OFB.acc=1
ARIA-192-OFB.bs=1
ARIA-192-OFB.kl=24
ARIA-192-OFB.ivl=16
ARIA-192-OFB.flags=4
ARIA-192-OFB.byname=1
ARIA-192-OFB.ct=7797ee87629760c544ee2cd11b8109f24b5a4dc2e90f36ccf6382246231fbce2
ARIA-192-OFB.rt=1
ARIA-192-CFB.acc=1
ARIA-192-CFB.bs=1
ARIA-192-CFB.kl=24
ARIA-192-CFB.ivl=16
ARIA-192-CFB.flags=3
ARIA-192-CFB.byname=1
ARIA-192-CFB.ct=7797ee87629760c544ee2cd11b8109f2075b7151216a2808aa3db0f3726dcc0c
ARIA-192-CFB.rt=1
ARIA-192-CFB1.acc=1
ARIA-192-CFB1.bs=1
ARIA-192-CFB1.kl=24
ARIA-192-CFB1.ivl=16
ARIA-192-CFB1.flags=3
ARIA-192-CFB1.byname=1
ARIA-192-CFB1.ct=7974085f2ed33b827023fc0d3ab8ba8f36fdebf43dcb6d4d7c39ef74e62f74a8
ARIA-192-CFB1.rt=1
ARIA-192-CFB8.acc=1
ARIA-192-CFB8.bs=1
ARIA-192-CFB8.kl=24
ARIA-192-CFB8.ivl=16
ARIA-192-CFB8.flags=3
ARIA-192-CFB8.byname=1
ARIA-192-CFB8.ct=77b8ff83d578d45623f5119658e038b4004896e8f549182a28a566f47e1228d2
ARIA-192-CFB8.rt=1
ARIA-192-CTR.acc=1
ARIA-192-CTR.bs=1
ARIA-192-CTR.kl=24
ARIA-192-CTR.ivl=16
ARIA-192-CTR.flags=5
ARIA-192-CTR.byname=1
ARIA-192-CTR.ct=7797ee87629760c544ee2cd11b8109f2b471a261476ce0a9283c664d5a0930cf
ARIA-192-CTR.rt=1
ARIA-192-GCM.acc=1
ARIA-192-GCM.bs=1
ARIA-192-GCM.kl=24
ARIA-192-GCM.ivl=12
ARIA-192-GCM.flags=300c76
ARIA-192-GCM.byname=1
ARIA-192-GCM.ct=669d57e668973fedefac3dbb7af24abe89fc2a47811c3d9c53e1ba9e5b133fac
ARIA-192-GCM.rt=0
ARIA-192-CCM.acc=1
ARIA-192-CCM.bs=1
ARIA-192-CCM.kl=24
ARIA-192-CCM.ivl=12
ARIA-192-CCM.flags=300c77
ARIA-192-CCM.byname=1
ARIA-192-CCM.ct=73969575dc9c9c671d739853975d85b0e14ae6e7cd4d2a98f55eb3b3a2082a13
ARIA-192-CCM.rt=0
ARIA-256-CBC.acc=1
ARIA-256-CBC.bs=16
ARIA-256-CBC.kl=32
ARIA-256-CBC.ivl=16
ARIA-256-CBC.flags=2
ARIA-256-CBC.byname=1
ARIA-256-CBC.ct=2904e24e5e3d3d8851b0681a90289aac8fc00f36faef3add3bb32fc832ead3cb4c2d55fbb32aff64072790beaad124c9
ARIA-256-CBC.rt=1
ARIA-256-ECB.acc=1
ARIA-256-ECB.bs=16
ARIA-256-ECB.kl=32
ARIA-256-ECB.ivl=0
ARIA-256-ECB.flags=1
ARIA-256-ECB.byname=1
ARIA-256-ECB.ct=7a859561ff6f42df04a242bfea4fe9dc9f809a95d3af88fa8cdd26b03eddd8f1af0324d78efac2f631a8306ac80e99ef
ARIA-256-ECB.rt=1
ARIA-256-OFB.acc=1
ARIA-256-OFB.bs=1
ARIA-256-OFB.kl=32
ARIA-256-OFB.ivl=16
ARIA-256-OFB.flags=4
ARIA-256-OFB.byname=1
ARIA-256-OFB.ct=81f2241bb8227f919506c1644ddd88ee7799e00e34da92cd156302947a78fb4c
ARIA-256-OFB.rt=1
ARIA-256-CFB.acc=1
ARIA-256-CFB.bs=1
ARIA-256-CFB.kl=32
ARIA-256-CFB.ivl=16
ARIA-256-CFB.flags=3
ARIA-256-CFB.byname=1
ARIA-256-CFB.ct=81f2241bb8227f919506c1644ddd88ee855c22cbaa59b3857f8d98ad82c99bbc
ARIA-256-CFB.rt=1
ARIA-256-CFB1.acc=1
ARIA-256-CFB1.bs=1
ARIA-256-CFB1.kl=32
ARIA-256-CFB1.ivl=16
ARIA-256-CFB1.flags=3
ARIA-256-CFB1.byname=1
ARIA-256-CFB1.ct=b87b87d88175d0ade13d993c9493beda3410015a154ee55e4feed5c78f413fee
ARIA-256-CFB1.rt=1
ARIA-256-CFB8.acc=1
ARIA-256-CFB8.bs=1
ARIA-256-CFB8.kl=32
ARIA-256-CFB8.ivl=16
ARIA-256-CFB8.flags=3
ARIA-256-CFB8.byname=1
ARIA-256-CFB8.ct=8195f4dd982d2f46e4acd1e034bb31b597d70db9e4c17123a47c9634ea41a044
ARIA-256-CFB8.rt=1
ARIA-256-CTR.acc=1
ARIA-256-CTR.bs=1
ARIA-256-CTR.kl=32
ARIA-256-CTR.ivl=16
ARIA-256-CTR.flags=5
ARIA-256-CTR.byname=1
ARIA-256-CTR.ct=81f2241bb8227f919506c1644ddd88ee1bbdebeafaf3d172828e6553abb6c368
ARIA-256-CTR.rt=1
ARIA-256-GCM.acc=1
ARIA-256-GCM.bs=1
ARIA-256-GCM.kl=32
ARIA-256-GCM.ivl=12
ARIA-256-GCM.flags=300c76
ARIA-256-GCM.byname=1
ARIA-256-GCM.ct=03f00aa711f6282487bffa52edaf48a7d67225781c2afbcad6f75f375e68b58d
ARIA-256-GCM.rt=0
ARIA-256-CCM.acc=1
ARIA-256-CCM.bs=1
ARIA-256-CCM.kl=32
ARIA-256-CCM.ivl=12
ARIA-256-CCM.flags=300c77
ARIA-256-CCM.byname=1
ARIA-256-CCM.ct=0bdd1bdf24d81884ad7ad1d5edf4c128890517296422077f02d85a6d9344221e
ARIA-256-CCM.rt=0
CAMELLIA-128-CBC.acc=1
CAMELLIA-128-CBC.bs=16
CAMELLIA-128-CBC.kl=16
CAMELLIA-128-CBC.ivl=16
CAMELLIA-128-CBC.flags=2
CAMELLIA-128-CBC.byname=1
CAMELLIA-128-CBC.ct=067752625b4fe3cc19a167aa7636b1671e11fb77382332094af5ab2f5f0f4e617e1979dfbcef108bc3c5bbdd5c72b386
CAMELLIA-128-CBC.rt=1
CAMELLIA-128-ECB.acc=1
CAMELLIA-128-ECB.bs=16
CAMELLIA-128-ECB.kl=16
CAMELLIA-128-ECB.ivl=0
CAMELLIA-128-ECB.flags=1
CAMELLIA-128-ECB.byname=1
CAMELLIA-128-ECB.ct=ed18d83f3153160c5a6d01ac3717515cef53c586d129577dc7d4183a7ef5fa0aa9e983e3d7733ecd1a4bf26b833d3d23
CAMELLIA-128-ECB.rt=1
CAMELLIA-128-OFB.acc=1
CAMELLIA-128-OFB.bs=1
CAMELLIA-128-OFB.kl=16
CAMELLIA-128-OFB.ivl=16
CAMELLIA-128-OFB.flags=4
CAMELLIA-128-OFB.byname=1
CAMELLIA-128-OFB.ct=a626ee09cf2eef746205b775cc1535402cb0788f76e55e9f19aff9969318cd07
CAMELLIA-128-OFB.rt=1
CAMELLIA-128-CFB.acc=1
CAMELLIA-128-CFB.bs=1
CAMELLIA-128-CFB.kl=16
CAMELLIA-128-CFB.ivl=16
CAMELLIA-128-CFB.flags=3
CAMELLIA-128-CFB.byname=1
CAMELLIA-128-CFB.ct=a626ee09cf2eef746205b775cc153540421a819685f2bd2c6231a992c4395e64
CAMELLIA-128-CFB.rt=1
CAMELLIA-128-CFB1.acc=1
CAMELLIA-128-CFB1.bs=1
CAMELLIA-128-CFB1.kl=16
CAMELLIA-128-CFB1.ivl=16
CAMELLIA-128-CFB1.flags=3
CAMELLIA-128-CFB1.byname=1
CAMELLIA-128-CFB1.ct=8199b897b4c28a2f90bff228802e620cf00fc628f725a5261bb677e0558d4bca
CAMELLIA-128-CFB1.rt=1
CAMELLIA-128-CFB8.acc=1
CAMELLIA-128-CFB8.bs=1
CAMELLIA-128-CFB8.kl=16
CAMELLIA-128-CFB8.ivl=16
CAMELLIA-128-CFB8.flags=3
CAMELLIA-128-CFB8.byname=1
CAMELLIA-128-CFB8.ct=a698fa19c88f2bfd4afd86e6999da9142d300da4a48375240108f86ac74505d7
CAMELLIA-128-CFB8.rt=1
CAMELLIA-128-CTR.acc=1
CAMELLIA-128-CTR.bs=1
CAMELLIA-128-CTR.kl=16
CAMELLIA-128-CTR.ivl=16
CAMELLIA-128-CTR.flags=5
CAMELLIA-128-CTR.byname=1
CAMELLIA-128-CTR.ct=a626ee09cf2eef746205b775cc153540d75d9a4687992db1f5e953b181f5dcd3
CAMELLIA-128-CTR.rt=1
CAMELLIA-192-CBC.acc=1
CAMELLIA-192-CBC.bs=16
CAMELLIA-192-CBC.kl=24
CAMELLIA-192-CBC.ivl=16
CAMELLIA-192-CBC.flags=2
CAMELLIA-192-CBC.byname=1
CAMELLIA-192-CBC.ct=531bb22ed2036f70347db08da52be88f57b0e2b34bc32152535cabb6b62b728cb72e29c624f9de88719c291a198a56ef
CAMELLIA-192-CBC.rt=1
CAMELLIA-192-ECB.acc=1
CAMELLIA-192-ECB.bs=16
CAMELLIA-192-ECB.kl=24
CAMELLIA-192-ECB.ivl=0
CAMELLIA-192-ECB.flags=1
CAMELLIA-192-ECB.byname=1
CAMELLIA-192-ECB.ct=1d1daf85ea5cae19f5f5ea1dc61e5b83162659a1509c2f151a969a41b551efdf0b99b84501076db9bddfad42b8a18a26
CAMELLIA-192-ECB.rt=1
CAMELLIA-192-OFB.acc=1
CAMELLIA-192-OFB.bs=1
CAMELLIA-192-OFB.kl=24
CAMELLIA-192-OFB.ivl=16
CAMELLIA-192-OFB.flags=4
CAMELLIA-192-OFB.byname=1
CAMELLIA-192-OFB.ct=68d8a0fda021ed3033a1a4eed0504080c77f5c8c4a129b0da28590e32f5a00a5
CAMELLIA-192-OFB.rt=1
CAMELLIA-192-CFB.acc=1
CAMELLIA-192-CFB.bs=1
CAMELLIA-192-CFB.kl=24
CAMELLIA-192-CFB.ivl=16
CAMELLIA-192-CFB.flags=3
CAMELLIA-192-CFB.byname=1
CAMELLIA-192-CFB.ct=68d8a0fda021ed3033a1a4eed0504080cd25962938d79d58b378859a55b878cb
CAMELLIA-192-CFB.rt=1
CAMELLIA-192-CFB1.acc=1
CAMELLIA-192-CFB1.bs=1
CAMELLIA-192-CFB1.kl=24
CAMELLIA-192-CFB1.ivl=16
CAMELLIA-192-CFB1.flags=3
CAMELLIA-192-CFB1.byname=1
CAMELLIA-192-CFB1.ct=17a0df5baead750ecc2c55ce4c3a0fa602b3ce060db1389578cf6c59ba10ded5
CAMELLIA-192-CFB1.rt=1
CAMELLIA-192-CFB8.acc=1
CAMELLIA-192-CFB8.bs=1
CAMELLIA-192-CFB8.kl=24
CAMELLIA-192-CFB8.ivl=16
CAMELLIA-192-CFB8.flags=3
CAMELLIA-192-CFB8.byname=1
CAMELLIA-192-CFB8.ct=6871bbd894435628a4bf8f78433d14b319eada82b1424df6903a47eff60f94ed
CAMELLIA-192-CFB8.rt=1
CAMELLIA-192-CTR.acc=1
CAMELLIA-192-CTR.bs=1
CAMELLIA-192-CTR.kl=24
CAMELLIA-192-CTR.ivl=16
CAMELLIA-192-CTR.flags=5
CAMELLIA-192-CTR.byname=1
CAMELLIA-192-CTR.ct=68d8a0fda021ed3033a1a4eed050408054aae2cf7ae7c039dfcff73e58bbc9e4
CAMELLIA-192-CTR.rt=1
CAMELLIA-256-CBC.acc=1
CAMELLIA-256-CBC.bs=16
CAMELLIA-256-CBC.kl=32
CAMELLIA-256-CBC.ivl=16
CAMELLIA-256-CBC.flags=2
CAMELLIA-256-CBC.byname=1
CAMELLIA-256-CBC.ct=765864d7e46263dc62ae60e199ae82c97a386bfed97e8764de29368c9f2a56723457df9886fa1ac6151273386656a0e1
CAMELLIA-256-CBC.rt=1
CAMELLIA-256-ECB.acc=1
CAMELLIA-256-ECB.bs=16
CAMELLIA-256-ECB.kl=32
CAMELLIA-256-ECB.ivl=0
CAMELLIA-256-ECB.flags=1
CAMELLIA-256-ECB.byname=1
CAMELLIA-256-ECB.ct=5f77dc44e5e6701e8755c1fa176e24343ce17eb8f610c3c187c8ca33c5fcb33bfe70d49ae5be33ab05a2b17ff48e3bdd
CAMELLIA-256-ECB.rt=1
CAMELLIA-256-OFB.acc=1
CAMELLIA-256-OFB.bs=1
CAMELLIA-256-OFB.kl=32
CAMELLIA-256-OFB.ivl=16
CAMELLIA-256-OFB.flags=4
CAMELLIA-256-OFB.byname=1
CAMELLIA-256-OFB.ct=c6395a1b632515b9bac2d0dab80e2c6ed9ea41459db5828c2a9fb33599fb3fde
CAMELLIA-256-OFB.rt=1
CAMELLIA-256-CFB.acc=1
CAMELLIA-256-CFB.bs=1
CAMELLIA-256-CFB.kl=32
CAMELLIA-256-CFB.ivl=16
CAMELLIA-256-CFB.flags=3
CAMELLIA-256-CFB.byname=1
CAMELLIA-256-CFB.ct=c6395a1b632515b9bac2d0dab80e2c6e029fe3b4e6812b613253b7ea8cf44e16
CAMELLIA-256-CFB.rt=1
CAMELLIA-256-CFB1.acc=1
CAMELLIA-256-CFB1.bs=1
CAMELLIA-256-CFB1.kl=32
CAMELLIA-256-CFB1.ivl=16
CAMELLIA-256-CFB1.flags=3
CAMELLIA-256-CFB1.byname=1
CAMELLIA-256-CFB1.ct=bd3724e01545d7d9bde0ef217b8ca55ccd2704caebcebc55eea015ce44375051
CAMELLIA-256-CFB1.rt=1
CAMELLIA-256-CFB8.acc=1
CAMELLIA-256-CFB8.bs=1
CAMELLIA-256-CFB8.kl=32
CAMELLIA-256-CFB8.ivl=16
CAMELLIA-256-CFB8.flags=3
CAMELLIA-256-CFB8.byname=1
CAMELLIA-256-CFB8.ct=c6a13dbb4ed29c06848b0524bbd85097a5eee1ce88d08b466d010fd2d5c95b14
CAMELLIA-256-CFB8.rt=1
CAMELLIA-256-CTR.acc=1
CAMELLIA-256-CTR.bs=1
CAMELLIA-256-CTR.kl=32
CAMELLIA-256-CTR.ivl=16
CAMELLIA-256-CTR.flags=5
CAMELLIA-256-CTR.byname=1
CAMELLIA-256-CTR.ct=c6395a1b632515b9bac2d0dab80e2c6ee3175cbf387c80f64a537a1a340be148
CAMELLIA-256-CTR.rt=1
DES-CBC.acc=1
DES-CBC.bs=8
DES-CBC.kl=8
DES-CBC.ivl=8
DES-CBC.flags=202
DES-CBC.byname=1
DES-CBC.ct=
DES-CBC.rt=0
DES-CFB1.acc=1
DES-CFB1.bs=1
DES-CFB1.kl=8
DES-CFB1.ivl=8
DES-CFB1.flags=203
DES-CFB1.byname=1
DES-CFB1.ct=
DES-CFB1.rt=0
DES-CFB.acc=1
DES-CFB.bs=1
DES-CFB.kl=8
DES-CFB.ivl=8
DES-CFB.flags=203
DES-CFB.byname=1
DES-CFB.ct=
DES-CFB.rt=0
DES-CFB8.acc=1
DES-CFB8.bs=1
DES-CFB8.kl=8
DES-CFB8.ivl=8
DES-CFB8.flags=203
DES-CFB8.byname=1
DES-CFB8.ct=
DES-CFB8.rt=0
DES-ECB.acc=1
DES-ECB.bs=8
DES-ECB.kl=8
DES-ECB.ivl=0
DES-ECB.flags=201
DES-ECB.byname=1
DES-ECB.ct=
DES-ECB.rt=0
DES-OFB.acc=1
DES-OFB.bs=1
DES-OFB.kl=8
DES-OFB.ivl=8
DES-OFB.flags=204
DES-OFB.byname=1
DES-OFB.ct=
DES-OFB.rt=0
DES-EDE.acc=1
DES-EDE.bs=8
DES-EDE.kl=16
DES-EDE.ivl=0
DES-EDE.flags=201
DES-EDE.byname=1
DES-EDE.ct=df0b6c9c31cd0ce415ed56d7c7145386970bb3c1a7b10ae644e5df2980700a3b7d2012de08941000
DES-EDE.rt=1
DES-EDE3.acc=1
DES-EDE3.bs=8
DES-EDE3.kl=24
DES-EDE3.ivl=0
DES-EDE3.flags=201
DES-EDE3.byname=1
DES-EDE3.ct=58ed248f77f6b19e8c45c6184f56886365abd6ae1ad58520770b06204c457a3aa3cf6ec88bd97d73
DES-EDE3.rt=1
DES-EDE-CBC.acc=1
DES-EDE-CBC.bs=8
DES-EDE-CBC.kl=16
DES-EDE-CBC.ivl=8
DES-EDE-CBC.flags=202
DES-EDE-CBC.byname=1
DES-EDE-CBC.ct=ecb1a595641d8ad0af881150248cbe90a7f05043a83997035d52288c918e8bff266536b560b9a218
DES-EDE-CBC.rt=1
DES-EDE-CFB.acc=1
DES-EDE-CFB.bs=1
DES-EDE-CFB.kl=16
DES-EDE-CFB.ivl=8
DES-EDE-CFB.flags=203
DES-EDE-CFB.byname=1
DES-EDE-CFB.ct=d7347cb03b35b08591c400e40d33fb345de7a8965a481827e19f6f18ee7d5ba2
DES-EDE-CFB.rt=1
DES-EDE.acc=1
DES-EDE.bs=8
DES-EDE.kl=16
DES-EDE.ivl=0
DES-EDE.flags=201
DES-EDE.byname=1
DES-EDE.ct=df0b6c9c31cd0ce415ed56d7c7145386970bb3c1a7b10ae644e5df2980700a3b7d2012de08941000
DES-EDE.rt=1
DES-EDE-OFB.acc=1
DES-EDE-OFB.bs=1
DES-EDE-OFB.kl=16
DES-EDE-OFB.ivl=8
DES-EDE-OFB.flags=204
DES-EDE-OFB.byname=1
DES-EDE-OFB.ct=d7347cb03b35b08512ddef94e2861a76e2cc68a2b1e8abb88a36e89cf8de1eb4
DES-EDE-OFB.rt=1
DES-EDE3-CBC.acc=1
DES-EDE3-CBC.bs=8
DES-EDE3-CBC.kl=24
DES-EDE3-CBC.ivl=8
DES-EDE3-CBC.flags=202
DES-EDE3-CBC.byname=1
DES-EDE3-CBC.ct=c1b1db088ea4b3ae16bd2982c68094f9a1b646d500d884c71cf6bb911f2e5016c6a29fcfece7dd4f
DES-EDE3-CBC.rt=1
DES-EDE3-CFB1.acc=1
DES-EDE3-CFB1.bs=1
DES-EDE3-CFB1.kl=24
DES-EDE3-CFB1.ivl=8
DES-EDE3-CFB1.flags=203
DES-EDE3-CFB1.byname=1
DES-EDE3-CFB1.ct=bc4beee7a37621e3ce3f5452fa5df257935ee9cb994c5c41a7ed229a86178c44
DES-EDE3-CFB1.rt=1
DES-EDE3-CFB.acc=1
DES-EDE3-CFB.bs=1
DES-EDE3-CFB.kl=24
DES-EDE3-CFB.ivl=8
DES-EDE3-CFB.flags=203
DES-EDE3-CFB.byname=1
DES-EDE3-CFB.ct=a1328a563e1e67a084da243084197ade7f628b9324106b8b8fa2e1958a837d0a
DES-EDE3-CFB.rt=1
DES-EDE3-CFB8.acc=1
DES-EDE3-CFB8.bs=1
DES-EDE3-CFB8.kl=24
DES-EDE3-CFB8.ivl=8
DES-EDE3-CFB8.flags=203
DES-EDE3-CFB8.byname=1
DES-EDE3-CFB8.ct=a11a6d769ac74f7120e1d5b8d9488831c6093ee4b83ec6c39c60b9a9f7f25a76
DES-EDE3-CFB8.rt=1
DES-EDE3.acc=1
DES-EDE3.bs=8
DES-EDE3.kl=24
DES-EDE3.ivl=0
DES-EDE3.flags=201
DES-EDE3.byname=1
DES-EDE3.ct=58ed248f77f6b19e8c45c6184f56886365abd6ae1ad58520770b06204c457a3aa3cf6ec88bd97d73
DES-EDE3.rt=1
DES-EDE3-OFB.acc=1
DES-EDE3-OFB.bs=1
DES-EDE3-OFB.kl=24
DES-EDE3-OFB.ivl=8
DES-EDE3-OFB.flags=204
DES-EDE3-OFB.byname=1
DES-EDE3-OFB.ct=a1328a563e1e67a0a4540cff5f21159b24e6897bb13019a8243c62978269adea
DES-EDE3-OFB.rt=1
id-smime-alg-CMS3DESwrap.acc=1
id-smime-alg-CMS3DESwrap.bs=8
id-smime-alg-CMS3DESwrap.kl=24
id-smime-alg-CMS3DESwrap.ivl=0
id-smime-alg-CMS3DESwrap.flags=110012
id-smime-alg-CMS3DESwrap.byname=1
pending.id-smime-alg-CMS3DESwrap.roundtrip=tdes-wrap-draws-a-random-iv
DESX-CBC.acc=1
DESX-CBC.bs=8
DESX-CBC.kl=24
DESX-CBC.ivl=8
DESX-CBC.flags=2
DESX-CBC.byname=1
DESX-CBC.ct=
DESX-CBC.rt=0
BF-CBC.acc=1
BF-CBC.bs=8
BF-CBC.kl=16
BF-CBC.ivl=8
BF-CBC.flags=a
BF-CBC.byname=1
BF-CBC.ct=
BF-CBC.rt=0
BF-CFB.acc=1
BF-CFB.bs=1
BF-CFB.kl=16
BF-CFB.ivl=8
BF-CFB.flags=b
BF-CFB.byname=1
BF-CFB.ct=
BF-CFB.rt=0
BF-ECB.acc=1
BF-ECB.bs=8
BF-ECB.kl=16
BF-ECB.ivl=0
BF-ECB.flags=9
BF-ECB.byname=1
BF-ECB.ct=
BF-ECB.rt=0
BF-OFB.acc=1
BF-OFB.bs=1
BF-OFB.kl=16
BF-OFB.ivl=8
BF-OFB.flags=c
BF-OFB.byname=1
BF-OFB.ct=
BF-OFB.rt=0
CAST5-CBC.acc=1
CAST5-CBC.bs=8
CAST5-CBC.kl=16
CAST5-CBC.ivl=8
CAST5-CBC.flags=a
CAST5-CBC.byname=1
CAST5-CBC.ct=
CAST5-CBC.rt=0
CAST5-CFB.acc=1
CAST5-CFB.bs=1
CAST5-CFB.kl=16
CAST5-CFB.ivl=8
CAST5-CFB.flags=b
CAST5-CFB.byname=1
CAST5-CFB.ct=
CAST5-CFB.rt=0
CAST5-ECB.acc=1
CAST5-ECB.bs=8
CAST5-ECB.kl=16
CAST5-ECB.ivl=0
CAST5-ECB.flags=9
CAST5-ECB.byname=1
CAST5-ECB.ct=
CAST5-ECB.rt=0
CAST5-OFB.acc=1
CAST5-OFB.bs=1
CAST5-OFB.kl=16
CAST5-OFB.ivl=8
CAST5-OFB.flags=c
CAST5-OFB.byname=1
CAST5-OFB.ct=
CAST5-OFB.rt=0
IDEA-CBC.acc=1
IDEA-CBC.bs=8
IDEA-CBC.kl=16
IDEA-CBC.ivl=8
IDEA-CBC.flags=2
IDEA-CBC.byname=1
IDEA-CBC.ct=
IDEA-CBC.rt=0
IDEA-CFB.acc=1
IDEA-CFB.bs=1
IDEA-CFB.kl=16
IDEA-CFB.ivl=8
IDEA-CFB.flags=3
IDEA-CFB.byname=1
IDEA-CFB.ct=
IDEA-CFB.rt=0
IDEA-ECB.acc=1
IDEA-ECB.bs=8
IDEA-ECB.kl=16
IDEA-ECB.ivl=0
IDEA-ECB.flags=1
IDEA-ECB.byname=1
IDEA-ECB.ct=
IDEA-ECB.rt=0
IDEA-OFB.acc=1
IDEA-OFB.bs=1
IDEA-OFB.kl=16
IDEA-OFB.ivl=8
IDEA-OFB.flags=4
IDEA-OFB.byname=1
IDEA-OFB.ct=
IDEA-OFB.rt=0
SEED-CBC.acc=1
SEED-CBC.bs=16
SEED-CBC.kl=16
SEED-CBC.ivl=16
SEED-CBC.flags=2
SEED-CBC.byname=1
SEED-CBC.ct=
SEED-CBC.rt=0
SEED-CFB.acc=1
SEED-CFB.bs=1
SEED-CFB.kl=16
SEED-CFB.ivl=16
SEED-CFB.flags=3
SEED-CFB.byname=1
SEED-CFB.ct=
SEED-CFB.rt=0
SEED-ECB.acc=1
SEED-ECB.bs=16
SEED-ECB.kl=16
SEED-ECB.ivl=0
SEED-ECB.flags=1
SEED-ECB.byname=1
SEED-ECB.ct=
SEED-ECB.rt=0
SEED-OFB.acc=1
SEED-OFB.bs=1
SEED-OFB.kl=16
SEED-OFB.ivl=16
SEED-OFB.flags=4
SEED-OFB.byname=1
SEED-OFB.ct=
SEED-OFB.rt=0
RC2-CBC.acc=1
RC2-CBC.bs=8
RC2-CBC.kl=16
RC2-CBC.ivl=8
RC2-CBC.flags=4a
RC2-CBC.byname=1
RC2-CBC.ct=
RC2-CBC.rt=0
RC2-CFB.acc=1
RC2-CFB.bs=1
RC2-CFB.kl=16
RC2-CFB.ivl=8
RC2-CFB.flags=4b
RC2-CFB.byname=1
RC2-CFB.ct=
RC2-CFB.rt=0
RC2-ECB.acc=1
RC2-ECB.bs=8
RC2-ECB.kl=16
RC2-ECB.ivl=0
RC2-ECB.flags=49
RC2-ECB.byname=1
RC2-ECB.ct=
RC2-ECB.rt=0
RC2-OFB.acc=1
RC2-OFB.bs=1
RC2-OFB.kl=16
RC2-OFB.ivl=8
RC2-OFB.flags=4c
RC2-OFB.byname=1
RC2-OFB.ct=
RC2-OFB.rt=0
RC2-40-CBC.acc=1
RC2-40-CBC.bs=8
RC2-40-CBC.kl=5
RC2-40-CBC.ivl=8
RC2-40-CBC.flags=4a
RC2-40-CBC.byname=1
RC2-40-CBC.ct=
RC2-40-CBC.rt=0
RC2-64-CBC.acc=1
RC2-64-CBC.bs=8
RC2-64-CBC.kl=8
RC2-64-CBC.ivl=8
RC2-64-CBC.flags=4a
RC2-64-CBC.byname=1
RC2-64-CBC.ct=
RC2-64-CBC.rt=0
RC4.acc=1
RC4.bs=1
RC4.kl=16
RC4.ivl=0
RC4.flags=8
RC4.byname=1
RC4.ct=
RC4.rt=0
RC4-40.acc=1
RC4-40.bs=1
RC4-40.kl=5
RC4-40.ivl=0
RC4-40.flags=8
RC4-40.byname=1
RC4-40.ct=
RC4-40.rt=0
RC4-HMAC-MD5.acc=1
RC4-HMAC-MD5.bs=1
RC4-HMAC-MD5.kl=16
RC4-HMAC-MD5.ivl=0
RC4-HMAC-MD5.flags=200008
RC4-HMAC-MD5.byname=1
RC4-HMAC-MD5.ct=
RC4-HMAC-MD5.rt=0
SM4-CBC.acc=1
SM4-CBC.bs=16
SM4-CBC.kl=16
SM4-CBC.ivl=16
SM4-CBC.flags=2
SM4-CBC.byname=1
SM4-CBC.ct=1695d6088741a110280adb8ebe73bdfc1e79afc841d9a6dd9cc0e525b374a6f3c1c26b73e44cec8968d9ab3ae7ba6cf0
SM4-CBC.rt=1
SM4-ECB.acc=1
SM4-ECB.bs=16
SM4-ECB.kl=16
SM4-ECB.ivl=0
SM4-ECB.flags=1
SM4-ECB.byname=1
SM4-ECB.ct=8f78763ee06013e0b7622c428fd0528da73851aa4341e968c71dd8a3a0c8497c8fb9ee17ca7647452763db7bdfc4f960
SM4-ECB.rt=1
SM4-OFB.acc=1
SM4-OFB.bs=1
SM4-OFB.kl=16
SM4-OFB.ivl=16
SM4-OFB.flags=4
SM4-OFB.byname=1
SM4-OFB.ct=4e7f2b41e576d594be869adf6f585d343beda501b7ac815f6bca9d8ea0eec848
SM4-OFB.rt=1
SM4-CFB.acc=1
SM4-CFB.bs=1
SM4-CFB.kl=16
SM4-CFB.ivl=16
SM4-CFB.flags=3
SM4-CFB.byname=1
SM4-CFB.ct=4e7f2b41e576d594be869adf6f585d34ee52943ed7e73b3155471e36410c84fd
SM4-CFB.rt=1
SM4-CTR.acc=1
SM4-CTR.bs=1
SM4-CTR.kl=16
SM4-CTR.ivl=16
SM4-CTR.flags=5
SM4-CTR.byname=1
SM4-CTR.ct=4e7f2b41e576d594be869adf6f585d3466de66a64c57d096317cfb790b3dfa25
SM4-CTR.rt=1
ChaCha20.acc=1
ChaCha20.bs=1
ChaCha20.kl=32
ChaCha20.ivl=16
ChaCha20.flags=30
ChaCha20.byname=1
ChaCha20.ct=fb178cf187ed41520f114147f455da4540d118f6830f96b9d0ec8f81f675f484
ChaCha20.rt=1
ChaCha20-Poly1305.acc=1
ChaCha20-Poly1305.bs=1
ChaCha20-Poly1305.kl=32
ChaCha20-Poly1305.ivl=12
ChaCha20-Poly1305.flags=300c70
ChaCha20-Poly1305.byname=1
ChaCha20-Poly1305.ct=c04d3cc583add8d057f791f68b2036de259ab6811696f55d259c6a1f818102ae
ChaCha20-Poly1305.rt=0
MD4.acc=1
MD4.size=16
MD4.bs=64
MD4.type=257
MD4.flags=0
MD4.rt=0
MD4.dg=
MDC2.acc=1
MDC2.size=16
MDC2.bs=8
MDC2.type=95
MDC2.flags=0
MDC2.rt=0
MDC2.dg=
whirlpool.acc=1
whirlpool.size=64
whirlpool.bs=64
whirlpool.type=804
whirlpool.flags=0
whirlpool.rt=0
whirlpool.dg=
SM3.acc=1
SM3.size=32
SM3.bs=64
SM3.type=1143
SM3.flags=0
SM3.rt=1
SM3.dg=fa34635f1d3ac2729ac5987eb59e01928457f325b4b51ca85a177813c5c5ddf7
pkey.new=1
pkey.get0_engine=1
pkey.set1_engine_null=1
pkey.get0_engine_after=1
