transcript.sha256=0cb6bdda168294a796f5868d6c6f9aba4ae440a1fbea7e0819429f256d75f29d
ctx.client.nonnull=1
ctx.server.nonnull=1
server.cert.load=1
server.key.load=1
server.key.check=1
server.cert.err.count=0
client.nonnull=1
server.nonnull=1
client.ciphers.count=60
flight.0.client.ret=-1
flight.0.client.out=306
ch.present=1
ch.rectype=22
ch.recversion=0x0301
ch.reclen=301
ch.recbytes=306
ch.hs_type=1
ch.hs_len=297
ch.legacy_version=0x0303
ch.random_len=32
ch.session_id_len=32
ch.cipher_len=60
ch.cipher_count=30
ch.comp_len=1
ch.ext_total_len=164
ch.ext_count.present=1
ch.ext.types=65281,11,10,13,35,22,23,43,45,51
ch.ext.22.len=0
ch.ext.22.data=
ch.ext.23.len=0
ch.ext.23.data=
ch.ext.35.len=0
ch.ext.35.data=
ch.ext.43.len=11
ch.ext.43.data=0a,03,04,03,03,03,02,03,01,03,00
ch.ext.45.len=2
ch.ext.45.data=01,01
ch.ext.51.len=38
flight.0.server.ret=-1
flight.0.server.out=1316
flight.1.client.ret=1
flight.1.client.out=74
flight.1.server.ret=1
flight.1.server.out=0
flight.2.client.ret=1
flight.2.client.out=0
flight.2.server.ret=1
flight.2.server.out=0
flights.used=3
client.state=1
client.want=1
client.in_init=0
client.finished=1
server.state=1
server.want=1
server.in_init=0
server.finished=1
client.err.count=0
server.err.count=0
app.skipped=0
app.write.client=15
app.client.bytes=37
app.read.server=15
app.server.match=1
app.write.server=15
app.server.bytes=37
app.read.client=15
app.client.match=1
probe.done=1
