transcript.sha256=39e2db523c86cb7574edb891d764eba0f0be16e0be608fa1a1439015b84c21fc
probe.kind=performance-work
work.hook.install=1
work.default_provider=1
work.aes-128-cbc.ran=1
work.aes-128-cbc.in=64
work.aes-128-cbc.blocks=4
work.aes-128-cbc.calls=7
work.aes-128-cbc.out=80
work.aes-128-cbc.tag=-1
work.aes-128-cbc.allocs=2
work.aes-128-cbc.reallocs=0
work.aes-128-cbc.bytes=640
work.aes-128-cbc.ret=1
work.aes-256-cbc.ran=1
work.aes-256-cbc.in=64
work.aes-256-cbc.blocks=4
work.aes-256-cbc.calls=7
work.aes-256-cbc.out=80
work.aes-256-cbc.tag=-1
work.aes-256-cbc.allocs=2
work.aes-256-cbc.reallocs=0
work.aes-256-cbc.bytes=640
work.aes-256-cbc.ret=1
work.aes-128-gcm.ran=1
work.aes-128-gcm.in=64
work.aes-128-gcm.blocks=64
work.aes-128-gcm.calls=9
work.aes-128-gcm.out=64
work.aes-128-gcm.tag=16
work.aes-128-gcm.allocs=2
work.aes-128-gcm.reallocs=0
work.aes-128-gcm.bytes=1152
work.aes-128-gcm.ret=1
work.aes-256-gcm.ran=1
work.aes-256-gcm.in=64
work.aes-256-gcm.blocks=64
work.aes-256-gcm.calls=9
work.aes-256-gcm.out=64
work.aes-256-gcm.tag=16
work.aes-256-gcm.allocs=2
work.aes-256-gcm.reallocs=0
work.aes-256-gcm.bytes=1152
work.aes-256-gcm.ret=1
work.chacha20-poly1305.ran=1
work.chacha20-poly1305.in=64
work.chacha20-poly1305.blocks=64
work.chacha20-poly1305.calls=9
work.chacha20-poly1305.out=64
work.chacha20-poly1305.tag=16
work.chacha20-poly1305.allocs=2
work.chacha20-poly1305.reallocs=0
work.chacha20-poly1305.bytes=1040
work.chacha20-poly1305.ret=1
work.sha256.ran=1
work.sha256.in=64
work.sha256.blocks=2
work.sha256.calls=7
work.sha256.out=32
work.sha256.tag=-1
work.sha256.allocs=2
work.sha256.reallocs=0
work.sha256.bytes=184
work.sha256.ret=1
work.ec-p256-mul.ran=1
work.ec-p256-mul.in=32
work.ec-p256-mul.blocks=256
work.ec-p256-mul.calls=6
work.ec-p256-mul.out=65
work.ec-p256-mul.tag=-1
work.ec-p256-mul.allocs=3
work.ec-p256-mul.reallocs=0
work.ec-p256-mul.bytes=2121
work.ec-p256-mul.ret=1
work.rsa-1024-private.ran=1
work.rsa-1024-private.in=128
work.rsa-1024-private.blocks=1024
work.rsa-1024-private.calls=1
work.rsa-1024-private.out=99
work.rsa-1024-private.tag=-1
work.rsa-1024-private.allocs=46
work.rsa-1024-private.reallocs=0
work.rsa-1024-private.bytes=4541
work.rsa-1024-private.ret=99
probe.done=1
