transcript.sha256=71c9bce0c70d777fa778f1825fb9f781532abd627ee7af8406a5aaf61ec40421
a.new_nonnull=1
a.oct_set=1
a.len_opt_absent=13
a.der_opt_absent=300b0204012345670403010203
a.rt_opt_absent_nonnull=1
a.rt_num=19088743
a.rt_oct_len=3
a.rt_oct_data=010203
a.rt_opt_is_null=1
a.rt_consumed=13
a.opt_set=1
a.len_opt_present=20
a.der_opt_present=30120204012345670403010203160568656c6c6f
a.rt_opt_present_nonnull=1
a.rt_opt_len=5
a.len_negative=17
a.der_negative=300f0201fb0403010203160568656c6c6f
a.rt_negative_num=-5
a.len_zero=17
a.der_zero=300f0201000403010203160568656c6c6f
a.rt_zero_num=0
a.reencode_same=300f0201070403010203160568656c6c6f
b.truncated_null=1
b.truncated_err=13:asn1 encoding routines:too long,13:asn1 encoding routines:bad object header,13:asn1 encoding routines:nested asn1 error
b.wrong_outer_null=1
b.wrong_outer_err=13:asn1 encoding routines:wrong tag,13:asn1 encoding routines:nested asn1 error
b.wrong_inner_null=1
b.wrong_inner_err=13:asn1 encoding routines:wrong tag,13:asn1 encoding routines:nested asn1 error,13:asn1 encoding routines:nested asn1 error
b.length_mismatch_null=1
b.length_mismatch_err=13:asn1 encoding routines:header too long,13:asn1 encoding routines:bad object header,13:asn1 encoding routines:nested asn1 error,13:asn1 encoding routines:nested asn1 error
c.new_nonnull=1
c.initial_selector=-1
c.initial_alt0_null=1
c.len_oct=4
c.der_oct=0402aabb
c.oct_nonnull=1
c.oct_selector=0
c.oct_len=2
c.len_int=4
c.der_int=02024242
c.int_nonnull=1
c.int_selector=1
c.int_value=16962
c.no_match_null=1
c.no_match_err=13:asn1 encoding routines:no matching choice type
d.seq_len=11
d.seq_der=3009040177040101040102
d.seq_rt_nonnull=1
d.seq_rt_num=3
d.seq_rt_0_type=4,len=1,first=77
d.seq_rt_1_type=4,len=1,first=01
d.seq_rt_2_type=4,len=1,first=02
d.set_len=11
d.set_der=3109040101040102040177
d.set_rt_nonnull=1
d.set_rt_num=3
e.int32_len=6
e.int32_der=020401234567
e.int32_rt=19088743
e.int32_neg_len=3
e.int32_neg_der=0201fd
e.uint32_len=7
e.uint32_der=020500ffffffff
e.uint32_rt=4294967295
e.int64_len=8
e.int64_der=02060123456789ab
e.int64_rt=1250999896491
e.zint32_zero_len=0
e.zint32_zero_der_null=1
e.zint32_nine_len=3
e.zint32_nine_der=020109
e.long_five_len=3
e.long_five_der=020105
e.long_rt=5
e.long_undef_len=0
e.long_undef_der_null=1
e.zlong_zero_len=0
e.bignum_len=4
e.bignum_der=02021234
e.bignum_rt=4660
e.bignum_pad_len=5
e.bignum_pad_der=0203008001
f.set_oct=1
f.get_oct_type=4
f.get_oct_len=2
f.get_oct_data=dead
f.get_oct_short=2
f.get_oct_short_data=de
f.set_int_oct=1
f.int_oct_type=16
f.int_oct_der_len=9
f.int_oct_der=300702017f04020102
f.get_int_oct_len=2
f.get_int_oct_num=127
f.get_int_oct_data=0102
f.get_int_oct_short=2
f.get_int_oct_short_data=01
f.wrong_type_get_int_oct=-1
f.wrong_type_err=13:asn1 encoding routines:data is wrong
g.it.stable=1
g.new_notnull=1
g.set0=1
g.get0.oid=1
g.get0.ptype=5
g.get0.pval=1
g.measure=1
g.der=300d06096086480165030402010500
g.d2i=1
g.cmp=1
g.consumed_all=1
g.copy=1
g.dup=1
g.absent_ptype=1
g.algors.i2d=1
g.algors.der=3018300d06096086480165030402010500300706052b0e03021a
g.algors.d2i_notnull=1
g.algors.num=1
g.algors.consumed_all=1
g.algors.cmp=1
h.pub.set0=1
h.pub.get0=1
h.pub.nid_is_x25519=1
h.pub.pklen=4
h.pub.pk=01020304
h.pub.pa_is_algor=1
h.pub.set0_keep=1
h.pub.pk_kept=01020304
h.pub.err=
h.p8.set0_v1=1
h.p8.version=0
h.p8.get0=1
h.p8.nid_is_rsa=1
h.p8.pklen=3
h.p8.pk=300100
h.p8.pa_is_algor=1
h.p8.v2_refused=1
h.p8.version_after_refusal=0
h.p8.neg_ok=1
h.p8.version_after_neg=0
h.p8.err=
h.siginf.mdnid=672
h.siginf.pknid=6
h.siginf.secbits=128
h.siginf.flags=5
h.dump.set_20=1
h.dump.rc_20=1
h.dump.len_20=69
h.dump.bytes_20=2020202030303a30313a30323a30333a30343a30353a30363a30373a30383a30393a30613a30623a30633a30643a30653a30663a31303a31313a0a2020202031323a31330a
h.dump.bytes_19=30303a30313a30323a30333a30343a30353a30363a30373a30383a30393a30613a30623a30633a30643a30653a30663a31303a31313a0a31320a
h.dump.rc_0=1
h.dump.bytes_0=0a
h.dump.err=
i.attr.created=1
i.attr.count=1
i.attr.object_nid=13
i.attr.type0=2
i.attr.int=7
i.attr.wrong_type_null=1
i.attr.wrong_type_err=11:x509 certificate routines:wrong type
i.attr.oob_null=1
i.sk.add1_nonnull=1
i.sk.count=1
i.sk.by_nid=0
i.sk.by_unknown_nid=-1
i.sk.get0_ok=1
i.sk.get0_oob_null=1
i.sk.get0_oob_err=11:x509 certificate routines:passed invalid argument
i.sk.dup_null=1
i.sk.count_after_dup=1
i.sk.dup_err=11:x509 certificate routines:duplicate attribute
i.sk.data_by_obj=7
i.sk2.add_by_nid=1
i.sk2.count=1
i.sk2.oct_len=2
i.sk2.delete_ok=1
i.sk2.count_after_delete=0
i.sk2.delete_oob_null=1
i.sk2.delete_err=11:x509 certificate routines:passed invalid argument
i.sk.delete_ok=1
i.final_err=
i.p8.attrs_initial_null=1
i.p8.add_by_nid=1
i.p8.attrs_count=1
i.p8.add_by_nid_dup=1
i.p8.dup_err=11:x509 certificate routines:duplicate attribute
i.p8.add_attr_create=1
i.p8.add_attr_dup=1
i.p8.create_by_txt=1
i.p8.final_err=11:x509 certificate routines:duplicate attribute
done=1
