transcript.sha256=a35fc90d4175226bbac16372361dffae67bb18a212b8750c41ad808b73130af1
evp.ctx.nonnull=1
evp.digest.init=1
evp.digest.update=1
evp.digest.final=1
evp.digest.len=32
evp.digest.hex=19a05654f8b39e4946d07afbcc2c3c8152e3b2cfb1f3bd55698d0ef56bb641a5
x509.bio.nonnull=1
x509.load.nonnull=1
x509.version=2
x509.pubkey.nonnull=1
x509.subject.entries=1
x509.digest.ret=1
x509.digest.len=32
x509.digest.hex=e10d8c7cfa19ec6de76e58ea19b98d128b9c1a827fef2210fe424b205fb041c9
err.user.peek=0x40000064
err.user.lib=128
err.user.reason=100
err.user.text=error:40000064:lib(128)::reason(100)
err.user.get=0x40000064
err.user.after_get=0x0
tls.ctx.client.nonnull=1
tls.ctx.server.nonnull=1
tls.server.cert.load=1
tls.server.key.load=1
tls.server.key.check=1
tls.client.nonnull=1
tls.server.nonnull=1
tls.ciphers.count=60
tls.flight.0.client.ret=-1
tls.flight.0.client.out=306
tls.flight.0.server.ret=-1
tls.flight.0.server.out=1316
tls.flight.1.client.ret=1
tls.flight.1.client.out=74
tls.flight.1.server.ret=1
tls.flight.1.server.out=0
tls.flight.2.client.ret=1
tls.flight.2.client.out=0
tls.flight.2.server.ret=1
tls.flight.2.server.out=0
tls.flights.used=3
tls.client.state=1
tls.client.want=1
tls.client.in_init=0
tls.client.finished=1
tls.server.state=1
tls.server.want=1
tls.server.in_init=0
tls.server.finished=1
app.skipped=0
app.write.client=15
app.client.bytes=37
app.read.server=15
app.server.match=1
app.write.server=15
app.server.bytes=37
app.read.client=15
app.client.match=1
probe.done=1
