transcript.sha256=1917245d8f0626b694b8b6378f7bf1ccace217dd7238bf25b218de3697011448
cert.load=nonnull
ESS_ISSUER_SERIAL.new=nonnull
ESS_ISSUER_SERIAL.i2d.len=7
ESS_ISSUER_SERIAL.d2i=nonnull
ESS_ISSUER_SERIAL.dup=nonnull
ESS_ISSUER_SERIAL.consumed=7
ESS_CERT_ID.new=nonnull
ESS_CERT_ID.i2d.len=4
ESS_CERT_ID.d2i=nonnull
ESS_CERT_ID.dup=nonnull
ESS_CERT_ID.consumed=4
ESS_SIGNING_CERT.new=nonnull
ESS_SIGNING_CERT.i2d.len=4
ESS_SIGNING_CERT.d2i=nonnull
ESS_SIGNING_CERT.dup=nonnull
ESS_SIGNING_CERT.consumed=4
ESS_CERT_ID_V2.new=nonnull
ESS_CERT_ID_V2.i2d.len=4
ESS_CERT_ID_V2.d2i=nonnull
ESS_CERT_ID_V2.dup=nonnull
ESS_CERT_ID_V2.consumed=4
ESS_SIGNING_CERT_V2.new=nonnull
ESS_SIGNING_CERT_V2.i2d.len=4
ESS_SIGNING_CERT_V2.d2i=nonnull
ESS_SIGNING_CERT_V2.dup=nonnull
ESS_SIGNING_CERT_V2.consumed=4
ESS_SIGNING_CERT_it=nonnull
ESS_SIGNING_CERT_V2_it=nonnull
v1.sc=nonnull
v1.sc.der.len=87
v1.sc.der.hex=30553053305104149defa4821b45551575bb5773e462f98ea6215f6430393021a41f301d311b301906035504030c126f70656e73736c2d72732052542d4f43535002143f54438b0396820d15053d16375894f5026a5d21
v1.sc.rt=nonnull
isa.sha256=1
v2.sha256.sc=nonnull
v2.sha256.sc.der.len=99
v2.sha256.sc.der.hex=3061305f305d04209b1643b0c108c849a789473d25db3a02c4ef559cc080e89fa87a8f2ff228384930393021a41f301d311b301906035504030c126f70656e73736c2d72732052542d4f43535002143f54438b0396820d15053d16375894f5026a5d21
v2.sha256.sc.rt=nonnull
v2.sha1.sc=nonnull
v2.sha1.sc.der.len=96
v2.sha1.sc.der.hex=305e305c305a300706052b0e03021a04149defa4821b45551575bb5773e462f98ea6215f6430393021a41f301d311b301906035504030c126f70656e73736c2d72732052542d4f43535002143f54438b0396820d15053d16375894f5026a5d21
chain.num=1
check.v1.require=1
check.v2.require=1
check.both.require=1
check.absent.require=-1
check.absent.err=54.108
check.absent.optional=1
