transcript.sha256=b3a8c212187f7937aa4f6fd675d4f97b73fe4b854652ae1d3402f4f6bbd4b321
ctx.client.nonnull=1
ctx.server.nonnull=1
server.cert.load=1
server.key.load=1
server.key.check=1
server.cert.err.count=0
client.nonnull=1
server.nonnull=1
client.ciphers.count=60
flight.0.client.ret=-1
flight.0.client.out=1522
ch.present=1
ch.rectype=22
ch.recversion=0x0301
ch.reclen=1517
ch.recbytes=1522
ch.hs_type=1
ch.hs_len=1513
ch.legacy_version=0x0303
ch.random_len=32
ch.session_id_len=32
ch.cipher_len=60
ch.cipher_count=30
ch.comp_len=1
ch.ext_total_len=1380
ch.ext_count.present=1
ch.ext.types=65281,11,10,35,22,23,13,43,45,51
ch.ext.22.len=0
ch.ext.22.data=
ch.ext.23.len=0
ch.ext.23.data=
ch.ext.35.len=0
ch.ext.35.data=
ch.ext.43.len=5
ch.ext.43.data=04,03,04,03,03
ch.ext.45.len=2
ch.ext.45.data=01,01
ch.ext.51.len=1258
flight.0.server.ret=-1
flight.0.server.out=2410
flight.1.client.ret=1
flight.1.client.out=80
flight.1.server.ret=1
flight.1.server.out=510
flight.2.client.ret=1
flight.2.client.out=0
flight.2.server.ret=1
flight.2.server.out=0
flights.used=3
client.state=1
client.want=1
client.in_init=0
client.finished=1
server.state=1
server.want=1
server.in_init=0
server.finished=1
client.err.count=0
server.err.count=0
app.skipped=0
app.write.client=15
app.client.bytes=37
app.read.server=15
app.server.match=1
app.write.server=15
app.server.bytes=37
app.read.client=15
app.client.match=1
probe.done=1
