transcript.sha256=f06f13e4f9ff2abba957e1418780bbb44958dc18afbc2063de75d048b82a3cf2
TLS_method.nonnull=1
TLS_method.ctx.nonnull=1
TLS_method.ctx.method_identity=1
TLS_method.ssl.nonnull=1
TLS_method.ssl.version=772
TLS_method.ssl.client_version=65536
TLS_method.ssl.version_str=TLSv1.3
TLS_method.ssl.is_dtls=0
TLS_method.ssl.is_server=1
TLS_method.ssl.default_timeout=7200
TLS_method.ctx.min_proto=0
TLS_method.ctx.max_proto=0
TLS_method.ssl.min_proto=0
TLS_method.ssl.max_proto=0
TLS_server_method.nonnull=1
TLS_server_method.ctx.nonnull=1
TLS_server_method.ctx.method_identity=1
TLS_server_method.ssl.nonnull=1
TLS_server_method.ssl.version=772
TLS_server_method.ssl.client_version=65536
TLS_server_method.ssl.version_str=TLSv1.3
TLS_server_method.ssl.is_dtls=0
TLS_server_method.ssl.is_server=1
TLS_server_method.ssl.default_timeout=7200
TLS_server_method.ctx.min_proto=0
TLS_server_method.ctx.max_proto=0
TLS_server_method.ssl.min_proto=0
TLS_server_method.ssl.max_proto=0
TLS_client_method.nonnull=1
TLS_client_method.ctx.nonnull=1
TLS_client_method.ctx.method_identity=1
TLS_client_method.ssl.nonnull=1
TLS_client_method.ssl.version=772
TLS_client_method.ssl.client_version=65536
TLS_client_method.ssl.version_str=TLSv1.3
TLS_client_method.ssl.is_dtls=0
TLS_client_method.ssl.is_server=0
TLS_client_method.ssl.default_timeout=7200
TLS_client_method.ctx.min_proto=0
TLS_client_method.ctx.max_proto=0
TLS_client_method.ssl.min_proto=0
TLS_client_method.ssl.max_proto=0
TLSv1_2_method.nonnull=1
TLSv1_2_method.ctx.nonnull=1
TLSv1_2_method.ctx.method_identity=1
TLSv1_2_method.ssl.nonnull=1
TLSv1_2_method.ssl.version=771
TLSv1_2_method.ssl.client_version=771
TLSv1_2_method.ssl.version_str=TLSv1.2
TLSv1_2_method.ssl.is_dtls=0
TLSv1_2_method.ssl.is_server=1
TLSv1_2_method.ssl.default_timeout=7200
TLSv1_2_method.ctx.min_proto=0
TLSv1_2_method.ctx.max_proto=0
TLSv1_2_method.ssl.min_proto=0
TLSv1_2_method.ssl.max_proto=0
TLSv1_2_server_method.nonnull=1
TLSv1_2_server_method.ctx.nonnull=1
TLSv1_2_server_method.ctx.method_identity=1
TLSv1_2_server_method.ssl.nonnull=1
TLSv1_2_server_method.ssl.version=771
TLSv1_2_server_method.ssl.client_version=771
TLSv1_2_server_method.ssl.version_str=TLSv1.2
TLSv1_2_server_method.ssl.is_dtls=0
TLSv1_2_server_method.ssl.is_server=1
TLSv1_2_server_method.ssl.default_timeout=7200
TLSv1_2_server_method.ctx.min_proto=0
TLSv1_2_server_method.ctx.max_proto=0
TLSv1_2_server_method.ssl.min_proto=0
TLSv1_2_server_method.ssl.max_proto=0
TLSv1_2_client_method.nonnull=1
TLSv1_2_client_method.ctx.nonnull=1
TLSv1_2_client_method.ctx.method_identity=1
TLSv1_2_client_method.ssl.nonnull=1
TLSv1_2_client_method.ssl.version=771
TLSv1_2_client_method.ssl.client_version=771
TLSv1_2_client_method.ssl.version_str=TLSv1.2
TLSv1_2_client_method.ssl.is_dtls=0
TLSv1_2_client_method.ssl.is_server=0
TLSv1_2_client_method.ssl.default_timeout=7200
TLSv1_2_client_method.ctx.min_proto=0
TLSv1_2_client_method.ctx.max_proto=0
TLSv1_2_client_method.ssl.min_proto=0
TLSv1_2_client_method.ssl.max_proto=0
TLSv1_1_method.nonnull=1
TLSv1_1_method.ctx.nonnull=1
TLSv1_1_method.ctx.method_identity=1
TLSv1_1_method.ssl.nonnull=1
TLSv1_1_method.ssl.version=770
TLSv1_1_method.ssl.client_version=770
TLSv1_1_method.ssl.version_str=TLSv1.1
TLSv1_1_method.ssl.is_dtls=0
TLSv1_1_method.ssl.is_server=1
TLSv1_1_method.ssl.default_timeout=7200
TLSv1_1_method.ctx.min_proto=0
TLSv1_1_method.ctx.max_proto=0
TLSv1_1_method.ssl.min_proto=0
TLSv1_1_method.ssl.max_proto=0
TLSv1_1_server_method.nonnull=1
TLSv1_1_server_method.ctx.nonnull=1
TLSv1_1_server_method.ctx.method_identity=1
TLSv1_1_server_method.ssl.nonnull=1
TLSv1_1_server_method.ssl.version=770
TLSv1_1_server_method.ssl.client_version=770
TLSv1_1_server_method.ssl.version_str=TLSv1.1
TLSv1_1_server_method.ssl.is_dtls=0
TLSv1_1_server_method.ssl.is_server=1
TLSv1_1_server_method.ssl.default_timeout=7200
TLSv1_1_server_method.ctx.min_proto=0
TLSv1_1_server_method.ctx.max_proto=0
TLSv1_1_server_method.ssl.min_proto=0
TLSv1_1_server_method.ssl.max_proto=0
TLSv1_1_client_method.nonnull=1
TLSv1_1_client_method.ctx.nonnull=1
TLSv1_1_client_method.ctx.method_identity=1
TLSv1_1_client_method.ssl.nonnull=1
TLSv1_1_client_method.ssl.version=770
TLSv1_1_client_method.ssl.client_version=770
TLSv1_1_client_method.ssl.version_str=TLSv1.1
TLSv1_1_client_method.ssl.is_dtls=0
TLSv1_1_client_method.ssl.is_server=0
TLSv1_1_client_method.ssl.default_timeout=7200
TLSv1_1_client_method.ctx.min_proto=0
TLSv1_1_client_method.ctx.max_proto=0
TLSv1_1_client_method.ssl.min_proto=0
TLSv1_1_client_method.ssl.max_proto=0
TLSv1_method.nonnull=1
TLSv1_method.ctx.nonnull=1
TLSv1_method.ctx.method_identity=1
TLSv1_method.ssl.nonnull=1
TLSv1_method.ssl.version=769
TLSv1_method.ssl.client_version=769
TLSv1_method.ssl.version_str=TLSv1
TLSv1_method.ssl.is_dtls=0
TLSv1_method.ssl.is_server=1
TLSv1_method.ssl.default_timeout=7200
TLSv1_method.ctx.min_proto=0
TLSv1_method.ctx.max_proto=0
TLSv1_method.ssl.min_proto=0
TLSv1_method.ssl.max_proto=0
TLSv1_server_method.nonnull=1
TLSv1_server_method.ctx.nonnull=1
TLSv1_server_method.ctx.method_identity=1
TLSv1_server_method.ssl.nonnull=1
TLSv1_server_method.ssl.version=769
TLSv1_server_method.ssl.client_version=769
TLSv1_server_method.ssl.version_str=TLSv1
TLSv1_server_method.ssl.is_dtls=0
TLSv1_server_method.ssl.is_server=1
TLSv1_server_method.ssl.default_timeout=7200
TLSv1_server_method.ctx.min_proto=0
TLSv1_server_method.ctx.max_proto=0
TLSv1_server_method.ssl.min_proto=0
TLSv1_server_method.ssl.max_proto=0
TLSv1_client_method.nonnull=1
TLSv1_client_method.ctx.nonnull=1
TLSv1_client_method.ctx.method_identity=1
TLSv1_client_method.ssl.nonnull=1
TLSv1_client_method.ssl.version=769
TLSv1_client_method.ssl.client_version=769
TLSv1_client_method.ssl.version_str=TLSv1
TLSv1_client_method.ssl.is_dtls=0
TLSv1_client_method.ssl.is_server=0
TLSv1_client_method.ssl.default_timeout=7200
TLSv1_client_method.ctx.min_proto=0
TLSv1_client_method.ctx.max_proto=0
TLSv1_client_method.ssl.min_proto=0
TLSv1_client_method.ssl.max_proto=0
DTLS_method.nonnull=1
DTLS_method.ctx.nonnull=1
DTLS_method.ctx.method_identity=1
DTLS_method.ssl.nonnull=1
DTLS_method.ssl.version=65277
DTLS_method.ssl.client_version=131071
DTLS_method.ssl.version_str=DTLSv1.2
DTLS_method.ssl.is_dtls=1
DTLS_method.ssl.is_server=1
DTLS_method.ssl.default_timeout=7200
DTLS_method.ctx.min_proto=0
DTLS_method.ctx.max_proto=0
DTLS_method.ssl.min_proto=0
DTLS_method.ssl.max_proto=0
DTLS_server_method.nonnull=1
DTLS_server_method.ctx.nonnull=1
DTLS_server_method.ctx.method_identity=1
DTLS_server_method.ssl.nonnull=1
DTLS_server_method.ssl.version=65277
DTLS_server_method.ssl.client_version=131071
DTLS_server_method.ssl.version_str=DTLSv1.2
DTLS_server_method.ssl.is_dtls=1
DTLS_server_method.ssl.is_server=1
DTLS_server_method.ssl.default_timeout=7200
DTLS_server_method.ctx.min_proto=0
DTLS_server_method.ctx.max_proto=0
DTLS_server_method.ssl.min_proto=0
DTLS_server_method.ssl.max_proto=0
DTLS_client_method.nonnull=1
DTLS_client_method.ctx.nonnull=1
DTLS_client_method.ctx.method_identity=1
DTLS_client_method.ssl.nonnull=1
DTLS_client_method.ssl.version=65277
DTLS_client_method.ssl.client_version=131071
DTLS_client_method.ssl.version_str=DTLSv1.2
DTLS_client_method.ssl.is_dtls=1
DTLS_client_method.ssl.is_server=0
DTLS_client_method.ssl.default_timeout=7200
DTLS_client_method.ctx.min_proto=0
DTLS_client_method.ctx.max_proto=0
DTLS_client_method.ssl.min_proto=0
DTLS_client_method.ssl.max_proto=0
DTLSv1_2_method.nonnull=1
DTLSv1_2_method.ctx.nonnull=1
DTLSv1_2_method.ctx.method_identity=1
DTLSv1_2_method.ssl.nonnull=1
DTLSv1_2_method.ssl.version=65277
DTLSv1_2_method.ssl.client_version=65277
DTLSv1_2_method.ssl.version_str=DTLSv1.2
DTLSv1_2_method.ssl.is_dtls=1
DTLSv1_2_method.ssl.is_server=1
DTLSv1_2_method.ssl.default_timeout=7200
DTLSv1_2_method.ctx.min_proto=0
DTLSv1_2_method.ctx.max_proto=0
DTLSv1_2_method.ssl.min_proto=0
DTLSv1_2_method.ssl.max_proto=0
DTLSv1_2_server_method.nonnull=1
DTLSv1_2_server_method.ctx.nonnull=1
DTLSv1_2_server_method.ctx.method_identity=1
DTLSv1_2_server_method.ssl.nonnull=1
DTLSv1_2_server_method.ssl.version=65277
DTLSv1_2_server_method.ssl.client_version=65277
DTLSv1_2_server_method.ssl.version_str=DTLSv1.2
DTLSv1_2_server_method.ssl.is_dtls=1
DTLSv1_2_server_method.ssl.is_server=1
DTLSv1_2_server_method.ssl.default_timeout=7200
DTLSv1_2_server_method.ctx.min_proto=0
DTLSv1_2_server_method.ctx.max_proto=0
DTLSv1_2_server_method.ssl.min_proto=0
DTLSv1_2_server_method.ssl.max_proto=0
DTLSv1_2_client_method.nonnull=1
DTLSv1_2_client_method.ctx.nonnull=1
DTLSv1_2_client_method.ctx.method_identity=1
DTLSv1_2_client_method.ssl.nonnull=1
DTLSv1_2_client_method.ssl.version=65277
DTLSv1_2_client_method.ssl.client_version=65277
DTLSv1_2_client_method.ssl.version_str=DTLSv1.2
DTLSv1_2_client_method.ssl.is_dtls=1
DTLSv1_2_client_method.ssl.is_server=0
DTLSv1_2_client_method.ssl.default_timeout=7200
DTLSv1_2_client_method.ctx.min_proto=0
DTLSv1_2_client_method.ctx.max_proto=0
DTLSv1_2_client_method.ssl.min_proto=0
DTLSv1_2_client_method.ssl.max_proto=0
DTLSv1_method.nonnull=1
DTLSv1_method.ctx.nonnull=1
DTLSv1_method.ctx.method_identity=1
DTLSv1_method.ssl.nonnull=1
DTLSv1_method.ssl.version=65279
DTLSv1_method.ssl.client_version=65279
DTLSv1_method.ssl.version_str=DTLSv1
DTLSv1_method.ssl.is_dtls=1
DTLSv1_method.ssl.is_server=1
DTLSv1_method.ssl.default_timeout=7200
DTLSv1_method.ctx.min_proto=0
DTLSv1_method.ctx.max_proto=0
DTLSv1_method.ssl.min_proto=0
DTLSv1_method.ssl.max_proto=0
DTLSv1_server_method.nonnull=1
DTLSv1_server_method.ctx.nonnull=1
DTLSv1_server_method.ctx.method_identity=1
DTLSv1_server_method.ssl.nonnull=1
DTLSv1_server_method.ssl.version=65279
DTLSv1_server_method.ssl.client_version=65279
DTLSv1_server_method.ssl.version_str=DTLSv1
DTLSv1_server_method.ssl.is_dtls=1
DTLSv1_server_method.ssl.is_server=1
DTLSv1_server_method.ssl.default_timeout=7200
DTLSv1_server_method.ctx.min_proto=0
DTLSv1_server_method.ctx.max_proto=0
DTLSv1_server_method.ssl.min_proto=0
DTLSv1_server_method.ssl.max_proto=0
DTLSv1_client_method.nonnull=1
DTLSv1_client_method.ctx.nonnull=1
DTLSv1_client_method.ctx.method_identity=1
DTLSv1_client_method.ssl.nonnull=1
DTLSv1_client_method.ssl.version=65279
DTLSv1_client_method.ssl.client_version=65279
DTLSv1_client_method.ssl.version_str=DTLSv1
DTLSv1_client_method.ssl.is_dtls=1
DTLSv1_client_method.ssl.is_server=0
DTLSv1_client_method.ssl.default_timeout=7200
DTLSv1_client_method.ctx.min_proto=0
DTLSv1_client_method.ctx.max_proto=0
DTLSv1_client_method.ssl.min_proto=0
DTLSv1_client_method.ssl.max_proto=0
null.ctx_new_refused=1
null.ssl_new_refused=1
null.ctx_get_min_proto=0
null.ctx_get_max_proto=0
null.group_name=1
group.unknown_nid.null=1
group.bad_nid.null=1
group.unknown_raw.null=1
ticket_evp.set=1
ticket_evp.clear=1
