transcript.sha256=4ad1e0bc7e53be54ffd29a9d052d6783739bfca4e0e3077e9b91b4d33777f20d
h.int5.ret=0
h.int5.tag=2
h.int5.class=0
h.int5.len=1
h.int5.adv=2
h.int5.err=0
h.oct3.ret=0
h.oct3.tag=4
h.oct3.class=0
h.oct3.len=3
h.oct3.adv=2
h.oct3.err=0
h.seq_empty.ret=32
h.seq_empty.tag=16
h.seq_empty.class=0
h.seq_empty.len=0
h.seq_empty.adv=2
h.seq_empty.err=0
h.seq_int.ret=32
h.seq_int.tag=16
h.seq_int.class=0
h.seq_int.len=3
h.seq_int.adv=2
h.seq_int.err=0
h.indef_oct.ret=33
h.indef_oct.tag=4
h.indef_oct.class=0
h.indef_oct.len=0
h.indef_oct.adv=2
h.indef_oct.err=0
h.indef_bit.ret=33
h.indef_bit.tag=3
h.indef_bit.class=0
h.indef_bit.len=0
h.indef_bit.adv=2
h.indef_bit.err=0
h.eoc.ret=0
h.eoc.tag=0
h.eoc.class=0
h.eoc.len=0
h.eoc.adv=2
h.eoc.err=0
h.ctx_prim.ret=0
h.ctx_prim.tag=0
h.ctx_prim.class=128
h.ctx_prim.len=1
h.ctx_prim.adv=2
h.ctx_prim.err=0
h.ctx_cons.ret=32
h.ctx_cons.tag=0
h.ctx_cons.class=128
h.ctx_cons.len=1
h.ctx_cons.adv=2
h.ctx_cons.err=0
h.app.ret=0
h.app.tag=1
h.app.class=64
h.app.len=1
h.app.adv=2
h.app.err=0
h.priv.ret=0
h.priv.tag=1
h.priv.class=192
h.priv.len=1
h.priv.adv=2
h.priv.err=0
h.len127.ret=0
h.len127.tag=4
h.len127.class=0
h.len127.len=127
h.len127.adv=2
h.len127.err=0
h.len128.ret=0
h.len128.tag=4
h.len128.class=0
h.len128.len=128
h.len128.adv=3
h.len128.err=0
h.len255.ret=0
h.len255.tag=4
h.len255.class=0
h.len255.len=255
h.len255.adv=3
h.len255.err=0
h.len256.ret=0
h.len256.tag=4
h.len256.class=0
h.len256.len=256
h.len256.adv=4
h.len256.err=0
h.over.ret=128
h.over.tag=4
h.over.class=0
h.over.len=5
h.over.adv=2
h.over.err=109052059
h.trunclen.ret=128
h.trunclen.tag=4
h.trunclen.class=0
h.trunclen.len=0
h.trunclen.adv=0
h.trunclen.err=109052027
h.nonminimal.ret=0
h.nonminimal.tag=4
h.nonminimal.class=0
h.nonminimal.len=1
h.nonminimal.adv=3
h.nonminimal.err=0
h.zerolen.ret=0
h.zerolen.tag=4
h.zerolen.class=0
h.zerolen.len=0
h.zerolen.adv=2
h.zerolen.err=0
h.over_short_avail.ret=128
h.over_short_avail.tag=4
h.over_short_avail.class=0
h.over_short_avail.len=5
h.over_short_avail.adv=2
h.over_short_avail.err=109052059
h.zero_avail.ret=128
h.zero_avail.tag=0
h.zero_avail.class=0
h.zero_avail.len=0
h.zero_avail.adv=0
h.zero_avail.err=109052128
h.hightag.ret=0
h.hightag.tag=128
h.hightag.class=0
h.hightag.len=1
h.hightag.adv=4
h.hightag.err=0
h.hightag2.ret=0
h.hightag2.tag=257
h.hightag2.class=0
h.hightag2.len=0
h.hightag2.adv=4
h.hightag2.err=0
eoc.check=1
eoc.adv=2
eoc.const_check=1
eoc.const_adv=2
eoc.negative=0
eoc.negative_adv=0
eoc.one_byte=0
tag2bit.-1=0
tag2bit.0=0
tag2bit.1=0
tag2bit.2=0
tag2bit.3=1024
tag2bit.4=512
tag2bit.5=0
tag2bit.6=0
tag2bit.7=4096
tag2bit.8=4096
tag2bit.9=4096
tag2bit.10=0
tag2bit.11=4096
tag2bit.12=8192
tag2bit.13=4096
tag2bit.14=4096
tag2bit.15=4096
tag2bit.16=65536
tag2bit.17=0
tag2bit.18=1
tag2bit.19=2
tag2bit.20=4
tag2bit.21=8
tag2bit.22=16
tag2bit.23=16384
tag2bit.24=32768
tag2bit.25=32
tag2bit.26=64
tag2bit.27=128
tag2bit.28=256
tag2bit.29=4096
tag2bit.30=2048
tag2bit.31=0
tag2bit.32=0
tag2str.-1=(unknown)
tag2str.0=EOC
tag2str.1=BOOLEAN
tag2str.2=INTEGER
tag2str.3=BIT STRING
tag2str.4=OCTET STRING
tag2str.5=NULL
tag2str.16=SEQUENCE
tag2str.17=SET
tag2str.30=BMPSTRING
tag2str.31=(unknown)
put.primitive_len=2
put.primitive_size=2
put.constructed_len=2
put.eoc_total=4
put.constructed_size=5
put.ctx_len=4
put.ctx_bytes=9F810001
put.hightag_len=4
put.hightag_bytes=1FA43404
str.new_present=1
str.new_type=4
str.new_length=0
str.new_data_null=1
str.type_new_type=22
str.set=1
str.set_length=5
str.set_bytes=hello
str.data_matches_get0=1
str.set_shorter=1
str.shorter_length=2
str.shorter_tail=0
str.set_longer=1
str.longer_length=11
str.nul_terminated=0
str.set_neg=1
str.neg_length=3
str.copy=1
str.copy_type=4
str.copy_length=3
str.cmp_equal=0
str.set_type=1
str.cmp_differs=1
str.copy_type_only=1
str.set0_cleared=0
str.length_after_set=1
str.dup_present=1
str.dup_length=1
str.dup_cmp=0
oct.set=1
oct.set2=1
oct.cmp_equal=0
oct.set3=1
oct.cmp_differs=-1
oct.dup_present=1
oct.dup_cmp=0
i.7f.present=1
i.7f.adv=3
i.7f.err=0
i.7f.type=2
i.7f.length=1
i.7f.bytes=7F
i.7f.get=127
i.7f.geti64=1:127
i.p80.present=1
i.p80.adv=4
i.p80.err=0
i.p80.type=2
i.p80.length=1
i.p80.bytes=80
i.p80.get=128
i.p80.geti64=1:128
i.p80_nopad.present=1
i.p80_nopad.adv=3
i.p80_nopad.err=0
i.p80_nopad.type=258
i.p80_nopad.length=1
i.p80_nopad.bytes=80
i.p80_nopad.get=-128
i.p80_nopad.geti64=1:-128
i.n1.present=1
i.n1.adv=3
i.n1.err=0
i.n1.type=258
i.n1.length=1
i.n1.bytes=01
i.n1.get=-1
i.n1.geti64=1:-1
i.n128.present=1
i.n128.adv=3
i.n128.err=0
i.n128.type=258
i.n128.length=1
i.n128.bytes=80
i.n128.get=-128
i.n128.geti64=1:-128
i.n129.present=1
i.n129.adv=4
i.n129.err=0
i.n129.type=258
i.n129.length=1
i.n129.bytes=81
i.n129.get=-129
i.n129.geti64=1:-129
i.nmin.present=1
i.nmin.adv=5
i.nmin.err=0
i.nmin.type=258
i.nmin.length=3
i.nmin.bytes=800000
i.nmin.get=-8388608
i.nmin.geti64=1:-8388608
i.nmin_plus.present=0
i.nmin_plus.adv=0
i.nmin_plus.err=109052125
i.zero.present=1
i.zero.adv=3
i.zero.err=0
i.zero.type=2
i.zero.length=1
i.zero.bytes=00
i.zero.get=0
i.zero.geti64=1:0
i.zero_padded.present=0
i.zero_padded.adv=0
i.zero_padded.err=109052125
i.bad_pad_pos.present=0
i.bad_pad_pos.adv=0
i.bad_pad_pos.err=109052125
i.bad_pad_neg.present=0
i.bad_pad_neg.adv=0
i.bad_pad_neg.err=109052125
i.zero_content.present=0
i.zero_content.adv=0
i.zero_content.err=109052126
i.wide.present=1
i.wide.adv=11
i.wide.err=0
i.wide.type=2
i.wide.length=9
i.wide.bytes=010000000000000000
i.wide.get=-1
i.wide.geti64=0:0
i.i64max.present=1
i.i64max.adv=10
i.i64max.err=109052127
i.i64max.type=2
i.i64max.length=8
i.i64max.bytes=7FFFFFFFFFFFFFFF
i.i64max.get=9223372036854775807
i.i64max.geti64=1:9223372036854775807
i.i64min.present=1
i.i64min.adv=10
i.i64min.err=0
i.i64min.type=258
i.i64min.length=8
i.i64min.bytes=8000000000000000
i.i64min.get=-9223372036854775808
i.i64min.geti64=1:-9223372036854775808
i.u64max.present=1
i.u64max.adv=11
i.u64max.err=0
i.u64max.type=2
i.u64max.length=8
i.u64max.bytes=FFFFFFFFFFFFFFFF
i.u64max.get=-1
i.u64max.geti64=0:0
i.trunc.present=0
i.trunc.adv=0
i.trunc.err=109052127
i.wrong_tag.present=0
i.wrong_tag.adv=0
i.wrong_tag.err=109052072
e.n1.present=1
e.n1.adv=3
e.n1.err=0
e.n1.length=1
e.n1.get=-1
e.wide.present=1
e.wide.adv=11
e.wide.err=0
e.wide.length=9
e.wide.get=4294967295
iv.0.set=1
iv.0.len=1
iv.0.type=2
iv.0.bytes=00
iv.0.geti64=1:0
iv.0.get=0
iv.1.set=1
iv.1.len=1
iv.1.type=2
iv.1.bytes=01
iv.1.geti64=1:1
iv.1.get=1
iv.2.set=1
iv.2.len=1
iv.2.type=258
iv.2.bytes=01
iv.2.geti64=1:-1
iv.2.get=-1
iv.3.set=1
iv.3.len=1
iv.3.type=2
iv.3.bytes=7F
iv.3.geti64=1:127
iv.3.get=127
iv.4.set=1
iv.4.len=1
iv.4.type=2
iv.4.bytes=80
iv.4.geti64=1:128
iv.4.get=128
iv.5.set=1
iv.5.len=1
iv.5.type=258
iv.5.bytes=80
iv.5.geti64=1:-128
iv.5.get=-128
iv.6.set=1
iv.6.len=1
iv.6.type=2
iv.6.bytes=FF
iv.6.geti64=1:255
iv.6.get=255
iv.7.set=1
iv.7.len=2
iv.7.type=2
iv.7.bytes=0100
iv.7.geti64=1:256
iv.7.get=256
iv.8.set=1
iv.8.len=1
iv.8.type=258
iv.8.bytes=81
iv.8.geti64=1:-129
iv.8.get=-129
iv.9.set=1
iv.9.len=4
iv.9.type=2
iv.9.bytes=7FFFFFFF
iv.9.geti64=1:2147483647
iv.9.get=2147483647
iv.10.set=1
iv.10.len=4
iv.10.type=258
iv.10.bytes=80000000
iv.10.geti64=1:-2147483648
iv.10.get=-2147483648
iv.11.set=1
iv.11.len=8
iv.11.type=2
iv.11.bytes=7FFFFFFFFFFFFFFF
iv.11.geti64=1:9223372036854775807
iv.11.get=9223372036854775807
iv.12.set=1
iv.12.len=8
iv.12.type=258
iv.12.bytes=8000000000000000
iv.12.geti64=1:-9223372036854775808
iv.12.get=-9223372036854775808
uv.0.set=1
uv.0.getu64=1:0
uv.0.get=0
uv.0.geti64=1:0
uv.0.err=0
uv.1.set=1
uv.1.getu64=1:1
uv.1.get=1
uv.1.geti64=1:1
uv.1.err=0
uv.2.set=1
uv.2.getu64=1:127
uv.2.get=127
uv.2.geti64=1:127
uv.2.err=0
uv.3.set=1
uv.3.getu64=1:128
uv.3.get=128
uv.3.geti64=1:128
uv.3.err=0
uv.4.set=1
uv.4.getu64=1:255
uv.4.get=255
uv.4.geti64=1:255
uv.4.err=0
uv.5.set=1
uv.5.getu64=1:256
uv.5.get=256
uv.5.geti64=1:256
uv.5.err=0
uv.6.set=1
uv.6.getu64=1:9223372036854775807
uv.6.get=9223372036854775807
uv.6.geti64=1:9223372036854775807
uv.6.err=0
uv.7.set=1
uv.7.getu64=1:18446744073709551615
uv.7.get=-1
uv.7.geti64=0:0
uv.7.err=109052127
m.enum_set=1
m.enum_get=5
m.int_accessor_on_enum=-1
m.int_int64_on_enum=0
m.err_after_wrong_type=109052129
m.enum_get_null=0
m.int_get_null=0
ic.0=-1
ic.1=1
ic.2=-1
ic.3=1
ic.4=-1
ic.5=1
ic.6=1
ic.7=-1
ic.8=0
bn.0.present=1
bn.0.len=1
bn.0.type=2
bn.0.bytes=00
bn.0.roundtrip=1
bn.0.roundtrip_neg=1
bn.0.asm_enum=1
bn.0.enum_err=109052129
bn.1.present=1
bn.1.len=1
bn.1.type=2
bn.1.bytes=01
bn.1.roundtrip=1
bn.1.roundtrip_neg=1
bn.1.asm_enum=1
bn.1.enum_err=109052129
bn.2.present=1
bn.2.len=1
bn.2.type=2
bn.2.bytes=FF
bn.2.roundtrip=1
bn.2.roundtrip_neg=1
bn.2.asm_enum=1
bn.2.enum_err=109052129
bn.3.present=1
bn.3.len=2
bn.3.type=2
bn.3.bytes=0100
bn.3.roundtrip=1
bn.3.roundtrip_neg=1
bn.3.asm_enum=1
bn.3.enum_err=109052129
bn.4.present=1
bn.4.len=1
bn.4.type=258
bn.4.bytes=01
bn.4.roundtrip=1
bn.4.roundtrip_neg=1
bn.4.asm_enum=1
bn.4.enum_err=109052129
bn.5.present=1
bn.5.len=1
bn.5.type=258
bn.5.bytes=FF
bn.5.roundtrip=1
bn.5.roundtrip_neg=1
bn.5.asm_enum=1
bn.5.enum_err=109052129
bn.6.present=1
bn.6.len=8
bn.6.type=2
bn.6.bytes=7FFFFFFFFFFFFFFF
bn.6.roundtrip=1
bn.6.roundtrip_neg=1
bn.6.asm_enum=1
bn.6.enum_err=109052129
o.rsa.present=1
o.rsa.adv=11
o.rsa.length=9
o.rsa.nid=6
o.rsa.txt=13:rsaEncryption
o.rsa.i2d=11
o.rsa.i2d_bytes=06092A864886F70D010101
o.rsa.i2t=13
o.rsa.i2a=13
o.rsa.i2a_text.len=13
o.rsa.i2a_text.text=rsaEncryption
o.dyn.present=1
o.dyn.length=3
o.dyn.nid=0
o.dyn.txt=7:1.2.3.4
o.bad_last.present=0
o.bad_last.adv=0
o.bad_last.err=109052120
o.bad_subid.present=0
o.bad_subid.err=109052120
o.empty.present=0
o.empty.err=109052120
o.not_oid.present=0
o.not_oid.err=109052020
o.create.present=1
o.create.length=3
o.create.txt=7:1.2.3.4
o.new.present=1
o.new.length=0
o.new.data_null=1
o.new.i2a=4
o.new.i2a_text.len=4
o.new.i2a_text.text=NULL
o.new.i2t=0
o.null.i2a=4
o.null.i2a_text.len=4
o.null.i2a_text.text=NULL
o.long.present=1
o.long.txt=32:1.2.3.4.5.6.7.8.9.10.11.12.13.14
o.long.i2a=32
o.long.i2a_text.len=32
o.long.i2a_text.text=1.2.3.4.5.6.7.8.9.10.11.12.13.14
t.oct.i2a=14
t.oct.i2a_text.len=14
t.oct.i2a_text.text=00010F107F80FF
t.empty.i2a=1
t.empty.i2a_text.len=1
t.empty.i2a_text.text=0
t.wide.i2a=146
t.wide.i2a_text.len=146
t.wide.i2a_text.text=000102030405060708090A0B0C0D0E0F101112131415161718191A1B1C1D1E1F202122\x5C\x0A232425262728292A2B2C2D2E2F303132333435363738393A3B3C3D3E3F404142434445\x5C\x0A46
t.neg.i2a=5
t.neg.i2a_text.len=5
t.neg.i2a_text.text=-1234
t.zero.i2a=2
t.zero.i2a_text.len=2
t.zero.i2a_text.text=00
t.zero.enumerated=2
t.zero.enum_text.len=2
t.zero.enum_text.text=00
pctx.present=1
pctx.defaults=0,0,0,0,0
pctx.set=1,2,4,8,16
sctx.present=1
sctx.item_null=1
sctx.template_null=1
sctx.flags=0
sctx.app_null=1
sctx.app_set=1
parse.ok=1
parse.ok_text.len=209
parse.ok_text.text=    0:d=0  hl=2 l=  16 cons: SEQUENCE          \x0A    2:d=1  hl=2 l=   1 prim: INTEGER           :02\x0A    5:d=1  hl=2 l=   9 prim: OBJECT            :rsaEncryption\x0A   16:d=1  hl=2 l=   0 prim: OCTET STRING      \x0A
parse.dump=1
parse.dump_text.len=212
parse.dump_text.text=    0:d=0  hl=2 l=  16 cons: SEQUENCE          \x0A    2:d=1  hl=2 l=   1 prim:  INTEGER           :02\x0A    5:d=1  hl=2 l=   9 prim:  OBJECT            :rsaEncryption\x0A   16:d=1  hl=2 l=   0 prim:  OCTET STRING      \x0A
parse.trunc=0
parse.trunc_text.len=18
parse.trunc_text.text=Error in encoding\x0A
parse.trunc_err=109052059
parse.nested=0
parse.nested_text.len=171
parse.nested_text.text=    0:d=0  hl=2 l=  12 cons: SEQUENCE          \x0A    2:d=1  hl=2 l=   3 prim: OCTET STRING      :ABC\x0A    7:d=1  hl=2 l=   2 prim: INTEGER           :0100\x0AError in encoding\x0A
parse.badobj=1
parse.badobj_text.len=112
parse.badobj_text.text=    0:d=0  hl=2 l=   3 cons: SEQUENCE          \x0A    2:d=1  hl=2 l=   1 prim: OBJECT            :BAD OBJECT:[80]\x0A
parse.indef=1
parse.indef_text.len=147
parse.indef_text.text=    0:d=0  hl=2 l=inf  cons: SEQUENCE          \x0A    2:d=1  hl=2 l=   1 prim: INTEGER           :01\x0A    5:d=1  hl=2 l=   0 prim: EOC               \x0A
parse.bool=1
parse.bool_text.len=52
parse.bool_text.text=    0:d=0  hl=2 l=   1 prim: BOOLEAN           :255\x0A
done=1
