transcript.sha256=bb8fb34291acec3fe22550481ddb94dd10f5ace506ca914a393210472bfc66c2
scrypt.it=nonnull
scrypt.new=nonnull
scrypt.free_null=1
scrypt.d2i=nonnull
scrypt.i2d.len=17
scrypt.i2d.hex=300f040401020304020110020101020101
scrypt.i2d.equals_fixture=1
scrypt.legacy_add=1
scrypt.cipher=nonnull
scrypt.pbe2=nonnull
scrypt.pbe2.err=none
scrypt.pbe2.der.len=88
scrypt.pbe2.der.hex=305606092a864886f70d01050d3049302806092b06010401da47040b301b04100102030405060708090a0b0c0d0e0f10020110020101020101301d06096086480165030401020410101112131415161718191a1b1c1d1e1f
scrypt.pbe2.null_cipher=null
scrypt.pbe2.null_cipher.err=13.786690
scrypt.pbe2.bad_params=null
scrypt.pbe2.bad_params.err=13.227
algor.cctx=nonnull
algor.pctx=nonnull
algor.cipher.ret=-1
algor.cipher.alg=null
algor.cipher.err=none
algor.pkey.ret=-1
algor.pkey.alg=null
algor.pkey.err=none
pbmac1.alg=nonnull
pbmac1.pb=nonnull
pbmac1.pb.err=none
pbmac1.pb.der.len=11
pbmac1.pb.der.hex=3009040401020304020110
pbmac1.noparam.alg=nonnull
pbmac1.noparam.pb=null
pbmac1.noparam.err=35.524550
p82.key=nonnull
p82.p8=nonnull
p82.ex=nonnull
p82.eq=1
p82.null=null
p82.null.err=none
spki.new=nonnull
spki.key=nonnull
spki.set_pubkey=1
spki.print=1
spki.print.out.len=621
spki.print.out.fnv=73f554943b980330
stbl.add_module=1
stbl.good.conf=nonnull
stbl.good.load=1
stbl.good.err=none
stbl.bad.conf=nonnull
stbl.bad.load=-1
stbl.bad.err=13.218
