transcript.sha256=9a002bf03a04e5dd95741b56141f6f437c23a9e4165509994ed2ee8be0c110c8
ctx.nonnull=1
ssl.nonnull=1
state.get_state=0
state.in_before=1
state.in_init=1
state.is_init_finished=0
state.get_state.null=0
state.in_before.null=0
state.in_init.null=0
state.is_init_finished.null=0
ext.supported.0=1
ext.supported.maxfrag=1
ext.supported.sct=1
ext.supported.reneg=1
ext.supported.unknown=0
ext.supported.wide=0
ext.add.custom=1
ext.has.client.65000=1
ext.add.custom.dup=0
ext.has.client.65001=0
ext.add.internal=0
ext.add.sct=1
ext.add.wide=0
ext.add.free_no_add=0
ext.add.client=1
ext.has.client.65002=1
ext.add.server=1
ext.has.client.65003=0
ext.add.custom.client_dup=0
sigalg.get_sigalgs.0=0
sigalg.get_sigalgs.neg=0
sigalg.get_shared.0=0
sigalg.get_nid=0
sigalg.get_peer_nid=0
sigalg.get_sigalgs.null=0
sigalg.get_shared.null=0
sigalg.get_nid.null=0
sigalg.get_peer_nid.null=0
sigalg.builtin.nonnull=1
sigalg.builtin=ecdsa_secp256r1_sha256:ecdsa_secp384r1_sha384:ecdsa_secp521r1_sha512:ed25519:ed448:ecdsa_sha224:ecdsa_sha1:ecdsa_brainpoolP256r1tls13_sha256:ecdsa_brainpoolP384r1tls13_sha384:ecdsa_brainpoolP512r1tls13_sha512:rsa_pss_rsae_sha256:rsa_pss_rsae_sha384:rsa_pss_rsae_sha512:rsa_pss_pss_sha256:rsa_pss_pss_sha384:rsa_pss_pss_sha512:rsa_pkcs1_sha256:rsa_pkcs1_sha384:rsa_pkcs1_sha512:rsa_pkcs1_sha224:rsa_pkcs1_sha1:dsa_sha256:dsa_sha384:dsa_sha512:dsa_sha224:dsa_sha1
check_chain.null_ssl=0
check_chain.null_chain=0
mfl.ctx.disabled=1
mfl.ctx.512=1
mfl.ctx.4096=1
mfl.ctx.5.bad=0
mfl.ctx.255.bad=0
mfl.ssl.1024=1
mfl.ssl.5.bad=0
mfl.ssl.null=0
mfl.session.zero=0
hs.connect.ret=-1
hs.client.state=13
hs.client.want=3
hs.client.in_init=1
hs.client.in_before=0
hs.client.finished=0
hs.client.err=2
hs.accept.ret=-1
hs.server.state=0
hs.server.want=3
hs.server.in_init=1
hs.server.in_before=0
hs.server.finished=0
hs.server.err=2
hs.do_handshake.client2=-1
hs.do_handshake.server2=-1
freed=1
