FRF-MUTANT:stdout-first-line:transcript.sha256=397f0042eb0a078f671f0285f92795ae0a73ead1fb551c01ac74ba48a07cdb7a
load.legacy=1
getparams.ok=1
provider.name=OpenSSL Legacy Provider
count.digest=4
nocache.digest=0
first.digest=MD4:1.2.840.113549.2.4
prop.digest=provider=legacy
count.cipher=32
nocache.cipher=0
first.cipher=CAST5-ECB
prop.cipher=provider=legacy
count.kdf=2
nocache.kdf=0
first.kdf=PBKDF1
prop.kdf=provider=legacy
count.skeymgmt=1
nocache.skeymgmt=0
first.skeymgmt=GENERIC-SECRET
prop.skeymgmt=provider=legacy
fetch.MD4=1
size.MD4=16
digest.MD4.ok=1
digest.MD4.len=16
digest.MD4=a448017aaf21d8525fc10ae87aa6729d
fetch.MDC2=1
size.MDC2=16
digest.MDC2.ok=1
digest.MDC2.len=16
digest.MDC2=3ff42120ee863f5d910cf2ee5064f82f
fetch.WHIRLPOOL=1
size.WHIRLPOOL=64
digest.WHIRLPOOL.ok=1
digest.WHIRLPOOL.len=64
digest.WHIRLPOOL=4e2448a4c6f486bb16b6562c73b4020bf3043e3a731bce721ae1b303d97e6d4c7181eebdb6c57e277d0e34957114cbd6c797fc9d95d8b582d225292076d4eef5
fetch.RIPEMD-160=1
size.RIPEMD-160=20
digest.RIPEMD-160.ok=1
digest.RIPEMD-160.len=20
digest.RIPEMD-160=8eb208f7e05d987a9b044a8e98c6b087f15a0bfc
fetch.MD4.oid=1
size.MD4.oid=16
digest.MD4.oid.ok=1
digest.MD4.oid.len=16
digest.MD4.oid=a448017aaf21d8525fc10ae87aa6729d
fetch.CAST5-ECB=1
keylen.CAST5-ECB=16
ivlen.CAST5-ECB=0
block.CAST5-ECB=8
enc.CAST5-ECB.ok=1
enc.CAST5-ECB.len=16
enc.CAST5-ECB=8c32a94dd55db36ea3f095f9fcd43322
dec.CAST5-ECB.ok=1
dec.CAST5-ECB.roundtrip=1
fetch.CAST5-CBC=1
keylen.CAST5-CBC=16
ivlen.CAST5-CBC=8
block.CAST5-CBC=8
enc.CAST5-CBC.ok=1
enc.CAST5-CBC.len=16
enc.CAST5-CBC=27ad4714f147c77ed052c26468eed306
dec.CAST5-CBC.ok=1
dec.CAST5-CBC.roundtrip=1
fetch.CAST5-OFB=1
keylen.CAST5-OFB=16
ivlen.CAST5-OFB=8
block.CAST5-OFB=1
enc.CAST5-OFB.ok=1
enc.CAST5-OFB.len=16
enc.CAST5-OFB=db59b010f9e3d1e5586c13ee91896873
dec.CAST5-OFB.ok=1
dec.CAST5-OFB.roundtrip=1
fetch.CAST5-CFB=1
keylen.CAST5-CFB=16
ivlen.CAST5-CFB=8
block.CAST5-CFB=1
enc.CAST5-CFB.ok=1
enc.CAST5-CFB.len=16
enc.CAST5-CFB=db59b010f9e3d1e54be4d55ff50ce5b2
dec.CAST5-CFB.ok=1
dec.CAST5-CFB.roundtrip=1
fetch.BF-ECB=1
keylen.BF-ECB=16
ivlen.BF-ECB=0
block.BF-ECB=8
enc.BF-ECB.ok=1
enc.BF-ECB.len=16
enc.BF-ECB=e5358f25f7ffa52a94094e1b6903b5be
dec.BF-ECB.ok=1
dec.BF-ECB.roundtrip=1
fetch.BF-CBC=1
keylen.BF-CBC=16
ivlen.BF-CBC=8
block.BF-CBC=8
enc.BF-CBC.ok=1
enc.BF-CBC.len=16
enc.BF-CBC=ae97c5aedb96d3007380d32c247219d6
dec.BF-CBC.ok=1
dec.BF-CBC.roundtrip=1
fetch.BF-OFB=1
keylen.BF-OFB=16
ivlen.BF-OFB=8
block.BF-OFB=1
enc.BF-OFB.ok=1
enc.BF-OFB.len=16
enc.BF-OFB=b1b94064e4d97725c400fcedb07a82e2
dec.BF-OFB.ok=1
dec.BF-OFB.roundtrip=1
fetch.BF-CFB=1
keylen.BF-CFB=16
ivlen.BF-CFB=8
block.BF-CFB=1
enc.BF-CFB.ok=1
enc.BF-CFB.len=16
enc.BF-CFB=b1b94064e4d977251b8c7f33abf2342b
dec.BF-CFB.ok=1
dec.BF-CFB.roundtrip=1
fetch.IDEA-ECB=1
keylen.IDEA-ECB=16
ivlen.IDEA-ECB=0
block.IDEA-ECB=8
enc.IDEA-ECB.ok=1
enc.IDEA-ECB.len=16
enc.IDEA-ECB=f2f2e435316a318fbabb1b06bd741eb3
dec.IDEA-ECB.ok=1
dec.IDEA-ECB.roundtrip=1
fetch.IDEA-CBC=1
keylen.IDEA-CBC=16
ivlen.IDEA-CBC=8
block.IDEA-CBC=8
enc.IDEA-CBC.ok=1
enc.IDEA-CBC.len=16
enc.IDEA-CBC=772380b63d3781f3f116f270ab329023
dec.IDEA-CBC.ok=1
dec.IDEA-CBC.roundtrip=1
fetch.IDEA-OFB=1
keylen.IDEA-OFB=16
ivlen.IDEA-OFB=8
block.IDEA-OFB=1
enc.IDEA-OFB.ok=1
enc.IDEA-OFB.len=16
enc.IDEA-OFB=15fa9dc22a5d30bd019a8442ce732fe1
dec.IDEA-OFB.ok=1
dec.IDEA-OFB.roundtrip=1
fetch.IDEA-CFB=1
keylen.IDEA-CFB=16
ivlen.IDEA-CFB=8
block.IDEA-CFB=1
enc.IDEA-CFB.ok=1
enc.IDEA-CFB.len=16
enc.IDEA-CFB=15fa9dc22a5d30bd178af16579c26668
dec.IDEA-CFB.ok=1
dec.IDEA-CFB.roundtrip=1
fetch.SEED-ECB=1
keylen.SEED-ECB=16
ivlen.SEED-ECB=0
block.SEED-ECB=16
enc.SEED-ECB.ok=1
enc.SEED-ECB.len=16
enc.SEED-ECB=50008f7097ed98fb97a39776ff55d267
dec.SEED-ECB.ok=1
dec.SEED-ECB.roundtrip=1
fetch.SEED-CBC=1
keylen.SEED-CBC=16
ivlen.SEED-CBC=16
block.SEED-CBC=16
enc.SEED-CBC.ok=1
enc.SEED-CBC.len=16
enc.SEED-CBC=fb3d65688826c5d3129ba9a8c5ac1982
dec.SEED-CBC.ok=1
dec.SEED-CBC.roundtrip=1
fetch.SEED-OFB=1
keylen.SEED-OFB=16
ivlen.SEED-OFB=16
block.SEED-OFB=1
enc.SEED-OFB.ok=1
enc.SEED-OFB.len=16
enc.SEED-OFB=36cf5c439969271930b9bcc185e2c87a
dec.SEED-OFB.ok=1
dec.SEED-OFB.roundtrip=1
fetch.SEED-CFB=1
keylen.SEED-CFB=16
ivlen.SEED-CFB=16
block.SEED-CFB=1
enc.SEED-CFB.ok=1
enc.SEED-CFB.len=16
enc.SEED-CFB=36cf5c439969271930b9bcc185e2c87a
dec.SEED-CFB.ok=1
dec.SEED-CFB.roundtrip=1
fetch.RC2-ECB=1
keylen.RC2-ECB=16
ivlen.RC2-ECB=0
block.RC2-ECB=8
enc.RC2-ECB.ok=1
enc.RC2-ECB.len=16
enc.RC2-ECB=3742b0f21c8bf4cb88773a6eb15f0bac
dec.RC2-ECB.ok=1
dec.RC2-ECB.roundtrip=1
fetch.RC2-CBC=1
keylen.RC2-CBC=16
ivlen.RC2-CBC=8
block.RC2-CBC=8
enc.RC2-CBC.ok=1
enc.RC2-CBC.len=16
enc.RC2-CBC=fcf5dc610440d914ccf242237884711e
dec.RC2-CBC.ok=1
dec.RC2-CBC.roundtrip=1
fetch.RC2-40-CBC=1
keylen.RC2-40-CBC=5
ivlen.RC2-40-CBC=8
block.RC2-40-CBC=8
enc.RC2-40-CBC.ok=1
enc.RC2-40-CBC.len=16
enc.RC2-40-CBC=311c981f029518ad8e71b2d58d2b3cf9
dec.RC2-40-CBC.ok=1
dec.RC2-40-CBC.roundtrip=1
fetch.RC2-64-CBC=1
keylen.RC2-64-CBC=8
ivlen.RC2-64-CBC=8
block.RC2-64-CBC=8
enc.RC2-64-CBC.ok=1
enc.RC2-64-CBC.len=16
enc.RC2-64-CBC=56a3271e5c58437767b5ce483043762c
dec.RC2-64-CBC.ok=1
dec.RC2-64-CBC.roundtrip=1
fetch.RC2-CFB=1
keylen.RC2-CFB=16
ivlen.RC2-CFB=8
block.RC2-CFB=1
enc.RC2-CFB.ok=1
enc.RC2-CFB.len=16
enc.RC2-CFB=b623522e5bc470ae613c53487fd4e09a
dec.RC2-CFB.ok=1
dec.RC2-CFB.roundtrip=1
fetch.RC2-OFB=1
keylen.RC2-OFB=16
ivlen.RC2-OFB=8
block.RC2-OFB=1
enc.RC2-OFB.ok=1
enc.RC2-OFB.len=16
enc.RC2-OFB=b623522e5bc470ae49ebdc57ef968e9a
dec.RC2-OFB.ok=1
dec.RC2-OFB.roundtrip=1
fetch.RC4=1
keylen.RC4=16
ivlen.RC4=0
block.RC4=1
enc.RC4.ok=1
enc.RC4.len=16
enc.RC4=ec3adcdf977bf0b744d51da134a4c37b
dec.RC4.ok=1
dec.RC4.roundtrip=1
fetch.RC4-40=1
keylen.RC4-40=5
ivlen.RC4-40=0
block.RC4-40=1
enc.RC4-40.ok=1
enc.RC4-40.len=16
enc.RC4-40=5a77206e444e329464939c23476ab7d5
dec.RC4-40.ok=1
dec.RC4-40.roundtrip=1
fetch.RC4-HMAC-MD5=1
keylen.RC4-HMAC-MD5=16
ivlen.RC4-HMAC-MD5=0
block.RC4-HMAC-MD5=1
enc.RC4-HMAC-MD5.ok=1
enc.RC4-HMAC-MD5.len=16
enc.RC4-HMAC-MD5=ec3adcdf977bf0b744d51da134a4c37b
dec.RC4-HMAC-MD5.ok=1
dec.RC4-HMAC-MD5.roundtrip=1
fetch.DESX-CBC=1
keylen.DESX-CBC=24
ivlen.DESX-CBC=8
block.DESX-CBC=8
enc.DESX-CBC.ok=1
enc.DESX-CBC.len=16
enc.DESX-CBC=7cb9a1f8f1c311917262502663e83642
dec.DESX-CBC.ok=1
dec.DESX-CBC.roundtrip=1
fetch.DES-ECB=1
keylen.DES-ECB=8
ivlen.DES-ECB=0
block.DES-ECB=8
enc.DES-ECB.ok=1
enc.DES-ECB.len=16
enc.DES-ECB=8df6a7a3feae6d34353ef3992763f518
dec.DES-ECB.ok=1
dec.DES-ECB.roundtrip=1
fetch.DES-CBC=1
keylen.DES-CBC=8
ivlen.DES-CBC=8
block.DES-CBC=8
enc.DES-CBC.ok=1
enc.DES-CBC.len=16
enc.DES-CBC=db93898ee5f59cfa3a215f0141e0c430
dec.DES-CBC.ok=1
dec.DES-CBC.roundtrip=1
fetch.DES-OFB=1
keylen.DES-OFB=8
ivlen.DES-OFB=8
block.DES-OFB=1
enc.DES-OFB.ok=1
enc.DES-OFB.len=16
enc.DES-OFB=8b9924c6ab6d0f6bb307407c9ed3b1c8
dec.DES-OFB.ok=1
dec.DES-OFB.roundtrip=1
fetch.DES-CFB=1
keylen.DES-CFB=8
ivlen.DES-CFB=8
block.DES-CFB=1
enc.DES-CFB.ok=1
enc.DES-CFB.len=16
enc.DES-CFB=8b9924c6ab6d0f6b3aca77d863706d23
dec.DES-CFB.ok=1
dec.DES-CFB.roundtrip=1
fetch.DES-CFB1=1
keylen.DES-CFB1=8
ivlen.DES-CFB1=8
block.DES-CFB1=1
enc.DES-CFB1.ok=1
enc.DES-CFB1.len=16
enc.DES-CFB1=fc9d3d9a9a1813706846d0770d41fa34
dec.DES-CFB1.ok=1
dec.DES-CFB1.roundtrip=1
fetch.DES-CFB8=1
keylen.DES-CFB8=8
ivlen.DES-CFB8=8
block.DES-CFB8=1
enc.DES-CFB8.ok=1
enc.DES-CFB8.len=16
enc.DES-CFB8=8bdf3410e5bb02924e5a52be6aad08a5
dec.DES-CFB8.ok=1
dec.DES-CFB8.roundtrip=1
fetch.PBKDF1=1
kdf.PBKDF1.ok=0
fetch.PVKKDF=1
kdf.PVKKDF.ok=0
fetch.no-such-digest=0
fetch.MD4.default=0
fetch.no-such-cipher=0
fetch.DES-CBC.default=1
fetch.no-such-kdf=0
kdf.pbkdf1.nosalt=0
kdf.pbkdf1.toolong=0
unload.legacy=1
