transcript.sha256=be14197b0b26e05c97a44cc32c5032531773139052fc50191b1f29078172e3f8
corpus.entries=87
entry.sh-bad-cipher.class=parse
entry.sh-bad-cipher.role=client
entry.sh-bad-cipher.signal=0
entry.sh-bad-cipher.ret=-1
entry.sh-bad-cipher.ssl_error=1
entry.sh-bad-cipher.err_count=1
entry.sh-bad-cipher.reason0=786691
entry.sh-bad-cipher.state=3
entry.sh-bad-cipher.finished=0
entry.sh-bad-cipher.out_bytes=313
entry.sh-bad-cipher.out_first=1
entry.sh-bad-cipher.alert=-
entry.sh-bad-legacy-version.class=parse
entry.sh-bad-legacy-version.role=client
entry.sh-bad-legacy-version.signal=0
entry.sh-bad-legacy-version.ret=-1
entry.sh-bad-legacy-version.ssl_error=1
entry.sh-bad-legacy-version.err_count=1
entry.sh-bad-legacy-version.reason0=786691
entry.sh-bad-legacy-version.state=3
entry.sh-bad-legacy-version.finished=0
entry.sh-bad-legacy-version.out_bytes=313
entry.sh-bad-legacy-version.out_first=1
entry.sh-bad-legacy-version.alert=-
entry.sh-ccs-first.class=parse
entry.sh-ccs-first.role=client
entry.sh-ccs-first.signal=0
entry.sh-ccs-first.ret=-1
entry.sh-ccs-first.ssl_error=1
entry.sh-ccs-first.err_count=1
entry.sh-ccs-first.reason0=786691
entry.sh-ccs-first.state=3
entry.sh-ccs-first.finished=0
entry.sh-ccs-first.out_bytes=313
entry.sh-ccs-first.out_first=1
entry.sh-ccs-first.alert=-
entry.sh-empty.class=parse
entry.sh-empty.role=client
entry.sh-empty.signal=0
entry.sh-empty.ret=-1
entry.sh-empty.ssl_error=1
entry.sh-empty.err_count=1
entry.sh-empty.reason0=294
entry.sh-empty.state=13
entry.sh-empty.finished=0
entry.sh-empty.out_bytes=313
entry.sh-empty.out_first=1
entry.sh-empty.alert=-
entry.sh-ext-len-overrun.class=parse
entry.sh-ext-len-overrun.role=client
entry.sh-ext-len-overrun.signal=0
entry.sh-ext-len-overrun.ret=-1
entry.sh-ext-len-overrun.ssl_error=1
entry.sh-ext-len-overrun.err_count=1
entry.sh-ext-len-overrun.reason0=786691
entry.sh-ext-len-overrun.state=3
entry.sh-ext-len-overrun.finished=0
entry.sh-ext-len-overrun.out_bytes=313
entry.sh-ext-len-overrun.out_first=1
entry.sh-ext-len-overrun.alert=-
entry.sh-hs-len-overrun.class=parse
entry.sh-hs-len-overrun.role=client
entry.sh-hs-len-overrun.signal=0
entry.sh-hs-len-overrun.ret=-1
entry.sh-hs-len-overrun.ssl_error=2
entry.sh-hs-len-overrun.err_count=0
entry.sh-hs-len-overrun.reason0=0
entry.sh-hs-len-overrun.state=13
entry.sh-hs-len-overrun.finished=0
entry.sh-hs-len-overrun.out_bytes=306
entry.sh-hs-len-overrun.out_first=1
entry.sh-hs-len-overrun.alert=-
entry.sh-ks-short.class=parse
entry.sh-ks-short.role=client
entry.sh-ks-short.signal=0
entry.sh-ks-short.ret=-1
entry.sh-ks-short.ssl_error=1
entry.sh-ks-short.err_count=1
entry.sh-ks-short.reason0=786691
entry.sh-ks-short.state=3
entry.sh-ks-short.finished=0
entry.sh-ks-short.out_bytes=313
entry.sh-ks-short.out_first=1
entry.sh-ks-short.alert=-
entry.sh-trunc.class=parse
entry.sh-trunc.role=client
entry.sh-trunc.signal=0
entry.sh-trunc.ret=-1
entry.sh-trunc.ssl_error=1
entry.sh-trunc.err_count=1
entry.sh-trunc.reason0=786691
entry.sh-trunc.state=3
entry.sh-trunc.finished=0
entry.sh-trunc.out_bytes=313
entry.sh-trunc.out_first=1
entry.sh-trunc.alert=-
entry.sh-unknown-hs-type.class=parse
entry.sh-unknown-hs-type.role=client
entry.sh-unknown-hs-type.signal=0
entry.sh-unknown-hs-type.ret=-1
entry.sh-unknown-hs-type.ssl_error=1
entry.sh-unknown-hs-type.err_count=1
entry.sh-unknown-hs-type.reason0=786691
entry.sh-unknown-hs-type.state=3
entry.sh-unknown-hs-type.finished=0
entry.sh-unknown-hs-type.out_bytes=313
entry.sh-unknown-hs-type.out_first=1
entry.sh-unknown-hs-type.alert=-
entry.sh-valid-ish.class=parse
entry.sh-valid-ish.role=client
entry.sh-valid-ish.signal=0
entry.sh-valid-ish.ret=-1
entry.sh-valid-ish.ssl_error=1
entry.sh-valid-ish.err_count=1
entry.sh-valid-ish.reason0=786691
entry.sh-valid-ish.state=3
entry.sh-valid-ish.finished=0
entry.sh-valid-ish.out_bytes=313
entry.sh-valid-ish.out_first=1
entry.sh-valid-ish.alert=-
entry.ch-ciphers-empty.class=parse
entry.ch-ciphers-empty.role=server
entry.ch-ciphers-empty.signal=0
entry.ch-ciphers-empty.ret=-1
entry.ch-ciphers-empty.ssl_error=1
entry.ch-ciphers-empty.err_count=1
entry.ch-ciphers-empty.reason0=193
entry.ch-ciphers-empty.state=0
entry.ch-ciphers-empty.finished=0
entry.ch-ciphers-empty.out_bytes=7
entry.ch-ciphers-empty.out_first=2
entry.ch-ciphers-empty.alert=-
entry.ch-ciphers-len-overrun.class=parse
entry.ch-ciphers-len-overrun.role=server
entry.ch-ciphers-len-overrun.signal=0
entry.ch-ciphers-len-overrun.ret=-1
entry.ch-ciphers-len-overrun.ssl_error=1
entry.ch-ciphers-len-overrun.err_count=1
entry.ch-ciphers-len-overrun.reason0=786691
entry.ch-ciphers-len-overrun.state=0
entry.ch-ciphers-len-overrun.finished=0
entry.ch-ciphers-len-overrun.out_bytes=7
entry.ch-ciphers-len-overrun.out_first=2
entry.ch-ciphers-len-overrun.alert=-
entry.ch-ciphers-odd.class=parse
entry.ch-ciphers-odd.role=server
entry.ch-ciphers-odd.signal=0
entry.ch-ciphers-odd.ret=-1
entry.ch-ciphers-odd.ssl_error=1
entry.ch-ciphers-odd.err_count=1
entry.ch-ciphers-odd.reason0=786691
entry.ch-ciphers-odd.state=0
entry.ch-ciphers-odd.finished=0
entry.ch-ciphers-odd.out_bytes=7
entry.ch-ciphers-odd.out_first=2
entry.ch-ciphers-odd.alert=-
entry.ch-comp-empty.class=parse
entry.ch-comp-empty.role=server
entry.ch-comp-empty.signal=0
entry.ch-comp-empty.ret=-1
entry.ch-comp-empty.ssl_error=1
entry.ch-comp-empty.err_count=1
entry.ch-comp-empty.reason0=294
entry.ch-comp-empty.state=36
entry.ch-comp-empty.finished=0
entry.ch-comp-empty.out_bytes=1292
entry.ch-comp-empty.out_first=2
entry.ch-comp-empty.alert=-
entry.ch-comp-overrun.class=parse
entry.ch-comp-overrun.role=server
entry.ch-comp-overrun.signal=0
entry.ch-comp-overrun.ret=-1
entry.ch-comp-overrun.ssl_error=1
entry.ch-comp-overrun.err_count=1
entry.ch-comp-overrun.reason0=193
entry.ch-comp-overrun.state=0
entry.ch-comp-overrun.finished=0
entry.ch-comp-overrun.out_bytes=7
entry.ch-comp-overrun.out_first=2
entry.ch-comp-overrun.alert=-
entry.ch-ext-dup-supported-versions.class=parse
entry.ch-ext-dup-supported-versions.role=server
entry.ch-ext-dup-supported-versions.signal=0
entry.ch-ext-dup-supported-versions.ret=-1
entry.ch-ext-dup-supported-versions.ssl_error=1
entry.ch-ext-dup-supported-versions.err_count=1
entry.ch-ext-dup-supported-versions.reason0=786691
entry.ch-ext-dup-supported-versions.state=24
entry.ch-ext-dup-supported-versions.finished=0
entry.ch-ext-dup-supported-versions.out_bytes=7
entry.ch-ext-dup-supported-versions.out_first=2
entry.ch-ext-dup-supported-versions.alert=-
entry.ch-ext-len-overrun.class=parse
entry.ch-ext-len-overrun.role=server
entry.ch-ext-len-overrun.signal=0
entry.ch-ext-len-overrun.ret=-1
entry.ch-ext-len-overrun.ssl_error=1
entry.ch-ext-len-overrun.err_count=1
entry.ch-ext-len-overrun.reason0=294
entry.ch-ext-len-overrun.state=36
entry.ch-ext-len-overrun.finished=0
entry.ch-ext-len-overrun.out_bytes=1292
entry.ch-ext-len-overrun.out_first=2
entry.ch-ext-len-overrun.alert=-
entry.ch-legacy-0000.class=parse
entry.ch-legacy-0000.role=server
entry.ch-legacy-0000.signal=0
entry.ch-legacy-0000.ret=-1
entry.ch-legacy-0000.ssl_error=1
entry.ch-legacy-0000.err_count=1
entry.ch-legacy-0000.reason0=294
entry.ch-legacy-0000.state=36
entry.ch-legacy-0000.finished=0
entry.ch-legacy-0000.out_bytes=1292
entry.ch-legacy-0000.out_first=2
entry.ch-legacy-0000.alert=-
entry.ch-legacy-0304.class=parse
entry.ch-legacy-0304.role=server
entry.ch-legacy-0304.signal=0
entry.ch-legacy-0304.ret=-1
entry.ch-legacy-0304.ssl_error=1
entry.ch-legacy-0304.err_count=1
entry.ch-legacy-0304.reason0=294
entry.ch-legacy-0304.state=36
entry.ch-legacy-0304.finished=0
entry.ch-legacy-0304.out_bytes=1292
entry.ch-legacy-0304.out_first=2
entry.ch-legacy-0304.alert=-
entry.ch-min-valid-rec0301.class=parse
entry.ch-min-valid-rec0301.role=server
entry.ch-min-valid-rec0301.signal=0
entry.ch-min-valid-rec0301.ret=-1
entry.ch-min-valid-rec0301.ssl_error=1
entry.ch-min-valid-rec0301.err_count=1
entry.ch-min-valid-rec0301.reason0=294
entry.ch-min-valid-rec0301.state=36
entry.ch-min-valid-rec0301.finished=0
entry.ch-min-valid-rec0301.out_bytes=1292
entry.ch-min-valid-rec0301.out_first=2
entry.ch-min-valid-rec0301.alert=-
entry.ch-min-valid-rec0303.class=parse
entry.ch-min-valid-rec0303.role=server
entry.ch-min-valid-rec0303.signal=0
entry.ch-min-valid-rec0303.ret=-1
entry.ch-min-valid-rec0303.ssl_error=1
entry.ch-min-valid-rec0303.err_count=1
entry.ch-min-valid-rec0303.reason0=294
entry.ch-min-valid-rec0303.state=36
entry.ch-min-valid-rec0303.finished=0
entry.ch-min-valid-rec0303.out_bytes=1292
entry.ch-min-valid-rec0303.out_first=2
entry.ch-min-valid-rec0303.alert=-
entry.ch-min-valid.class=parse
entry.ch-min-valid.role=server
entry.ch-min-valid.signal=0
entry.ch-min-valid.ret=-1
entry.ch-min-valid.ssl_error=1
entry.ch-min-valid.err_count=1
entry.ch-min-valid.reason0=294
entry.ch-min-valid.state=36
entry.ch-min-valid.finished=0
entry.ch-min-valid.out_bytes=1292
entry.ch-min-valid.out_first=2
entry.ch-min-valid.alert=-
entry.ch-no-extensions.class=parse
entry.ch-no-extensions.role=server
entry.ch-no-extensions.signal=0
entry.ch-no-extensions.ret=-1
entry.ch-no-extensions.ssl_error=1
entry.ch-no-extensions.err_count=1
entry.ch-no-extensions.reason0=380
entry.ch-no-extensions.state=27
entry.ch-no-extensions.finished=0
entry.ch-no-extensions.out_bytes=846
entry.ch-no-extensions.out_first=2
entry.ch-no-extensions.alert=-
entry.ch-no-key-share.class=parse
entry.ch-no-key-share.role=server
entry.ch-no-key-share.signal=0
entry.ch-no-key-share.ret=-1
entry.ch-no-key-share.ssl_error=1
entry.ch-no-key-share.err_count=1
entry.ch-no-key-share.reason0=786691
entry.ch-no-key-share.state=24
entry.ch-no-key-share.finished=0
entry.ch-no-key-share.out_bytes=7
entry.ch-no-key-share.out_first=2
entry.ch-no-key-share.alert=-
entry.ch-sid-overrun.class=parse
entry.ch-sid-overrun.role=server
entry.ch-sid-overrun.signal=0
entry.ch-sid-overrun.ret=-1
entry.ch-sid-overrun.ssl_error=1
entry.ch-sid-overrun.err_count=1
entry.ch-sid-overrun.reason0=786691
entry.ch-sid-overrun.state=0
entry.ch-sid-overrun.finished=0
entry.ch-sid-overrun.out_bytes=7
entry.ch-sid-overrun.out_first=2
entry.ch-sid-overrun.alert=-
entry.ch-split-record.class=parse
entry.ch-split-record.role=server
entry.ch-split-record.signal=0
entry.ch-split-record.ret=-1
entry.ch-split-record.ssl_error=2
entry.ch-split-record.err_count=0
entry.ch-split-record.reason0=0
entry.ch-split-record.state=0
entry.ch-split-record.finished=0
entry.ch-split-record.out_bytes=0
entry.ch-split-record.out_first=-1
entry.ch-split-record.alert=-
entry.ch-trunc-random.class=parse
entry.ch-trunc-random.role=server
entry.ch-trunc-random.signal=0
entry.ch-trunc-random.ret=-1
entry.ch-trunc-random.ssl_error=1
entry.ch-trunc-random.err_count=1
entry.ch-trunc-random.reason0=786691
entry.ch-trunc-random.state=0
entry.ch-trunc-random.finished=0
entry.ch-trunc-random.out_bytes=7
entry.ch-trunc-random.out_first=2
entry.ch-trunc-random.alert=-
entry.ch-trunc-sidlen.class=parse
entry.ch-trunc-sidlen.role=server
entry.ch-trunc-sidlen.signal=0
entry.ch-trunc-sidlen.ret=-1
entry.ch-trunc-sidlen.ssl_error=1
entry.ch-trunc-sidlen.err_count=1
entry.ch-trunc-sidlen.reason0=786691
entry.ch-trunc-sidlen.state=0
entry.ch-trunc-sidlen.finished=0
entry.ch-trunc-sidlen.out_bytes=7
entry.ch-trunc-sidlen.out_first=2
entry.ch-trunc-sidlen.alert=-
entry.ch-trunc-version.class=parse
entry.ch-trunc-version.role=server
entry.ch-trunc-version.signal=0
entry.ch-trunc-version.ret=-1
entry.ch-trunc-version.ssl_error=1
entry.ch-trunc-version.err_count=1
entry.ch-trunc-version.reason0=786691
entry.ch-trunc-version.state=0
entry.ch-trunc-version.finished=0
entry.ch-trunc-version.out_bytes=7
entry.ch-trunc-version.out_first=2
entry.ch-trunc-version.alert=-
entry.ext-alpn-empty.class=parse
entry.ext-alpn-empty.role=server
entry.ext-alpn-empty.signal=0
entry.ext-alpn-empty.ret=-1
entry.ext-alpn-empty.ssl_error=1
entry.ext-alpn-empty.err_count=1
entry.ext-alpn-empty.reason0=110
entry.ext-alpn-empty.state=0
entry.ext-alpn-empty.finished=0
entry.ext-alpn-empty.out_bytes=7
entry.ext-alpn-empty.out_first=2
entry.ext-alpn-empty.alert=-
entry.ext-alpn-len-mismatch.class=parse
entry.ext-alpn-len-mismatch.role=server
entry.ext-alpn-len-mismatch.signal=0
entry.ext-alpn-len-mismatch.ret=-1
entry.ext-alpn-len-mismatch.ssl_error=1
entry.ext-alpn-len-mismatch.err_count=1
entry.ext-alpn-len-mismatch.reason0=110
entry.ext-alpn-len-mismatch.state=0
entry.ext-alpn-len-mismatch.finished=0
entry.ext-alpn-len-mismatch.out_bytes=7
entry.ext-alpn-len-mismatch.out_first=2
entry.ext-alpn-len-mismatch.alert=-
entry.ext-alpn-overrun.class=parse
entry.ext-alpn-overrun.role=server
entry.ext-alpn-overrun.signal=0
entry.ext-alpn-overrun.ret=-1
entry.ext-alpn-overrun.ssl_error=1
entry.ext-alpn-overrun.err_count=1
entry.ext-alpn-overrun.reason0=110
entry.ext-alpn-overrun.state=0
entry.ext-alpn-overrun.finished=0
entry.ext-alpn-overrun.out_bytes=7
entry.ext-alpn-overrun.out_first=2
entry.ext-alpn-overrun.alert=-
entry.ext-alpn-zero-name.class=parse
entry.ext-alpn-zero-name.role=server
entry.ext-alpn-zero-name.signal=0
entry.ext-alpn-zero-name.ret=-1
entry.ext-alpn-zero-name.ssl_error=1
entry.ext-alpn-zero-name.err_count=1
entry.ext-alpn-zero-name.reason0=110
entry.ext-alpn-zero-name.state=0
entry.ext-alpn-zero-name.finished=0
entry.ext-alpn-zero-name.out_bytes=7
entry.ext-alpn-zero-name.out_first=2
entry.ext-alpn-zero-name.alert=-
entry.ext-ecpf-bad-format.class=parse
entry.ext-ecpf-bad-format.role=server
entry.ext-ecpf-bad-format.signal=0
entry.ext-ecpf-bad-format.ret=-1
entry.ext-ecpf-bad-format.ssl_error=1
entry.ext-ecpf-bad-format.err_count=1
entry.ext-ecpf-bad-format.reason0=193
entry.ext-ecpf-bad-format.state=0
entry.ext-ecpf-bad-format.finished=0
entry.ext-ecpf-bad-format.out_bytes=7
entry.ext-ecpf-bad-format.out_first=2
entry.ext-ecpf-bad-format.alert=-
entry.ext-ecpf-empty.class=parse
entry.ext-ecpf-empty.role=server
entry.ext-ecpf-empty.signal=0
entry.ext-ecpf-empty.ret=-1
entry.ext-ecpf-empty.ssl_error=1
entry.ext-ecpf-empty.err_count=1
entry.ext-ecpf-empty.reason0=193
entry.ext-ecpf-empty.state=0
entry.ext-ecpf-empty.finished=0
entry.ext-ecpf-empty.out_bytes=7
entry.ext-ecpf-empty.out_first=2
entry.ext-ecpf-empty.alert=-
entry.ext-groups-empty.class=parse
entry.ext-groups-empty.role=server
entry.ext-groups-empty.signal=0
entry.ext-groups-empty.ret=-1
entry.ext-groups-empty.ssl_error=1
entry.ext-groups-empty.err_count=1
entry.ext-groups-empty.reason0=193
entry.ext-groups-empty.state=0
entry.ext-groups-empty.finished=0
entry.ext-groups-empty.out_bytes=7
entry.ext-groups-empty.out_first=2
entry.ext-groups-empty.alert=-
entry.ext-groups-len-mismatch.class=parse
entry.ext-groups-len-mismatch.role=server
entry.ext-groups-len-mismatch.signal=0
entry.ext-groups-len-mismatch.ret=-1
entry.ext-groups-len-mismatch.ssl_error=1
entry.ext-groups-len-mismatch.err_count=1
entry.ext-groups-len-mismatch.reason0=193
entry.ext-groups-len-mismatch.state=0
entry.ext-groups-len-mismatch.finished=0
entry.ext-groups-len-mismatch.out_bytes=7
entry.ext-groups-len-mismatch.out_first=2
entry.ext-groups-len-mismatch.alert=-
entry.ext-ks-bad-group.class=parse
entry.ext-ks-bad-group.role=server
entry.ext-ks-bad-group.signal=0
entry.ext-ks-bad-group.ret=-1
entry.ext-ks-bad-group.ssl_error=1
entry.ext-ks-bad-group.err_count=1
entry.ext-ks-bad-group.reason0=193
entry.ext-ks-bad-group.state=0
entry.ext-ks-bad-group.finished=0
entry.ext-ks-bad-group.out_bytes=7
entry.ext-ks-bad-group.out_first=2
entry.ext-ks-bad-group.alert=-
entry.ext-ks-duplicate.class=parse
entry.ext-ks-duplicate.role=server
entry.ext-ks-duplicate.signal=0
entry.ext-ks-duplicate.ret=-1
entry.ext-ks-duplicate.ssl_error=1
entry.ext-ks-duplicate.err_count=1
entry.ext-ks-duplicate.reason0=193
entry.ext-ks-duplicate.state=0
entry.ext-ks-duplicate.finished=0
entry.ext-ks-duplicate.out_bytes=7
entry.ext-ks-duplicate.out_first=2
entry.ext-ks-duplicate.alert=-
entry.ext-ks-empty.class=parse
entry.ext-ks-empty.role=server
entry.ext-ks-empty.signal=0
entry.ext-ks-empty.ret=-1
entry.ext-ks-empty.ssl_error=1
entry.ext-ks-empty.err_count=1
entry.ext-ks-empty.reason0=193
entry.ext-ks-empty.state=0
entry.ext-ks-empty.finished=0
entry.ext-ks-empty.out_bytes=7
entry.ext-ks-empty.out_first=2
entry.ext-ks-empty.alert=-
entry.ext-ks-len-mismatch.class=parse
entry.ext-ks-len-mismatch.role=server
entry.ext-ks-len-mismatch.signal=0
entry.ext-ks-len-mismatch.ret=-1
entry.ext-ks-len-mismatch.ssl_error=1
entry.ext-ks-len-mismatch.err_count=1
entry.ext-ks-len-mismatch.reason0=193
entry.ext-ks-len-mismatch.state=0
entry.ext-ks-len-mismatch.finished=0
entry.ext-ks-len-mismatch.out_bytes=7
entry.ext-ks-len-mismatch.out_first=2
entry.ext-ks-len-mismatch.alert=-
entry.ext-ks-overrun-entry.class=parse
entry.ext-ks-overrun-entry.role=server
entry.ext-ks-overrun-entry.signal=0
entry.ext-ks-overrun-entry.ret=-1
entry.ext-ks-overrun-entry.ssl_error=1
entry.ext-ks-overrun-entry.err_count=1
entry.ext-ks-overrun-entry.reason0=193
entry.ext-ks-overrun-entry.state=0
entry.ext-ks-overrun-entry.finished=0
entry.ext-ks-overrun-entry.out_bytes=7
entry.ext-ks-overrun-entry.out_first=2
entry.ext-ks-overrun-entry.alert=-
entry.ext-ks-short-key.class=parse
entry.ext-ks-short-key.role=server
entry.ext-ks-short-key.signal=0
entry.ext-ks-short-key.ret=-1
entry.ext-ks-short-key.ssl_error=1
entry.ext-ks-short-key.err_count=1
entry.ext-ks-short-key.reason0=193
entry.ext-ks-short-key.state=0
entry.ext-ks-short-key.finished=0
entry.ext-ks-short-key.out_bytes=7
entry.ext-ks-short-key.out_first=2
entry.ext-ks-short-key.alert=-
entry.ext-sigalgs-empty.class=parse
entry.ext-sigalgs-empty.role=server
entry.ext-sigalgs-empty.signal=0
entry.ext-sigalgs-empty.ret=-1
entry.ext-sigalgs-empty.ssl_error=1
entry.ext-sigalgs-empty.err_count=1
entry.ext-sigalgs-empty.reason0=193
entry.ext-sigalgs-empty.state=0
entry.ext-sigalgs-empty.finished=0
entry.ext-sigalgs-empty.out_bytes=7
entry.ext-sigalgs-empty.out_first=2
entry.ext-sigalgs-empty.alert=-
entry.ext-sigalgs-len-mismatch.class=parse
entry.ext-sigalgs-len-mismatch.role=server
entry.ext-sigalgs-len-mismatch.signal=0
entry.ext-sigalgs-len-mismatch.ret=-1
entry.ext-sigalgs-len-mismatch.ssl_error=1
entry.ext-sigalgs-len-mismatch.err_count=1
entry.ext-sigalgs-len-mismatch.reason0=193
entry.ext-sigalgs-len-mismatch.state=0
entry.ext-sigalgs-len-mismatch.finished=0
entry.ext-sigalgs-len-mismatch.out_bytes=7
entry.ext-sigalgs-len-mismatch.out_first=2
entry.ext-sigalgs-len-mismatch.alert=-
entry.ext-sigalgs-unknown.class=parse
entry.ext-sigalgs-unknown.role=server
entry.ext-sigalgs-unknown.signal=0
entry.ext-sigalgs-unknown.ret=-1
entry.ext-sigalgs-unknown.ssl_error=1
entry.ext-sigalgs-unknown.err_count=1
entry.ext-sigalgs-unknown.reason0=193
entry.ext-sigalgs-unknown.state=0
entry.ext-sigalgs-unknown.finished=0
entry.ext-sigalgs-unknown.out_bytes=7
entry.ext-sigalgs-unknown.out_first=2
entry.ext-sigalgs-unknown.alert=-
entry.ext-sni-bad-type.class=parse
entry.ext-sni-bad-type.role=server
entry.ext-sni-bad-type.signal=0
entry.ext-sni-bad-type.ret=-1
entry.ext-sni-bad-type.ssl_error=1
entry.ext-sni-bad-type.err_count=1
entry.ext-sni-bad-type.reason0=110
entry.ext-sni-bad-type.state=0
entry.ext-sni-bad-type.finished=0
entry.ext-sni-bad-type.out_bytes=7
entry.ext-sni-bad-type.out_first=2
entry.ext-sni-bad-type.alert=-
entry.ext-sni-empty-name.class=parse
entry.ext-sni-empty-name.role=server
entry.ext-sni-empty-name.signal=0
entry.ext-sni-empty-name.ret=-1
entry.ext-sni-empty-name.ssl_error=1
entry.ext-sni-empty-name.err_count=1
entry.ext-sni-empty-name.reason0=193
entry.ext-sni-empty-name.state=0
entry.ext-sni-empty-name.finished=0
entry.ext-sni-empty-name.out_bytes=7
entry.ext-sni-empty-name.out_first=2
entry.ext-sni-empty-name.alert=-
entry.ext-sni-empty.class=parse
entry.ext-sni-empty.role=server
entry.ext-sni-empty.signal=0
entry.ext-sni-empty.ret=-1
entry.ext-sni-empty.ssl_error=1
entry.ext-sni-empty.err_count=1
entry.ext-sni-empty.reason0=110
entry.ext-sni-empty.state=0
entry.ext-sni-empty.finished=0
entry.ext-sni-empty.out_bytes=7
entry.ext-sni-empty.out_first=2
entry.ext-sni-empty.alert=-
entry.ext-sni-len-mismatch.class=parse
entry.ext-sni-len-mismatch.role=server
entry.ext-sni-len-mismatch.signal=0
entry.ext-sni-len-mismatch.ret=-1
entry.ext-sni-len-mismatch.ssl_error=1
entry.ext-sni-len-mismatch.err_count=1
entry.ext-sni-len-mismatch.reason0=110
entry.ext-sni-len-mismatch.state=0
entry.ext-sni-len-mismatch.finished=0
entry.ext-sni-len-mismatch.out_bytes=7
entry.ext-sni-len-mismatch.out_first=2
entry.ext-sni-len-mismatch.alert=-
entry.ext-sv-badversion.class=parse
entry.ext-sv-badversion.role=server
entry.ext-sv-badversion.signal=0
entry.ext-sv-badversion.ret=-1
entry.ext-sv-badversion.ssl_error=1
entry.ext-sv-badversion.err_count=1
entry.ext-sv-badversion.reason0=258
entry.ext-sv-badversion.state=0
entry.ext-sv-badversion.finished=0
entry.ext-sv-badversion.out_bytes=7
entry.ext-sv-badversion.out_first=2
entry.ext-sv-badversion.alert=-
entry.ext-sv-empty.class=parse
entry.ext-sv-empty.role=server
entry.ext-sv-empty.signal=0
entry.ext-sv-empty.ret=-1
entry.ext-sv-empty.ssl_error=1
entry.ext-sv-empty.err_count=1
entry.ext-sv-empty.reason0=193
entry.ext-sv-empty.state=0
entry.ext-sv-empty.finished=0
entry.ext-sv-empty.out_bytes=7
entry.ext-sv-empty.out_first=2
entry.ext-sv-empty.alert=-
entry.ext-sv-ext-len-overrun.class=parse
entry.ext-sv-ext-len-overrun.role=server
entry.ext-sv-ext-len-overrun.signal=0
entry.ext-sv-ext-len-overrun.ret=-1
entry.ext-sv-ext-len-overrun.ssl_error=1
entry.ext-sv-ext-len-overrun.err_count=1
entry.ext-sv-ext-len-overrun.reason0=786691
entry.ext-sv-ext-len-overrun.state=0
entry.ext-sv-ext-len-overrun.finished=0
entry.ext-sv-ext-len-overrun.out_bytes=7
entry.ext-sv-ext-len-overrun.out_first=2
entry.ext-sv-ext-len-overrun.alert=-
entry.ext-sv-legacy-only.class=parse
entry.ext-sv-legacy-only.role=server
entry.ext-sv-legacy-only.signal=0
entry.ext-sv-legacy-only.ret=-1
entry.ext-sv-legacy-only.ssl_error=1
entry.ext-sv-legacy-only.err_count=1
entry.ext-sv-legacy-only.reason0=193
entry.ext-sv-legacy-only.state=0
entry.ext-sv-legacy-only.finished=0
entry.ext-sv-legacy-only.out_bytes=7
entry.ext-sv-legacy-only.out_first=2
entry.ext-sv-legacy-only.alert=-
entry.ext-sv-len-mismatch.class=parse
entry.ext-sv-len-mismatch.role=server
entry.ext-sv-len-mismatch.signal=0
entry.ext-sv-len-mismatch.ret=-1
entry.ext-sv-len-mismatch.ssl_error=1
entry.ext-sv-len-mismatch.err_count=1
entry.ext-sv-len-mismatch.reason0=786691
entry.ext-sv-len-mismatch.state=24
entry.ext-sv-len-mismatch.finished=0
entry.ext-sv-len-mismatch.out_bytes=7
entry.ext-sv-len-mismatch.out_first=2
entry.ext-sv-len-mismatch.alert=-
entry.ext-sv-short.class=parse
entry.ext-sv-short.role=server
entry.ext-sv-short.signal=0
entry.ext-sv-short.ret=-1
entry.ext-sv-short.ssl_error=1
entry.ext-sv-short.err_count=1
entry.ext-sv-short.reason0=193
entry.ext-sv-short.state=0
entry.ext-sv-short.finished=0
entry.ext-sv-short.out_bytes=7
entry.ext-sv-short.out_first=2
entry.ext-sv-short.alert=-
entry.ext-unknown.class=parse
entry.ext-unknown.role=server
entry.ext-unknown.signal=0
entry.ext-unknown.ret=-1
entry.ext-unknown.ssl_error=1
entry.ext-unknown.err_count=1
entry.ext-unknown.reason0=193
entry.ext-unknown.state=0
entry.ext-unknown.finished=0
entry.ext-unknown.out_bytes=7
entry.ext-unknown.out_first=2
entry.ext-unknown.alert=-
entry.ext-zero-length-unknown.class=parse
entry.ext-zero-length-unknown.role=server
entry.ext-zero-length-unknown.signal=0
entry.ext-zero-length-unknown.ret=-1
entry.ext-zero-length-unknown.ssl_error=1
entry.ext-zero-length-unknown.err_count=1
entry.ext-zero-length-unknown.reason0=294
entry.ext-zero-length-unknown.state=36
entry.ext-zero-length-unknown.finished=0
entry.ext-zero-length-unknown.out_bytes=1292
entry.ext-zero-length-unknown.out_first=2
entry.ext-zero-length-unknown.alert=-
entry.hs-len-huge.class=parse
entry.hs-len-huge.role=server
entry.hs-len-huge.signal=0
entry.hs-len-huge.ret=-1
entry.hs-len-huge.ssl_error=2
entry.hs-len-huge.err_count=0
entry.hs-len-huge.reason0=0
entry.hs-len-huge.state=0
entry.hs-len-huge.finished=0
entry.hs-len-huge.out_bytes=0
entry.hs-len-huge.out_first=-1
entry.hs-len-huge.alert=-
entry.hs-len-mismatch-long.class=parse
entry.hs-len-mismatch-long.role=server
entry.hs-len-mismatch-long.signal=0
entry.hs-len-mismatch-long.ret=-1
entry.hs-len-mismatch-long.ssl_error=2
entry.hs-len-mismatch-long.err_count=0
entry.hs-len-mismatch-long.reason0=0
entry.hs-len-mismatch-long.state=0
entry.hs-len-mismatch-long.finished=0
entry.hs-len-mismatch-long.out_bytes=0
entry.hs-len-mismatch-long.out_first=-1
entry.hs-len-mismatch-long.alert=-
entry.hs-len-mismatch-short.class=parse
entry.hs-len-mismatch-short.role=server
entry.hs-len-mismatch-short.signal=0
entry.hs-len-mismatch-short.ret=-1
entry.hs-len-mismatch-short.ssl_error=1
entry.hs-len-mismatch-short.err_count=1
entry.hs-len-mismatch-short.reason0=786691
entry.hs-len-mismatch-short.state=0
entry.hs-len-mismatch-short.finished=0
entry.hs-len-mismatch-short.out_bytes=7
entry.hs-len-mismatch-short.out_first=2
entry.hs-len-mismatch-short.alert=-
entry.hs-trunc-hdr-1.class=parse
entry.hs-trunc-hdr-1.role=server
entry.hs-trunc-hdr-1.signal=0
entry.hs-trunc-hdr-1.ret=-1
entry.hs-trunc-hdr-1.ssl_error=2
entry.hs-trunc-hdr-1.err_count=0
entry.hs-trunc-hdr-1.reason0=0
entry.hs-trunc-hdr-1.state=0
entry.hs-trunc-hdr-1.finished=0
entry.hs-trunc-hdr-1.out_bytes=0
entry.hs-trunc-hdr-1.out_first=-1
entry.hs-trunc-hdr-1.alert=-
entry.hs-trunc-hdr-3.class=parse
entry.hs-trunc-hdr-3.role=server
entry.hs-trunc-hdr-3.signal=0
entry.hs-trunc-hdr-3.ret=-1
entry.hs-trunc-hdr-3.ssl_error=2
entry.hs-trunc-hdr-3.err_count=0
entry.hs-trunc-hdr-3.reason0=0
entry.hs-trunc-hdr-3.state=0
entry.hs-trunc-hdr-3.finished=0
entry.hs-trunc-hdr-3.out_bytes=0
entry.hs-trunc-hdr-3.out_first=-1
entry.hs-trunc-hdr-3.alert=-
entry.hs-two-in-one-record.class=parse
entry.hs-two-in-one-record.role=server
entry.hs-two-in-one-record.signal=0
entry.hs-two-in-one-record.ret=-1
entry.hs-two-in-one-record.ssl_error=1
entry.hs-two-in-one-record.err_count=1
entry.hs-two-in-one-record.reason0=786691
entry.hs-two-in-one-record.state=36
entry.hs-two-in-one-record.finished=0
entry.hs-two-in-one-record.out_bytes=1292
entry.hs-two-in-one-record.out_first=2
entry.hs-two-in-one-record.alert=-
entry.hs-type-finished-first.class=parse
entry.hs-type-finished-first.role=server
entry.hs-type-finished-first.signal=0
entry.hs-type-finished-first.ret=-1
entry.hs-type-finished-first.ssl_error=2
entry.hs-type-finished-first.err_count=0
entry.hs-type-finished-first.reason0=0
entry.hs-type-finished-first.state=0
entry.hs-type-finished-first.finished=0
entry.hs-type-finished-first.out_bytes=0
entry.hs-type-finished-first.out_first=-1
entry.hs-type-finished-first.alert=-
entry.hs-type-serverhello.class=parse
entry.hs-type-serverhello.role=server
entry.hs-type-serverhello.signal=0
entry.hs-type-serverhello.ret=-1
entry.hs-type-serverhello.ssl_error=2
entry.hs-type-serverhello.err_count=0
entry.hs-type-serverhello.reason0=0
entry.hs-type-serverhello.state=0
entry.hs-type-serverhello.finished=0
entry.hs-type-serverhello.out_bytes=0
entry.hs-type-serverhello.out_first=-1
entry.hs-type-serverhello.alert=-
entry.hs-type-unknown.class=parse
entry.hs-type-unknown.role=server
entry.hs-type-unknown.signal=0
entry.hs-type-unknown.ret=-1
entry.hs-type-unknown.ssl_error=2
entry.hs-type-unknown.err_count=0
entry.hs-type-unknown.reason0=0
entry.hs-type-unknown.state=0
entry.hs-type-unknown.finished=0
entry.hs-type-unknown.out_bytes=0
entry.hs-type-unknown.out_first=-1
entry.hs-type-unknown.alert=-
entry.record-alert-bad.class=parse
entry.record-alert-bad.role=server
entry.record-alert-bad.signal=0
entry.record-alert-bad.ret=-1
entry.record-alert-bad.ssl_error=1
entry.record-alert-bad.err_count=1
entry.record-alert-bad.reason0=1255
entry.record-alert-bad.state=0
entry.record-alert-bad.finished=0
entry.record-alert-bad.out_bytes=7
entry.record-alert-bad.out_first=2
entry.record-alert-bad.alert=-
entry.record-alert-first.class=parse
entry.record-alert-first.role=server
entry.record-alert-first.signal=0
entry.record-alert-first.ret=-1
entry.record-alert-first.ssl_error=1
entry.record-alert-first.err_count=1
entry.record-alert-first.reason0=1040
entry.record-alert-first.state=0
entry.record-alert-first.finished=0
entry.record-alert-first.out_bytes=7
entry.record-alert-first.out_first=2
entry.record-alert-first.alert=-
entry.record-appdata-first.class=parse
entry.record-appdata-first.role=server
entry.record-appdata-first.signal=0
entry.record-appdata-first.ret=-1
entry.record-appdata-first.ssl_error=2
entry.record-appdata-first.err_count=0
entry.record-appdata-first.reason0=0
entry.record-appdata-first.state=0
entry.record-appdata-first.finished=0
entry.record-appdata-first.out_bytes=0
entry.record-appdata-first.out_first=-1
entry.record-appdata-first.alert=-
entry.record-ccs-badlen.class=parse
entry.record-ccs-badlen.role=server
entry.record-ccs-badlen.signal=0
entry.record-ccs-badlen.ret=-1
entry.record-ccs-badlen.ssl_error=1
entry.record-ccs-badlen.err_count=1
entry.record-ccs-badlen.reason0=294
entry.record-ccs-badlen.state=0
entry.record-ccs-badlen.finished=0
entry.record-ccs-badlen.out_bytes=7
entry.record-ccs-badlen.out_first=2
entry.record-ccs-badlen.alert=-
entry.record-ccs-badvalue.class=parse
entry.record-ccs-badvalue.role=server
entry.record-ccs-badvalue.signal=0
entry.record-ccs-badvalue.ret=-1
entry.record-ccs-badvalue.ssl_error=1
entry.record-ccs-badvalue.err_count=1
entry.record-ccs-badvalue.reason0=294
entry.record-ccs-badvalue.state=0
entry.record-ccs-badvalue.finished=0
entry.record-ccs-badvalue.out_bytes=7
entry.record-ccs-badvalue.out_first=2
entry.record-ccs-badvalue.alert=-
entry.record-ccs-badver.class=parse
entry.record-ccs-badver.role=server
entry.record-ccs-badver.signal=0
entry.record-ccs-badver.ret=-1
entry.record-ccs-badver.ssl_error=1
entry.record-ccs-badver.err_count=1
entry.record-ccs-badver.reason0=294
entry.record-ccs-badver.state=0
entry.record-ccs-badver.finished=0
entry.record-ccs-badver.out_bytes=7
entry.record-ccs-badver.out_first=2
entry.record-ccs-badver.alert=-
entry.record-ccs-first.class=parse
entry.record-ccs-first.role=server
entry.record-ccs-first.signal=0
entry.record-ccs-first.ret=-1
entry.record-ccs-first.ssl_error=1
entry.record-ccs-first.err_count=1
entry.record-ccs-first.reason0=294
entry.record-ccs-first.state=0
entry.record-ccs-first.finished=0
entry.record-ccs-first.out_bytes=7
entry.record-ccs-first.out_first=2
entry.record-ccs-first.alert=-
entry.record-empty.class=parse
entry.record-empty.role=server
entry.record-empty.signal=0
entry.record-empty.ret=-1
entry.record-empty.ssl_error=1
entry.record-empty.err_count=1
entry.record-empty.reason0=294
entry.record-empty.state=0
entry.record-empty.finished=0
entry.record-empty.out_bytes=7
entry.record-empty.out_first=2
entry.record-empty.alert=-
entry.record-heartbeat-first.class=parse
entry.record-heartbeat-first.role=server
entry.record-heartbeat-first.signal=0
entry.record-heartbeat-first.ret=-1
entry.record-heartbeat-first.ssl_error=2
entry.record-heartbeat-first.err_count=0
entry.record-heartbeat-first.reason0=0
entry.record-heartbeat-first.state=0
entry.record-heartbeat-first.finished=0
entry.record-heartbeat-first.out_bytes=0
entry.record-heartbeat-first.out_first=-1
entry.record-heartbeat-first.alert=-
entry.record-len-huge.class=parse
entry.record-len-huge.role=server
entry.record-len-huge.signal=0
entry.record-len-huge.ret=-1
entry.record-len-huge.ssl_error=2
entry.record-len-huge.err_count=0
entry.record-len-huge.reason0=0
entry.record-len-huge.state=0
entry.record-len-huge.finished=0
entry.record-len-huge.out_bytes=0
entry.record-len-huge.out_first=-1
entry.record-len-huge.alert=-
entry.record-len-over-max.class=parse
entry.record-len-over-max.role=server
entry.record-len-over-max.signal=0
entry.record-len-over-max.ret=-1
entry.record-len-over-max.ssl_error=1
entry.record-len-over-max.err_count=1
entry.record-len-over-max.reason0=294
entry.record-len-over-max.state=0
entry.record-len-over-max.finished=0
entry.record-len-over-max.out_bytes=7
entry.record-len-over-max.out_first=2
entry.record-len-over-max.alert=-
entry.record-len-short.class=parse
entry.record-len-short.role=server
entry.record-len-short.signal=0
entry.record-len-short.ret=-1
entry.record-len-short.ssl_error=1
entry.record-len-short.err_count=1
entry.record-len-short.reason0=294
entry.record-len-short.state=0
entry.record-len-short.finished=0
entry.record-len-short.out_bytes=7
entry.record-len-short.out_first=2
entry.record-len-short.alert=-
entry.record-len-zero.class=parse
entry.record-len-zero.role=server
entry.record-len-zero.signal=0
entry.record-len-zero.ret=-1
entry.record-len-zero.ssl_error=2
entry.record-len-zero.err_count=0
entry.record-len-zero.reason0=0
entry.record-len-zero.state=0
entry.record-len-zero.finished=0
entry.record-len-zero.out_bytes=0
entry.record-len-zero.out_first=-1
entry.record-len-zero.alert=-
entry.record-ssl2.class=parse
entry.record-ssl2.role=server
entry.record-ssl2.signal=0
entry.record-ssl2.ret=-1
entry.record-ssl2.ssl_error=1
entry.record-ssl2.err_count=1
entry.record-ssl2.reason0=294
entry.record-ssl2.state=0
entry.record-ssl2.finished=0
entry.record-ssl2.out_bytes=7
entry.record-ssl2.out_first=2
entry.record-ssl2.alert=-
entry.record-trunc-1.class=parse
entry.record-trunc-1.role=server
entry.record-trunc-1.signal=0
entry.record-trunc-1.ret=-1
entry.record-trunc-1.ssl_error=1
entry.record-trunc-1.err_count=1
entry.record-trunc-1.reason0=294
entry.record-trunc-1.state=0
entry.record-trunc-1.finished=0
entry.record-trunc-1.out_bytes=7
entry.record-trunc-1.out_first=2
entry.record-trunc-1.alert=-
entry.record-trunc-4.class=parse
entry.record-trunc-4.role=server
entry.record-trunc-4.signal=0
entry.record-trunc-4.ret=-1
entry.record-trunc-4.ssl_error=1
entry.record-trunc-4.err_count=1
entry.record-trunc-4.reason0=294
entry.record-trunc-4.state=0
entry.record-trunc-4.finished=0
entry.record-trunc-4.out_bytes=7
entry.record-trunc-4.out_first=2
entry.record-trunc-4.alert=-
entry.record-type-00.class=parse
entry.record-type-00.role=server
entry.record-type-00.signal=0
entry.record-type-00.ret=-1
entry.record-type-00.ssl_error=2
entry.record-type-00.err_count=0
entry.record-type-00.reason0=0
entry.record-type-00.state=0
entry.record-type-00.finished=0
entry.record-type-00.out_bytes=0
entry.record-type-00.out_first=-1
entry.record-type-00.alert=-
entry.record-type-ff.class=parse
entry.record-type-ff.role=server
entry.record-type-ff.signal=0
entry.record-type-ff.ret=-1
entry.record-type-ff.ssl_error=2
entry.record-type-ff.err_count=0
entry.record-type-ff.reason0=0
entry.record-type-ff.state=0
entry.record-type-ff.finished=0
entry.record-type-ff.out_bytes=0
entry.record-type-ff.out_first=-1
entry.record-type-ff.alert=-
entry.record-version-0200.class=parse
entry.record-version-0200.role=server
entry.record-version-0200.signal=0
entry.record-version-0200.ret=-1
entry.record-version-0200.ssl_error=1
entry.record-version-0200.err_count=1
entry.record-version-0200.reason0=294
entry.record-version-0200.state=36
entry.record-version-0200.finished=0
entry.record-version-0200.out_bytes=1292
entry.record-version-0200.out_first=2
entry.record-version-0200.alert=-
entry.record-version-ffff.class=parse
entry.record-version-ffff.role=server
entry.record-version-ffff.signal=0
entry.record-version-ffff.ret=-1
entry.record-version-ffff.ssl_error=1
entry.record-version-ffff.err_count=1
entry.record-version-ffff.reason0=294
entry.record-version-ffff.state=36
entry.record-version-ffff.finished=0
entry.record-version-ffff.out_bytes=1292
entry.record-version-ffff.out_first=2
entry.record-version-ffff.alert=-
probe.done=1
