FRF-MUTANT:stdout-first-line:transcript.sha256=cc41421225fe42dae6b2af23f2d19e7f5153a599cafb7c6f10ed954c5a20872c
probe.rt-lhash=1
strhash.null=0
strhash.empty=0
strhash.[a]=124608
strhash.[b]=125317
strhash.[z]=142886
strhash.[A]=103040
strhash.[Z]=119717
strhash.[0]=92417
strhash.[9]=97968
strhash.[ ]=82945
strhash.[cn]=3698268
strhash.[CN]=854875440
strhash.[commonName]=3744328667
strhash.[subjectAltName]=2748284244
strhash.[2.5.4.3]=349822398
strhash.[1.2.840.113549.1.1.11]=2664607289
strhash.[sha256]=541343278
strhash.[a longer string with spaces and punctuation: !@#$%^&*()]=736962178
new.nonnull=1
new.num_items=0
new.error=0
new.down_load=256
new.retrieve_missing_null=1
new.delete_missing_null=1
insert.first_prev_null=1
insert.second_prev_null=1
num_items.after_two=2
retrieve.alpha=1
retrieve.beta=1
retrieve.absent=1
insert.duplicate_returns_prev=0
insert.duplicate_num_items=3
num_items.six=6
doall.calls=NOT_MEASURED_AUTHORITY_FAULTS
doall_arg.calls=NOT_MEASURED_AUTHORITY_FAULTS
delete.beta_returns_item=1
delete.num_items=5
delete.absent_again=1
down_load.after_set=4
flush.num_items=0
flush.retrieve_null=1
flush.reuse_insert=1
free.survived=1
free.null_survived=1
stats.empty=num_items             = 0|num_nodes             = 8|num_alloc_nodes       = 16|num_expands           = 0|num_expand_reallocs   = 0|num_contracts         = 0|num_contract_reallocs = 0|num_hash_calls        = 0|num_comp_calls        = 0|num_insert            = 0|num_replace           = 0|num_delete            = 0|num_no_delete         = 0|num_retrieve          = 0|num_retrieve_miss     = 0|num_hash_comps        = 0|
stats.six=num_items             = 6|num_nodes             = 8|num_alloc_nodes       = 16|num_expands           = 0|num_expand_reallocs   = 0|num_contracts         = 0|num_contract_reallocs = 0|num_hash_calls        = 0|num_comp_calls        = 0|num_insert            = 0|num_replace           = 0|num_delete            = 0|num_no_delete         = 0|num_retrieve          = 0|num_retrieve_miss     = 0|num_hash_comps        = 0|
node_stats.six=node      0 ->   2|node      1 ->   0|node      2 ->   1|node      3 ->   0|node      4 ->   2|node      5 ->   0|node      6 ->   1|node      7 ->   0|
node_usage.six=4 nodes used out of 8|6 items|load 0.75  actual load 1.50|
stats.grown=num_items             = 70|num_nodes             = 35|num_alloc_nodes       = 64|num_expands           = 0|num_expand_reallocs   = 0|num_contracts         = 0|num_contract_reallocs = 0|num_hash_calls        = 0|num_comp_calls        = 0|num_insert            = 0|num_replace           = 0|num_delete            = 0|num_no_delete         = 0|num_retrieve          = 0|num_retrieve_miss     = 0|num_hash_comps        = 0|
node_usage.grown=30 nodes used out of 35|70 items|load 2.00  actual load 2.33|
stats.shrunk=num_items             = 6|num_nodes             = 16|num_alloc_nodes       = 32|num_expands           = 0|num_expand_reallocs   = 0|num_contracts         = 0|num_contract_reallocs = 0|num_hash_calls        = 0|num_comp_calls        = 0|num_insert            = 0|num_replace           = 0|num_delete            = 0|num_no_delete         = 0|num_retrieve          = 0|num_retrieve_miss     = 0|num_hash_comps        = 0|
stats.flushed=num_items             = 0|num_nodes             = 16|num_alloc_nodes       = 32|num_expands           = 0|num_expand_reallocs   = 0|num_contracts         = 0|num_contract_reallocs = 0|num_hash_calls        = 0|num_comp_calls        = 0|num_insert            = 0|num_replace           = 0|num_delete            = 0|num_no_delete         = 0|num_retrieve          = 0|num_retrieve_miss     = 0|num_hash_comps        = 0|
stats.file=num_items             = 0|num_nodes             = 16|num_alloc_nodes       = 32|num_expands           = 0|num_expand_reallocs   = 0|num_contracts         = 0|num_contract_reallocs = 0|num_hash_calls        = 0|num_comp_calls        = 0|num_insert            = 0|num_replace           = 0|num_delete            = 0|num_no_delete         = 0|num_retrieve          = 0|num_retrieve_miss     = 0|num_hash_comps        = 0|0 nodes used out of 16|0 items|
stats.null_table=NOT_MEASURED_AUTHORITY_FAULTS
stats.null_bio=1
