transcript.sha256=ec2592d003a47facd01cf9e24ef4f2da4500f1baeb10d0c078113f0b217ef5b2
ctx.nonnull=1
ssl.nonnull=1
rec.ctx.set_len=1
rec.ssl.set_len=1
rec.ssl.set_len.null.noop=1
rec.rstate=RH
rec.rstate_long=read header
rec.rstate.null=<NULL>
rec.rstate_long.null=<NULL>
poll.zero.null_timeout=1
poll.zero.null_timeout.count=0
poll.zero.zero_timeout=1
poll.zero.zero_timeout.count=0
poll.zero.no_count=1
poll.null_ssl=1
poll.null_ssl.count=0
poll.null_ssl.revents=0
poll.ssl=0
poll.ssl.count=1
poll.ssl.revents=1
poll.sock=0
poll.sock.count=1
poll.sock.revents=1
poll.unknown=0
poll.unknown.count=1
poll.unknown.revents=1
poll.two=0
poll.two.count=1
poll.two.revents0=0
poll.two.revents1=1
poll.three=0
poll.three.count=1
poll.three.revents0=1
poll.three.revents1=0
poll.three.revents2=0
poll.nohandle=0
poll.nohandle.count=1
freed=1
