transcript.sha256=db65d5abdb7e64baccb9fc29d4c399fa557e95c95d6182222f43cdd26b9cc0db
by_id.null_nonnull=0
by_id.absent_nonnull=0
new.nonnull=1
set_id.ret=1
set_name.ret=1
add.ret=1
free.creation_ref=1
dup.nonnull=1
add.duplicate_refused=1
free.dup=1
by_id.found_nonnull=1
by_id.id=rt13a
by_id.name=RT 13a
by_id.same_object=1
up_ref.null_refused=1
up_ref.ret=1
free.ref_up=1
free.ref_by_id=1
free.ref_second=1
by_id.after_puts_nonnull=1
free.ref_third=1
remove.ret=1
by_id.after_remove_nonnull=0
loader.engine.nonnull=1
loader.engine.add=1
loader.probe_survives=1
loader.probe_survives_twice=1
loader.remove=1
loader.after_remove_nonnull=0
conf_module.registered=1
