transcript.sha256=df3a676448cde816359c224f403a0f04b1239c22ce759c4877862613b4cef0d6
addr.blocks=nonnull
addr.add_prefix.v4=1
addr.add_range.v4=1
addr.add_prefix.v6=1
addr.family.count=2
addr.get_afi.v4=1
addr.get_afi.v6=2
addr.get_afi.null=0
addr.inherits=0
addr.choice.type=1
addr.aors.count=2
addr.aor0.type=0
addr.aor1.type=1
addr.is_canonical=1
addr.is_canonical.err=none
addr.canonize=1
addr.is_canonical.after=1
addr.get_range.prefix=4
addr.get_range.prefix.min.len=4
addr.get_range.prefix.min.hex=c0000200
addr.get_range.prefix.max.len=4
addr.get_range.prefix.max.hex=c00002ff
addr.get_range.range=4
addr.get_range.range.min.len=4
addr.get_range.range.min.hex=c6336401
addr.get_range.range.max.len=4
addr.get_range.range.max.hex=c6336405
addr.get_range.short=0
addr.get_range.bad_afi=0
addr.get_range.null=0
addr.get_range.null_buf=0
addr.it.family=nonnull
addr.it.choice=nonnull
addr.it.orrange=nonnull
addr.it.range=nonnull
addr.family.enc.len=30
addr.family.der.len=30
addr.family.der.hex=301c040200013016030400c00002300e030500c6336401030501c6336404
addr.family.dec=nonnull
addr.family.roundtrip=1
addr.choice.list.enc.len=24
addr.choice.list.der.len=24
addr.choice.list.der.hex=3016030400c00002300e030500c6336401030501c6336404
addr.choice.list.dec=nonnull
addr.choice.list.roundtrip=1
addr.orrange.prefix.enc.len=6
addr.orrange.prefix.der.len=6
addr.orrange.prefix.der.hex=030400c00002
addr.orrange.prefix.dec=nonnull
addr.orrange.prefix.roundtrip=1
addr.orrange.range.enc.len=16
addr.orrange.range.der.len=16
addr.orrange.range.der.hex=300e030500c6336401030501c6336404
addr.orrange.range.dec=nonnull
addr.orrange.range.roundtrip=1
addr.range.enc.len=16
addr.range.der.len=16
addr.range.der.hex=300e030500c6336401030501c6336404
addr.range.dec=nonnull
addr.range.roundtrip=1
addr.inherit.afi=1
addr.inherit.choice.type=0
addr.choice.inherit.enc.len=2
addr.choice.inherit.der.len=2
addr.choice.inherit.der.hex=0500
addr.choice.inherit.dec=nonnull
addr.choice.inherit.roundtrip=1
addr.family.inherit.enc.len=8
addr.family.inherit.der.len=8
addr.family.inherit.der.hex=3006040200010500
addr.family.inherit.dec=nonnull
addr.family.inherit.roundtrip=1
addr.family.new=nonnull
addr.choice.new=nonnull
addr.orrange.new=nonnull
addr.range.new=nonnull
addr.items.free=1
addr.add_prefix.safi=1
addr.safi.family_len=3
addr.safi.get_afi=1
addr.add_prefix.safi.again=1
addr.safi.family_count=1
addr.split.before=0
addr.split.canonize=1
addr.split.after=1
addr.split.count=1
addr.split.type=0
addr.split.get_range=4
addr.split.min.len=4
addr.split.min.hex=c0000200
addr.split.max.len=4
addr.split.max.hex=c00002ff
addr.subset.a_b=1
addr.subset.b_a=0
addr.subset.a_a=1
addr.subset.null_b=0
addr.subset.null_a=1
addr.subset.inherit=0
addr.canonize.null=0
addr.canonize.null.err=34.107
addr.is_canonical.null=1
addr.inherits.null=0
addr.subset.null_null=1
addr.add_prefix.bad_len=0
addr.add_prefix.bad_len.err=none
addr.add_prefix.bad_afi=0
addr.add_range.inverted=0
addr.add_prefix.null_addr=0
addr.add_inherit.null=0
asid.ids=nonnull
asid.add_id=1
asid.add_range=1
asid.add_rdi=1
asid.inherits=0
asid.is_canonical=0
asid.canonize=1
asid.is_canonical.after=1
asid.asnum.type=1
asid.asnum.count=2
asid.asnum.0.type=1
asid.asnum.1.type=0
asid.asnum.0.min=100
asid.asnum.0.max=200
asid.asnum.1.id=64512
asid.rdi.type=1
asid.rdi.id=64496
asid.inherits.value=0
asid.it.ids=nonnull
asid.it.choice=nonnull
asid.it.idorrange=nonnull
asid.it.range=nonnull
asid.ids.enc.len=29
asid.ids.der.len=29
asid.ids.der.hex=301ba010300e3007020164020200c8020300fc00a1073005020300fbf0
asid.ids.dec=nonnull
asid.ids.roundtrip=1
asid.choice.enc.len=16
asid.choice.der.len=16
asid.choice.der.hex=300e3007020164020200c8020300fc00
asid.choice.dec=nonnull
asid.choice.roundtrip=1
asid.idorrange.range.enc.len=9
asid.idorrange.range.der.len=9
asid.idorrange.range.der.hex=3007020164020200c8
asid.idorrange.range.dec=nonnull
asid.idorrange.range.roundtrip=1
asid.idorrange.id.enc.len=5
asid.idorrange.id.der.len=5
asid.idorrange.id.der.hex=020300fc00
asid.idorrange.id.dec=nonnull
asid.idorrange.id.roundtrip=1
asid.range.enc.len=9
asid.range.der.len=9
asid.range.der.hex=3007020164020200c8
asid.range.dec=nonnull
asid.range.roundtrip=1
asid.inherit.type=0
asid.choice.inherit.enc.len=2
asid.choice.inherit.der.len=2
asid.choice.inherit.der.hex=0500
asid.choice.inherit.dec=nonnull
asid.choice.inherit.roundtrip=1
asid.ids.new=nonnull
asid.choice.new=nonnull
asid.idorrange.new=nonnull
asid.range.new=nonnull
asid.items.free=1
asid.add_inherit=1
asid.add_inherit.again=1
asid.add_inherit.rdi=1
asid.inherit.inherits=1
asid.inherit.is_canonical=1
asid.inherit.canonize=1
asid.add_id.after_inherit=0
asid.add_inherit.null=0
asid.add_inherit.bad_which=0
asid.add_id.null=0
asid.add_id.bad_which=0
asid.adj.before=0
asid.adj.canonize=1
asid.adj.after=1
asid.adj.count=1
asid.adj.type=1
asid.adj.min=10
asid.adj.max=11
asid.dup.before=0
asid.dup.canonize=0
asid.dup.canonize.err=34.116
asid.empty.is_canonical=0
asid.empty.canonize=0
asid.empty.canonize.err=34.116
asid.is_canonical.null=1
asid.canonize.null=1
asid.inherits.null=0
asid.subset.null_null=1
asid.subset.a_b=1
asid.subset.b_a=0
asid.subset.a_a=1
asid.subset.null_b=0
asid.subset.null_a=1
asid.subset.inherit=0
ext.addr.nid=290
ext.addr.critical=0
ext.addr.data.len=47
ext.addr.der.len=61
ext.addr.der.hex=303b06082b06010505070107042f302d301c040200013016030400c00002300e030500c6336401030501c6336404300d04020002300703050020010db8
ext.addr.err=none
ext.addr.print=1
ext.addr.print.out.len=71
ext.addr.print.out.hex=495076343a0a20203139322e302e322e302f32340a20203139382e35312e3130302e312d3139382e35312e3130302e350a495076363a0a2020323030313a6462383a3a2f33320a
ext.addr.print.indent=1
ext.addr.print.indent.out.len=91
ext.addr.print.indent.out.hex=20202020495076343a0a2020202020203139322e302e322e302f32340a2020202020203139382e35312e3130302e312d3139382e35312e3130302e350a20202020495076363a0a202020202020323030313a6462383a3a2f33320a
ext.addr.critical.nid=290
ext.addr.critical.critical=1
ext.addr.critical.data.len=47
ext.addr.critical.der.len=64
ext.addr.critical.der.hex=303e06082b060105050701070101ff042f302d301c040200013016030400c00002300e030500c6336401030501c6336404300d04020002300703050020010db8
ext.addr.critical.err=none
ext.asid.nid=291
ext.asid.critical=0
ext.asid.data.len=29
ext.asid.der.len=43
ext.asid.der.hex=302906082b06010505070108041d301ba010300e3007020164020200c8020300fc00a1073005020300fbf0
ext.asid.err=none
ext.asid.print=1
ext.asid.print.out.len=81
ext.asid.print.out.hex=4175746f6e6f6d6f75732053797374656d204e756d626572733a0a20203130302d3230300a202036343531320a526f7574696e6720446f6d61696e204964656e746966696572733a0a202036343439360a
ext.asid.print.indent=1
ext.asid.print.indent.out.len=91
ext.asid.print.indent.out.hex=20204175746f6e6f6d6f75732053797374656d204e756d626572733a0a202020203130302d3230300a2020202036343531320a2020526f7574696e6720446f6d61696e204964656e746966696572733a0a2020202036343439360a
ext.unknown_nid=null
ext.unknown_nid.err=34.129
add_value_int.ret=1
add_value_int.ret.err=none
add_value_int.count=1
add_value_int.name=pathlen
add_value_int.value=7
add_value_int.null_aint=1
add_value_int.count.after=1
