transcript.sha256=1babbe18e4f644db97f43444666f8be2d1f2e16be34167db3ad1e7a370ebfca4
libctx.slots.live=18 err=0
libctx.slots.filled=5 err=0
libctx.slots.deferred=13 err=0
gd.nonnull=nonnull err=0
gd.stable=1 err=0
gd.comp_methods.stable=1 err=0
null.comp_methods.eq.gd=1 err=0
null.comp_methods.ne.gd=1 err=0
gslot.21=nonnull err=0
gslot.4=nonnull err=0
gslot.19=nonnull err=0
gslot.12=nonnull err=0
gslot.22=nonnull err=0
gdead.-1=NULL err=0
gdead.7=NULL err=0
gdead.8=NULL err=0
gdead.9=NULL err=0
gdead.13=NULL err=0
gdead.23=NULL err=0
gdead.24=NULL err=0
gdead.31=NULL err=0
gdead.255=NULL err=0
ndead.-1=NULL err=0
ndead.7=NULL err=0
ndead.8=NULL err=0
ndead.9=NULL err=0
ndead.13=NULL err=0
ndead.23=NULL err=0
ndead.24=NULL err=0
ndead.31=NULL err=0
ndead.255=NULL err=0
new.a=nonnull err=0
new.b=nonnull err=0
new.distinct=1 err=0
aslot.21=nonnull err=0
aslot.4=nonnull err=0
aslot.19=nonnull err=0
aslot.12=nonnull err=0
aslot.22=nonnull err=0
adead.-1=NULL err=0
adead.7=NULL err=0
adead.8=NULL err=0
adead.9=NULL err=0
adead.13=NULL err=0
adead.23=NULL err=0
adead.24=NULL err=0
adead.31=NULL err=0
adead.255=NULL err=0
new.comp_methods.stable=1 err=0
new.comp_methods.distinct=1 err=0
new.comp_methods.ne.gd=1 err=0
cd.new.zero=0 err=0
cd.set7.get=7 err=0
cd.other.unaffected=0 err=0
cd.null.reads.default=0 err=0
cd.null.set.null.get=9 err=0
cd.a.unaffected=7 err=0
cd.null.reset=0 err=0
cd.negative=-3 err=0
sd.query.returns.gd=1 err=0
sd.query.leaves.default=1 err=0
sd.set.returns.previous=1 err=0
sd.set.null.resolves.a=1 err=0
sd.set.null.data.ne.gd=1 err=0
sd.set.null.cd.reads.a=5 err=0
sd.query.now.returns.a=1 err=0
sd.clear.returns.previous=1 err=0
sd.clear.null.resolves.gd=1 err=0
sd.clear.query.returns.gd=1 err=0
free.null.noop=1 err=0
free.gd.alive.comp_methods=nonnull err=0
free.gd.same.object=1 err=0
free.gd.cd=0 err=0
free.a.gd.ok=1 err=0
free.threaddefault.installed=1 err=0
free.threaddefault.cd=0 err=0
free.threaddefault.data.nonnull=1 err=0
free.threaddefault.still.default=1 err=0
free.threaddefault.restore=1 err=0
err.empty=1 err=0
done=rt-libctx err=0
