transcript.sha256=c0969fa3fa8756bdfa9bac34c67d68a0459b4e49d62209f337dfe26ebdf02c38
probe.kind=cpu-capability
probe.arch=x86
probe.reachable.ia32cap_p=1
probe.reachable.cpuid_setup=1
probe.reachable.ia32_cpuid=1
probe.setup.called=1
probe.setup.stable=1
cap.word.0=0x078bffff
cap.after_setup.0=0x078bffff
cap.word.1=0x7ed8320b
cap.after_setup.1=0x7ed8320b
cap.word.2=0xf1bf97ab
cap.after_setup.2=0xf1bf97ab
cap.word.3=0x19405fde
cap.after_setup.3=0x19405fde
probe.cpuid.called=1
probe.cpuid.ret=0x7ed8320b078bfbff
cap.raw.word.2=0xf1bf97ab
cap.raw.word.3=0x19405fde
api.cpuinfo=CPUINFO: OPENSSL_ia32cap=0x7ed8320b078bffff:0x19405fdef1bf97ab:0x0000003010000110:0x0000000000000000:0x0000000000000000
api.cpu_settings_null=0
api.cpu_settings=OPENSSL_ia32cap=0x7ed8320b078bffff:0x19405fdef1bf97ab:0x0000003010000110:0x0000000000000000:0x0000000000000000
sel.aes128cbcsha1.null=0
sel.aes256cbcsha1.null=0
sel.aes128cbcsha256.null=0
sel.aes256cbcsha256.null=0
probe.done=1
