FRF-MUTANT:stdout-first-line:transcript.sha256=c5a7b4edc4b482ef1341e838fd10c788dcf9308d6e390617ca169b4139fb70a2
zlib.isnull=1
zlib.err0=0
zlib.count=0
zstd.isnull=1
zstd.err0=0
zstd.count=0
brotli.isnull=1
brotli.err0=0
brotli.count=0
fd_nonfatal.e0=0
dgram_nonfatal.e0=0
fd_nonfatal.e4=1
dgram_nonfatal.e4=1
fd_nonfatal.e11=1
dgram_nonfatal.e11=1
fd_nonfatal.e11=1
dgram_nonfatal.e11=1
fd_nonfatal.e115=1
dgram_nonfatal.e115=1
fd_nonfatal.e114=1
dgram_nonfatal.e114=1
fd_nonfatal.e107=1
dgram_nonfatal.e107=0
fd_nonfatal.e71=1
dgram_nonfatal.e71=1
fd_nonfatal.e111=0
dgram_nonfatal.e111=0
fd_nonfatal.e104=0
dgram_nonfatal.e104=0
fd_nonfatal.e9=0
dgram_nonfatal.e9=0
fd_nonfatal.e999=0
dgram_nonfatal.e999=0
fd_retry.eagain.0=1
fd_retry.eagain.m1=1
fd_retry.eagain.1=0
fd_retry.eagain.2=0
fd_retry.eagain.m2=0
fd_retry.eagain.5=0
fd_retry.eagain.m5=0
fd_retry.ebadf.0=0
fd_retry.ebadf.m1=0
fd_retry.enotconn.0=1
fd_retry.eproto.0=1
classifiers.err0=0
