transcript.sha256=c40101a8eb0204f53f7a7883e1bdbb616fd5e3d3f9f678143ec2c46bdd0b008e
imprint_i2d=1
asn1.imprint.i2d_len=49
asn1.imprint.der.len=49
asn1.imprint.der.hex=302f300b06096086480165030402010420000102030405060708090a0b0c0d0e0f101112131415161718191a1b1c1d1e1f
asn1.imprint.d2i=nonnull
asn1.imprint.algo_nid=672
asn1.imprint.msg_len=32
asn1.imprint.dup=nonnull
asn1.imprint.bio.len=49
asn1.imprint.bio.hex=302f300b06096086480165030402010420000102030405060708090a0b0c0d0e0f101112131415161718191a1b1c1d1e1f
asn1.imprint.d2i_fp=nonnull
asn1.imprint.i2d_bio_ret=1
asn1.imprint.d2i_bio=null
asn1.accuracy.der.len=13
asn1.accuracy.der.hex=300b020101800201f4810200fa
asn1.accuracy.d2i=nonnull
asn1.accuracy.seconds=1
asn1.accuracy.millis=500
asn1.accuracy.micros=250
asn1.accuracy.dup=nonnull
asn1.req.i2d_len=80
asn1.req.der.len=80
asn1.req.der.hex=304e020101302f300b06096086480165030402010420000102030405060708090a0b0c0d0e0f101112131415161718191a1b1c1d1e1f06042a030405020230390101ffa00b30090603551d1304023000
asn1.req.d2i=nonnull
asn1.req.version=1
asn1.req.cert_req=1
asn1.req.ext_count=1
asn1.req.msg_imprint=nonnull
asn1.req.policy=nonnull
asn1.req.nonce=nonnull
asn1.req.exts=nonnull
asn1.req.dup=nonnull
asn1.req.bio.len=80
asn1.req.bio.hex=304e020101302f300b06096086480165030402010420000102030405060708090a0b0c0d0e0f101112131415161718191a1b1c1d1e1f06042a030405020230390101ffa00b30090603551d1304023000
asn1.req.d2i_fp=null
asn1.req.d2i_bio=null
asn1.tst_info.der.len=135
asn1.tst_info.der.hex=30818402010106042a030406302f300b06096086480165030402010420000102030405060708090a0b0c0d0e0f101112131415161718191a1b1c1d1e1f02021092180f32303234303130323033303430355a300b020101800201f4810200fa0101ff020203e7a0128110747361406578616d706c652e74657374a10b30090603551d1304023000
asn1.tst_info.d2i=nonnull
asn1.tst_info.version=1
asn1.tst_info.serial=4242
asn1.tst_info.ordering=1
asn1.tst_info.ext_count=1
asn1.tst_info.msg_imprint=nonnull
asn1.tst_info.policy=nonnull
asn1.tst_info.time=nonnull
asn1.tst_info.accuracy=nonnull
asn1.tst_info.nonce=nonnull
asn1.tst_info.tsa=nonnull
asn1.tst_info.exts=nonnull
asn1.tst_info.dup=nonnull
asn1.tst_info.bio.len=135
asn1.tst_info.bio.hex=30818402010106042a030406302f300b06096086480165030402010420000102030405060708090a0b0c0d0e0f101112131415161718191a1b1c1d1e1f02021092180f32303234303130323033303430355a300b020101800201f4810200fa0101ff020203e7a0128110747361406578616d706c652e74657374a10b30090603551d1304023000
asn1.tst_info.d2i_fp=null
asn1.tst_info.d2i_bio=null
asn1.status_info.der.len=37
asn1.status_info.der.hex=302302010230170c1572656a656374656420666f7220746865207465737403050080000040
asn1.status_info.d2i=nonnull
asn1.status_info.status=2
asn1.status_info.text=nonnull
asn1.status_info.failure=nonnull
asn1.status_info.dup=nonnull
asn1.resp.der.len=39
asn1.resp.der.hex=3025302302010230170c1572656a656374656420666f7220746865207465737403050080000040
asn1.resp.d2i=nonnull
asn1.resp.status_info=nonnull
asn1.resp.token=null
asn1.resp.tst_info=null
asn1.resp.dup=nonnull
asn1.resp.bio.len=39
asn1.resp.bio.hex=3025302302010230170c1572656a656374656420666f7220746865207465737403050080000040
asn1.resp.d2i_fp=null
asn1.resp.d2i_bio=null
asn1.resp.granted_no_token.d2i=null
asn1.resp.granted_no_token.err=47.130
pkcs7.tst_info.token=nonnull
pkcs7.tst_info.version=1
pkcs7.tst_info.serial=4242
pkcs7.tst_info.data=null
pkcs7.tst_info.data.err=47.132
pkcs7.tst_info.detached=null
pkcs7.tst_info.detached.err=47.134
req_utils.imprint_set_algo=1
req_utils.imprint_algo_nid=673
req_utils.imprint_set_msg=1
req_utils.set_version=1
req_utils.get_version=1
req_utils.set_msg_imprint=1
req_utils.get_msg_imprint=nonnull
req_utils.set_policy=1
req_utils.get_policy=nonnull
req_utils.set_cert_req=1
req_utils.get_cert_req=0
req_utils.add_ext=1
req_utils.ext_count=2
req_utils.ext_by_NID=0
req_utils.ext_by_OBJ=0
req_utils.ext_by_critical=0
req_utils.get_ext=nonnull
req_utils.ext_d2i=nonnull
req_utils.ext_d2i_idx=0
req_utils.ext_d2i_crit=0
req_utils.delete_ext=nonnull
rsp_utils.tst_set_accuracy=1
rsp_utils.tst_set_msg_imprint=1
rsp_utils.tst_set_nonce=1
rsp_utils.tst_set_ordering=1
rsp_utils.tst_set_serial=1
rsp_utils.tst_set_time=1
rsp_utils.tst_set_tsa=1
rsp_utils.tst_set_policy=1
rsp_utils.tst_set_version=1
rsp_utils.tst_ext_count=1
rsp_utils.tst_ext_by_NID=0
rsp_utils.tst_ext_by_OBJ=0
rsp_utils.tst_ext_by_critical=0
rsp_utils.tst_get_ext=nonnull
rsp_utils.tst_get_exts=nonnull
rsp_utils.tst_ext_d2i=nonnull
rsp_utils.tst_ext_d2i_idx=0
rsp_utils.tst_add_ext=1
rsp_utils.tst_delete_ext=nonnull
rsp_utils.status_set=1
rsp_utils.set_tst_info_token=null
rsp_utils.set_tst_info_info=nonnull
lib.asn1_integer_print=1
lib.asn1_integer_bytes.len=6
lib.asn1_integer_bytes.hex=307830313032
lib.obj_print=1
lib.obj_bytes.len=7
lib.obj_bytes.hex=7368613235360a
lib.algor_print=23
lib.algor_bytes.len=23
lib.algor_bytes.hex=4861736820416c676f726974686d3a207368613235360a
lib.imprint_print=1
lib.imprint_bytes.len=193
lib.imprint_bytes.hex=4861736820416c676f726974686d3a207368613235360a4d65737361676520646174613a0a2020202030303030202d2030302030312030322030332030342030352030362030372d30382030392030612030622030632030642030652030662020202e2e2e2e2e2e2e2e2e2e2e2e2e2e2e2e0a2020202030303130202d2031302031312031322031332031342031352031362031372d31382031392031612031622031632031642031652031662020202e2e2e2e2e2e2e2e2e2e2e2e2e2e2e2e0a
lib.ext_print=1
lib.ext_bytes.len=43
lib.ext_bytes.hex=457874656e73696f6e733a0a312e332e362e312e342e312e39393939392e313a0a2020202072742d74730a
req_print.ret=1
req_print.bytes.len=309
req_print.bytes.hex=56657273696f6e3a20310a4861736820416c676f726974686d3a207368613235360a4d65737361676520646174613a0a2020202030303030202d2030302030312030322030332030342030352030362030372d30382030392030612030622030632030642030652030662020202e2e2e2e2e2e2e2e2e2e2e2e2e2e2e2e0a2020202030303130202d2031302031312031322031332031342031352031362031372d31382031392031612031622031632031642031652031662020202e2e2e2e2e2e2e2e2e2e2e2e2e2e2e2e0a506f6c696379204f49443a20312e322e332e342e350a4e6f6e63653a203078333033390a43657274696669636174652072657175697265643a207965730a457874656e73696f6e733a0a312e332e362e312e342e312e39393939392e313a0a2020202072742d74730a
rsp_print.status_ret=1
rsp_print.status_bytes.len=176
rsp_print.status_bytes.hex=5374617475733a2052656a65637465642e0a537461747573206465736372697074696f6e3a2072656a656374656420666f722074686520746573740a4661696c75726520696e666f3a20756e7265636f676e697a6564206f7220756e737570706f7274656420616c676f726974686d206964656e7469666965722c2074686520726571756573742063616e6e6f742062652068616e646c65642064756520746f2073797374656d206661696c7572650a
rsp_print.tst_info_ret=1
rsp_print.tst_info_bytes.len=435
rsp_print.tst_info_bytes.hex=56657273696f6e3a20310a506f6c696379204f49443a20312e322e332e342e360a4861736820416c676f726974686d3a207368613235360a4d65737361676520646174613a0a2020202030303030202d2030302030312030322030332030342030352030362030372d30382030392030612030622030632030642030652030662020202e2e2e2e2e2e2e2e2e2e2e2e2e2e2e2e0a2020202030303130202d2031302031312031322031332031342031352031362031372d31382031392031612031622031632031642031652031662020202e2e2e2e2e2e2e2e2e2e2e2e2e2e2e2e0a53657269616c206e756d6265723a203078313039320a54696d65207374616d703a204a616e2020322030333a30343a3035203230323420474d540a41636375726163793a2030783031207365636f6e64732c20307830314634206d696c6c69732c2030784641206d6963726f730a4f72646572696e673a207965730a4e6f6e63653a203078303345370a5453413a20656d61696c3a747361406578616d706c652e746573740a457874656e73696f6e733a0a312e332e362e312e342e312e39393939392e313a0a2020202072742d74730a
rsp_print.resp_ret=1
rsp_print.resp_bytes.len=214
rsp_print.resp_bytes.hex=53746174757320696e666f3a0a5374617475733a2052656a65637465642e0a537461747573206465736372697074696f6e3a2072656a656374656420666f722074686520746573740a4661696c75726520696e666f3a20756e7265636f676e697a6564206f7220756e737570706f7274656420616c676f726974686d206964656e7469666965722c2074686520726571756573742063616e6e6f742062652068616e646c65642064756520746f2073797374656d206661696c7572650a0a54535420696e666f3a0a4e6f7420696e636c756465642e0a
rsp_print.null_tst_info=0
req_print.null=0
vctx.new=nonnull
vctx.add_flags=2
vctx.set_flags=4
vctx.set_data=nonnull
vctx.set_store=nonnull
vctx.set_certs=nonnull
vctx.set_imprint=nonnull
vctx.set0_data=1
vctx.set0_certs=1
vctx.set0_store=1
vctx.set0_imprint=1
vctx.from_req=nonnull
vctx.from_req_alloc=nonnull
rsp_sign.new=nonnull
rsp_sign.new_ex=nonnull
rsp_sign.signer_cert=nonnull
rsp_sign.signer_key=nonnull
rsp_sign.set_signer_cert=1
rsp_sign.set_signer_key=1
rsp_sign.set_signer_digest=1
rsp_sign.set_ess_cert_id_digest=1
rsp_sign.set_def_policy=1
rsp_sign.set_certs=1
rsp_sign.set_certs_null=1
rsp_sign.add_policy=1
rsp_sign.add_md=1
rsp_sign.set_accuracy=1
rsp_sign.set_accuracy_zero=1
rsp_sign.set_clock_precision=1
rsp_sign.set_clock_precision_bad=0
rsp_sign.get_request=null
rsp_sign.get_tst_info=null
rsp_sign.status_fn=nonnull
rsp_sign.status_fn=nonnull
rsp_sign.status_fn=nonnull
resp_engine.cert=nonnull
resp_engine.key=nonnull
resp_engine.req_bio=nonnull
resp_engine.set_signer_cert=1
resp_engine.set_signer_key=1
resp_engine.set_signer_digest=1
resp_engine.set_def_policy=1
resp_engine.add_md=1
resp_engine.set_accuracy=1
resp_engine.set_clock_precision=1
resp_engine.i2d_req=1
resp_engine.seek_req=0
resp_engine.response=nonnull
pending.resp_engine.create=EVP_get_digestbyname_identity_divergence
resp_verify.status_info=nonnull
resp_verify.token=nonnull
resp_verify.tst_info=nonnull
resp_verify.verify_response=1
resp_verify.verify_response.err=0.0
resp_verify.verify_token=1
resp_verify.verify_token.err=0.0
resp_verify.bad_response=nonnull
resp_verify.verify_response_rejected=0
resp_verify.verify_response_rejected.err=47.107
resp_verify.verify_signature_null=0
resp_verify.verify_signature_null.err=47.102
resp_verify.verify_signature_unsigned=0
resp_verify.verify_signature_unsigned.err=47.114
resp_verify.verify_signature_empty=0
resp_verify.verify_signature_empty.err=47.110
pending.resp_verify.verify_signature=EVP_get_digestbyname_identity_divergence
fixed.token=nonnull
fixed.verify_token=1
fixed.verify_token.err=0.0
fixed.verify_token_bad_policy=0
fixed.verify_token_bad_policy.err=47.108
fixed.verify_token_bad_nonce=0
fixed.verify_token_bad_nonce.err=47.104
fixed.verify_token_bad_imprint=0
fixed.verify_token_bad_imprint.err=47.103
fixed.verify_token_bad_version=0
fixed.verify_token_bad_version.err=47.113
fixed.verify_token_no_nonce=0
fixed.verify_token_no_nonce.err=47.105
conf.load_bio=1
conf.errline=0
conf.get_tsa_section_null=null
conf.get_tsa_section_explicit=1
conf.load_cert=nonnull
conf.load_certs=nonnull
conf.load_key=nonnull
conf.load_cert_missing=null
conf.load_cert_missing.err=2.2
conf.load_key_missing=null
conf.load_key_missing.err=2.2
conf.set_serial=1
conf.set_signer_cert=1
conf.set_certs=1
conf.set_signer_key=1
pending.conf.set_signer_digest=EVP_get_digestbyname_identity_divergence
conf.set_def_policy=1
conf.set_policies=1
pending.conf.set_digests=EVP_get_digestbyname_identity_divergence
conf.set_accuracy=1
conf.set_clock_precision=1
conf.set_ordering=1
conf.set_tsa_name=1
conf.set_ess_cert_id_chain=1
pending.conf.set_ess_cert_id_digest=EVP_get_digestbyname_identity_divergence
conf.empty.set_serial=0
conf.empty.set_serial.err=14.108
conf.empty.set_signer_cert=0
conf.empty.set_signer_cert.err=14.108
conf.empty.set_signer_digest=0
conf.empty.set_signer_digest.err=14.108
conf.empty.set_def_policy=0
conf.empty.set_def_policy.err=14.108
conf.empty.set_digests=0
conf.empty.set_digests.err=14.108
conf.empty.set_clock_precision=1
conf.empty.policies=1
conf.empty.accuracy=1
conf.empty.ordering=1
conf.empty.tsa_name=1
conf.empty.ess_chain=1
pending.conf.empty.ess_digest=EVP_get_digestbyname_identity_divergence
