transcript.sha256=73fe5abd26d9a3b03da31c217e5d0eb03457462453a8546b4dd92018d2341d37
corpus.entries=133
entry.alg-bad-params.class=parse
entry.alg-bad-params.arm=alg
entry.alg-bad-params.signal=0
entry.alg-bad-params.ret=1
entry.alg-bad-params.obs=0
entry.alg-bad-params.obs2=0
entry.alg-bad-params.digest=10af260af0286937
entry.alg-bad-params.err=none
entry.alg-empty-seq.class=parse
entry.alg-empty-seq.arm=alg
entry.alg-empty-seq.signal=0
entry.alg-empty-seq.ret=0
entry.alg-empty-seq.obs=0
entry.alg-empty-seq.obs2=0
entry.alg-empty-seq.digest=0000000000000000
entry.alg-empty-seq.err=13.121
entry.alg-noparams.class=parse
entry.alg-noparams.arm=alg
entry.alg-noparams.signal=0
entry.alg-noparams.ret=1
entry.alg-noparams.obs=0
entry.alg-noparams.obs2=0
entry.alg-noparams.digest=755ace67df6bfbd4
entry.alg-noparams.err=none
entry.alg-null-params.class=parse
entry.alg-null-params.arm=alg
entry.alg-null-params.signal=0
entry.alg-null-params.ret=1
entry.alg-null-params.obs=0
entry.alg-null-params.obs2=0
entry.alg-null-params.digest=0acc6c9f71208abb
entry.alg-null-params.err=none
entry.alg-trunc.class=parse
entry.alg-trunc.arm=alg
entry.alg-trunc.signal=0
entry.alg-trunc.ret=0
entry.alg-trunc.obs=0
entry.alg-trunc.obs2=0
entry.alg-trunc.digest=0000000000000000
entry.alg-trunc.err=13.155
entry.alg-unknown-oid.class=parse
entry.alg-unknown-oid.arm=alg
entry.alg-unknown-oid.signal=0
entry.alg-unknown-oid.ret=1
entry.alg-unknown-oid.obs=0
entry.alg-unknown-oid.obs2=0
entry.alg-unknown-oid.digest=37799e7f59cf08ce
entry.alg-unknown-oid.err=none
entry.alg-valid.class=parse
entry.alg-valid.arm=alg
entry.alg-valid.signal=0
entry.alg-valid.ret=1
entry.alg-valid.obs=0
entry.alg-valid.obs2=0
entry.alg-valid.digest=0acc6c9f71208abb
entry.alg-valid.err=none
entry.asn1-empty.class=parse
entry.asn1-empty.arm=atype
entry.asn1-empty.signal=0
entry.asn1-empty.ret=0
entry.asn1-empty.obs=0
entry.asn1-empty.obs2=0
entry.asn1-empty.digest=0000000000000000
entry.asn1-empty.err=13.224
entry.asn1-high-tag.class=parse
entry.asn1-high-tag.arm=atype
entry.asn1-high-tag.signal=0
entry.asn1-high-tag.ret=1
entry.asn1-high-tag.obs=129
entry.asn1-high-tag.obs2=0
entry.asn1-high-tag.digest=2e32a8736ac60c5e
entry.asn1-high-tag.err=none
entry.asn1-indef-nested.class=parse
entry.asn1-indef-nested.arm=atype
entry.asn1-indef-nested.signal=0
entry.asn1-indef-nested.ret=0
entry.asn1-indef-nested.obs=0
entry.asn1-indef-nested.obs2=0
entry.asn1-indef-nested.digest=0000000000000000
entry.asn1-indef-nested.err=13.137
entry.asn1-len-10m.class=parse
entry.asn1-len-10m.arm=atype
entry.asn1-len-10m.signal=0
entry.asn1-len-10m.ret=0
entry.asn1-len-10m.obs=0
entry.asn1-len-10m.obs2=0
entry.asn1-len-10m.digest=0000000000000000
entry.asn1-len-10m.err=13.155
entry.asn1-len-2g.class=parse
entry.asn1-len-2g.arm=atype
entry.asn1-len-2g.signal=0
entry.asn1-len-2g.ret=0
entry.asn1-len-2g.obs=0
entry.asn1-len-2g.obs2=0
entry.asn1-len-2g.digest=0000000000000000
entry.asn1-len-2g.err=13.155
entry.asn1-len-ff.class=parse
entry.asn1-len-ff.arm=atype
entry.asn1-len-ff.signal=0
entry.asn1-len-ff.ret=0
entry.asn1-len-ff.obs=0
entry.asn1-len-ff.obs2=0
entry.asn1-len-ff.digest=0000000000000000
entry.asn1-len-ff.err=13.155
entry.asn1-len-indefinite.class=parse
entry.asn1-len-indefinite.arm=atype
entry.asn1-len-indefinite.signal=0
entry.asn1-len-indefinite.ret=1
entry.asn1-len-indefinite.obs=16
entry.asn1-len-indefinite.obs2=0
entry.asn1-len-indefinite.digest=8512083324b4e1e3
entry.asn1-len-indefinite.err=none
entry.asn1-len-nonminimal.class=parse
entry.asn1-len-nonminimal.arm=atype
entry.asn1-len-nonminimal.signal=0
entry.asn1-len-nonminimal.ret=1
entry.asn1-len-nonminimal.obs=16
entry.asn1-len-nonminimal.obs2=0
entry.asn1-len-nonminimal.digest=f28700a136097360
entry.asn1-len-nonminimal.err=none
entry.asn1-len-truncated.class=parse
entry.asn1-len-truncated.arm=atype
entry.asn1-len-truncated.signal=0
entry.asn1-len-truncated.ret=0
entry.asn1-len-truncated.obs=0
entry.asn1-len-truncated.obs2=0
entry.asn1-len-truncated.digest=0000000000000000
entry.asn1-len-truncated.err=13.123
entry.asn1-trunc-int.class=parse
entry.asn1-trunc-int.arm=atype
entry.asn1-trunc-int.signal=0
entry.asn1-trunc-int.ret=0
entry.asn1-trunc-int.obs=0
entry.asn1-trunc-int.obs2=0
entry.asn1-trunc-int.digest=0000000000000000
entry.asn1-trunc-int.err=13.155
entry.asn1-zero-len.class=parse
entry.asn1-zero-len.arm=atype
entry.asn1-zero-len.signal=0
entry.asn1-zero-len.ret=1
entry.asn1-zero-len.obs=16
entry.asn1-zero-len.obs2=0
entry.asn1-zero-len.digest=9b0c3300c5d350ab
entry.asn1-zero-len.err=none
entry.atype-valid.class=parse
entry.atype-valid.arm=atype
entry.atype-valid.signal=0
entry.atype-valid.ret=1
entry.atype-valid.obs=2
entry.atype-valid.obs2=0
entry.atype-valid.digest=97edcf4f30bf45d4
entry.atype-valid.err=none
entry.bitstr-bad-unused.class=parse
entry.bitstr-bad-unused.arm=atype
entry.bitstr-bad-unused.signal=0
entry.bitstr-bad-unused.ret=0
entry.bitstr-bad-unused.obs=0
entry.bitstr-bad-unused.obs2=0
entry.bitstr-bad-unused.digest=0000000000000000
entry.bitstr-bad-unused.err=13.220
entry.bitstr-empty.class=parse
entry.bitstr-empty.arm=atype
entry.bitstr-empty.signal=0
entry.bitstr-empty.ret=0
entry.bitstr-empty.obs=0
entry.bitstr-empty.obs2=0
entry.bitstr-empty.digest=0000000000000000
entry.bitstr-empty.err=13.152
entry.bitstr-len-overrun.class=parse
entry.bitstr-len-overrun.arm=atype
entry.bitstr-len-overrun.signal=0
entry.bitstr-len-overrun.ret=0
entry.bitstr-len-overrun.obs=0
entry.bitstr-len-overrun.obs2=0
entry.bitstr-len-overrun.digest=0000000000000000
entry.bitstr-len-overrun.err=13.155
entry.cert-len-huge.class=parse
entry.cert-len-huge.arm=cert
entry.cert-len-huge.signal=0
entry.cert-len-huge.ret=0
entry.cert-len-huge.obs=0
entry.cert-len-huge.obs2=0
entry.cert-len-huge.digest=0000000000000000
entry.cert-len-huge.err=13.155
entry.cert-len-indefinite.class=parse
entry.cert-len-indefinite.arm=cert
entry.cert-len-indefinite.signal=0
entry.cert-len-indefinite.ret=1
entry.cert-len-indefinite.obs=2
entry.cert-len-indefinite.obs2=2
entry.cert-len-indefinite.digest=6a829f2e381f52f4
entry.cert-len-indefinite.err=none
entry.cert-len-overlong.class=parse
entry.cert-len-overlong.arm=cert
entry.cert-len-overlong.signal=0
entry.cert-len-overlong.ret=1
entry.cert-len-overlong.obs=2
entry.cert-len-overlong.obs2=2
entry.cert-len-overlong.digest=6a829f2e381f52f4
entry.cert-len-overlong.err=none
entry.cert-len-short.class=parse
entry.cert-len-short.arm=cert
entry.cert-len-short.signal=0
entry.cert-len-short.ret=0
entry.cert-len-short.obs=0
entry.cert-len-short.obs2=0
entry.cert-len-short.digest=0000000000000000
entry.cert-len-short.err=13.155
entry.cert-len-zero.class=parse
entry.cert-len-zero.arm=cert
entry.cert-len-zero.signal=0
entry.cert-len-zero.ret=0
entry.cert-len-zero.obs=0
entry.cert-len-zero.obs2=0
entry.cert-len-zero.digest=0000000000000000
entry.cert-len-zero.err=13.121
entry.cert-sigval-trunc.class=parse
entry.cert-sigval-trunc.arm=cert
entry.cert-sigval-trunc.signal=0
entry.cert-sigval-trunc.ret=0
entry.cert-sigval-trunc.obs=0
entry.cert-sigval-trunc.obs2=0
entry.cert-sigval-trunc.digest=0000000000000000
entry.cert-sigval-trunc.err=13.155
entry.cert-trailing-1.class=parse
entry.cert-trailing-1.arm=cert
entry.cert-trailing-1.signal=0
entry.cert-trailing-1.ret=1
entry.cert-trailing-1.obs=2
entry.cert-trailing-1.obs2=2
entry.cert-trailing-1.digest=6a829f2e381f52f4
entry.cert-trailing-1.err=none
entry.cert-trailing-64.class=parse
entry.cert-trailing-64.arm=cert
entry.cert-trailing-64.signal=0
entry.cert-trailing-64.ret=1
entry.cert-trailing-64.obs=2
entry.cert-trailing-64.obs2=2
entry.cert-trailing-64.digest=6a829f2e381f52f4
entry.cert-trailing-64.err=none
entry.cert-trunc-a-truncated-length.class=parse
entry.cert-trunc-a-truncated-length.arm=cert
entry.cert-trunc-a-truncated-length.signal=0
entry.cert-trunc-a-truncated-length.ret=0
entry.cert-trunc-a-truncated-length.obs=0
entry.cert-trunc-a-truncated-length.obs2=0
entry.cert-trunc-a-truncated-length.digest=0000000000000000
entry.cert-trunc-a-truncated-length.err=13.123
entry.cert-trunc-empty.class=parse
entry.cert-trunc-empty.arm=cert
entry.cert-trunc-empty.signal=0
entry.cert-trunc-empty.ret=0
entry.cert-trunc-empty.obs=0
entry.cert-trunc-empty.obs2=0
entry.cert-trunc-empty.digest=0000000000000000
entry.cert-trunc-empty.err=13.224
entry.cert-trunc-half-the-document.class=parse
entry.cert-trunc-half-the-document.arm=cert
entry.cert-trunc-half-the-document.signal=0
entry.cert-trunc-half-the-document.ret=0
entry.cert-trunc-half-the-document.obs=0
entry.cert-trunc-half-the-document.obs2=0
entry.cert-trunc-half-the-document.digest=0000000000000000
entry.cert-trunc-half-the-document.err=13.155
entry.cert-trunc-inside-the-TBS-fields.class=parse
entry.cert-trunc-inside-the-TBS-fields.arm=cert
entry.cert-trunc-inside-the-TBS-fields.signal=0
entry.cert-trunc-inside-the-TBS-fields.ret=0
entry.cert-trunc-inside-the-TBS-fields.obs=0
entry.cert-trunc-inside-the-TBS-fields.obs2=0
entry.cert-trunc-inside-the-TBS-fields.digest=0000000000000000
entry.cert-trunc-inside-the-TBS-fields.err=13.155
entry.cert-trunc-inside-the-TBS-header.class=parse
entry.cert-trunc-inside-the-TBS-header.arm=cert
entry.cert-trunc-inside-the-TBS-header.signal=0
entry.cert-trunc-inside-the-TBS-header.ret=0
entry.cert-trunc-inside-the-TBS-header.obs=0
entry.cert-trunc-inside-the-TBS-header.obs2=0
entry.cert-trunc-inside-the-TBS-header.digest=0000000000000000
entry.cert-trunc-inside-the-TBS-header.err=13.155
entry.cert-trunc-one-byte-of-the-SEQUENCE-header.class=parse
entry.cert-trunc-one-byte-of-the-SEQUENCE-header.arm=cert
entry.cert-trunc-one-byte-of-the-SEQUENCE-header.signal=0
entry.cert-trunc-one-byte-of-the-SEQUENCE-header.ret=0
entry.cert-trunc-one-byte-of-the-SEQUENCE-header.obs=0
entry.cert-trunc-one-byte-of-the-SEQUENCE-header.obs2=0
entry.cert-trunc-one-byte-of-the-SEQUENCE-header.digest=0000000000000000
entry.cert-trunc-one-byte-of-the-SEQUENCE-header.err=13.123
entry.cert-trunc-the-final-byte-short.class=parse
entry.cert-trunc-the-final-byte-short.arm=cert
entry.cert-trunc-the-final-byte-short.signal=0
entry.cert-trunc-the-final-byte-short.ret=0
entry.cert-trunc-the-final-byte-short.obs=0
entry.cert-trunc-the-final-byte-short.obs2=0
entry.cert-trunc-the-final-byte-short.digest=0000000000000000
entry.cert-trunc-the-final-byte-short.err=13.155
entry.cert-v1-valid.class=parse
entry.cert-v1-valid.arm=cert
entry.cert-v1-valid.signal=0
entry.cert-v1-valid.ret=1
entry.cert-v1-valid.obs=0
entry.cert-v1-valid.obs2=0
entry.cert-v1-valid.digest=0000000000000000
entry.cert-v1-valid.err=none
entry.cert-valid.class=parse
entry.cert-valid.arm=cert
entry.cert-valid.signal=0
entry.cert-valid.ret=1
entry.cert-valid.obs=2
entry.cert-valid.obs2=2
entry.cert-valid.digest=6a829f2e381f52f4
entry.cert-valid.err=none
entry.tbs-exts-trunc.class=parse
entry.tbs-exts-trunc.arm=cert
entry.tbs-exts-trunc.signal=0
entry.tbs-exts-trunc.ret=0
entry.tbs-exts-trunc.obs=0
entry.tbs-exts-trunc.obs2=0
entry.tbs-exts-trunc.digest=0000000000000000
entry.tbs-exts-trunc.err=13.155
entry.tbs-exts-unknown-oid.class=parse
entry.tbs-exts-unknown-oid.arm=cert
entry.tbs-exts-unknown-oid.signal=0
entry.tbs-exts-unknown-oid.ret=1
entry.tbs-exts-unknown-oid.obs=2
entry.tbs-exts-unknown-oid.obs2=2
entry.tbs-exts-unknown-oid.digest=6a829f2e381f52f4
entry.tbs-exts-unknown-oid.err=none
entry.tbs-serial-empty.class=parse
entry.tbs-serial-empty.arm=cert
entry.tbs-serial-empty.signal=0
entry.tbs-serial-empty.ret=0
entry.tbs-serial-empty.obs=0
entry.tbs-serial-empty.obs2=0
entry.tbs-serial-empty.digest=0000000000000000
entry.tbs-serial-empty.err=13.155
entry.tbs-serial-neg.class=parse
entry.tbs-serial-neg.arm=cert
entry.tbs-serial-neg.signal=0
entry.tbs-serial-neg.ret=1
entry.tbs-serial-neg.obs=2
entry.tbs-serial-neg.obs2=2
entry.tbs-serial-neg.digest=6a829f2e381f52f4
entry.tbs-serial-neg.err=none
entry.tbs-sigalg-noparams.class=parse
entry.tbs-sigalg-noparams.arm=cert
entry.tbs-sigalg-noparams.signal=0
entry.tbs-sigalg-noparams.ret=0
entry.tbs-sigalg-noparams.obs=0
entry.tbs-sigalg-noparams.obs2=0
entry.tbs-sigalg-noparams.digest=0000000000000000
entry.tbs-sigalg-noparams.err=13.155
entry.tbs-sigalg-unknown.class=parse
entry.tbs-sigalg-unknown.arm=cert
entry.tbs-sigalg-unknown.signal=0
entry.tbs-sigalg-unknown.ret=1
entry.tbs-sigalg-unknown.obs=2
entry.tbs-sigalg-unknown.obs2=2
entry.tbs-sigalg-unknown.digest=6a829f2e381f52f4
entry.tbs-sigalg-unknown.err=none
entry.tbs-spki-bitstr-len.class=parse
entry.tbs-spki-bitstr-len.arm=cert
entry.tbs-spki-bitstr-len.signal=0
entry.tbs-spki-bitstr-len.ret=0
entry.tbs-spki-bitstr-len.obs=0
entry.tbs-spki-bitstr-len.obs2=0
entry.tbs-spki-bitstr-len.digest=0000000000000000
entry.tbs-spki-bitstr-len.err=13.155
entry.tbs-subject-tag.class=parse
entry.tbs-subject-tag.arm=cert
entry.tbs-subject-tag.signal=0
entry.tbs-subject-tag.ret=0
entry.tbs-subject-tag.obs=0
entry.tbs-subject-tag.obs2=0
entry.tbs-subject-tag.digest=0000000000000000
entry.tbs-subject-tag.err=13.155
entry.tbs-validity-tag.class=parse
entry.tbs-validity-tag.arm=cert
entry.tbs-validity-tag.signal=0
entry.tbs-validity-tag.ret=0
entry.tbs-validity-tag.obs=0
entry.tbs-validity-tag.obs2=0
entry.tbs-validity-tag.digest=0000000000000000
entry.tbs-validity-tag.err=13.139
entry.tbs-validity-trunc.class=parse
entry.tbs-validity-trunc.arm=cert
entry.tbs-validity-trunc.signal=0
entry.tbs-validity-trunc.ret=0
entry.tbs-validity-trunc.obs=0
entry.tbs-validity-trunc.obs2=0
entry.tbs-validity-trunc.digest=0000000000000000
entry.tbs-validity-trunc.err=13.155
entry.tbs-version-7.class=parse
entry.tbs-version-7.arm=cert
entry.tbs-version-7.signal=0
entry.tbs-version-7.ret=1
entry.tbs-version-7.obs=7
entry.tbs-version-7.obs2=2
entry.tbs-version-7.digest=6a829f2e381f52f4
entry.tbs-version-7.err=none
entry.tbs-version-ff.class=parse
entry.tbs-version-ff.arm=cert
entry.tbs-version-ff.signal=0
entry.tbs-version-ff.ret=1
entry.tbs-version-ff.obs=-1
entry.tbs-version-ff.obs2=2
entry.tbs-version-ff.digest=6a829f2e381f52f4
entry.tbs-version-ff.err=none
entry.crl-len-huge.class=parse
entry.crl-len-huge.arm=crl
entry.crl-len-huge.signal=0
entry.crl-len-huge.ret=0
entry.crl-len-huge.obs=0
entry.crl-len-huge.obs2=0
entry.crl-len-huge.digest=0000000000000000
entry.crl-len-huge.err=13.155
entry.crl-len-indefinite.class=parse
entry.crl-len-indefinite.arm=crl
entry.crl-len-indefinite.signal=0
entry.crl-len-indefinite.ret=1
entry.crl-len-indefinite.obs=1
entry.crl-len-indefinite.obs2=1
entry.crl-len-indefinite.digest=becb62cd39daf20b
entry.crl-len-indefinite.err=none
entry.crl-trailing.class=parse
entry.crl-trailing.arm=crl
entry.crl-trailing.signal=0
entry.crl-trailing.ret=1
entry.crl-trailing.obs=1
entry.crl-trailing.obs2=1
entry.crl-trailing.digest=becb62cd39daf20b
entry.crl-trailing.err=none
entry.crl-trunc-empty.class=parse
entry.crl-trunc-empty.arm=crl
entry.crl-trunc-empty.signal=0
entry.crl-trunc-empty.ret=0
entry.crl-trunc-empty.obs=0
entry.crl-trunc-empty.obs2=0
entry.crl-trunc-empty.digest=0000000000000000
entry.crl-trunc-empty.err=13.224
entry.crl-trunc-half.class=parse
entry.crl-trunc-half.arm=crl
entry.crl-trunc-half.signal=0
entry.crl-trunc-half.ret=0
entry.crl-trunc-half.obs=0
entry.crl-trunc-half.obs2=0
entry.crl-trunc-half.digest=0000000000000000
entry.crl-trunc-half.err=13.155
entry.crl-trunc-one-byte-short.class=parse
entry.crl-trunc-one-byte-short.arm=crl
entry.crl-trunc-one-byte-short.signal=0
entry.crl-trunc-one-byte-short.ret=0
entry.crl-trunc-one-byte-short.obs=0
entry.crl-trunc-one-byte-short.obs2=0
entry.crl-trunc-one-byte-short.digest=0000000000000000
entry.crl-trunc-one-byte-short.err=13.155
entry.crl-trunc-one-byte.class=parse
entry.crl-trunc-one-byte.arm=crl
entry.crl-trunc-one-byte.signal=0
entry.crl-trunc-one-byte.ret=0
entry.crl-trunc-one-byte.obs=0
entry.crl-trunc-one-byte.obs2=0
entry.crl-trunc-one-byte.digest=0000000000000000
entry.crl-trunc-one-byte.err=13.123
entry.crl-valid.class=parse
entry.crl-valid.arm=crl
entry.crl-valid.signal=0
entry.crl-valid.ret=1
entry.crl-valid.obs=1
entry.crl-valid.obs2=1
entry.crl-valid.digest=becb62cd39daf20b
entry.crl-valid.err=none
entry.gn-valid.class=parse
entry.gn-valid.arm=gn
entry.gn-valid.signal=0
entry.gn-valid.ret=1
entry.gn-valid.obs=1
entry.gn-valid.obs2=0
entry.gn-valid.digest=2f0c08d1b35d9c2b
entry.gn-valid.err=none
entry.gtime-bad-digit.class=parse
entry.gtime-bad-digit.arm=gtime
entry.gtime-bad-digit.signal=0
entry.gtime-bad-digit.ret=1
entry.gtime-bad-digit.obs=0
entry.gtime-bad-digit.obs2=0
entry.gtime-bad-digit.digest=d7e8b6a196a97317
entry.gtime-bad-digit.err=none
entry.gtime-empty.class=parse
entry.gtime-empty.arm=gtime
entry.gtime-empty.signal=0
entry.gtime-empty.ret=0
entry.gtime-empty.obs=0
entry.gtime-empty.obs2=0
entry.gtime-empty.digest=0000000000000000
entry.gtime-empty.err=13.232
entry.gtime-leap-second.class=parse
entry.gtime-leap-second.arm=gtime
entry.gtime-leap-second.signal=0
entry.gtime-leap-second.ret=1
entry.gtime-leap-second.obs=0
entry.gtime-leap-second.obs2=0
entry.gtime-leap-second.digest=869307f76311d770
entry.gtime-leap-second.err=none
entry.gtime-no-z.class=parse
entry.gtime-no-z.arm=gtime
entry.gtime-no-z.signal=0
entry.gtime-no-z.ret=0
entry.gtime-no-z.obs=0
entry.gtime-no-z.obs2=0
entry.gtime-no-z.digest=0000000000000000
entry.gtime-no-z.err=13.232
entry.gtime-overflow.class=parse
entry.gtime-overflow.arm=gtime
entry.gtime-overflow.signal=0
entry.gtime-overflow.ret=1
entry.gtime-overflow.obs=0
entry.gtime-overflow.obs2=0
entry.gtime-overflow.digest=1f6ff5fa22b687f5
entry.gtime-overflow.err=none
entry.gtime-short.class=parse
entry.gtime-short.arm=gtime
entry.gtime-short.signal=0
entry.gtime-short.ret=0
entry.gtime-short.obs=0
entry.gtime-short.obs2=0
entry.gtime-short.digest=0000000000000000
entry.gtime-short.err=13.232
entry.gtime-valid.class=parse
entry.gtime-valid.arm=gtime
entry.gtime-valid.signal=0
entry.gtime-valid.ret=1
entry.gtime-valid.obs=1
entry.gtime-valid.obs2=0
entry.gtime-valid.digest=30a6f6a4b903830a
entry.gtime-valid.err=none
entry.gtime-year-zero.class=parse
entry.gtime-year-zero.arm=gtime
entry.gtime-year-zero.signal=0
entry.gtime-year-zero.ret=1
entry.gtime-year-zero.obs=1
entry.gtime-year-zero.obs2=0
entry.gtime-year-zero.digest=c411bd4449ce988b
entry.gtime-year-zero.err=none
entry.pemcert-bad-b64.class=parse
entry.pemcert-bad-b64.arm=pemcert
entry.pemcert-bad-b64.signal=0
entry.pemcert-bad-b64.ret=0
entry.pemcert-bad-b64.obs=0
entry.pemcert-bad-b64.obs2=0
entry.pemcert-bad-b64.digest=0000000000000000
entry.pemcert-bad-b64.err=9.100
entry.pemcert-crlf.class=parse
entry.pemcert-crlf.arm=pemcert
entry.pemcert-crlf.signal=0
entry.pemcert-crlf.ret=1
entry.pemcert-crlf.obs=2
entry.pemcert-crlf.obs2=2
entry.pemcert-crlf.digest=d449fde301c5a0ff
entry.pemcert-crlf.err=none
entry.pemcert-empty-b64.class=parse
entry.pemcert-empty-b64.arm=pemcert
entry.pemcert-empty-b64.signal=0
entry.pemcert-empty-b64.ret=0
entry.pemcert-empty-b64.obs=0
entry.pemcert-empty-b64.obs2=0
entry.pemcert-empty-b64.digest=0000000000000000
entry.pemcert-empty-b64.err=none
entry.pemcert-extra-data.class=parse
entry.pemcert-extra-data.arm=pemcert
entry.pemcert-extra-data.signal=0
entry.pemcert-extra-data.ret=1
entry.pemcert-extra-data.obs=2
entry.pemcert-extra-data.obs2=2
entry.pemcert-extra-data.digest=d449fde301c5a0ff
entry.pemcert-extra-data.err=none
entry.pemcert-key-as-cert.class=parse
entry.pemcert-key-as-cert.arm=pemcert
entry.pemcert-key-as-cert.signal=0
entry.pemcert-key-as-cert.ret=0
entry.pemcert-key-as-cert.obs=0
entry.pemcert-key-as-cert.obs2=0
entry.pemcert-key-as-cert.digest=0000000000000000
entry.pemcert-key-as-cert.err=9.108
entry.pemcert-lower-tag.class=parse
entry.pemcert-lower-tag.arm=pemcert
entry.pemcert-lower-tag.signal=0
entry.pemcert-lower-tag.ret=0
entry.pemcert-lower-tag.obs=0
entry.pemcert-lower-tag.obs2=0
entry.pemcert-lower-tag.digest=0000000000000000
entry.pemcert-lower-tag.err=9.102
entry.pemcert-no-begin.class=parse
entry.pemcert-no-begin.arm=pemcert
entry.pemcert-no-begin.signal=0
entry.pemcert-no-begin.ret=0
entry.pemcert-no-begin.obs=0
entry.pemcert-no-begin.obs2=0
entry.pemcert-no-begin.digest=0000000000000000
entry.pemcert-no-begin.err=9.108
entry.pemcert-no-end.class=parse
entry.pemcert-no-end.arm=pemcert
entry.pemcert-no-end.signal=0
entry.pemcert-no-end.ret=0
entry.pemcert-no-end.obs=0
entry.pemcert-no-end.obs2=0
entry.pemcert-no-end.digest=0000000000000000
entry.pemcert-no-end.err=9.102
entry.pemcert-no-final-newline.class=parse
entry.pemcert-no-final-newline.arm=pemcert
entry.pemcert-no-final-newline.signal=0
entry.pemcert-no-final-newline.ret=1
entry.pemcert-no-final-newline.obs=2
entry.pemcert-no-final-newline.obs2=2
entry.pemcert-no-final-newline.digest=d449fde301c5a0ff
entry.pemcert-no-final-newline.err=none
entry.pemcert-padding-bad.class=parse
entry.pemcert-padding-bad.arm=pemcert
entry.pemcert-padding-bad.signal=0
entry.pemcert-padding-bad.ret=0
entry.pemcert-padding-bad.obs=0
entry.pemcert-padding-bad.obs2=0
entry.pemcert-padding-bad.digest=0000000000000000
entry.pemcert-padding-bad.err=9.102
entry.pemcert-short-b64.class=parse
entry.pemcert-short-b64.arm=pemcert
entry.pemcert-short-b64.signal=0
entry.pemcert-short-b64.ret=0
entry.pemcert-short-b64.obs=0
entry.pemcert-short-b64.obs2=0
entry.pemcert-short-b64.digest=0000000000000000
entry.pemcert-short-b64.err=13.155
entry.pemcert-two-certs.class=parse
entry.pemcert-two-certs.arm=pemcert
entry.pemcert-two-certs.signal=0
entry.pemcert-two-certs.ret=1
entry.pemcert-two-certs.obs=2
entry.pemcert-two-certs.obs2=2
entry.pemcert-two-certs.digest=d449fde301c5a0ff
entry.pemcert-two-certs.err=none
entry.pemcert-valid.class=parse
entry.pemcert-valid.arm=pemcert
entry.pemcert-valid.signal=0
entry.pemcert-valid.ret=1
entry.pemcert-valid.obs=2
entry.pemcert-valid.obs2=2
entry.pemcert-valid.digest=d449fde301c5a0ff
entry.pemcert-valid.err=none
entry.pemcert-wrong-label.class=parse
entry.pemcert-wrong-label.arm=pemcert
entry.pemcert-wrong-label.signal=0
entry.pemcert-wrong-label.ret=0
entry.pemcert-wrong-label.obs=0
entry.pemcert-wrong-label.obs2=0
entry.pemcert-wrong-label.digest=0000000000000000
entry.pemcert-wrong-label.err=9.108
entry.pemcrl-bad-b64.class=parse
entry.pemcrl-bad-b64.arm=pemcrl
entry.pemcrl-bad-b64.signal=0
entry.pemcrl-bad-b64.ret=0
entry.pemcrl-bad-b64.obs=0
entry.pemcrl-bad-b64.obs2=0
entry.pemcrl-bad-b64.digest=0000000000000000
entry.pemcrl-bad-b64.err=9.100
entry.pemcrl-no-end.class=parse
entry.pemcrl-no-end.arm=pemcrl
entry.pemcrl-no-end.signal=0
entry.pemcrl-no-end.ret=0
entry.pemcrl-no-end.obs=0
entry.pemcrl-no-end.obs2=0
entry.pemcrl-no-end.digest=0000000000000000
entry.pemcrl-no-end.err=9.102
entry.pemcrl-valid.class=parse
entry.pemcrl-valid.arm=pemcrl
entry.pemcrl-valid.signal=0
entry.pemcrl-valid.ret=1
entry.pemcrl-valid.obs=1
entry.pemcrl-valid.obs2=1
entry.pemcrl-valid.digest=becb62cd39daf20b
entry.pemcrl-valid.err=none
entry.pemcrl-wrong-label.class=parse
entry.pemcrl-wrong-label.arm=pemcrl
entry.pemcrl-wrong-label.signal=0
entry.pemcrl-wrong-label.ret=0
entry.pemcrl-wrong-label.obs=0
entry.pemcrl-wrong-label.obs2=0
entry.pemcrl-wrong-label.digest=0000000000000000
entry.pemcrl-wrong-label.err=9.108
entry.pemreq-no-begin.class=parse
entry.pemreq-no-begin.arm=pemreq
entry.pemreq-no-begin.signal=0
entry.pemreq-no-begin.ret=0
entry.pemreq-no-begin.obs=0
entry.pemreq-no-begin.obs2=0
entry.pemreq-no-begin.digest=0000000000000000
entry.pemreq-no-begin.err=9.108
entry.pemreq-trunc-b64.class=parse
entry.pemreq-trunc-b64.arm=pemreq
entry.pemreq-trunc-b64.signal=0
entry.pemreq-trunc-b64.ret=0
entry.pemreq-trunc-b64.obs=0
entry.pemreq-trunc-b64.obs2=0
entry.pemreq-trunc-b64.digest=0000000000000000
entry.pemreq-trunc-b64.err=13.155
entry.pemreq-valid.class=parse
entry.pemreq-valid.arm=pemreq
entry.pemreq-valid.signal=0
entry.pemreq-valid.ret=1
entry.pemreq-valid.obs=0
entry.pemreq-valid.obs2=0
entry.pemreq-valid.digest=73392ba5c93c5ff2
entry.pemreq-valid.err=none
entry.pemreq-wrong-label.class=parse
entry.pemreq-wrong-label.arm=pemreq
entry.pemreq-wrong-label.signal=0
entry.pemreq-wrong-label.ret=0
entry.pemreq-wrong-label.obs=0
entry.pemreq-wrong-label.obs2=0
entry.pemreq-wrong-label.digest=0000000000000000
entry.pemreq-wrong-label.err=9.108
entry.req-len-huge.class=parse
entry.req-len-huge.arm=req
entry.req-len-huge.signal=0
entry.req-len-huge.ret=0
entry.req-len-huge.obs=0
entry.req-len-huge.obs2=0
entry.req-len-huge.digest=0000000000000000
entry.req-len-huge.err=13.155
entry.req-len-indefinite.class=parse
entry.req-len-indefinite.arm=req
entry.req-len-indefinite.signal=0
entry.req-len-indefinite.ret=1
entry.req-len-indefinite.obs=0
entry.req-len-indefinite.obs2=0
entry.req-len-indefinite.digest=73392ba5c93c5ff2
entry.req-len-indefinite.err=none
entry.req-trailing.class=parse
entry.req-trailing.arm=req
entry.req-trailing.signal=0
entry.req-trailing.ret=1
entry.req-trailing.obs=0
entry.req-trailing.obs2=0
entry.req-trailing.digest=73392ba5c93c5ff2
entry.req-trailing.err=none
entry.req-trunc-empty.class=parse
entry.req-trunc-empty.arm=req
entry.req-trunc-empty.signal=0
entry.req-trunc-empty.ret=0
entry.req-trunc-empty.obs=0
entry.req-trunc-empty.obs2=0
entry.req-trunc-empty.digest=0000000000000000
entry.req-trunc-empty.err=13.224
entry.req-trunc-half.class=parse
entry.req-trunc-half.arm=req
entry.req-trunc-half.signal=0
entry.req-trunc-half.ret=0
entry.req-trunc-half.obs=0
entry.req-trunc-half.obs2=0
entry.req-trunc-half.digest=0000000000000000
entry.req-trunc-half.err=13.155
entry.req-trunc-one-byte-short.class=parse
entry.req-trunc-one-byte-short.arm=req
entry.req-trunc-one-byte-short.signal=0
entry.req-trunc-one-byte-short.ret=0
entry.req-trunc-one-byte-short.obs=0
entry.req-trunc-one-byte-short.obs2=0
entry.req-trunc-one-byte-short.digest=0000000000000000
entry.req-trunc-one-byte-short.err=13.155
entry.req-trunc-one-byte.class=parse
entry.req-trunc-one-byte.arm=req
entry.req-trunc-one-byte.signal=0
entry.req-trunc-one-byte.ret=0
entry.req-trunc-one-byte.obs=0
entry.req-trunc-one-byte.obs2=0
entry.req-trunc-one-byte.digest=0000000000000000
entry.req-trunc-one-byte.err=13.123
entry.req-valid.class=parse
entry.req-valid.arm=req
entry.req-valid.signal=0
entry.req-valid.ret=1
entry.req-valid.obs=0
entry.req-valid.obs2=0
entry.req-valid.digest=73392ba5c93c5ff2
entry.req-valid.err=none
entry.spki-bad-bitstr.class=parse
entry.spki-bad-bitstr.arm=spki
entry.spki-bad-bitstr.signal=0
entry.spki-bad-bitstr.ret=0
entry.spki-bad-bitstr.obs=0
entry.spki-bad-bitstr.obs2=0
entry.spki-bad-bitstr.digest=0000000000000000
entry.spki-bad-bitstr.err=13.155
entry.spki-trunc.class=parse
entry.spki-trunc.arm=spki
entry.spki-trunc.signal=0
entry.spki-trunc.ret=0
entry.spki-trunc.obs=0
entry.spki-trunc.obs2=0
entry.spki-trunc.digest=0000000000000000
entry.spki-trunc.err=13.155
entry.spki-valid.class=parse
entry.spki-valid.arm=spki
entry.spki-valid.signal=0
entry.spki-valid.ret=1
entry.spki-valid.obs=0
entry.spki-valid.obs2=0
entry.spki-valid.digest=d805f07a2e4d0f1a
entry.spki-valid.err=none
entry.utime-bad-digit.class=parse
entry.utime-bad-digit.arm=utime
entry.utime-bad-digit.signal=0
entry.utime-bad-digit.ret=1
entry.utime-bad-digit.obs=0
entry.utime-bad-digit.obs2=0
entry.utime-bad-digit.digest=f9d6c839da9b27d8
entry.utime-bad-digit.err=none
entry.utime-empty.class=parse
entry.utime-empty.arm=utime
entry.utime-empty.signal=0
entry.utime-empty.ret=0
entry.utime-empty.obs=0
entry.utime-empty.obs2=0
entry.utime-empty.digest=0000000000000000
entry.utime-empty.err=13.233
entry.utime-no-z.class=parse
entry.utime-no-z.arm=utime
entry.utime-no-z.signal=0
entry.utime-no-z.ret=0
entry.utime-no-z.obs=0
entry.utime-no-z.obs2=0
entry.utime-no-z.digest=0000000000000000
entry.utime-no-z.err=13.233
entry.utime-overflow.class=parse
entry.utime-overflow.arm=utime
entry.utime-overflow.signal=0
entry.utime-overflow.ret=1
entry.utime-overflow.obs=0
entry.utime-overflow.obs2=0
entry.utime-overflow.digest=94967eee301f0fdf
entry.utime-overflow.err=none
entry.utime-short.class=parse
entry.utime-short.arm=utime
entry.utime-short.signal=0
entry.utime-short.ret=0
entry.utime-short.obs=0
entry.utime-short.obs2=0
entry.utime-short.digest=0000000000000000
entry.utime-short.err=13.233
entry.utime-valid.class=parse
entry.utime-valid.arm=utime
entry.utime-valid.signal=0
entry.utime-valid.ret=1
entry.utime-valid.obs=1
entry.utime-valid.obs2=0
entry.utime-valid.digest=facb0839db6a4d10
entry.utime-valid.err=none
entry.nc-bad-subtree.class=parse
entry.nc-bad-subtree.arm=xext
entry.nc-bad-subtree.signal=0
entry.nc-bad-subtree.ret=1
entry.nc-bad-subtree.obs=666
entry.nc-bad-subtree.obs2=0
entry.nc-bad-subtree.digest=7e90bd3726ddcc2d
entry.nc-bad-subtree.err=13.143
entry.nc-empty-subtree.class=parse
entry.nc-empty-subtree.arm=xext
entry.nc-empty-subtree.signal=0
entry.nc-empty-subtree.ret=1
entry.nc-empty-subtree.obs=666
entry.nc-empty-subtree.obs2=0
entry.nc-empty-subtree.digest=000c35b2b4b7d4ad
entry.nc-empty-subtree.err=13.121
entry.nc-empty.class=parse
entry.nc-empty.arm=xext
entry.nc-empty.signal=0
entry.nc-empty.ret=1
entry.nc-empty.obs=666
entry.nc-empty.obs2=0
entry.nc-empty.digest=14650fb0739d0383
entry.nc-empty.err=13.224
entry.nc-len-overrun.class=parse
entry.nc-len-overrun.arm=xext
entry.nc-len-overrun.signal=0
entry.nc-len-overrun.ret=1
entry.nc-len-overrun.obs=666
entry.nc-len-overrun.obs2=0
entry.nc-len-overrun.digest=ef5de92e04463dd3
entry.nc-len-overrun.err=13.123
entry.nc-not-seq.class=parse
entry.nc-not-seq.arm=xext
entry.nc-not-seq.signal=0
entry.nc-not-seq.ret=1
entry.nc-not-seq.obs=666
entry.nc-not-seq.obs2=0
entry.nc-not-seq.digest=cbe6734f4e2ed47c
entry.nc-not-seq.err=13.168
entry.san-bad-name-tag.class=parse
entry.san-bad-name-tag.arm=xext
entry.san-bad-name-tag.signal=0
entry.san-bad-name-tag.ret=1
entry.san-bad-name-tag.obs=85
entry.san-bad-name-tag.obs2=0
entry.san-bad-name-tag.digest=b9829cc5e368a1ea
entry.san-bad-name-tag.err=13.155
entry.san-empty.class=parse
entry.san-empty.arm=xext
entry.san-empty.signal=0
entry.san-empty.ret=1
entry.san-empty.obs=85
entry.san-empty.obs2=0
entry.san-empty.digest=14650fb0739d0383
entry.san-empty.err=13.224
entry.san-len-overrun.class=parse
entry.san-len-overrun.arm=xext
entry.san-len-overrun.signal=0
entry.san-len-overrun.ret=1
entry.san-len-overrun.obs=85
entry.san-len-overrun.obs2=0
entry.san-len-overrun.digest=93ddcf11344cc695
entry.san-len-overrun.err=13.123
entry.san-nested.class=parse
entry.san-nested.arm=xext
entry.san-nested.signal=0
entry.san-nested.ret=1
entry.san-nested.obs=85
entry.san-nested.obs2=0
entry.san-nested.digest=0aa2d3892d0aa6c4
entry.san-nested.err=13.143
entry.san-not-seq.class=parse
entry.san-not-seq.arm=xext
entry.san-not-seq.signal=0
entry.san-not-seq.ret=1
entry.san-not-seq.obs=85
entry.san-not-seq.obs2=0
entry.san-not-seq.digest=97edea4f30bf73b5
entry.san-not-seq.err=13.168
entry.xext-bc-valid.class=parse
entry.xext-bc-valid.arm=xext
entry.xext-bc-valid.signal=0
entry.xext-bc-valid.ret=1
entry.xext-bc-valid.obs=87
entry.xext-bc-valid.obs2=1
entry.xext-bc-valid.digest=7dd085c49f985501
entry.xext-bc-valid.err=none
entry.xext-critical-bc.class=parse
entry.xext-critical-bc.arm=xext
entry.xext-critical-bc.signal=0
entry.xext-critical-bc.ret=1
entry.xext-critical-bc.obs=87
entry.xext-critical-bc.obs2=0
entry.xext-critical-bc.digest=44bd2bd473ccf799
entry.xext-critical-bc.err=13.123
entry.xext-critical-san.class=parse
entry.xext-critical-san.arm=xext
entry.xext-critical-san.signal=0
entry.xext-critical-san.ret=1
entry.xext-critical-san.obs=85
entry.xext-critical-san.obs2=1
entry.xext-critical-san.digest=2f0c08d1b35d9c2b
entry.xext-critical-san.err=none
entry.xext-critical-unknown.class=parse
entry.xext-critical-unknown.arm=xext
entry.xext-critical-unknown.signal=0
entry.xext-critical-unknown.ret=1
entry.xext-critical-unknown.obs=0
entry.xext-critical-unknown.obs2=0
entry.xext-critical-unknown.digest=9a65ab00c545d26c
entry.xext-critical-unknown.err=none
entry.xext-empty.class=parse
entry.xext-empty.arm=xext
entry.xext-empty.signal=0
entry.xext-empty.ret=0
entry.xext-empty.obs=0
entry.xext-empty.obs2=0
entry.xext-empty.digest=0000000000000000
entry.xext-empty.err=13.121
entry.xext-nc-valid.class=parse
entry.xext-nc-valid.arm=xext
entry.xext-nc-valid.signal=0
entry.xext-nc-valid.ret=1
entry.xext-nc-valid.obs=666
entry.xext-nc-valid.obs2=0
entry.xext-nc-valid.digest=ff98afc53635dd28
entry.xext-nc-valid.err=13.143
entry.xext-no-value.class=parse
entry.xext-no-value.arm=xext
entry.xext-no-value.signal=0
entry.xext-no-value.ret=0
entry.xext-no-value.obs=0
entry.xext-no-value.obs2=0
entry.xext-no-value.digest=0000000000000000
entry.xext-no-value.err=13.121
entry.xext-oid-only-int.class=parse
entry.xext-oid-only-int.arm=xext
entry.xext-oid-only-int.signal=0
entry.xext-oid-only-int.ret=0
entry.xext-oid-only-int.obs=0
entry.xext-oid-only-int.obs2=0
entry.xext-oid-only-int.digest=0000000000000000
entry.xext-oid-only-int.err=13.168
entry.xext-trunc.class=parse
entry.xext-trunc.arm=xext
entry.xext-trunc.signal=0
entry.xext-trunc.ret=0
entry.xext-trunc.obs=0
entry.xext-trunc.obs2=0
entry.xext-trunc.digest=0000000000000000
entry.xext-trunc.err=13.155
entry.xext-unknown-oid-zero.class=parse
entry.xext-unknown-oid-zero.arm=xext
entry.xext-unknown-oid-zero.signal=0
entry.xext-unknown-oid-zero.ret=1
entry.xext-unknown-oid-zero.obs=0
entry.xext-unknown-oid-zero.obs2=0
entry.xext-unknown-oid-zero.digest=14650fb0739d0383
entry.xext-unknown-oid-zero.err=none
entry.xext-unknown-oid.class=parse
entry.xext-unknown-oid.arm=xext
entry.xext-unknown-oid.signal=0
entry.xext-unknown-oid.ret=1
entry.xext-unknown-oid.obs=0
entry.xext-unknown-oid.obs2=0
entry.xext-unknown-oid.digest=2f0c08d1b35d9c2b
entry.xext-unknown-oid.err=none
entry.xext-valid.class=parse
entry.xext-valid.arm=xext
entry.xext-valid.signal=0
entry.xext-valid.ret=1
entry.xext-valid.obs=85
entry.xext-valid.obs2=1
entry.xext-valid.digest=2f0c08d1b35d9c2b
entry.xext-valid.err=none
entry.xext-duplicate.class=parse
entry.xext-duplicate.arm=xexts
entry.xext-duplicate.signal=0
entry.xext-duplicate.ret=1
entry.xext-duplicate.obs=2
entry.xext-duplicate.obs2=2
entry.xext-duplicate.digest=0000000000000000
entry.xext-duplicate.err=none
entry.xexts-empty.class=parse
entry.xexts-empty.arm=xexts
entry.xexts-empty.signal=0
entry.xexts-empty.ret=1
entry.xexts-empty.obs=0
entry.xexts-empty.obs2=0
entry.xexts-empty.digest=0000000000000000
entry.xexts-empty.err=none
entry.xexts-mixed.class=parse
entry.xexts-mixed.arm=xexts
entry.xexts-mixed.signal=0
entry.xexts-mixed.ret=1
entry.xexts-mixed.obs=4
entry.xexts-mixed.obs2=2
entry.xexts-mixed.digest=50d82b640051e837
entry.xexts-mixed.err=13.123
entry.xexts-valid.class=parse
entry.xexts-valid.arm=xexts
entry.xexts-valid.signal=0
entry.xexts-valid.ret=1
entry.xexts-valid.obs=2
entry.xexts-valid.obs2=2
entry.xexts-valid.digest=1f663d4312484a57
entry.xexts-valid.err=none
probe.done=1
