FRF-MUTANT:stdout-first-line:transcript.sha256=3a0cf36388ca378b803279ef89fc064c74d80491247a1016f9f2c0b355e05d78
fetch.CTR-DRBG=1
name.CTR-DRBG=CTR-DRBG
is_a.CTR-DRBG.self=1
gettable.CTR-DRBG=null
ctx.CTR-DRBG=1
state.new.CTR-DRBG=0
strength.new.CTR-DRBG=0
ctxtable.CTR-DRBG.0=cipher:4
ctxtable.CTR-DRBG.1=use_derivation_function:1
ctxtable.CTR-DRBG.2=state:1
ctxtable.CTR-DRBG.3=strength:2
ctxtable.CTR-DRBG.4=max_request:2
ctxtable.CTR-DRBG.5=min_entropylen:2
ctxtable.CTR-DRBG.6=max_entropylen:2
ctxtable.CTR-DRBG.7=min_noncelen:2
ctxtable.CTR-DRBG.8=max_noncelen:2
ctxtable.CTR-DRBG.9=max_perslen:2
ctxtable.CTR-DRBG.10=max_adinlen:2
ctxtable.CTR-DRBG.11=reseed_counter:2
ctxtable.CTR-DRBG.12=reseed_time:1
ctxtable.CTR-DRBG.13=reseed_requests:2
ctxtable.CTR-DRBG.14=reseed_time_interval:2
ctxtable.CTR-DRBG.count=15
settable.CTR-DRBG.0=properties:4
settable.CTR-DRBG.1=cipher:4
settable.CTR-DRBG.2=use_derivation_function:1
settable.CTR-DRBG.3=provider-name:4
settable.CTR-DRBG.4=reseed_requests:2
settable.CTR-DRBG.5=reseed_time_interval:2
settable.CTR-DRBG.count=6
generate.uninit.CTR-DRBG=0
state.after.uninit.CTR-DRBG=2
err.uninit.CTR-DRBG.0=lib=57,reason=188
err.uninit.CTR-DRBG.1=lib=57,reason=192
err.uninit.CTR-DRBG.2=lib=6,reason=214
err.uninit.CTR-DRBG.count=3
instantiate.in_error.CTR-DRBG=0
state.in_error.CTR-DRBG=2
err.in_error.CTR-DRBG.0=lib=57,reason=192
err.in_error.CTR-DRBG.count=1
set.CTR-DRBG=1
err.set.CTR-DRBG.count=0
state.after_set.CTR-DRBG=0
strength.after_set.CTR-DRBG=256
instantiate.CTR-DRBG=1
state.ready.CTR-DRBG=1
strength.ready.CTR-DRBG=256
err.instantiate.CTR-DRBG.count=0
uints.CTR-DRBG.rc=1
uints.CTR-DRBG.v.strength=256
uints.CTR-DRBG.v.max_request=65536
uints.CTR-DRBG.v.min_entropylen=32
uints.CTR-DRBG.v.max_entropylen=2147483647
uints.CTR-DRBG.v.min_noncelen=16
uints.CTR-DRBG.v.max_noncelen=2147483647
uints.CTR-DRBG.v.max_perslen=2147483647
uints.CTR-DRBG.v.max_adinlen=2147483647
uints.CTR-DRBG.v.reseed_counter=2
uints.CTR-DRBG.v.reseed_requests=256
uints.CTR-DRBG.v.reseed_time_interval=3600
cipher.CTR-DRBG.rc=1
cipher.CTR-DRBG.v=AES-256-CTR
generate.CTR-DRBG=1
state.after.generate.CTR-DRBG=1
err.generate.CTR-DRBG.count=0
generate.short.CTR-DRBG=1
state.after.short.CTR-DRBG=1
err.short.CTR-DRBG.count=0
uints.after.CTR-DRBG.rc=1
uints.after.CTR-DRBG.v.strength=256
uints.after.CTR-DRBG.v.max_request=65536
uints.after.CTR-DRBG.v.min_entropylen=32
uints.after.CTR-DRBG.v.max_entropylen=2147483647
uints.after.CTR-DRBG.v.min_noncelen=16
uints.after.CTR-DRBG.v.max_noncelen=2147483647
uints.after.CTR-DRBG.v.max_perslen=2147483647
uints.after.CTR-DRBG.v.max_adinlen=2147483647
uints.after.CTR-DRBG.v.reseed_counter=2
uints.after.CTR-DRBG.v.reseed_requests=256
uints.after.CTR-DRBG.v.reseed_time_interval=3600
reinstantiate.CTR-DRBG=1
state.after.reinstantiate.CTR-DRBG=1
err.reinstantiate.CTR-DRBG.0=lib=57,reason=185
err.reinstantiate.CTR-DRBG.count=1
verify_zeroization.CTR-DRBG=0
err.verify_zeroization.CTR-DRBG.count=0
uninstantiate.CTR-DRBG=1
state.uninstantiated.CTR-DRBG=0
err.uninstantiate.CTR-DRBG.count=0
generate.post.CTR-DRBG=1
err.post.CTR-DRBG.count=0
set.too_strong.CTR-DRBG=1
instantiate.too_strong.CTR-DRBG=0
state.too_strong.CTR-DRBG=0
err.too_strong.CTR-DRBG.0=lib=57,reason=181
err.too_strong.CTR-DRBG.count=1
set.bad.CTR-DRBG=0
err.set.bad.CTR-DRBG.0=lib=57,reason=206
err.set.bad.CTR-DRBG.count=1
fetch.HASH-DRBG=1
name.HASH-DRBG=HASH-DRBG
is_a.HASH-DRBG.self=1
gettable.HASH-DRBG=null
ctx.HASH-DRBG=1
state.new.HASH-DRBG=0
strength.new.HASH-DRBG=0
ctxtable.HASH-DRBG.0=digest:4
ctxtable.HASH-DRBG.1=state:1
ctxtable.HASH-DRBG.2=strength:2
ctxtable.HASH-DRBG.3=max_request:2
ctxtable.HASH-DRBG.4=min_entropylen:2
ctxtable.HASH-DRBG.5=max_entropylen:2
ctxtable.HASH-DRBG.6=min_noncelen:2
ctxtable.HASH-DRBG.7=max_noncelen:2
ctxtable.HASH-DRBG.8=max_perslen:2
ctxtable.HASH-DRBG.9=max_adinlen:2
ctxtable.HASH-DRBG.10=reseed_counter:2
ctxtable.HASH-DRBG.11=reseed_time:1
ctxtable.HASH-DRBG.12=reseed_requests:2
ctxtable.HASH-DRBG.13=reseed_time_interval:2
ctxtable.HASH-DRBG.count=14
settable.HASH-DRBG.0=properties:4
settable.HASH-DRBG.1=digest:4
settable.HASH-DRBG.2=provider-name:4
settable.HASH-DRBG.3=reseed_requests:2
settable.HASH-DRBG.4=reseed_time_interval:2
settable.HASH-DRBG.count=5
generate.uninit.HASH-DRBG=0
state.after.uninit.HASH-DRBG=2
err.uninit.HASH-DRBG.0=lib=6,reason=139
err.uninit.HASH-DRBG.1=lib=57,reason=188
err.uninit.HASH-DRBG.2=lib=57,reason=192
err.uninit.HASH-DRBG.3=lib=6,reason=214
err.uninit.HASH-DRBG.count=4
instantiate.in_error.HASH-DRBG=0
state.in_error.HASH-DRBG=2
err.in_error.HASH-DRBG.0=lib=57,reason=192
err.in_error.HASH-DRBG.count=1
set.HASH-DRBG=1
err.set.HASH-DRBG.count=0
state.after_set.HASH-DRBG=0
strength.after_set.HASH-DRBG=256
instantiate.HASH-DRBG=1
state.ready.HASH-DRBG=1
strength.ready.HASH-DRBG=256
err.instantiate.HASH-DRBG.count=0
uints.HASH-DRBG.rc=1
uints.HASH-DRBG.v.strength=256
uints.HASH-DRBG.v.max_request=65536
uints.HASH-DRBG.v.min_entropylen=32
uints.HASH-DRBG.v.max_entropylen=2147483647
uints.HASH-DRBG.v.min_noncelen=16
uints.HASH-DRBG.v.max_noncelen=2147483647
uints.HASH-DRBG.v.max_perslen=2147483647
uints.HASH-DRBG.v.max_adinlen=2147483647
uints.HASH-DRBG.v.reseed_counter=2
uints.HASH-DRBG.v.reseed_requests=256
uints.HASH-DRBG.v.reseed_time_interval=3600
digest.HASH-DRBG.rc=1
digest.HASH-DRBG.v=SHA2-256
generate.HASH-DRBG=1
state.after.generate.HASH-DRBG=1
err.generate.HASH-DRBG.count=0
generate.short.HASH-DRBG=1
state.after.short.HASH-DRBG=1
err.short.HASH-DRBG.count=0
uints.after.HASH-DRBG.rc=1
uints.after.HASH-DRBG.v.strength=256
uints.after.HASH-DRBG.v.max_request=65536
uints.after.HASH-DRBG.v.min_entropylen=32
uints.after.HASH-DRBG.v.max_entropylen=2147483647
uints.after.HASH-DRBG.v.min_noncelen=16
uints.after.HASH-DRBG.v.max_noncelen=2147483647
uints.after.HASH-DRBG.v.max_perslen=2147483647
uints.after.HASH-DRBG.v.max_adinlen=2147483647
uints.after.HASH-DRBG.v.reseed_counter=2
uints.after.HASH-DRBG.v.reseed_requests=256
uints.after.HASH-DRBG.v.reseed_time_interval=3600
reinstantiate.HASH-DRBG=1
state.after.reinstantiate.HASH-DRBG=1
err.reinstantiate.HASH-DRBG.0=lib=57,reason=185
err.reinstantiate.HASH-DRBG.count=1
verify_zeroization.HASH-DRBG=0
err.verify_zeroization.HASH-DRBG.count=0
uninstantiate.HASH-DRBG=1
state.uninstantiated.HASH-DRBG=0
err.uninstantiate.HASH-DRBG.count=0
generate.post.HASH-DRBG=1
err.post.HASH-DRBG.count=0
set.too_strong.HASH-DRBG=1
instantiate.too_strong.HASH-DRBG=0
state.too_strong.HASH-DRBG=0
err.too_strong.HASH-DRBG.0=lib=57,reason=181
err.too_strong.HASH-DRBG.count=1
set.bad.HASH-DRBG=0
err.set.bad.HASH-DRBG.0=lib=6,reason=524556
err.set.bad.HASH-DRBG.count=1
fetch.HMAC-DRBG=1
name.HMAC-DRBG=HMAC-DRBG
is_a.HMAC-DRBG.self=1
gettable.HMAC-DRBG=null
ctx.HMAC-DRBG=1
state.new.HMAC-DRBG=0
strength.new.HMAC-DRBG=0
ctxtable.HMAC-DRBG.0=mac:4
ctxtable.HMAC-DRBG.1=digest:4
ctxtable.HMAC-DRBG.2=state:1
ctxtable.HMAC-DRBG.3=strength:2
ctxtable.HMAC-DRBG.4=max_request:2
ctxtable.HMAC-DRBG.5=min_entropylen:2
ctxtable.HMAC-DRBG.6=max_entropylen:2
ctxtable.HMAC-DRBG.7=min_noncelen:2
ctxtable.HMAC-DRBG.8=max_noncelen:2
ctxtable.HMAC-DRBG.9=max_perslen:2
ctxtable.HMAC-DRBG.10=max_adinlen:2
ctxtable.HMAC-DRBG.11=reseed_counter:2
ctxtable.HMAC-DRBG.12=reseed_time:1
ctxtable.HMAC-DRBG.13=reseed_requests:2
ctxtable.HMAC-DRBG.14=reseed_time_interval:2
ctxtable.HMAC-DRBG.count=15
settable.HMAC-DRBG.0=properties:4
settable.HMAC-DRBG.1=digest:4
settable.HMAC-DRBG.2=mac:4
settable.HMAC-DRBG.3=provider-name:4
settable.HMAC-DRBG.4=reseed_requests:2
settable.HMAC-DRBG.5=reseed_time_interval:2
settable.HMAC-DRBG.count=6
generate.uninit.HMAC-DRBG=0
state.after.uninit.HMAC-DRBG=2
err.uninit.HMAC-DRBG.0=lib=57,reason=150
err.uninit.HMAC-DRBG.1=lib=57,reason=188
err.uninit.HMAC-DRBG.2=lib=57,reason=192
err.uninit.HMAC-DRBG.3=lib=6,reason=214
err.uninit.HMAC-DRBG.count=4
instantiate.in_error.HMAC-DRBG=0
state.in_error.HMAC-DRBG=2
err.in_error.HMAC-DRBG.0=lib=57,reason=192
err.in_error.HMAC-DRBG.count=1
set.HMAC-DRBG=1
err.set.HMAC-DRBG.count=0
state.after_set.HMAC-DRBG=0
strength.after_set.HMAC-DRBG=256
instantiate.HMAC-DRBG=1
state.ready.HMAC-DRBG=1
strength.ready.HMAC-DRBG=256
err.instantiate.HMAC-DRBG.count=0
uints.HMAC-DRBG.rc=1
uints.HMAC-DRBG.v.strength=256
uints.HMAC-DRBG.v.max_request=65536
uints.HMAC-DRBG.v.min_entropylen=32
uints.HMAC-DRBG.v.max_entropylen=2147483647
uints.HMAC-DRBG.v.min_noncelen=16
uints.HMAC-DRBG.v.max_noncelen=2147483647
uints.HMAC-DRBG.v.max_perslen=2147483647
uints.HMAC-DRBG.v.max_adinlen=2147483647
uints.HMAC-DRBG.v.reseed_counter=2
uints.HMAC-DRBG.v.reseed_requests=256
uints.HMAC-DRBG.v.reseed_time_interval=3600
digest.HMAC-DRBG.rc=1
digest.HMAC-DRBG.v=SHA2-256
mac.HMAC-DRBG.rc=1
mac.HMAC-DRBG.v=HMAC
generate.HMAC-DRBG=1
state.after.generate.HMAC-DRBG=1
err.generate.HMAC-DRBG.count=0
generate.short.HMAC-DRBG=1
state.after.short.HMAC-DRBG=1
err.short.HMAC-DRBG.count=0
uints.after.HMAC-DRBG.rc=1
uints.after.HMAC-DRBG.v.strength=256
uints.after.HMAC-DRBG.v.max_request=65536
uints.after.HMAC-DRBG.v.min_entropylen=32
uints.after.HMAC-DRBG.v.max_entropylen=2147483647
uints.after.HMAC-DRBG.v.min_noncelen=16
uints.after.HMAC-DRBG.v.max_noncelen=2147483647
uints.after.HMAC-DRBG.v.max_perslen=2147483647
uints.after.HMAC-DRBG.v.max_adinlen=2147483647
uints.after.HMAC-DRBG.v.reseed_counter=2
uints.after.HMAC-DRBG.v.reseed_requests=256
uints.after.HMAC-DRBG.v.reseed_time_interval=3600
reinstantiate.HMAC-DRBG=1
state.after.reinstantiate.HMAC-DRBG=1
err.reinstantiate.HMAC-DRBG.0=lib=57,reason=185
err.reinstantiate.HMAC-DRBG.count=1
verify_zeroization.HMAC-DRBG=0
err.verify_zeroization.HMAC-DRBG.count=0
uninstantiate.HMAC-DRBG=1
state.uninstantiated.HMAC-DRBG=0
err.uninstantiate.HMAC-DRBG.count=0
generate.post.HMAC-DRBG=1
err.post.HMAC-DRBG.count=0
set.too_strong.HMAC-DRBG=1
instantiate.too_strong.HMAC-DRBG=0
state.too_strong.HMAC-DRBG=0
err.too_strong.HMAC-DRBG.0=lib=57,reason=181
err.too_strong.HMAC-DRBG.count=1
set.bad.HMAC-DRBG=0
err.set.bad.HMAC-DRBG.0=lib=6,reason=524556
err.set.bad.HMAC-DRBG.count=1
fetch.SEED-SRC=1
name.SEED-SRC=SEED-SRC
is_a.SEED-SRC.self=1
gettable.SEED-SRC=null
ctx.SEED-SRC=1
state.new.SEED-SRC=0
ctxtable.SEED-SRC.0=state:1
ctxtable.SEED-SRC.1=strength:2
ctxtable.SEED-SRC.2=max_request:2
ctxtable.SEED-SRC.count=3
settable.SEED-SRC=null
instantiate.SEED-SRC=1
state.ready.SEED-SRC=1
strength.ready.SEED-SRC=1024
err.instantiate.SEED-SRC.count=0
uints.SEED-SRC.rc=1
uints.SEED-SRC.v.strength=1024
uints.SEED-SRC.v.max_request=128
generate.SEED-SRC=1
state.after.generate.SEED-SRC=1
err.generate.SEED-SRC.count=0
uninstantiate.SEED-SRC=1
state.uninstantiated.SEED-SRC=0
err.uninstantiate.SEED-SRC.count=0
fetch.TEST-RAND=1
name.TEST-RAND=TEST-RAND
is_a.TEST-RAND.self=1
gettable.TEST-RAND=null
ctx.TEST-RAND=1
state.new.TEST-RAND=0
ctxtable.TEST-RAND.0=state:1
ctxtable.TEST-RAND.1=strength:2
ctxtable.TEST-RAND.2=max_request:2
ctxtable.TEST-RAND.3=generate:2
ctxtable.TEST-RAND.count=4
settable.TEST-RAND.0=test_entropy:5
settable.TEST-RAND.1=test_nonce:5
settable.TEST-RAND.2=strength:2
settable.TEST-RAND.3=max_request:2
settable.TEST-RAND.4=generate:2
settable.TEST-RAND.count=5
set.TEST-RAND=1
err.set.TEST-RAND.count=0
instantiate.TEST-RAND=1
state.ready.TEST-RAND=1
strength.ready.TEST-RAND=0
err.instantiate.TEST-RAND.count=0
uints.TEST-RAND.rc=1
uints.TEST-RAND.v.strength=0
uints.TEST-RAND.v.max_request=2147483647
uints.TEST-RAND.v.generate=0
generate.TEST-RAND=1
state.after.generate.TEST-RAND=1
err.generate.TEST-RAND.count=0
bytes.TEST-RAND=000102030405060708090a0b0c0d0e0f101112131415161718191a1b1c1d1e1f202122232425262728292a2b2c2d2e2f303132333435363738393a3b3c3d3e3f
uninstantiate.TEST-RAND=1
state.uninstantiated.TEST-RAND=0
err.uninstantiate.TEST-RAND.count=0
fetch.RSA=0
fetch.RSA.err.0=lib=6,reason=524556
fetch.RSA.err.count=1
provider.available=1
