FRF-MUTANT:stdout-first-line:transcript.sha256=7026e3811a57242b7848f5065bf2d27d954034554fc7aedb4573c4bf55e55bd0
session.new=nonnull
session.up_ref=1
session.set1_id=1
session.id.len=16
session.id.eq=1
session.set1_id.too_long=0
session.id.len.after_too_long=16
session.set1_id.zero=1
session.set1_id.again=1
session.set1_id_context=1
session.id_ctx.len=5
session.id_ctx.eq=1
session.set1_id_context.too_long=0
session.set1_master_key=1
session.get_master_key.len=48
session.get_master_key.n=48
session.master_key.eq=1
session.set_time_ex=1700000000
session.get_time_ex=1700000000
session.get_time=1700000000
session.set_time=1700000100
session.get_time_ex2=1700000100
session.set_time_ex2=1700000000
session.set_timeout=1
session.get_timeout=300
session.set_timeout.neg=0
session.set_protocol=1
session.get_protocol=771
session.has_ticket=0
session.ticket_hint=0
session.ticket.ptr=null
session.ticket.len=0
session.get_compress_id=0
session.get_max_early_data=0
session.set_max_early_data=1
session.get_max_early_data2=42
session.set1_hostname=1
session.get0_hostname.eq=1
session.set1_hostname.null=1
session.get0_hostname.null=null
session.set1_hostname.again=1
session.set1_alpn=1
session.alpn.len=2
session.alpn.eq=1
session.set1_alpn.empty=1
session.set1_alpn.again=1
session.set1_ticket_appdata=1
session.get0_ticket_appdata=1
session.ticket_appdata.len=2
session.ticket_appdata.eq=1
session.set1_ticket_appdata.null=1
session.get0_peer=null
session.get0_peer_rpk=null
session.is_resumable=1
session.dup=nonnull
session.dup.id.len=16
session.dup.id.eq=1
session.dup.protocol=771
session.dup.hostname.eq=1
session.dup.master_key.len=48
session.get_ex_data.before=null
session.set_ex_data=1
session.get_ex_data.after=1
session.set_cipher=1
session.set_cipher.null=1
session.set_cipher.again=1
session.get0_cipher.eq=1
der.len=146
der.bytes=0\x81\x8f\x02\x01\x01\x02\x02\x03\x03\x04\x02\x00\x9c\x04\x08\x01\x02\x03\x04\x05\x06\x07\x08\x040\x01\x04\x07\n\r\x10\x13\x16\x19\x1c\x1f"%(+.147:=@CFILORUX[^adgjmpsvy|\x7f\x82\x85\x88\x8b\x8e\xa1\x06\x02\x04eS\xf1\x00\xa2\x04\x02\x02\x01,\xa4\x06\x04\x04\x09\n\x0b\x0c\xa5\x03\x02\x01\x01\xa6\x0e\x04\x0cexample.test\xaf\x03\x02\x01\x07\xb0\x04\x04\x02h2\xb1\x04\x02\x02\x00\xff\xb2\x05\x04\x03app\xb3\x03\x02\x01\x00
der.reparse=nonnull
der.rp.protocol=771
der.rp.id.len=8
der.rp.master_key.len=48
der.rp.hostname.eq=1
der.rp.time=1700000000
der.rp.timeout=300
der.rp.max_early_data=7
der.rp.cipher.eq=1
pem.write.bio=1
pem.bytes=-----BEGIN SSL SESSION PARAMETERS-----\nMIGPAgEBAgIDAwQCAJwECAECAwQFBgcIBDABBAcKDRATFhkcHyIlKCsuMTQ3Oj1A\nQ0ZJTE9SVVhbXmFkZ2ptcHN2eXx/goWIi46hBgIEZVPxAKIEAgIBLKQGBAQJCgsM\npQMCAQGmDgQMZXhhbXBsZS50ZXN0rwMCAQewBAQCaDKxBAICAP+yBQQDYXBwswMC\nAQA=\n-----END SSL SESSION PARAMETERS-----\n
pem.reparse.bio=nonnull
pem.rp.protocol=771
pem.rp.hostname.eq=1
pem.write.fp=1
pem.fp.bytes=-----BEGIN SSL SESSION PARAMETERS-----\nMIGPAgEBAgIDAwQCAJwECAECAwQFBgcIBDABBAcKDRATFhkcHyIlKCsuMTQ3Oj1A\nQ0ZJTE9SVVhbXmFkZ2ptcHN2eXx/goWIi46hBgIEZVPxAKIEAgIBLKQGBAQJCgsM\npQMCAQGmDgQMZXhhbXBsZS50ZXN0rwMCAQewBAQCaDKxBAICAP+yBQQDYXBwswMC\nAQA=\n-----END SSL SESSION PARAMETERS-----\n
pem.reparse.fp=nonnull
der.reparse_ex=nonnull
der.rp_ex.protocol=771
print.ok=1
print.bytes=SSL-Session:\n    Protocol  : TLSv1.2\n    Cipher    : AES128-GCM-SHA256\n    Session-ID: 0102030405060708\n    Session-ID-ctx: 090A0B0C\n    Master-Key: 0104070A0D101316191C1F2225282B2E3134373A3D404346494C4F5255585B5E6164676A6D707376797C7F8285888B8E\n    PSK identity: None\n    PSK identity hint: None\n    SRP username: None\n    Start Time: 1700000000\n    Timeout   : 300 (sec)\n    Verify return code: 1 (unspecified certificate verification error)\n    Extended master secret: no\n
print.null=0
keylog.ok=1
keylog.bytes=RSA Session-ID:0102030405060708 Master-Key:0104070A0D101316191C1F2225282B2E3134373A3D404346494C4F5255585B5E6164676A6D707376797C7F8285888B8E\n
keylog.null=0
print_fp.ok=1
print_fp.bytes=SSL-Session:\n    Protocol  : TLSv1.2\n    Cipher    : AES128-GCM-SHA256\n    Session-ID: 0102030405060708\n    Session-ID-ctx: 090A0B0C\n    Master-Key: 0104070A0D101316191C1F2225282B2E3134373A3D404346494C4F5255585B5E6164676A6D707376797C7F8285888B8E\n    PSK identity: None\n    PSK identity hint: None\n    SRP username: None\n    Start Time: 1700000000\n    Timeout   : 300 (sec)\n    Verify return code: 1 (unspecified certificate verification error)\n    Extended master secret: no\n
session.set_cipher=1
session.set_cipher.null=1
session.set_cipher.again=1
ctx.set_timeout=7200
ctx.get_timeout=100
cache.add=1
cache.add.again=0
cache.remove=1
cache.remove.again=0
cache.add.dup=1
cache.remove.after_flush=0
cb.new.nonnull=1
cb.remove.nonnull=1
cb.get.nonnull=1
cb.info.nonnull=1
cb.client_cert.nonnull=1
ssl.get_session.fresh=null
ssl.get1_session.fresh=null
ssl.set_session=1
ssl.get_session.set=nonnull
ssl.get1_session.set=nonnull
ssl.set_session.null=1
ssl.get_session.after_null=null
ssl.set_secret_cb=1
ssl.set_ticket_ext_cb=1
ssl.set_ticket_ext=1
ssl.set_ticket_ext.empty=1
fixture.cert=nonnull
fixture.key=nonnull
rsa.use_cert.ctx=1
rsa.get0_cert=nonnull
rsa.use_key.ctx=1
rsa.check.ctx=1
rsa.get0_key=nonnull
rsa.get_cert.ssl=nonnull
rsa.get_key.ssl=nonnull
rsa.use_cert.ssl=1
rsa.use_key.ssl=1
rsa.check.ssl=1
fixture.cert.der.len=777
rsa.use_cert_asn1=1
rsa.get0_cert_asn1=nonnull
rsa.use_cert_asn1.ssl=1
rsa.use_cert_asn1.bad=0
rsa.use_key_asn1.bad=0
rsa.use_key_asn1=0
certkey.ctx.override=1
certkey.ctx.no_override=0
certkey.ssl.override=1
rsa.use_cert.null=0
rsa.use_key.null=0
rsa.use_cert.ssl.null=0
rsa.use_key.ssl.null=0
file.use_cert.ctx.null=0
file.use_key.ctx.null=0
file.use_cert.ssl.null=0
file.use_key.ssl.null=0
file.chain.ctx.null=0
file.chain.ssl.null=0
fixture.rsa=nonnull
legacy.ctx.use=1
legacy.ctx.use.null=0
legacy.ssl.use=1
fixture.rsa.der.len=1193
legacy.ctx.asn1.use=1
legacy.ssl.asn1.use=1
legacy.ctx.asn1.bad=0
legacy.ssl.asn1.bad=0
legacy.file.ctx.null=0
legacy.file.ssl.null=0
legacy.ssl.use.null=0
serverinfo.null=0
serverinfo.ex.null=0
serverinfo.ex.badver=0
serverinfo.v1=1
serverinfo.v2=0
serverinfo.file.null=0
ca.ctx.add1=1
ca.ctx.get0=nonnull
ca.dup=nonnull
ca.ctx.set0=1
ca.ctx.get0.after_set=nonnull
ca.ctx.set_client=1
ca.ctx.get_client=nonnull
ca.ctx.add_client=1
ca.ssl.get0.fallback=nonnull
ca.ssl.add1=1
ca.ssl.get0=nonnull
ca.ssl.add_client=1
ca.ssl.set_client=1
ca.ssl.peer=null
ca.ssl.get_client=nonnull
ca.ctx.add1.null=0
ca.ssl.add1.null=0
ca.ctx.add_client.null=0
ca.ssl.add_client.null=0
ca.load.null=null
ca.load_ex.null=null
ca.add_file.null=0
ca.add_dir.null=0
ca.add_store.null=0
exdata.idx.valid=1
comp.ctx.pref.empty=0
comp.ctx.pref.algs=0
comp.ssl.pref.empty=0
comp.ssl.pref.algs=0
comp.ctx.compress=0
comp.ssl.compress=0
comp.ctx.get1=0
comp.ssl.get1=0
comp.ctx.set1=0
comp.ssl.set1=0
