FRF-MUTANT:stdout-first-line:transcript.sha256=aec3b85ed93177a823781811bc39e331c669a613a8a2ab03956766d4e68ddf27
probe.rt-thread=1
lock.new_nonnull=1
lock.read=1
lock.read_twice=1
lock.unlock=1
lock.unlock_again=1
lock.write=1
lock.unlock_write=1
lock.free_null_survived=1
id.stable_within_thread=1
id.differs_from_null=1
once.first=1
once.calls_after_first=1
once.second=1
once.calls_after_second=1
tls.init=1
tls.get_before_set_null=1
tls.set=1
tls.get_round_trip=1
tls.cleanup=1
atomic_or.null_lock=1/240
atomic_or.null_lock.value=240
atomic_or.thread_lock=1/240
atomic_and.null_lock=1/48
atomic_and.null_lock.value=48
atomic_store.null_lock=1/0
atomic_store.null_lock.value=42
atomic_load.null_lock=1/42
atomic_load_int.null_lock=1/42
atomic_add.null_lock=1/15
atomic_add.null_lock.value=15
atomic_add64.null_lock=1/15
atomic_add64.null_lock.value=15
atomic_or.held_free=1/240
atomic_or.held_free.value=240
atomic_load.with_lock=1/240
