FRF-MUTANT:stdout-first-line:transcript.sha256=f3e438c4ce0abb2c89019052b4a6e5131754a0503fa00e1326cea85106b7b17a
ctx.dtls.nonnull=1
ctx.tls.nonnull=1
listen.null=-1
listen.no_bio=-1
listen.tls.no_bio=-1
listen.empty=0
listen.short=0
listen.not_handshake=0
listen.bad_ver=0
listen.bad_epoch=0
listen.msgtype=0
listen.msgseq=0
listen.frag=0
listen.wrongver=0
listen.tls.version=-1
get_data_mtu.null=0
get_data_mtu.fresh=0
set_timer_cb.null.survived=1
set_timer_cb.fresh.survived=1
set_timer_cb.clear.survived=1
srtp.ctx.unknown=1
srtp.ctx.empty=1
srtp.ctx.two=0
srtp.ctx.dup=1
srtp.profiles.null=1
srtp.selected.null=1
srtp.ssl.from_ctx.nonnull=1
srtp.ssl.from_ctx.num=2
srtp.ssl.from_ctx.name0=SRTP_AES128_CM_SHA1_80
srtp.ssl.from_ctx.id0=1
srtp.ssl.from_ctx.name1=SRTP_AEAD_AES_128_GCM
srtp.ssl.from_ctx.id1=7
srtp.ssl.selected.fresh=1
srtp.ssl.own.set=0
srtp.ssl.own.nonnull=1
srtp.ssl.own.num=1
srtp.ssl.own.name0=SRTP_AEAD_AES_256_GCM
srtp.ssl.own.id0=8
srtp.ssl.own.dup=1
srtp.ssl.own.unknown=1
srtp.ssl.null=1
freed=1
