FRF-MUTANT:stdout-first-line:transcript.sha256=c839bc1da637e6de5b6ffd148165a67fc8243b4190a3574770f0ac1b6fa529ee
dsa.set_mem_functions=1
dsa.new.ev=2
dsa.new.ev.0=M:96:../../src/openssl-3.6.4/crypto/dsa/dsa_meth.c
dsa.new.ev.1=M:17:../../src/openssl-3.6.4/crypto/dsa/dsa_meth.c
dsa.new.not_null=1
dsa.dup.ev=2
dsa.dup.ev.0=M:96:../../src/openssl-3.6.4/crypto/dsa/dsa_meth.c
dsa.dup.ev.1=M:17:../../src/openssl-3.6.4/crypto/dsa/dsa_meth.c
dsa.dup.not_null=1
dsa.set1_name.ret=1
dsa.set1_name.ev=2
dsa.set1_name.ev.0=M:18:../../src/openssl-3.6.4/crypto/dsa/dsa_meth.c
dsa.set1_name.ev.1=F:0:../../src/openssl-3.6.4/crypto/dsa/dsa_meth.c
dsa.set1_name_null.ret=0
dsa.set1_name_null.ev=0
dsa.new.name=court-dsa-renamed
dsa.new.flags=4660
dsa.new.app_data_is_null=1
dsa.dup.name=court-dsa-method
dsa.dup.flags=4660
dsa.dup.app_data_is_null=1
dsa.dup.name_ptr_differs=1
dsa.set1_name_null.name_unchanged=1
dsa.sign.get_default_is_null=1
dsa.sign.set_ret=1
dsa.sign.get_is_sentinel=1
dsa.sign.set_null_ret=1
dsa.sign.get_after_null_is_null=1
dsa.sign_setup.get_default_is_null=1
dsa.sign_setup.set_ret=1
dsa.sign_setup.get_is_sentinel=1
dsa.sign_setup.set_null_ret=1
dsa.sign_setup.get_after_null_is_null=1
dsa.verify.get_default_is_null=1
dsa.verify.set_ret=1
dsa.verify.get_is_sentinel=1
dsa.verify.set_null_ret=1
dsa.verify.get_after_null_is_null=1
dsa.mod_exp.get_default_is_null=1
dsa.mod_exp.set_ret=1
dsa.mod_exp.get_is_sentinel=1
dsa.mod_exp.set_null_ret=1
dsa.mod_exp.get_after_null_is_null=1
dsa.bn_mod_exp.get_default_is_null=1
dsa.bn_mod_exp.set_ret=1
dsa.bn_mod_exp.get_is_sentinel=1
dsa.bn_mod_exp.set_null_ret=1
dsa.bn_mod_exp.get_after_null_is_null=1
dsa.init.get_default_is_null=1
dsa.init.set_ret=1
dsa.init.get_is_sentinel=1
dsa.init.set_null_ret=1
dsa.init.get_after_null_is_null=1
dsa.finish.get_default_is_null=1
dsa.finish.set_ret=1
dsa.finish.get_is_sentinel=1
dsa.finish.set_null_ret=1
dsa.finish.get_after_null_is_null=1
dsa.paramgen.get_default_is_null=1
dsa.paramgen.set_ret=1
dsa.paramgen.get_is_sentinel=1
dsa.paramgen.set_null_ret=1
dsa.paramgen.get_after_null_is_null=1
dsa.keygen.get_default_is_null=1
dsa.keygen.set_ret=1
dsa.keygen.get_is_sentinel=1
dsa.keygen.set_null_ret=1
dsa.keygen.get_after_null_is_null=1
dsa.app_data.set_ret=1
dsa.app_data.get_is_marker=1
dsa.app_data.set_null_ret=1
dsa.app_data.get_after_null_is_null=1
dsa.flags.set_ret=1
dsa.flags.get=3855
dsa.free_dup.ev=2
dsa.free_dup.ev.0=F:0:../../src/openssl-3.6.4/crypto/dsa/dsa_meth.c
dsa.free_dup.ev.1=F:0:../../src/openssl-3.6.4/crypto/dsa/dsa_meth.c
dsa.free_new.ev=2
dsa.free_new.ev.0=F:0:../../src/openssl-3.6.4/crypto/dsa/dsa_meth.c
dsa.free_new.ev.1=F:0:../../src/openssl-3.6.4/crypto/dsa/dsa_meth.c
dsa.free_null.ev=0
dsa.default.is_openssl=1
dsa.default.name=OpenSSL DSA method
dsa.default.flags=1024
dsa.default.sign_nonnull=1
dsa.default.sign_setup_nonnull=1
dsa.default.verify_nonnull=1
dsa.default.init_nonnull=1
dsa.default.finish_nonnull=1
dsa.default.mod_exp_is_null=1
dsa.default.bn_mod_exp_is_null=1
dsa.default.app_data_is_null=1
dsa.default.paramgen_is_null=1
dsa.default.keygen_is_null=1
dsa.default.null_is_null=1
dsa.default.restored=1
dsa.obj.scratch_built=1
dsa.obj.new.engine_is_null=1
dsa.obj.new.cache_mont=1
dsa.obj.new.fips_method=0
dsa.obj.new.method_is_default=1
dsa.obj.new.bits=-1
dsa.obj.new.security_bits=-1
dsa.obj.new.pqg_null=1
dsa.obj.new.key_null=1
dsa.obj.new.p_null=1
dsa.obj.new.q_null=1
dsa.obj.new.g_null=1
dsa.obj.new.priv_null=1
dsa.obj.new.pub_null=1
dsa.obj.new_method.not_null=1
dsa.obj.new_method.engine_is_null=1
dsa.obj.new_method.cache_mont=1
dsa.obj.flags.set=4660
dsa.obj.flags.cleared=4608
dsa.obj.flags.remaining=4609
dsa.obj.set_method.ret=1
dsa.obj.set_method.cache_mont=1
dsa.obj.exdata.set_ret=1
dsa.obj.exdata.get_is_marker=1
dsa.obj.exdata.unset_is_null=1
dsa.obj.set0_pqg.all_null_refused=0
dsa.obj.set0_pqg.p_only_refused=0
dsa.obj.set0_pqg.pq_only_refused=0
dsa.obj.set0_pqg.p_still_null=1
dsa.obj.up_ref.ret=1
dsa.obj.up_ref.survived_first_free=1
dsa.obj.set0_key.both_null_ret=1
dsa.obj.set0_key.pub_still_null=1
dsa.obj.set0_key.pub_ret=1
dsa.obj.set0_key.pub_is_seven=1
dsa.obj.free_null.survived=1
dsa.gen.group.built=1
dsa.genparams_ex.seeded_ret=1
dsa.genparams_ex.err.count=0
dsa.genparams_ex.counter_set=1
dsa.genparams_ex.h_set=1
dsa.genparams_ex.bits=1024
dsa.genparams_ex.security_bits=80
dsa.genparams_ex.p_bits=1024
dsa.genparams_ex.q_bits=160
dsa.genparams_ex.p_odd=1
dsa.genparams_ex.q_odd=1
dsa.genparams_ex.g_in_range=1
dsa.genparams_ex.q_is_prime=1
dsa.genparams_ex.p_is_prime=1
dsa.genparams_ex.q_squared_is_prime=0
dsa.genkey.ret=1
dsa.genkey.err.count=0
dsa.genkey.pub_nonnull=1
dsa.genkey.priv_nonnull=1
dsa.genkey.priv_bits_le_q=1
dsa.genkey.priv_nonzero=1
dsa.genkey.pub_in_range=1
dsa.sign_setup.ret=1
dsa.sign_setup.err.count=0
dsa.sign_setup.kinv_nonnull=1
dsa.sign_setup.r_nonnull=1
dsa.sign_setup.r_in_range=1
dsa.sign_setup.kinv_in_range=1
dsa.sign.sig_nonnull=1
dsa.sign.r_nonnull=1
dsa.sign.s_nonnull=1
dsa.sign.r_in_range=1
dsa.sign.s_in_range=1
dsa.verify.ret=1
dsa.verify.err.count=0
dsa.verify.tampered_built=1
dsa.verify.tampered_ret=0
dsa.verify_tampered.err.count=0
dsa.verify.other_digest_ret=0
dsa.verify_other_digest.err.count=0
dsa.verify.original_again_ret=1
dsa.verify_again.err.count=0
dsa.verify.oor_built=1
dsa.verify.oor_ret=0
dsa.verify_oor.err.count=0
dsa.sig.new_halves_null=1
dsa.sig.set0_null_pair_ret=0
dsa.sig.set0_one_null_ret=0
dsa.sig.still_null_after_refusals=1
dsa.der.size.ret=48
dsa.der.size.no_q_ret=-1
dsa.der.sign.size_ret=1
dsa.der_sign_size.err.count=0
dsa.der.sign.size_matches=1
dsa.der.sign.ret=1
dsa.der_sign.err.count=0
dsa.der.sign.len_within_size=1
dsa.der.sign.starts_sequence=1
dsa.der.verify.ret=1
dsa.der_verify.err.count=0
dsa.der.verify.truncated_ret=-1
dsa.der_verify_truncated.err.count=0
dsa.der.verify.trailing_ret=-1
dsa.der_verify_trailing.err.count=0
dsa.der.verify.overlong_ret=-1
dsa.der_verify_overlong.err.count=0
dsa.der.sign.empty_ret=0
dsa.der_sign_empty.err.0=83886181:../../src/openssl-3.6.4/crypto/dsa/dsa_ossl.c:195:ossl_dsa_do_sign_int
dsa.der_sign_empty.err.count=1
dsa.der.sign.empty_siglen_zero=1
dsa.der.i2d.measure_positive=1
dsa.der.i2d.alloc_ret=1
dsa.der.i2d.alloc_starts_sequence=1
dsa.der.d2i.ret_notnull=1
dsa.der.d2i.consumed_all=1
dsa.der.d2i.verify_ret=1
dsa.der.d2i.reuse_returns_the_object=1
dsa.der.d2i.negative_len_refused=1
dsa.dup_dh.not_null=1
dsa.dup_dh.p_bits_match=1
dsa.dup_dh.q_bits_match=1
dsa.dup_dh.g_nonnull=1
dsa.dup_dh.key_present=1
dsa.asn1.params.measure_positive=1
dsa.asn1.params.i2d_ret=1
dsa.asn1.params.starts_sequence=1
dsa.asn1.params.d2i_notnull=1
dsa.asn1.params.round_trip=1
dsa.asn1.params.consumed_all=1
dsa.asn1.pub.i2d_ret=1
dsa.asn1.pub.d2i_notnull=1
dsa.asn1.pub.round_trip=1
dsa.asn1.pub.no_private=1
dsa.asn1.priv.i2d_ret=1
dsa.asn1.priv.starts_sequence=1
dsa.asn1.priv.d2i_notnull=1
dsa.asn1.priv.round_trip=1
dsa.asn1.params_dup.notnull=1
dsa.asn1.params_dup.match=1
dsa.asn1.params_dup.no_key=1
dsa.asn1.params.i2d_empty_ret=-1
dsa.asn1_i2d_empty.err.0=109052126:../../src/openssl-3.6.4/crypto/asn1/tasn_enc.c:371:asn1_template_ex_i2d
dsa.asn1_i2d_empty.err.count=1
dsa.asn1.params.d2i_negative_is_null=1
dsa.asn1_d2i_negative.err.0=109052128:../../src/openssl-3.6.4/crypto/asn1/tasn_dec.c:212:asn1_item_embed_d2i
dsa.asn1_d2i_negative.err.count=1
dsa.refuse.sign_empty.is_null=1
dsa.sign_empty.err.0=83886181:../../src/openssl-3.6.4/crypto/dsa/dsa_ossl.c:195:ossl_dsa_do_sign_int
dsa.sign_empty.err.count=1
dsa.refuse.verify_empty.ret=-1
dsa.verify_empty.err.0=83886181:../../src/openssl-3.6.4/crypto/dsa/dsa_ossl.c:367:dsa_do_verify
dsa.verify_empty.err.count=1
dsa.refuse.setup_empty.ret=0
dsa.setup_empty.err.0=83886181:../../src/openssl-3.6.4/crypto/dsa/dsa_ossl.c:230:dsa_sign_setup
dsa.setup_empty.err.count=1
dsa.refuse.setup_empty.no_output=1
dsa.refuse.nopriv.built=1
dsa.refuse.nopriv.is_null=1
dsa.sign_nopriv.err.0=83886191:../../src/openssl-3.6.4/crypto/dsa/dsa_ossl.c:195:ossl_dsa_do_sign_int
dsa.sign_nopriv.err.count=1
dsa.refuse.nopriv_setup.ret=0
dsa.setup_nopriv.err.0=83886191:../../src/openssl-3.6.4/crypto/dsa/dsa_ossl.c:245:dsa_sign_setup
dsa.setup_nopriv.err.count=1
dsa.refuse.nopriv_setup.no_output=1
dsa.refuse.tiny.built=1
dsa.refuse.tiny.bits=5
dsa.refuse.tiny.security_bits=0
dsa.refuse.tiny_genkey.ret=0
dsa.tiny_genkey.err.count=0
dsa.refuse.tiny_sign.is_null=1
dsa.tiny_sign.err.0=83886191:../../src/openssl-3.6.4/crypto/dsa/dsa_ossl.c:195:ossl_dsa_do_sign_int
dsa.tiny_sign.err.count=1
dsa.refuse.tiny_setup.ret=0
dsa.tiny_setup.err.0=83886191:../../src/openssl-3.6.4/crypto/dsa/dsa_ossl.c:245:dsa_sign_setup
dsa.tiny_setup.err.count=1
dsa.refuse.tiny_setup.no_output=1
dsa.refuse.tiny_verify.ret=-1
dsa.tiny_verify.err.0=83886182:../../src/openssl-3.6.4/crypto/dsa/dsa_ossl.c:374:dsa_do_verify
dsa.tiny_verify.err.count=1
dsa.refuse.zeros.built=1
dsa.refuse.zeros.key_ret=1
dsa.refuse.zeros_sign.is_null=1
dsa.zeros_sign.err.0=83886192:../../src/openssl-3.6.4/crypto/dsa/dsa_ossl.c:241:dsa_sign_setup
dsa.zeros_sign.err.1=84410371:../../src/openssl-3.6.4/crypto/dsa/dsa_ossl.c:195:ossl_dsa_do_sign_int
dsa.zeros_sign.err.count=2
dsa.genparams.depr_nonnull=1
dsa.genparams_depr.err.count=0
dsa.genparams.depr_bits=1024
dsa.genparams.depr_512_nonnull=1
dsa.genparams_512.err.count=0
dsa.genparams.depr_512_bits=512
dsa.refuse.genkey_512.ret=1
dsa.genkey_512.err.count=0
dsa.ctl.md_fetched=1
dsa.ctl.null.type=-2
dsa.ctl.null.gindex=-2
dsa.ctl.null.seed=-2
dsa.ctl.null.bits=-2
dsa.ctl.null.q_bits=-2
dsa.ctl.null.md_props=-2
dsa.ctl.null.md=-2
dsa.ctl_null.err.0=50331795:../../src/openssl-3.6.4/crypto/evp/dsa_ctrl.c:20:dsa_paramgen_check
dsa.ctl_null.err.1=50331795:../../src/openssl-3.6.4/crypto/evp/dsa_ctrl.c:20:dsa_paramgen_check
dsa.ctl_null.err.2=50331795:../../src/openssl-3.6.4/crypto/evp/dsa_ctrl.c:20:dsa_paramgen_check
dsa.ctl_null.err.3=50331795:../../src/openssl-3.6.4/crypto/evp/dsa_ctrl.c:20:dsa_paramgen_check
dsa.ctl_null.err.4=50331795:../../src/openssl-3.6.4/crypto/evp/dsa_ctrl.c:20:dsa_paramgen_check
dsa.ctl_null.err.5=50331795:../../src/openssl-3.6.4/crypto/evp/dsa_ctrl.c:20:dsa_paramgen_check
dsa.ctl_null.err.6=50331795:../../src/openssl-3.6.4/crypto/evp/pmeth_lib.c:1346:EVP_PKEY_CTX_ctrl
dsa.ctl_null.err.count=7
dsa.ctl.provider.add=1
dsa.ctl.provider.load=1
dsa.ctl.fresh=1
dsa.ctl.fresh.is_a_self=1
dsa.ctl.fresh.operation=0
dsa.ctl.fresh.type=-2
dsa.ctl.fresh.bits=-2
dsa.ctl.fresh.md=-1
dsa.ctl_fresh.err.0=50331795:../../src/openssl-3.6.4/crypto/evp/dsa_ctrl.c:20:dsa_paramgen_check
dsa.ctl_fresh.err.1=50331795:../../src/openssl-3.6.4/crypto/evp/dsa_ctrl.c:20:dsa_paramgen_check
dsa.ctl_fresh.err.2=50331797:../../src/openssl-3.6.4/crypto/evp/pmeth_lib.c:1309:evp_pkey_ctx_ctrl_int
dsa.ctl_fresh.err.count=3
dsa.ctl.gen=1
dsa.ctl.gen.init=1
dsa.ctl.gen.operation=2
dsa.gen.set.p.0=type:utf8:fips186_4
dsa.gen.set.p.count=1
dsa.ctl.gen.type=1
dsa.gen.set.p.0=gindex:int:5
dsa.gen.set.p.count=1
dsa.ctl.gen.gindex=1
dsa.gen.set.p.0=seed:octet:4
dsa.gen.set.p.count=1
dsa.ctl.gen.seed=1
dsa.gen.set.p.0=pbits:uint:2048
dsa.gen.set.p.count=1
dsa.ctl.gen.bits=1
dsa.gen.set.p.0=qbits:uint:256
dsa.gen.set.p.count=1
dsa.ctl.gen.q_bits=1
dsa.gen.set.p.0=digest:utf8:SHA256
dsa.gen.set.p.count=1
dsa.ctl.gen.md_props_no_query=1
dsa.gen.set.p.0=digest:utf8:SHA256
dsa.gen.set.p.1=properties:utf8:provider=court-dsa
dsa.gen.set.p.count=2
dsa.ctl.gen.md_props_query=1
dsa.gen.set.p.0=digest:utf8:SHA2-256
dsa.gen.set.p.count=1
dsa.ctl.gen.md=1
dsa.ctl_gen.err.count=0
