FRF-MUTANT:stdout-first-line:transcript.sha256=babe86fd30b83881472c8ab16bb716d397fa851217190b3d745621f4179d7a15
self_signed.null=-1
time.cmp.empty=0
time.cmp.utc.equal=-1
time.cmp.utc.after=1
time.cmp.utc.before=-1
time.cmp.gen.equal=-1
time.cmp.gen.before=-1
time.cmp_current.far_past=-1
time.cmp_current.far_future=1
time.frame.use.in_range=0
time.frame.use.end_equal=1
time.frame.use.start_equal=0
time.frame.use.before_start=-1
time.frame.use.both_null=0
time.frame.nocheck=0
time.frame.null_vpm=0
time.adj.fixed.type=23
time.adj_ex.fixed.type=23
time.gmtime_adj.allocated=nonnull
param.new=nonnull
param.new.flags=0
param.new.trust=0
param.new.depth=-1
param.new.auth_level=-1
param.new.name=null
param.set_flags=1
param.flags.partial=1
param.flags.policy_implied=1
param.flags.cleared=1
param.set_inh_flags=1
param.inh_flags=1
param.set_purpose=1
param.purpose=2
param.set_purpose.bad=0
param.set_trust=1
param.depth=7
param.auth_level=2
param.time=1704067200
param.time.use_check=1
param.set1_name=1
param.name=rt-court
param.set1_host=1
param.host0=a.example
param.add1_host=1
param.set1_host_replace=1
param.host0.after=c.example
param.host1.after=null
param.host.embedded_nul=0
param.hostflags=4
param.peername0=null
param.set1_email=1
param.email=x@y.z
param.set1_ip_asc=1
param.ip_asc=127.0.0.1
param.set1_ip=1
param.ip.from_bytes=192.0.2.1
param.set1_ip.bad_len=0
param.add0_policy=1
param.set1_policies.null=1
param.move.to=null
param.move.from=null
inherit.from.null=1
inherit.ok=1
inherit.flags=524288
inherit.depth=3
inherit.purpose=2
inherit.host0=shared.example
set1.null=0
set1.ok=1
set1.flags=524288
table.count.base=6
table.get0.name=code_sign
table.lookup.default=default
table.lookup.default.flags=32768
table.lookup.default.depth=100
table.lookup.ssl_server=ssl_server
table.lookup.miss=null
table.add0=1
table.count.after=7
table.lookup.added=nonnull
table.add0.replace=1
table.count.replace=7
table.get0.out_of_range=null
table.count.cleaned=6
ctx.new=nonnull
ctx.new_ex=nonnull
ctx.new.error=0
ctx.new.error_depth=0
ctx.new.cert=null
ctx.new.rpk=null
ctx.new.chain=null
ctx.new.current_issuer=null
ctx.new.current_crl=null
ctx.new.parent=null
ctx.new.untrusted=null
ctx.new.policy_tree=null
ctx.new.num_untrusted=0
ctx.new.explicit_policy=0
ctx.new.param=null
ctx.new.get1_chain.null=null
ctx.new.ex_data0=null
ctx.cb.verify=null
ctx.cb.verify_cb=null
ctx.cb.get_issuer=null
ctx.cb.check_issued=null
ctx.cb.check_revocation=null
ctx.cb.get_crl=null
ctx.cb.check_crl=null
ctx.cb.cert_crl=null
ctx.cb.check_policy=null
ctx.cb.lookup_certs=null
ctx.cb.lookup_crls=null
ctx.cb.cleanup=null
ctx.cb.set.all_null=1
ctx.param.same=1
ctx.flags.trusted_first=1
ctx.depth=4
ctx.time=1704067200
ctx.purpose=2
ctx.purpose_inherit=1
ctx.set_default=1
ctx.set_default.miss=0
ctx.error=7
ctx.error_depth=2
ctx.cert.same=1
ctx.get_current_cert.null=null
ctx.current_cert.same=1
ctx.set_ex_data=1
ctx.get_ex_data.same=1
ctx.set0.doors=0
ctx.get1_issuer.nostore=0
ctx.get1_issuer.result=null
pubkey_params.empty=0
ctx.cleanup.idempotent=1
policy_tree_free.null=1
crl.alloc=1
crl.add0_revoked.first=1
crl.add0_revoked.second=1
crl.get0_by_serial.hit=1
crl.get0_by_serial.hit_identity=1
crl.get0_by_serial.miss=0
crl.get0_by_serial.miss_null=1
crl.get0_by_cert.hit=1
crl.get0_by_cert.hit_identity=1
crl.get0_by_cert.miss=0
crl.method_new=nonnull
crl.method.crl=nonnull
crl.verify.custom=9
crl.get0_by_serial.custom=7
crl.get0_by_cert.custom=7
crl.method.reset=1
crl.meth_data.null=1
crl.meth_data.round_trip=1
path.ctx=nonnull
asid.validate_path.empty_chain=0
asid.validate_path.error=1
addr.validate_path.empty_chain=0
addr.validate_path.error=1
asid.validate_resource_set.null_ext=1
addr.validate_resource_set.null_ext=1
crl_diff.alloc=1
crl_diff.no_number=null
crl_diff.no_number.err=11.130
crl_diff.self=null
crl_diff.self.err=11.130
policy.null_certs.ret=0
policy.null_certs.tree=null
policy.null_certs.explicit=0
policy.empty_certs.ret=0
policy.empty_certs.tree=null
policy.empty_certs.explicit=0
policy.one_ta.ret=1
policy.one_ta.tree=null
policy.one_ta.explicit=0
policy.no_policies.ret=1
policy.no_policies.tree=null
policy.no_policies.explicit=0
policy.explicit.ret=-2
policy.explicit.tree=null
policy.explicit.explicit=1
policy.cert=nonnull
policy.tree.ret=1
policy.tree=nonnull
policy.tree.levels=2
policy.tree.policies=1
policy.tree.user=-1
policy.tree.level0=1
policy.tree.level1=1
policy.tree.explicit=0
policy.user.ret=1
policy.user.tree=nonnull
policy.user.tree.levels=2
policy.user.tree.policies=1
policy.user.tree.user=1
policy.user.tree.level0=1
policy.user.tree.level1=1
policy.user.explicit=0
