FRF-MUTANT:stdout-first-line:transcript.sha256=695ff048c0de3c3661cf51da33e6a3bbfcf509972e3fccabc4f50ec2a62642c7
add_builtin.ret=1
add_builtin.null_name=0
add_builtin.null_init=0
load.nonnull=1
init.handle_nonnull=1
get0_name.is_court_prov=1
get0_ctx.matches=1
get0_dispatch.nonnull=1
get0_dispatch.first_id=1024
get0_dispatch.terminator_id=0
get0_dispatch.terminator_null=1
load_again.nonnull=1
load_again.same_object=1
gettable_params.matches=1
gettable_params.ctx_matches=1
get_params.null_table=1
get_params.saw_null=1
get_params.ctx_matches=1
get_params.real_table=1
get_params.saw_table=1
self_test.ret=1
self_test.calls=1
get_capabilities.ret=9
get_capabilities.first_byte=84
get_capabilities.ctx_matches=1
query.nonnull=1
query.no_cache=1
query.op_id=7
query.ctx_matches=1
unquery.op_id=7
unquery.algs_matches=1
unquery.ctx_matches=1
query.null_no_cache.nonnull=1
unquery.after_null=7
conf_add.ret=1
conf_add.bool_ret=1
get_conf_parameters.ret=1
get_conf_parameters.k_is_v=0
get_conf_parameters.b_is_true=0
conf_get_bool.b=1
conf_get_bool.k_default=7
conf_get_bool.missing_default=7
search_path.initially_null=1
search_path.set=1
search_path.reads_back=1
search_path.clear=1
search_path.cleared=1
available.known=1
available.unknown=0
available.default_after_disable=0
do_all.ret=1
do_all.count=1
do_all.every_name_matched=1
do_all.ctx_reached=1
load_unknown.nonnull=0
unload.ret=1
unload.teardown_calls=0
unload.teardown_ctx_matches=0
available.after_unload=1
reload.nonnull=1
reload.same_object=1
reload.ctx_matches=1
reload.teardown_still=0
unload.again=1
unload.q=1
unload.teardown_after_all=0
unload.null=0
