FRF-MUTANT:stdout-first-line:transcript.sha256=aaefc6c480818e21b35e66f1eba3569310d032f4cc693b3a4bd4d93860c7fe75
probe.kind=evp-dispatch
prov.default.loaded=1
prov.default.name=default
legacy.aes-128-cbc.null=0
legacy.aes-128-cbc.name=AES-128-CBC
legacy.aes-128-cbc.nid=419
legacy.aes-128-cbc.flags=2
legacy.aes-128-cbc.type=419
legacy.aes-128-cbc.block=16
legacy.aes-128-cbc.keylen=16
legacy.aes-128-cbc.ivlen=16
legacy.aes-128-cbc.prov_null=1
lookup.aes-128-cbc.null=0
lookup.aes-128-cbc.nid=419
legacy.aes-256-cbc.null=0
legacy.aes-256-cbc.name=AES-256-CBC
legacy.aes-256-cbc.nid=427
legacy.aes-256-cbc.flags=2
legacy.aes-256-cbc.type=427
legacy.aes-256-cbc.block=16
legacy.aes-256-cbc.keylen=32
legacy.aes-256-cbc.ivlen=16
legacy.aes-256-cbc.prov_null=1
lookup.aes-256-cbc.null=0
lookup.aes-256-cbc.nid=427
legacy.aes-128-gcm.null=0
legacy.aes-128-gcm.name=id-aes128-GCM
legacy.aes-128-gcm.nid=895
legacy.aes-128-gcm.flags=3148918
legacy.aes-128-gcm.type=895
legacy.aes-128-gcm.block=1
legacy.aes-128-gcm.keylen=16
legacy.aes-128-gcm.ivlen=12
legacy.aes-128-gcm.prov_null=1
lookup.aes-128-gcm.null=0
lookup.aes-128-gcm.nid=895
legacy.aes-256-gcm.null=0
legacy.aes-256-gcm.name=id-aes256-GCM
legacy.aes-256-gcm.nid=901
legacy.aes-256-gcm.flags=3148918
legacy.aes-256-gcm.type=901
legacy.aes-256-gcm.block=1
legacy.aes-256-gcm.keylen=32
legacy.aes-256-gcm.ivlen=12
legacy.aes-256-gcm.prov_null=1
lookup.aes-256-gcm.null=0
lookup.aes-256-gcm.nid=901
legacy.chacha20-poly1305.null=0
legacy.chacha20-poly1305.name=ChaCha20-Poly1305
legacy.chacha20-poly1305.nid=1018
legacy.chacha20-poly1305.flags=3148912
legacy.chacha20-poly1305.type=0
legacy.chacha20-poly1305.block=1
legacy.chacha20-poly1305.keylen=32
legacy.chacha20-poly1305.ivlen=12
legacy.chacha20-poly1305.prov_null=1
lookup.chacha20-poly1305.null=0
lookup.chacha20-poly1305.nid=1018
legacy.aes-128-cbc-hmac-sha1.null=0
legacy.aes-128-cbc-hmac-sha1.name=AES-128-CBC-HMAC-SHA1
legacy.aes-128-cbc-hmac-sha1.nid=916
legacy.aes-128-cbc-hmac-sha1.flags=6291458
legacy.aes-128-cbc-hmac-sha1.type=0
legacy.aes-128-cbc-hmac-sha1.block=16
legacy.aes-128-cbc-hmac-sha1.keylen=16
legacy.aes-128-cbc-hmac-sha1.ivlen=16
legacy.aes-128-cbc-hmac-sha1.prov_null=1
lookup.aes-128-cbc-hmac-sha1.null=0
lookup.aes-128-cbc-hmac-sha1.nid=916
legacy.aes-256-cbc-hmac-sha1.null=0
legacy.aes-256-cbc-hmac-sha1.name=AES-256-CBC-HMAC-SHA1
legacy.aes-256-cbc-hmac-sha1.nid=918
legacy.aes-256-cbc-hmac-sha1.flags=6291458
legacy.aes-256-cbc-hmac-sha1.type=0
legacy.aes-256-cbc-hmac-sha1.block=16
legacy.aes-256-cbc-hmac-sha1.keylen=32
legacy.aes-256-cbc-hmac-sha1.ivlen=16
legacy.aes-256-cbc-hmac-sha1.prov_null=1
lookup.aes-256-cbc-hmac-sha1.null=0
lookup.aes-256-cbc-hmac-sha1.nid=918
legacy.aes-128-cbc-hmac-sha256.null=0
legacy.aes-128-cbc-hmac-sha256.name=AES-128-CBC-HMAC-SHA256
legacy.aes-128-cbc-hmac-sha256.nid=948
legacy.aes-128-cbc-hmac-sha256.flags=6291458
legacy.aes-128-cbc-hmac-sha256.type=0
legacy.aes-128-cbc-hmac-sha256.block=16
legacy.aes-128-cbc-hmac-sha256.keylen=16
legacy.aes-128-cbc-hmac-sha256.ivlen=16
legacy.aes-128-cbc-hmac-sha256.prov_null=1
lookup.aes-128-cbc-hmac-sha256.null=0
lookup.aes-128-cbc-hmac-sha256.nid=948
legacy.aes-256-cbc-hmac-sha256.null=0
legacy.aes-256-cbc-hmac-sha256.name=AES-256-CBC-HMAC-SHA256
legacy.aes-256-cbc-hmac-sha256.nid=950
legacy.aes-256-cbc-hmac-sha256.flags=6291458
legacy.aes-256-cbc-hmac-sha256.type=0
legacy.aes-256-cbc-hmac-sha256.block=16
legacy.aes-256-cbc-hmac-sha256.keylen=32
legacy.aes-256-cbc-hmac-sha256.ivlen=16
legacy.aes-256-cbc-hmac-sha256.prov_null=1
lookup.aes-256-cbc-hmac-sha256.null=0
lookup.aes-256-cbc-hmac-sha256.nid=950
legacy.sha1.null=0
legacy.sha1.name=SHA1
legacy.sha1.nid=64
legacy.sha1.flags=8
legacy.sha1.size=20
legacy.sha1.block=64
legacy.sha1.prov_null=1
lookup.sha1.null=0
lookup.sha1.nid=64
legacy.sha256.null=0
legacy.sha256.name=SHA256
legacy.sha256.nid=672
legacy.sha256.flags=8
legacy.sha256.size=32
legacy.sha256.block=64
legacy.sha256.prov_null=1
lookup.sha256.null=0
lookup.sha256.nid=672
fetch.aes-128-cbc.null=0
fetch.aes-128-cbc.name=AES-128-CBC
fetch.aes-128-cbc.nid=419
fetch.aes-128-cbc.flags=1048578
fetch.aes-128-cbc.type=419
fetch.aes-128-cbc.block=16
fetch.aes-128-cbc.keylen=16
fetch.aes-128-cbc.ivlen=16
fetch.aes-128-cbc.prov_null=0
fetch.aes-128-cbc.prov_name=default
fetch.aes-128-cbc.is_a=1
fetch.aes-256-cbc.null=0
fetch.aes-256-cbc.name=AES-256-CBC
fetch.aes-256-cbc.nid=427
fetch.aes-256-cbc.flags=1048578
fetch.aes-256-cbc.type=427
fetch.aes-256-cbc.block=16
fetch.aes-256-cbc.keylen=32
fetch.aes-256-cbc.ivlen=16
fetch.aes-256-cbc.prov_null=0
fetch.aes-256-cbc.prov_name=default
fetch.aes-256-cbc.is_a=1
fetch.aes-128-gcm.null=0
fetch.aes-128-gcm.name=AES-128-GCM
fetch.aes-128-gcm.nid=895
fetch.aes-128-gcm.flags=3145750
fetch.aes-128-gcm.type=895
fetch.aes-128-gcm.block=1
fetch.aes-128-gcm.keylen=16
fetch.aes-128-gcm.ivlen=12
fetch.aes-128-gcm.prov_null=0
fetch.aes-128-gcm.prov_name=default
fetch.aes-128-gcm.is_a=1
fetch.aes-256-gcm.null=0
fetch.aes-256-gcm.name=AES-256-GCM
fetch.aes-256-gcm.nid=901
fetch.aes-256-gcm.flags=3145750
fetch.aes-256-gcm.type=901
fetch.aes-256-gcm.block=1
fetch.aes-256-gcm.keylen=32
fetch.aes-256-gcm.ivlen=12
fetch.aes-256-gcm.prov_null=0
fetch.aes-256-gcm.prov_name=default
fetch.aes-256-gcm.is_a=1
fetch.chacha20-poly1305.null=0
fetch.chacha20-poly1305.name=ChaCha20-Poly1305
fetch.chacha20-poly1305.nid=1018
fetch.chacha20-poly1305.flags=3145744
fetch.chacha20-poly1305.type=0
fetch.chacha20-poly1305.block=1
fetch.chacha20-poly1305.keylen=32
fetch.chacha20-poly1305.ivlen=12
fetch.chacha20-poly1305.prov_null=0
fetch.chacha20-poly1305.prov_name=default
fetch.chacha20-poly1305.is_a=1
fetch.aes-128-cbc-hmac-sha1.null=0
fetch.aes-128-cbc-hmac-sha1.name=AES-128-CBC-HMAC-SHA1
fetch.aes-128-cbc-hmac-sha1.nid=916
fetch.aes-128-cbc-hmac-sha1.flags=7340034
fetch.aes-128-cbc-hmac-sha1.type=0
fetch.aes-128-cbc-hmac-sha1.block=16
fetch.aes-128-cbc-hmac-sha1.keylen=16
fetch.aes-128-cbc-hmac-sha1.ivlen=16
fetch.aes-128-cbc-hmac-sha1.prov_null=0
fetch.aes-128-cbc-hmac-sha1.prov_name=default
fetch.aes-128-cbc-hmac-sha1.is_a=1
fetch.aes-256-cbc-hmac-sha1.null=0
fetch.aes-256-cbc-hmac-sha1.name=AES-256-CBC-HMAC-SHA1
fetch.aes-256-cbc-hmac-sha1.nid=918
fetch.aes-256-cbc-hmac-sha1.flags=7340034
fetch.aes-256-cbc-hmac-sha1.type=0
fetch.aes-256-cbc-hmac-sha1.block=16
fetch.aes-256-cbc-hmac-sha1.keylen=32
fetch.aes-256-cbc-hmac-sha1.ivlen=16
fetch.aes-256-cbc-hmac-sha1.prov_null=0
fetch.aes-256-cbc-hmac-sha1.prov_name=default
fetch.aes-256-cbc-hmac-sha1.is_a=1
fetch.aes-128-cbc-hmac-sha256.null=0
fetch.aes-128-cbc-hmac-sha256.name=AES-128-CBC-HMAC-SHA256
fetch.aes-128-cbc-hmac-sha256.nid=948
fetch.aes-128-cbc-hmac-sha256.flags=7340034
fetch.aes-128-cbc-hmac-sha256.type=0
fetch.aes-128-cbc-hmac-sha256.block=16
fetch.aes-128-cbc-hmac-sha256.keylen=16
fetch.aes-128-cbc-hmac-sha256.ivlen=16
fetch.aes-128-cbc-hmac-sha256.prov_null=0
fetch.aes-128-cbc-hmac-sha256.prov_name=default
fetch.aes-128-cbc-hmac-sha256.is_a=1
fetch.aes-256-cbc-hmac-sha256.null=0
fetch.aes-256-cbc-hmac-sha256.name=AES-256-CBC-HMAC-SHA256
fetch.aes-256-cbc-hmac-sha256.nid=950
fetch.aes-256-cbc-hmac-sha256.flags=7340034
fetch.aes-256-cbc-hmac-sha256.type=0
fetch.aes-256-cbc-hmac-sha256.block=16
fetch.aes-256-cbc-hmac-sha256.keylen=32
fetch.aes-256-cbc-hmac-sha256.ivlen=16
fetch.aes-256-cbc-hmac-sha256.prov_null=0
fetch.aes-256-cbc-hmac-sha256.prov_name=default
fetch.aes-256-cbc-hmac-sha256.is_a=1
fetch.sha1.null=0
fetch.sha1.name=SHA1
fetch.sha1.nid=64
fetch.sha1.flags=8
fetch.sha1.size=20
fetch.sha1.block=64
fetch.sha1.prov_null=0
fetch.sha1.prov_name=default
fetch.sha1.is_a=1
fetch.sha256.null=0
fetch.sha256.name=SHA2-256
fetch.sha256.nid=672
fetch.sha256.flags=8
fetch.sha256.size=32
fetch.sha256.block=64
fetch.sha256.prov_null=0
fetch.sha256.prov_name=default
fetch.sha256.is_a=1
ctx.aes-128-cbc.init=1
ctx.aes-128-cbc.name=AES-128-CBC
ctx.aes-128-cbc.nid=419
ctx.aes-128-cbc.prov_name=default
ctx.aes-128-cbc-fetch.init=1
ctx.aes-128-cbc-fetch.name=AES-128-CBC
ctx.aes-128-cbc-fetch.nid=419
ctx.aes-128-cbc-fetch.prov_name=default
ctx.aes-128-gcm-fetch.init=1
ctx.aes-128-gcm-fetch.name=AES-128-GCM
ctx.aes-128-gcm-fetch.nid=895
ctx.aes-128-gcm-fetch.prov_name=default
ctx.chacha20-poly1305-fetch.init=1
ctx.chacha20-poly1305-fetch.name=ChaCha20-Poly1305
ctx.chacha20-poly1305-fetch.nid=1018
ctx.chacha20-poly1305-fetch.prov_name=default
ctx.sha256-fetch.init=1
ctx.sha256-fetch.name=SHA2-256
ctx.sha256-fetch.nid=672
ctx.sha256-fetch.prov_name=default
prov.default.unload=1
probe.done=1
