FRF-MUTANT:stdout-first-line:transcript.sha256=7b6057016bd4c382c6b9fb27e854533df780a31bc8af61983e5cbe7fd8b8c098
mem.install=1
mem.NULL.fetched=1
mem.NULL.0=../../src/openssl-3.6.4/providers/implementations/ciphers/cipher_null.c
mem.NULL.count=1
mem.AES-256-ECB.fetched=1
mem.AES-256-ECB.0=../../src/openssl-3.6.4/providers/implementations/ciphers/cipher_aes.c
mem.AES-256-ECB.count=1
mem.AES-192-ECB.fetched=1
mem.AES-192-ECB.0=../../src/openssl-3.6.4/providers/implementations/ciphers/cipher_aes.c
mem.AES-192-ECB.count=1
mem.AES-128-ECB.fetched=1
mem.AES-128-ECB.0=../../src/openssl-3.6.4/providers/implementations/ciphers/cipher_aes.c
mem.AES-128-ECB.count=1
mem.AES-256-CBC.fetched=1
mem.AES-256-CBC.0=../../src/openssl-3.6.4/providers/implementations/ciphers/cipher_aes.c
mem.AES-256-CBC.count=1
mem.AES-192-CBC.fetched=1
mem.AES-192-CBC.0=../../src/openssl-3.6.4/providers/implementations/ciphers/cipher_aes.c
mem.AES-192-CBC.count=1
mem.AES-128-CBC.fetched=1
mem.AES-128-CBC.0=../../src/openssl-3.6.4/providers/implementations/ciphers/cipher_aes.c
mem.AES-128-CBC.count=1
mem.AES-128-CBC-CTS.fetched=1
mem.AES-128-CBC-CTS.0=../../src/openssl-3.6.4/providers/implementations/ciphers/cipher_aes.c
mem.AES-128-CBC-CTS.count=1
mem.AES-192-CBC-CTS.fetched=1
mem.AES-192-CBC-CTS.0=../../src/openssl-3.6.4/providers/implementations/ciphers/cipher_aes.c
mem.AES-192-CBC-CTS.count=1
mem.AES-256-CBC-CTS.fetched=1
mem.AES-256-CBC-CTS.0=../../src/openssl-3.6.4/providers/implementations/ciphers/cipher_aes.c
mem.AES-256-CBC-CTS.count=1
mem.AES-256-OFB.fetched=1
mem.AES-256-OFB.0=../../src/openssl-3.6.4/providers/implementations/ciphers/cipher_aes.c
mem.AES-256-OFB.count=1
mem.AES-192-OFB.fetched=1
mem.AES-192-OFB.0=../../src/openssl-3.6.4/providers/implementations/ciphers/cipher_aes.c
mem.AES-192-OFB.count=1
mem.AES-128-OFB.fetched=1
mem.AES-128-OFB.0=../../src/openssl-3.6.4/providers/implementations/ciphers/cipher_aes.c
mem.AES-128-OFB.count=1
mem.AES-256-CFB.fetched=1
mem.AES-256-CFB.0=../../src/openssl-3.6.4/providers/implementations/ciphers/cipher_aes.c
mem.AES-256-CFB.count=1
mem.AES-192-CFB.fetched=1
mem.AES-192-CFB.0=../../src/openssl-3.6.4/providers/implementations/ciphers/cipher_aes.c
mem.AES-192-CFB.count=1
mem.AES-128-CFB.fetched=1
mem.AES-128-CFB.0=../../src/openssl-3.6.4/providers/implementations/ciphers/cipher_aes.c
mem.AES-128-CFB.count=1
mem.AES-256-CFB1.fetched=1
mem.AES-256-CFB1.0=../../src/openssl-3.6.4/providers/implementations/ciphers/cipher_aes.c
mem.AES-256-CFB1.count=1
mem.AES-192-CFB1.fetched=1
mem.AES-192-CFB1.0=../../src/openssl-3.6.4/providers/implementations/ciphers/cipher_aes.c
mem.AES-192-CFB1.count=1
mem.AES-128-CFB1.fetched=1
mem.AES-128-CFB1.0=../../src/openssl-3.6.4/providers/implementations/ciphers/cipher_aes.c
mem.AES-128-CFB1.count=1
mem.AES-256-CFB8.fetched=1
mem.AES-256-CFB8.0=../../src/openssl-3.6.4/providers/implementations/ciphers/cipher_aes.c
mem.AES-256-CFB8.count=1
mem.AES-192-CFB8.fetched=1
mem.AES-192-CFB8.0=../../src/openssl-3.6.4/providers/implementations/ciphers/cipher_aes.c
mem.AES-192-CFB8.count=1
mem.AES-128-CFB8.fetched=1
mem.AES-128-CFB8.0=../../src/openssl-3.6.4/providers/implementations/ciphers/cipher_aes.c
mem.AES-128-CFB8.count=1
mem.AES-256-CTR.fetched=1
mem.AES-256-CTR.0=../../src/openssl-3.6.4/providers/implementations/ciphers/cipher_aes.c
mem.AES-256-CTR.count=1
mem.AES-192-CTR.fetched=1
mem.AES-192-CTR.0=../../src/openssl-3.6.4/providers/implementations/ciphers/cipher_aes.c
mem.AES-192-CTR.count=1
mem.AES-128-CTR.fetched=1
mem.AES-128-CTR.0=../../src/openssl-3.6.4/providers/implementations/ciphers/cipher_aes.c
mem.AES-128-CTR.count=1
mem.AES-256-XTS.fetched=1
mem.AES-256-XTS.0=../../src/openssl-3.6.4/providers/implementations/ciphers/cipher_aes_xts.c
mem.AES-256-XTS.count=1
mem.AES-128-XTS.fetched=1
mem.AES-128-XTS.0=../../src/openssl-3.6.4/providers/implementations/ciphers/cipher_aes_xts.c
mem.AES-128-XTS.count=1
mem.AES-256-OCB.fetched=1
mem.AES-256-OCB.0=../../src/openssl-3.6.4/providers/implementations/ciphers/cipher_aes_ocb.c
mem.AES-256-OCB.count=1
mem.AES-192-OCB.fetched=1
mem.AES-192-OCB.0=../../src/openssl-3.6.4/providers/implementations/ciphers/cipher_aes_ocb.c
mem.AES-192-OCB.count=1
mem.AES-128-OCB.fetched=1
mem.AES-128-OCB.0=../../src/openssl-3.6.4/providers/implementations/ciphers/cipher_aes_ocb.c
mem.AES-128-OCB.count=1
mem.AES-128-SIV.fetched=1
mem.AES-128-SIV.0=../../src/openssl-3.6.4/providers/implementations/ciphers/cipher_aes_siv.c
mem.AES-128-SIV.1=../../src/openssl-3.6.4/providers/implementations/ciphers/cipher_aes.c
mem.AES-128-SIV.count=2
mem.AES-192-SIV.fetched=1
mem.AES-192-SIV.0=../../src/openssl-3.6.4/providers/implementations/ciphers/cipher_aes_siv.c
mem.AES-192-SIV.1=../../src/openssl-3.6.4/providers/implementations/ciphers/cipher_aes.c
mem.AES-192-SIV.count=2
mem.AES-256-SIV.fetched=1
mem.AES-256-SIV.0=../../src/openssl-3.6.4/providers/implementations/ciphers/cipher_aes_siv.c
mem.AES-256-SIV.1=../../src/openssl-3.6.4/providers/implementations/ciphers/cipher_aes.c
mem.AES-256-SIV.count=2
mem.AES-128-GCM-SIV.fetched=1
mem.AES-128-GCM-SIV.0=../../src/openssl-3.6.4/providers/implementations/ciphers/cipher_aes_gcm_siv.c
mem.AES-128-GCM-SIV.1=../../src/openssl-3.6.4/providers/implementations/ciphers/cipher_aes.c
mem.AES-128-GCM-SIV.count=2
mem.AES-192-GCM-SIV.fetched=1
mem.AES-192-GCM-SIV.0=../../src/openssl-3.6.4/providers/implementations/ciphers/cipher_aes_gcm_siv.c
mem.AES-192-GCM-SIV.1=../../src/openssl-3.6.4/providers/implementations/ciphers/cipher_aes.c
mem.AES-192-GCM-SIV.count=2
mem.AES-256-GCM-SIV.fetched=1
mem.AES-256-GCM-SIV.0=../../src/openssl-3.6.4/providers/implementations/ciphers/cipher_aes_gcm_siv.c
mem.AES-256-GCM-SIV.1=../../src/openssl-3.6.4/providers/implementations/ciphers/cipher_aes.c
mem.AES-256-GCM-SIV.count=2
mem.AES-256-CCM.fetched=1
mem.AES-256-CCM.0=../../src/openssl-3.6.4/providers/implementations/ciphers/cipher_aes_ccm.c
mem.AES-256-CCM.count=1
mem.AES-192-CCM.fetched=1
mem.AES-192-CCM.0=../../src/openssl-3.6.4/providers/implementations/ciphers/cipher_aes_ccm.c
mem.AES-192-CCM.count=1
mem.AES-128-CCM.fetched=1
mem.AES-128-CCM.0=../../src/openssl-3.6.4/providers/implementations/ciphers/cipher_aes_ccm.c
mem.AES-128-CCM.count=1
mem.AES-256-WRAP.fetched=1
mem.AES-256-WRAP.0=../../src/openssl-3.6.4/providers/implementations/ciphers/cipher_aes_wrp.c
mem.AES-256-WRAP.count=1
mem.AES-192-WRAP.fetched=1
mem.AES-192-WRAP.0=../../src/openssl-3.6.4/providers/implementations/ciphers/cipher_aes_wrp.c
mem.AES-192-WRAP.count=1
mem.AES-128-WRAP.fetched=1
mem.AES-128-WRAP.0=../../src/openssl-3.6.4/providers/implementations/ciphers/cipher_aes_wrp.c
mem.AES-128-WRAP.count=1
mem.AES-256-WRAP-PAD.fetched=1
mem.AES-256-WRAP-PAD.0=../../src/openssl-3.6.4/providers/implementations/ciphers/cipher_aes_wrp.c
mem.AES-256-WRAP-PAD.count=1
mem.AES-192-WRAP-PAD.fetched=1
mem.AES-192-WRAP-PAD.0=../../src/openssl-3.6.4/providers/implementations/ciphers/cipher_aes_wrp.c
mem.AES-192-WRAP-PAD.count=1
mem.AES-128-WRAP-PAD.fetched=1
mem.AES-128-WRAP-PAD.0=../../src/openssl-3.6.4/providers/implementations/ciphers/cipher_aes_wrp.c
mem.AES-128-WRAP-PAD.count=1
mem.AES-256-WRAP-INV.fetched=1
mem.AES-256-WRAP-INV.0=../../src/openssl-3.6.4/providers/implementations/ciphers/cipher_aes_wrp.c
mem.AES-256-WRAP-INV.count=1
mem.AES-192-WRAP-INV.fetched=1
mem.AES-192-WRAP-INV.0=../../src/openssl-3.6.4/providers/implementations/ciphers/cipher_aes_wrp.c
mem.AES-192-WRAP-INV.count=1
mem.AES-128-WRAP-INV.fetched=1
mem.AES-128-WRAP-INV.0=../../src/openssl-3.6.4/providers/implementations/ciphers/cipher_aes_wrp.c
mem.AES-128-WRAP-INV.count=1
mem.AES-256-WRAP-PAD-INV.fetched=1
mem.AES-256-WRAP-PAD-INV.0=../../src/openssl-3.6.4/providers/implementations/ciphers/cipher_aes_wrp.c
mem.AES-256-WRAP-PAD-INV.count=1
mem.AES-192-WRAP-PAD-INV.fetched=1
mem.AES-192-WRAP-PAD-INV.0=../../src/openssl-3.6.4/providers/implementations/ciphers/cipher_aes_wrp.c
mem.AES-192-WRAP-PAD-INV.count=1
mem.AES-128-WRAP-PAD-INV.fetched=1
mem.AES-128-WRAP-PAD-INV.0=../../src/openssl-3.6.4/providers/implementations/ciphers/cipher_aes_wrp.c
mem.AES-128-WRAP-PAD-INV.count=1
mem.AES-128-CBC-HMAC-SHA1.fetched=1
mem.AES-128-CBC-HMAC-SHA1.0=../../src/openssl-3.6.4/providers/implementations/ciphers/cipher_aes_cbc_hmac_sha.c
mem.AES-128-CBC-HMAC-SHA1.count=1
mem.AES-256-CBC-HMAC-SHA1.fetched=1
mem.AES-256-CBC-HMAC-SHA1.0=../../src/openssl-3.6.4/providers/implementations/ciphers/cipher_aes_cbc_hmac_sha.c
mem.AES-256-CBC-HMAC-SHA1.count=1
mem.AES-128-CBC-HMAC-SHA256.fetched=1
mem.AES-128-CBC-HMAC-SHA256.0=../../src/openssl-3.6.4/providers/implementations/ciphers/cipher_aes_cbc_hmac_sha.c
mem.AES-128-CBC-HMAC-SHA256.count=1
mem.AES-256-CBC-HMAC-SHA256.fetched=1
mem.AES-256-CBC-HMAC-SHA256.0=../../src/openssl-3.6.4/providers/implementations/ciphers/cipher_aes_cbc_hmac_sha.c
mem.AES-256-CBC-HMAC-SHA256.count=1
mem.AES-128-CBC-HMAC-SHA1-ETM.fetched=0
mem.AES-192-CBC-HMAC-SHA1-ETM.fetched=0
mem.AES-256-CBC-HMAC-SHA1-ETM.fetched=0
mem.AES-128-CBC-HMAC-SHA256-ETM.fetched=0
mem.AES-192-CBC-HMAC-SHA256-ETM.fetched=0
mem.AES-256-CBC-HMAC-SHA256-ETM.fetched=0
mem.AES-128-CBC-HMAC-SHA512-ETM.fetched=0
mem.AES-192-CBC-HMAC-SHA512-ETM.fetched=0
mem.AES-256-CBC-HMAC-SHA512-ETM.fetched=0
mem.ARIA-256-CCM.fetched=1
mem.ARIA-256-CCM.0=../../src/openssl-3.6.4/providers/implementations/ciphers/cipher_aria_ccm.c
mem.ARIA-256-CCM.count=1
mem.ARIA-192-CCM.fetched=1
mem.ARIA-192-CCM.0=../../src/openssl-3.6.4/providers/implementations/ciphers/cipher_aria_ccm.c
mem.ARIA-192-CCM.count=1
mem.ARIA-128-CCM.fetched=1
mem.ARIA-128-CCM.0=../../src/openssl-3.6.4/providers/implementations/ciphers/cipher_aria_ccm.c
mem.ARIA-128-CCM.count=1
mem.ARIA-256-ECB.fetched=1
mem.ARIA-256-ECB.0=../../src/openssl-3.6.4/providers/implementations/ciphers/cipher_aria.c
mem.ARIA-256-ECB.count=1
mem.ARIA-192-ECB.fetched=1
mem.ARIA-192-ECB.0=../../src/openssl-3.6.4/providers/implementations/ciphers/cipher_aria.c
mem.ARIA-192-ECB.count=1
mem.ARIA-128-ECB.fetched=1
mem.ARIA-128-ECB.0=../../src/openssl-3.6.4/providers/implementations/ciphers/cipher_aria.c
mem.ARIA-128-ECB.count=1
mem.ARIA-256-CBC.fetched=1
mem.ARIA-256-CBC.0=../../src/openssl-3.6.4/providers/implementations/ciphers/cipher_aria.c
mem.ARIA-256-CBC.count=1
mem.ARIA-192-CBC.fetched=1
mem.ARIA-192-CBC.0=../../src/openssl-3.6.4/providers/implementations/ciphers/cipher_aria.c
mem.ARIA-192-CBC.count=1
mem.ARIA-128-CBC.fetched=1
mem.ARIA-128-CBC.0=../../src/openssl-3.6.4/providers/implementations/ciphers/cipher_aria.c
mem.ARIA-128-CBC.count=1
mem.ARIA-256-OFB.fetched=1
mem.ARIA-256-OFB.0=../../src/openssl-3.6.4/providers/implementations/ciphers/cipher_aria.c
mem.ARIA-256-OFB.count=1
mem.ARIA-192-OFB.fetched=1
mem.ARIA-192-OFB.0=../../src/openssl-3.6.4/providers/implementations/ciphers/cipher_aria.c
mem.ARIA-192-OFB.count=1
mem.ARIA-128-OFB.fetched=1
mem.ARIA-128-OFB.0=../../src/openssl-3.6.4/providers/implementations/ciphers/cipher_aria.c
mem.ARIA-128-OFB.count=1
mem.ARIA-256-CFB.fetched=1
mem.ARIA-256-CFB.0=../../src/openssl-3.6.4/providers/implementations/ciphers/cipher_aria.c
mem.ARIA-256-CFB.count=1
mem.ARIA-192-CFB.fetched=1
mem.ARIA-192-CFB.0=../../src/openssl-3.6.4/providers/implementations/ciphers/cipher_aria.c
mem.ARIA-192-CFB.count=1
mem.ARIA-128-CFB.fetched=1
mem.ARIA-128-CFB.0=../../src/openssl-3.6.4/providers/implementations/ciphers/cipher_aria.c
mem.ARIA-128-CFB.count=1
mem.ARIA-256-CFB1.fetched=1
mem.ARIA-256-CFB1.0=../../src/openssl-3.6.4/providers/implementations/ciphers/cipher_aria.c
mem.ARIA-256-CFB1.count=1
mem.ARIA-192-CFB1.fetched=1
mem.ARIA-192-CFB1.0=../../src/openssl-3.6.4/providers/implementations/ciphers/cipher_aria.c
mem.ARIA-192-CFB1.count=1
mem.ARIA-128-CFB1.fetched=1
mem.ARIA-128-CFB1.0=../../src/openssl-3.6.4/providers/implementations/ciphers/cipher_aria.c
mem.ARIA-128-CFB1.count=1
mem.ARIA-256-CFB8.fetched=1
mem.ARIA-256-CFB8.0=../../src/openssl-3.6.4/providers/implementations/ciphers/cipher_aria.c
mem.ARIA-256-CFB8.count=1
mem.ARIA-192-CFB8.fetched=1
mem.ARIA-192-CFB8.0=../../src/openssl-3.6.4/providers/implementations/ciphers/cipher_aria.c
mem.ARIA-192-CFB8.count=1
mem.ARIA-128-CFB8.fetched=1
mem.ARIA-128-CFB8.0=../../src/openssl-3.6.4/providers/implementations/ciphers/cipher_aria.c
mem.ARIA-128-CFB8.count=1
mem.ARIA-256-CTR.fetched=1
mem.ARIA-256-CTR.0=../../src/openssl-3.6.4/providers/implementations/ciphers/cipher_aria.c
mem.ARIA-256-CTR.count=1
mem.ARIA-192-CTR.fetched=1
mem.ARIA-192-CTR.0=../../src/openssl-3.6.4/providers/implementations/ciphers/cipher_aria.c
mem.ARIA-192-CTR.count=1
mem.ARIA-128-CTR.fetched=1
mem.ARIA-128-CTR.0=../../src/openssl-3.6.4/providers/implementations/ciphers/cipher_aria.c
mem.ARIA-128-CTR.count=1
mem.CAMELLIA-256-ECB.fetched=1
mem.CAMELLIA-256-ECB.0=../../src/openssl-3.6.4/providers/implementations/ciphers/cipher_camellia.c
mem.CAMELLIA-256-ECB.count=1
mem.CAMELLIA-192-ECB.fetched=1
mem.CAMELLIA-192-ECB.0=../../src/openssl-3.6.4/providers/implementations/ciphers/cipher_camellia.c
mem.CAMELLIA-192-ECB.count=1
mem.CAMELLIA-128-ECB.fetched=1
mem.CAMELLIA-128-ECB.0=../../src/openssl-3.6.4/providers/implementations/ciphers/cipher_camellia.c
mem.CAMELLIA-128-ECB.count=1
mem.CAMELLIA-256-CBC.fetched=1
mem.CAMELLIA-256-CBC.0=../../src/openssl-3.6.4/providers/implementations/ciphers/cipher_camellia.c
mem.CAMELLIA-256-CBC.count=1
mem.CAMELLIA-192-CBC.fetched=1
mem.CAMELLIA-192-CBC.0=../../src/openssl-3.6.4/providers/implementations/ciphers/cipher_camellia.c
mem.CAMELLIA-192-CBC.count=1
mem.CAMELLIA-128-CBC.fetched=1
mem.CAMELLIA-128-CBC.0=../../src/openssl-3.6.4/providers/implementations/ciphers/cipher_camellia.c
mem.CAMELLIA-128-CBC.count=1
mem.CAMELLIA-128-CBC-CTS.fetched=1
mem.CAMELLIA-128-CBC-CTS.0=../../src/openssl-3.6.4/providers/implementations/ciphers/cipher_camellia.c
mem.CAMELLIA-128-CBC-CTS.count=1
mem.CAMELLIA-192-CBC-CTS.fetched=1
mem.CAMELLIA-192-CBC-CTS.0=../../src/openssl-3.6.4/providers/implementations/ciphers/cipher_camellia.c
mem.CAMELLIA-192-CBC-CTS.count=1
mem.CAMELLIA-256-CBC-CTS.fetched=1
mem.CAMELLIA-256-CBC-CTS.0=../../src/openssl-3.6.4/providers/implementations/ciphers/cipher_camellia.c
mem.CAMELLIA-256-CBC-CTS.count=1
mem.CAMELLIA-256-OFB.fetched=1
mem.CAMELLIA-256-OFB.0=../../src/openssl-3.6.4/providers/implementations/ciphers/cipher_camellia.c
mem.CAMELLIA-256-OFB.count=1
mem.CAMELLIA-192-OFB.fetched=1
mem.CAMELLIA-192-OFB.0=../../src/openssl-3.6.4/providers/implementations/ciphers/cipher_camellia.c
mem.CAMELLIA-192-OFB.count=1
mem.CAMELLIA-128-OFB.fetched=1
mem.CAMELLIA-128-OFB.0=../../src/openssl-3.6.4/providers/implementations/ciphers/cipher_camellia.c
mem.CAMELLIA-128-OFB.count=1
mem.CAMELLIA-256-CFB.fetched=1
mem.CAMELLIA-256-CFB.0=../../src/openssl-3.6.4/providers/implementations/ciphers/cipher_camellia.c
mem.CAMELLIA-256-CFB.count=1
mem.CAMELLIA-192-CFB.fetched=1
mem.CAMELLIA-192-CFB.0=../../src/openssl-3.6.4/providers/implementations/ciphers/cipher_camellia.c
mem.CAMELLIA-192-CFB.count=1
mem.CAMELLIA-128-CFB.fetched=1
mem.CAMELLIA-128-CFB.0=../../src/openssl-3.6.4/providers/implementations/ciphers/cipher_camellia.c
mem.CAMELLIA-128-CFB.count=1
mem.CAMELLIA-256-CFB1.fetched=1
mem.CAMELLIA-256-CFB1.0=../../src/openssl-3.6.4/providers/implementations/ciphers/cipher_camellia.c
mem.CAMELLIA-256-CFB1.count=1
mem.CAMELLIA-192-CFB1.fetched=1
mem.CAMELLIA-192-CFB1.0=../../src/openssl-3.6.4/providers/implementations/ciphers/cipher_camellia.c
mem.CAMELLIA-192-CFB1.count=1
mem.CAMELLIA-128-CFB1.fetched=1
mem.CAMELLIA-128-CFB1.0=../../src/openssl-3.6.4/providers/implementations/ciphers/cipher_camellia.c
mem.CAMELLIA-128-CFB1.count=1
mem.CAMELLIA-256-CFB8.fetched=1
mem.CAMELLIA-256-CFB8.0=../../src/openssl-3.6.4/providers/implementations/ciphers/cipher_camellia.c
mem.CAMELLIA-256-CFB8.count=1
mem.CAMELLIA-192-CFB8.fetched=1
mem.CAMELLIA-192-CFB8.0=../../src/openssl-3.6.4/providers/implementations/ciphers/cipher_camellia.c
mem.CAMELLIA-192-CFB8.count=1
mem.CAMELLIA-128-CFB8.fetched=1
mem.CAMELLIA-128-CFB8.0=../../src/openssl-3.6.4/providers/implementations/ciphers/cipher_camellia.c
mem.CAMELLIA-128-CFB8.count=1
mem.CAMELLIA-256-CTR.fetched=1
mem.CAMELLIA-256-CTR.0=../../src/openssl-3.6.4/providers/implementations/ciphers/cipher_camellia.c
mem.CAMELLIA-256-CTR.count=1
mem.CAMELLIA-192-CTR.fetched=1
mem.CAMELLIA-192-CTR.0=../../src/openssl-3.6.4/providers/implementations/ciphers/cipher_camellia.c
mem.CAMELLIA-192-CTR.count=1
mem.CAMELLIA-128-CTR.fetched=1
mem.CAMELLIA-128-CTR.0=../../src/openssl-3.6.4/providers/implementations/ciphers/cipher_camellia.c
mem.CAMELLIA-128-CTR.count=1
mem.DES-EDE3-ECB.fetched=1
mem.DES-EDE3-ECB.0=../../src/openssl-3.6.4/providers/implementations/ciphers/cipher_tdes_common.c
mem.DES-EDE3-ECB.count=1
mem.DES-EDE3-CBC.fetched=1
mem.DES-EDE3-CBC.0=../../src/openssl-3.6.4/providers/implementations/ciphers/cipher_tdes_common.c
mem.DES-EDE3-CBC.count=1
mem.DES-EDE3-OFB.fetched=1
mem.DES-EDE3-OFB.0=../../src/openssl-3.6.4/providers/implementations/ciphers/cipher_tdes_common.c
mem.DES-EDE3-OFB.count=1
mem.DES-EDE3-CFB.fetched=1
mem.DES-EDE3-CFB.0=../../src/openssl-3.6.4/providers/implementations/ciphers/cipher_tdes_common.c
mem.DES-EDE3-CFB.count=1
mem.DES-EDE3-CFB8.fetched=1
mem.DES-EDE3-CFB8.0=../../src/openssl-3.6.4/providers/implementations/ciphers/cipher_tdes_common.c
mem.DES-EDE3-CFB8.count=1
mem.DES-EDE3-CFB1.fetched=1
mem.DES-EDE3-CFB1.0=../../src/openssl-3.6.4/providers/implementations/ciphers/cipher_tdes_common.c
mem.DES-EDE3-CFB1.count=1
mem.DES-EDE-ECB.fetched=1
mem.DES-EDE-ECB.0=../../src/openssl-3.6.4/providers/implementations/ciphers/cipher_tdes_common.c
mem.DES-EDE-ECB.count=1
mem.DES-EDE-CBC.fetched=1
mem.DES-EDE-CBC.0=../../src/openssl-3.6.4/providers/implementations/ciphers/cipher_tdes_common.c
mem.DES-EDE-CBC.count=1
mem.DES-EDE-OFB.fetched=1
mem.DES-EDE-OFB.0=../../src/openssl-3.6.4/providers/implementations/ciphers/cipher_tdes_common.c
mem.DES-EDE-OFB.count=1
mem.DES-EDE-CFB.fetched=1
mem.DES-EDE-CFB.0=../../src/openssl-3.6.4/providers/implementations/ciphers/cipher_tdes_common.c
mem.DES-EDE-CFB.count=1
mem.SM4-CCM.fetched=1
mem.SM4-CCM.0=../../src/openssl-3.6.4/providers/implementations/ciphers/cipher_sm4_ccm.c
mem.SM4-CCM.count=1
mem.SM4-ECB.fetched=1
mem.SM4-ECB.0=../../src/openssl-3.6.4/providers/implementations/ciphers/cipher_sm4.c
mem.SM4-ECB.count=1
mem.SM4-CBC.fetched=1
mem.SM4-CBC.0=../../src/openssl-3.6.4/providers/implementations/ciphers/cipher_sm4.c
mem.SM4-CBC.count=1
mem.SM4-CTR.fetched=1
mem.SM4-CTR.0=../../src/openssl-3.6.4/providers/implementations/ciphers/cipher_sm4.c
mem.SM4-CTR.count=1
mem.SM4-OFB.fetched=1
mem.SM4-OFB.0=../../src/openssl-3.6.4/providers/implementations/ciphers/cipher_sm4.c
mem.SM4-OFB.count=1
mem.SM4-CFB.fetched=1
mem.SM4-CFB.0=../../src/openssl-3.6.4/providers/implementations/ciphers/cipher_sm4.c
mem.SM4-CFB.count=1
mem.SM4-XTS.fetched=1
mem.SM4-XTS.0=../../src/openssl-3.6.4/providers/implementations/ciphers/cipher_sm4_xts.c
mem.SM4-XTS.count=1
mem.ChaCha20.fetched=1
mem.ChaCha20.0=../../src/openssl-3.6.4/providers/implementations/ciphers/cipher_chacha20.c
mem.ChaCha20.count=1
mem.ChaCha20-Poly1305.fetched=1
mem.ChaCha20-Poly1305.0=providers/implementations/ciphers/cipher_chacha20_poly1305.c
mem.ChaCha20-Poly1305.count=1
