transcript.sha256=01c16219d22bcffc185fed4b724b86ce83f9646d0b0583873d0c06f939d3e79c
util.log_open=1
util.log_close=1
util.print_to_bio.ret=1
util.print_to_bio.len=16
util.print_to_bio.hex=434d5020696e666f3a2068656c6c6f0a
util.print_to_bio.unknown_level=1
util.print_to_bio.unknown.len=23
util.print_to_bio.unknown.hex=434d502028756e6b6e6f776e206c6576656c293a20780a
util.print_errors.cb_calls=-1
status.si=nonnull
status.snprint=PKIStatus: accepted; PKIFailureInfo: badAlg, badPOP; StatusString: "ok then"
status.dup=nonnull
status.si2=nonnull
status.snprint2=PKIStatus: rejection; PKIFailureInfo: duplicateCertReq
status.err_after_fill=0.0
status.snprint_null=null
status.err_snprint_null=58.103
status.ctx_null=null
status.err_ctx_null=58.103
asn.pkisi.der.len=11
asn.pkisi.der.hex=300902010130040c02676d
asn.pkisi.d2i=nonnull
asn.pkisi_new=nonnull
asn.pkistatus_it=nonnull
asn.pkisi_it=nonnull
asn.itav_create=nonnull
asn.itav_get0_type=nonnull
asn.itav_get0_value=nonnull
asn.itav_set0_type=nonnull
asn.itav_push0=1
asn.itav_stack_num=1
asn.itav_certprofile=nonnull
asn.itav_get0_certprofile=0
asn.itav_get0_cacerts=0
asn.itav_get0_rootcacert=0
asn.itav_get0_rootcakeyupdate=0
asn.itav_get1_certreqtemplate=0
asn.itav_get0_crlstatuslist=0
asn.itav_get0_crls=0
asn.itav_dup=nonnull
asn.itav_free_null=null
asn.itav_wrongtype_certprofile=0
asn.itav_wrongtype_err=58.786690
asn.atav_rsalen=nonnull
asn.atav_get_rsalen=2048
asn.atav_get0_type=nonnull
asn.atav_get0_value=nonnull
asn.atav_get0_algid=null
asn.atav_push1=1
asn.atavs_p=nonnull
asn.atav_algid=nonnull
asn.atav_algid_get=nonnull
asn.atav_create=nonnull
asn.atav_type=nonnull
asn.atavs.empty.der.len=2
asn.atavs.empty.der.hex=3000
asn.atavs.empty.d2i=nonnull
asn.atavs_it=nonnull
asn.atavs.one.der.len=19
asn.atavs.one.der.hex=3011300f06092b060105050705010c02020800
asn.crlstatus_null=null
asn.crlstatus_err=58.786690
asn.crlstatus_get0_null=0
asn.crlstatus_create=null
asn.crlstatus_create_err=58.103
asn.crlstatus_create_null=null
asn.crlstatus_create_null_err=58.103
asn.done=1
msg.hdr_d2i=nonnull
msg.hdr_transactionID=null
msg.hdr_recipNonce=null
msg.hdr_geninfo=null
msg.hdr_i2d.len=13
msg.hdr_i2d.hex=300b020102a4023000a4023000
msg.hdr_it=nonnull
msg.hdr_new=nonnull
msg.d2i=nonnull
msg.dup=nonnull
msg.i2d.len=19
msg.i2d.hex=3011300b020102a4023000a4023000b5023000
msg.it=nonnull
msg.dup_null=null
msg2.d2i=nonnull
msg2.get0_header=nonnull
msg2.get_bodytype=21
msg2.i2d.len=19
msg2.i2d.hex=3011300b020102a4023000a4023000b5023000
msg2.write=1
msg2.write_err=0.0
msg2.read=nonnull
msg2.read_type=21
msg2.read_err=0.0
msg2.d2i_bio=nonnull
msg2.i2d_bio=1
msg2.i2d_bio.len=19
msg2.i2d_bio.hex=3011300b020102a4023000a4023000b5023000
msg2.get0_header_null=null
msg2.get0_header_null_err=58.103
msg2.read_null=null
msg2.read_null_err=58.103
msg2.write_null_file=-1
msg2.write_null_file_err=58.103
msg2.free_null=1
vfy.null_ctx=0
vfy.null_ctx_err=58.103
vfy.null_store=0
vfy.null_store_err=58.144
vfy.null_cert=0
vfy.null_cert_err=58.103
http.null=null
http.null_err=58.103
http.null_req=null
http.null_req_err=58.103
ctx.new=null
ctx.get0_propq=null
ctx.get0_libctx=null
ctx.get0_trusted=null
ctx.get0_untrusted=null
ctx.get0_statusString=null
ctx.get0_geninfo=null
ctx.get0_validated=null
ctx.get0_newCert=null
ctx.get_certConf_arg=null
ctx.get_http_arg=null
ctx.get_transfer_arg=null
ctx.get_status=-1
ctx.get_failInfo=-1
ctx.get0_newPkey0=null
ctx.get0_newPkey1=null
ctx.get1_newChain=null
ctx.get1_extraCertsIn=null
ctx.get1_caPubs=null
ctx.set_option.keepalive=0
ctx.get_option.keepalive=-1
ctx.set_option.days=0
ctx.get_option.days=-1
ctx.set_option.popo=0
ctx.get_option.popo=-1
ctx.set_option.implicit=0
ctx.get_option.implicit=-1
ctx.set_option.reason=0
ctx.get_option.reason=-1
ctx.set_option.mac=0
ctx.get_option.mac=-1
ctx.get_option.digest=-1
ctx.get_option.owf=-1
ctx.set_option.bad=0
ctx.set_option.bad_err=58.103
ctx.get_option.bad=-1
ctx.get_option.bad_err=58.103
ctx.set_serverport=0
ctx.set_server=0
ctx.set_serverpath=0
ctx.set_proxy=0
ctx.set_noproxy=0
ctx.set_recipient=0
ctx.set_expected=0
ctx.set_issuer=0
ctx.set_subject=0
ctx.set_serial=0
ctx.set_cert=0
ctx.set_oldcert=0
ctx.set_srvcert=0
ctx.set_pkey=0
ctx.set_p10csr=0
ctx.set_extraout=0
ctx.set_untrusted=0
ctx.set_refval=0
ctx.set_secval=0
ctx.set_tid=0
ctx.set_sendernonce=0
ctx.set0_trusted=0
ctx.set0_newpkey=0
ctx.set0_reqext=0
ctx.push_policy_null=0
ctx.push_san_null=0
ctx.reqext_have_san=-1
ctx.push_geninfo=0
ctx.get0_geninfo2=null
ctx.reset_geninfo=0
ctx.push_genm=0
ctx.set_log_cb=0
ctx.set_certconf_cb=0
ctx.set_certconf_arg=0
ctx.get_certconf_arg2=null
ctx.set_http_cb=0
ctx.set_http_arg=0
ctx.get_http_arg2=null
ctx.set_transfer_cb=0
ctx.set_transfer_arg=0
ctx.get_transfer_arg2=null
ctx.print_errors.cb_calls=-1
ctx.reinit=0
ctx.build_chain=0
ctx.build_chain_err=58.103
ctx.null_get_status=-1
ctx.null_get_propq=null
ctx.null_set_server=0
ctx.null_reinit=0
ctx.null_set_option=0
ctx.null_get_option=-1
ctx.null_err=58.103
ctx.free_null=1
srv.new=null
srv.get0_cmp_ctx=null
srv.get0_custom_ctx=null
srv.init=0
srv.get0_custom_ctx2=null
srv.init_trans=0
srv.set_sue=0
srv.set_au=0
srv.set_arv=0
srv.set_gic=0
srv.new2=nonnull
srv.null_init=0
srv.null_init_trans=0
srv.null_cmp_ctx=null
srv.null_custom_ctx=null
srv.null_sue=0
srv.null_au=0
srv.null_arv=0
srv.null_gic=0
srv.null_err=58.103
srv.free_null=1
ccb.failinfo=5
ccb.failinfo_null_cert=7
ccb.set_arg=1
ccb.with_store=128
ccb.with_store_err=6.114
engine.cert=nonnull
engine.key=nonnull
engine.set_cert=1
engine.set_pkey=1
engine.days0=1
engine.setup_crm=nonnull
engine.setup_crm.rid=0
engine.setup_crm.pubkey=nonnull
engine.setup_crm.der.len=375
engine.setup_crm.der.hex=308201733082016f02010030820168a31f301d311b301906035504030c126f70656e73736c2d72732052542d4f435350a51f301d311b301906035504030c126f70656e73736c2d72732052542d4f435350a6820122300d06092a864886f70d01010105000382010f003082010a02820101009fd2f667b776b6ed6c4e0d153acbf8b9e8f55f41285a6a8fed63f76363bd4ad7a6aee2e4ba6d29446bc466eeff136f8c9903c70f437fe67ce21f0a81926bcfaab58c58df4130352f931ee33692d0a90b70348fee29ee7476d083e07d4701c6d2f1e26f1344fe2154c6a8b21f6b7222db85c3e6b70b089c7bb62e09343f559c0764138219fb24ca17ff0dbbfba32f32da0cc0f2ef8b702a706f51e35111f14bcd05a1e12dcec2a45cd47b21cdf1818413e5cd85fb53d4ed5f036878bde42a9cdded0bcfd84bc807fcc96a58f5041d35d884da35b22dc114f3e0cacb3c9941e48bb39f97ddd1f09561748a0ae4868c8e5a8d28658ee8e41cdc6d76eaf9c03354670203010001
engine.set_oldcert=1
engine.setup_crm_kur=nonnull
engine.setup_crm_kur.der.len=447
engine.setup_crm_kur.der.hex=308201bb308201b702010130820168a31f301d311b301906035504030c126f70656e73736c2d72732052542d4f435350a51f301d311b301906035504030c126f70656e73736c2d72732052542d4f435350a6820122300d06092a864886f70d01010105000382010f003082010a02820101009fd2f667b776b6ed6c4e0d153acbf8b9e8f55f41285a6a8fed63f76363bd4ad7a6aee2e4ba6d29446bc466eeff136f8c9903c70f437fe67ce21f0a81926bcfaab58c58df4130352f931ee33692d0a90b70348fee29ee7476d083e07d4701c6d2f1e26f1344fe2154c6a8b21f6b7222db85c3e6b70b089c7bb62e09343f559c0764138219fb24ca17ff0dbbfba32f32da0cc0f2ef8b702a706f51e35111f14bcd05a1e12dcec2a45cd47b21cdf1818413e5cd85fb53d4ed5f036878bde42a9cdded0bcfd84bc807fcc96a58f5041d35d884da35b22dc114f3e0cacb3c9941e48bb39f97ddd1f09561748a0ae4868c8e5a8d28658ee8e41cdc6d76eaf9c033546702030100013046304406092b06010505070501053037a41f301d311b301906035504030c126f70656e73736c2d72732052542d4f43535002143f54438b0396820d15053d16375894f5026a5d21
engine.setup_crm_nopub=null
engine.setup_crm_nopub.err=58.183
engine.msg=nonnull
engine.get0_pubkey_genm=null
engine.get0_pubkey_genm.err=58.133
engine.set_tid=1
engine.update_tid=1
engine.update_recipnonce=1
engine.update_tid_null=0
engine.update_tid_null.err=58.103
engine.update_recipnonce_null=0
engine.update_recipnonce_null.err=58.103
engine.srv.init=1
engine.srv.accept_unprotected=1
engine.srv.accept_raverified=1
engine.srv.grant_implicit=1
engine.srv.set_cert=1
engine.srv.set_pkey=1
engine.srv.days0=1
engine.srv.unprotected_send=1
engine.val.set_srvcert=1
engine.cli.set_cert=1
engine.cli.set_pkey=1
engine.cli.set_transfer=1
engine.cli.set_transfer_arg=1
engine.cli.set_srvcert=1
engine.cli.days0=1
engine.cli.unprotected_send=1
engine.cli.unprotected_errors=1
engine.cli.popo_raverified=1
engine.xfer.bodytype=0
engine.xfer.pubkey=nonnull
engine.xfer.valid=0
engine.xfer.valid.err=58.143
engine.srv.certreq.rid=0
engine.srv.certreq.crm=nonnull
engine.exec_ir=null
engine.exec_ir.status=2
engine.exec_ir.failinfo=0
engine.exec_ir.err=58.182
engine.xfer.bodytype=0
engine.xfer.pubkey=nonnull
engine.xfer.valid=0
engine.xfer.valid.err=58.143
engine.srv.certreq.rid=0
engine.srv.certreq.crm=nonnull
engine.try_ir=0
engine.try_ir.check_after=-1
engine.try_ir.status=2
engine.try_ir.err=58.182
engine.exec_rr=0
engine.exec_rr.status=-3
engine.exec_rr.err=58.168
engine.xfer.bodytype=21
engine.srv.genm=1
engine.exec_genm=null
engine.exec_genm.err=58.180
engine.get1_caCerts_null=0
engine.get1_caCerts_null.err=58.103
engine.get1_caCerts=0
engine.get1_caCerts.out=null
engine.get1_caCerts.err=58.191
engine.get1_rootCaKeyUpdate=0
engine.get1_rootCaKeyUpdate.new=null
engine.get1_rootCaKeyUpdate.err=58.191
engine.get1_crlUpdate=0
engine.get1_crlUpdate.out=null
engine.get1_crlUpdate.err=58.191
engine.get1_certReqTemplate=0
engine.get1_certReqTemplate.tmpl=null
engine.get1_certReqTemplate.err=58.191
engine.srv.genm=1
engine.srv.direct=nonnull
engine.srv.direct.err=0.0
pending.engine.signed_verify=EVP_get_digestbyname_identity_divergence
pending.engine.pbm_verify=EVP_get_digestbyname_identity_divergence
done=1
