transcript.sha256=cc24511a3dbd9545488218e272043473facfbc3e3a15569267ff68ebbf0c7a6f
s.bio.name=BIO pair
s.bio.type=1043
pair.make=1
pair.a.nonnull=1
pair.b.nonnull=1
pair.a.init=1
pair.b.init=1
pair.a.bufsize=17408
pair.b.bufsize=17408
pair.a.guarantee=17408
pair.a.readrequest=0
pair.empty.a.pending=0
pair.empty.a.wpending=0
pair.empty.a.eof=0
pair.empty.b.pending=0
pair.empty.b.wpending=0
pair.empty.b.eof=0
pair.read.empty=-1
pair.read.empty.shouldretry=8
pair.read.empty.shouldread=1
pair.read.empty.request=32
pair.read.empty.count=0
pair.read.huge=-1
pair.read.huge.request=17408
pair.reset.request=1
pair.reset.request.after=0
pair.write=5
pair.write.wpending=5
pair.write.pending=5
pair.write.shouldretry=0
pair.read=5
pair.read.data=hello
pair.read.wpending=0
pair.destroy=1
pair.destroy.a.init=0
pair.destroy.b.init=0
pair.destroy.a.pending=0
pair.free.a=1
pair.free.b=1
small.make=1
small.a.bufsize=8
small.b.bufsize=8
small.a.guarantee=8
small.write8=8
small.a.wpending=8
small.a.guarantee.full=0
small.write.overflow=-1
small.overflow.shouldretry=8
small.overflow.shouldwrite=2
small.overflow.count=0
small.read4=4
small.read4.data=abcd
small.a.wpending.after=4
small.write6=4
small.a.wpending.wrapped=8
small.b.pending.wrapped=8
small.readall=8
small.readall.data=efghijkl
small.a.wpending.end=0
shut.make=1
shut.write=2
shut.shutdown=1
shut.a.eof=0
shut.b.eof=0
shut.read=2
shut.read.data=xy
shut.b.eof.after=1
shut.read.closed=0
shut.read.closed.shouldretry=0
shut.read.closed.count=0
shut.write.closed=-1
shut.write.closed.0.code=268435580
shut.write.closed.0.line=286
shut.write.closed.0.data=
shut.write.closed.count=1
shut.a.guarantee=0
nc.make=1
nc.nwrite0=16
nc.nwrite0.ptr=1
nc.nwrite=10
nc.a.wpending=10
nc.nread0=10
nc.nread0.data=1234567890
nc.nread=4
nc.b.pending.after=6
nc.nread0.rest=6
nc.nread.rest=6
nc.b.pending.end=0
nc.nread0.empty=-1
ctl.make=1
ctl.setbuf.inuse=0
ctl.setbuf.inuse.0.code=268435579
ctl.setbuf.inuse.0.line=426
ctl.setbuf.inuse.0.data=
ctl.setbuf.inuse.count=1
ctl.setbuf.zero=0
ctl.setbuf.zero.0.code=268435581
ctl.setbuf.zero.0.line=429
ctl.setbuf.zero.0.data=
ctl.setbuf.zero.count=1
ctl.setbuf.ok=1
ctl.setbuf.size=64
ctl.raw.init=0
ctl.raw.read=-1
ctl.raw.write=-1
ctl.raw.eof=1
ctl.raw.pending=0
ctl.raw.wpending=0
ctl.raw.flush=1
ctl.raw.unknown=0
err.final=0
