FRF-MUTANT:stdout-first-line:transcript.sha256=1543ca37fd207ded20e7b5961ad2d925c3d0933b63afc2accaa238c59ab09b97
method.nonnull=nonnull err=0
method.stable=1 err=0
slot.fresh17=nonnull err=0
slot.default17=nonnull err=0
notable.default_null_handle=NULL err=0
notable.default_handle=NULL err=0
notable.fresh_handle=NULL err=0
full.ctx=nonnull err=0
full.bio=nonnull err=0
full.type=1049 err=0
full.type_is_core_to_prov=1 err=0
full.name=BIO to Core filter err=0
full.name_is_core_filter=1 err=0
full.init=1 err=0
full.data_roundtrip=1 err=0
full.upref.calls=1 err=0
full.upref.handle_ok=1 err=0
full.write.rc=3 err=0
full.write.calls=1 err=0
full.write.handle_ok=1 err=0
full.write.handle_null=0 err=0
full.write.data_ok=1 err=0
full.write.len=32 err=0
full.read.rc=2 err=0
full.read.calls=1 err=0
full.read.handle_ok=1 err=0
full.read.data_ok=1 err=0
full.read.len=32 err=0
full.gets.rc=5 err=0
full.gets.calls=1 err=0
full.gets.handle_ok=1 err=0
full.gets.buf_ok=1 err=0
full.gets.size=64 err=0
full.puts.rc=1 err=0
full.puts.calls=1 err=0
full.puts.handle_ok=1 err=0
full.puts.str_ok=1 err=0
full.ctrl.rc=42 err=0
full.ctrl.calls=1 err=0
full.ctrl.handle_ok=1 err=0
full.ctrl.cmd=9001 err=0
full.ctrl.num=-4242 err=0
full.ctrl.ptr_ok=1 err=0
full.free.rc=1 err=0
full.free.calls=1 err=0
full.free.handle_ok=1 err=0
full.free.handle_null=0 err=0
wonly.ctx=nonnull err=0
wonly.bio=nonnull err=0
wonly.write.rc=6 err=0
wonly.read.rc=0 err=0
wonly.gets.rc=-1 err=0
wonly.puts.rc=-1 err=0
wonly.ctrl.rc=-1 err=0
wonly.write.calls=1 err=0
wonly.second_entry.calls=0 err=0
wonly.free.rc=1 err=0
wonly.free.calls=1 err=0
ronly.ctx=nonnull err=0
ronly.bio=nonnull err=0
ronly.read.rc=6 err=0
ronly.write.rc=0 err=0
ronly.gets.rc=-1 err=0
ronly.puts.rc=-1 err=0
ronly.ctrl.rc=-1 err=0
ronly.read.calls=1 err=0
ronly.free.rc=1 err=0
ronly.free.calls=1 err=0
noup.ctx=nonnull err=0
noup.bio=NULL err=0
noup.upref.calls=1 err=0
noup.upref.handle_ok=1 err=0
noup.free.calls=1 err=0
noup.free.handle_null=1 err=0
iso.ctx_a=nonnull err=0
iso.ctx_b=nonnull err=0
iso.bio_a=nonnull err=0
iso.bio_b=nonnull err=0
iso.write_a.rc=15 err=0
iso.write_b.rc=18 err=0
iso.alpha.calls=1 err=0
iso.beta.calls=1 err=0
iso.alpha.handle_ok=1 err=0
iso.beta.handle_ok=1 err=0
lazy.bio=nonnull err=0
lazy.before.rc=0 err=0
lazy.before.alpha.calls=1 err=0
lazy.before.beta.calls=1 err=0
default.prev_is_global=1 err=0
default.null_bio=nonnull err=0
default.null_write.rc=18 err=0
default.beta.calls=2 err=0
default.alpha.calls=1 err=0
lazy.after.rc=18 err=0
lazy.after.beta.calls=3 err=0
default.free_n.rc=1 err=0
default.free_lazy.rc=1 err=0
default.beta.free.calls=2 err=0
iso.free_a.rc=1 err=0
iso.free_b.rc=1 err=0
iso.alpha.free.calls=1 err=0
iso.beta.free.calls=3 err=0
plain.bio=nonnull err=0
plain.init=1 err=0
plain.write.rc=0 err=0
plain.read.rc=0 err=0
plain.gets.rc=-1 err=0
plain.puts.rc=-1 err=0
plain.ctrl.rc=-1 err=0
