FRF-MUTANT:stdout-first-line:transcript.sha256=1d8cf9abd674c73a76bfa1b1fb2e0d472ca82c4e805476842fdc60b5ee7d0ff1
rsa.install=1
rsa.null_method.is_null=1
rsa.new_named.ev=2
rsa.new_named.ev.0=M:120:../../src/openssl-3.6.4/crypto/rsa/rsa_meth.c
rsa.new_named.ev.1=M:17:../../src/openssl-3.6.4/crypto/rsa/rsa_meth.c
rsa.new_named.is_null=0
rsa.new_named.name=openssl-rs-probe
rsa.new_named.flags=42
rsa.new_unnamed.ev=2
rsa.new_unnamed.ev.0=M:120:../../src/openssl-3.6.4/crypto/rsa/rsa_meth.c
rsa.new_unnamed.ev.1=F:0:../../src/openssl-3.6.4/crypto/rsa/rsa_meth.c
rsa.new_unnamed.is_null=1
rsa.free_null.ev=0
rsa.free_null.survived=1
rsa.dup.ev=2
rsa.dup.ev.0=M:120:../../src/openssl-3.6.4/crypto/rsa/rsa_meth.c
rsa.dup.ev.1=M:17:../../src/openssl-3.6.4/crypto/rsa/rsa_meth.c
rsa.dup.is_null=0
rsa.dup.name_equal=1
rsa.dup.name_distinct_pointer=1
rsa.dup.flags=42
rsa.dup.app_data_shared=1
rsa.set1_name.ev=2
rsa.set1_name.ev.0=M:8:../../src/openssl-3.6.4/crypto/rsa/rsa_meth.c
rsa.set1_name.ev.1=F:0:../../src/openssl-3.6.4/crypto/rsa/rsa_meth.c
rsa.set1_name.ret=1
rsa.set1_name.name=renamed
rsa.set1_name_null.ev=0
rsa.set1_name_null.ret=0
rsa.set1_name_null.name=renamed
rsa.set_flags.ret=1
rsa.set_flags.get=1
rsa.set_flags.ret_zero=1
rsa.set_flags.get_zero=0
rsa.set0_app_data.ret=1
rsa.get0_app_data.is_app=1
rsa.set0_app_data.null_ret=1
rsa.get0_app_data.after_null_is_null=1
rsa.pub_enc.get_default_is_null=1
rsa.pub_enc.set_ret=1
rsa.pub_enc.get_is_sentinel=1
rsa.pub_enc.set_null_ret=1
rsa.pub_enc.get_after_null_is_null=1
rsa.pub_dec.get_default_is_null=1
rsa.pub_dec.set_ret=1
rsa.pub_dec.get_is_sentinel=1
rsa.pub_dec.set_null_ret=1
rsa.pub_dec.get_after_null_is_null=1
rsa.priv_enc.get_default_is_null=1
rsa.priv_enc.set_ret=1
rsa.priv_enc.get_is_sentinel=1
rsa.priv_enc.set_null_ret=1
rsa.priv_enc.get_after_null_is_null=1
rsa.priv_dec.get_default_is_null=1
rsa.priv_dec.set_ret=1
rsa.priv_dec.get_is_sentinel=1
rsa.priv_dec.set_null_ret=1
rsa.priv_dec.get_after_null_is_null=1
rsa.mod_exp.get_default_is_null=1
rsa.mod_exp.set_ret=1
rsa.mod_exp.get_is_sentinel=1
rsa.mod_exp.set_null_ret=1
rsa.mod_exp.get_after_null_is_null=1
rsa.bn_mod_exp.get_default_is_null=1
rsa.bn_mod_exp.set_ret=1
rsa.bn_mod_exp.get_is_sentinel=1
rsa.bn_mod_exp.set_null_ret=1
rsa.bn_mod_exp.get_after_null_is_null=1
rsa.init.get_default_is_null=1
rsa.init.set_ret=1
rsa.init.get_is_sentinel=1
rsa.init.set_null_ret=1
rsa.init.get_after_null_is_null=1
rsa.finish.get_default_is_null=1
rsa.finish.set_ret=1
rsa.finish.get_is_sentinel=1
rsa.finish.set_null_ret=1
rsa.finish.get_after_null_is_null=1
rsa.sign.get_default_is_null=1
rsa.sign.set_ret=1
rsa.sign.get_is_sentinel=1
rsa.sign.set_null_ret=1
rsa.sign.get_after_null_is_null=1
rsa.verify.get_default_is_null=1
rsa.verify.set_ret=1
rsa.verify.get_is_sentinel=1
rsa.verify.set_null_ret=1
rsa.verify.get_after_null_is_null=1
rsa.keygen.get_default_is_null=1
rsa.keygen.set_ret=1
rsa.keygen.get_is_sentinel=1
rsa.keygen.set_null_ret=1
rsa.keygen.get_after_null_is_null=1
rsa.multi_prime_keygen.get_default_is_null=1
rsa.multi_prime_keygen.set_ret=1
rsa.multi_prime_keygen.get_is_sentinel=1
rsa.multi_prime_keygen.set_null_ret=1
rsa.multi_prime_keygen.get_after_null_is_null=1
rsa.pad_none.exact=1
rsa.pad_none.exact.body=1
rsa.pad_none_exact.err.count=0
rsa.pad_none.long=0
rsa.pad_none_long.err.0=33554542:../../src/openssl-3.6.4/crypto/rsa/rsa_none.c:24:RSA_padding_add_none
rsa.pad_none_long.err.count=1
rsa.pad_none.short=0
rsa.pad_none_short.err.0=33554554:../../src/openssl-3.6.4/crypto/rsa/rsa_none.c:29:RSA_padding_add_none
rsa.pad_none_short.err.count=1
rsa.chk_none.ok=16
rsa.chk_none.body=1
rsa.chk_none.pad=20
rsa.chk_none.lead0=1
rsa.chk_none_ok.err.count=0
rsa.chk_none.long=-1
rsa.chk_none_long.err.0=33554541:../../src/openssl-3.6.4/crypto/rsa/rsa_none.c:42:RSA_padding_check_none
rsa.chk_none_long.err.count=1
rsa.pad_x931.tight=1
rsa.pad_x931.tight.0=6a
rsa.pad_x931.tight.body=1
rsa.pad_x931.tight.last=cc
rsa.pad_x931_tight.err.count=0
rsa.pad_x931.run=1
rsa.pad_x931.run.0=6b
rsa.pad_x931.run.1=bb
rsa.pad_x931.run.8=ba
rsa.pad_x931.run.body=1
rsa.pad_x931.run.last=cc
rsa.pad_x931.tight_fail=-1
rsa.pad_x931_fail.err.0=33554542:../../src/openssl-3.6.4/crypto/rsa/rsa_x931.c:56:RSA_padding_add_X931
rsa.pad_x931_fail.err.count=1
rsa.chk_x931.tight=14
rsa.chk_x931.tight.body=1
rsa.chk_x931_tight.err.count=0
rsa.chk_x931.run=6
rsa.chk_x931.run.body=1
rsa.chk_x931_run.err.count=0
rsa.chk_x931.short=-1
rsa.chk_x931_short.err.0=33554569:../../src/openssl-3.6.4/crypto/rsa/rsa_x931.c:87:RSA_padding_check_X931
rsa.chk_x931_short.err.count=1
rsa.chk_x931.header=-1
rsa.chk_x931_header.err.0=33554569:../../src/openssl-3.6.4/crypto/rsa/rsa_x931.c:87:RSA_padding_check_X931
rsa.chk_x931_header.err.count=1
rsa.chk_x931.nopad=-1
rsa.chk_x931_nopad.err.0=33554570:../../src/openssl-3.6.4/crypto/rsa/rsa_x931.c:106:RSA_padding_check_X931
rsa.chk_x931_nopad.err.count=1
rsa.chk_x931.mid=-1
rsa.chk_x931_mid.err.0=33554570:../../src/openssl-3.6.4/crypto/rsa/rsa_x931.c:98:RSA_padding_check_X931
rsa.chk_x931_mid.err.count=1
rsa.chk_x931.trailer=-1
rsa.chk_x931_trailer.err.0=33554571:../../src/openssl-3.6.4/crypto/rsa/rsa_x931.c:115:RSA_padding_check_X931
rsa.chk_x931_trailer.err.count=1
rsa.x931_id.sha1=51
rsa.x931_id.sha256=52
rsa.x931_id.sha384=54
rsa.x931_id.sha512=53
rsa.x931_id.unknown=-1
rsa.pad_t1.ok=1
rsa.pad_t1.0=00
rsa.pad_t1.1=01
rsa.pad_t1.2=ff
rsa.pad_t1.10=00
rsa.pad_t1.body=1
rsa.pad_t1_ok.err.count=0
rsa.pad_t1.long=0
rsa.pad_t1_long.err.0=33554542:../../src/openssl-3.6.4/crypto/rsa/rsa_pk1.c:38:RSA_padding_add_PKCS1_type_1
rsa.pad_t1_long.err.count=1
rsa.chk_t1.ok=5
rsa.chk_t1.body=1
rsa.chk_t1_ok.err.count=0
rsa.chk_t1.stripped=5
rsa.chk_t1.stripped.body=1
rsa.chk_t1_stripped.err.count=0
rsa.chk_t1.tooshort=-1
rsa.chk_t1_tooshort.err.count=0
rsa.chk_t1.lead=-1
rsa.chk_t1_lead.err.0=33554570:../../src/openssl-3.6.4/crypto/rsa/rsa_pk1.c:78:RSA_padding_check_PKCS1_type_1
rsa.chk_t1_lead.err.count=1
rsa.chk_t1.type=-1
rsa.chk_t1_type.err.0=33554538:../../src/openssl-3.6.4/crypto/rsa/rsa_pk1.c:85:RSA_padding_check_PKCS1_type_1
rsa.chk_t1_type.err.count=1
rsa.chk_t1.fixed=-1
rsa.chk_t1_fixed.err.0=33554534:../../src/openssl-3.6.4/crypto/rsa/rsa_pk1.c:97:RSA_padding_check_PKCS1_type_1
rsa.chk_t1_fixed.err.count=1
rsa.chk_t1.nonull=-1
rsa.chk_t1_nonull.err.0=33554545:../../src/openssl-3.6.4/crypto/rsa/rsa_pk1.c:105:RSA_padding_check_PKCS1_type_1
rsa.chk_t1_nonull.err.count=1
rsa.chk_t1.padcount=-1
rsa.chk_t1_padcount.err.0=33554535:../../src/openssl-3.6.4/crypto/rsa/rsa_pk1.c:110:RSA_padding_check_PKCS1_type_1
rsa.chk_t1_padcount.err.count=1
rsa.pad_t2.ok=1
rsa.pad_t2.0=00
rsa.pad_t2.1=02
rsa.pad_t2.pad_nonzero=1
rsa.pad_t2.sep=00
rsa.pad_t2.body=1
rsa.pad_t2_ok.err.count=0
rsa.pad_t2.long=0
rsa.pad_t2_long.err.0=33554542:../../src/openssl-3.6.4/crypto/rsa/rsa_pk1.c:132:ossl_rsa_padding_add_PKCS1_type_2_ex
rsa.pad_t2_long.err.count=1
rsa.pad_t2.neg=0
rsa.pad_t2_neg.err.0=33554613:../../src/openssl-3.6.4/crypto/rsa/rsa_pk1.c:135:ossl_rsa_padding_add_PKCS1_type_2_ex
rsa.pad_t2_neg.err.count=1
rsa.chk_t2.ok=5
rsa.chk_t2.body=1
rsa.chk_t2_ok.err.count=0
rsa.chk_t2.tlen0=-1
rsa.chk_t2_tlen0.err.count=0
rsa.chk_t2.flen0=-1
rsa.chk_t2_flen0.err.count=0
rsa.chk_t2.pad_short=-1
rsa.chk_t2_pad_short.err.0=33554591:../../src/openssl-3.6.4/crypto/rsa/rsa_pk1.c:189:RSA_padding_check_PKCS1_type_2
rsa.chk_t2_pad_short.err.count=1
rsa.chk_t2.toolong=-1
rsa.chk_t2_toolong.err.0=33554591:../../src/openssl-3.6.4/crypto/rsa/rsa_pk1.c:189:RSA_padding_check_PKCS1_type_2
rsa.chk_t2_toolong.err.count=1
rsa.chk_t2.narrow=-1
rsa.chk_t2_narrow.err.0=33554591:../../src/openssl-3.6.4/crypto/rsa/rsa_pk1.c:270:RSA_padding_check_PKCS1_type_2
rsa.chk_t2_narrow.err.count=1
rsa.chk_t2.type=-1
rsa.chk_t2_type.err.0=33554591:../../src/openssl-3.6.4/crypto/rsa/rsa_pk1.c:270:RSA_padding_check_PKCS1_type_2
rsa.chk_t2_type.err.count=1
rsa.chk_t2.nosep=-1
rsa.chk_t2_nosep.err.0=33554591:../../src/openssl-3.6.4/crypto/rsa/rsa_pk1.c:270:RSA_padding_check_PKCS1_type_2
rsa.chk_t2_nosep.err.count=1
rsa.mgf1.fetched=1
rsa.mgf1.sha1.one.ret=0
rsa.mgf1.sha1.one.00=02
rsa.mgf1.sha1.one.01=85
rsa.mgf1.sha1.one.02=53
rsa.mgf1.sha1.one.03=d8
rsa.mgf1.sha1.one.04=21
rsa.mgf1.sha1.one.05=db
rsa.mgf1.sha1.one.06=1e
rsa.mgf1.sha1.one.07=8d
rsa.mgf1.sha1.one.08=1b
rsa.mgf1.sha1.one.09=c6
rsa.mgf1.sha1.one.10=6b
rsa.mgf1.sha1.one.11=a5
rsa.mgf1.sha1.one.12=74
rsa.mgf1.sha1.one.13=c0
rsa.mgf1.sha1.one.14=e3
rsa.mgf1.sha1.one.15=10
rsa.mgf1.sha1.one.16=31
rsa.mgf1.sha1.one.17=05
rsa.mgf1.sha1.one.18=29
rsa.mgf1.sha1.one.19=31
rsa.mgf1_sha1_one.err.count=0
rsa.mgf1.sha1.two.ret=0
rsa.mgf1.sha1.two.20=99
rsa.mgf1.sha1.two.21=f3
rsa.mgf1.sha1.two.22=72
rsa.mgf1.sha1.two.23=63
rsa.mgf1.sha1.two.24=a5
rsa.mgf1.sha1.two.25=74
rsa.mgf1.sha1.two.26=17
rsa.mgf1.sha1.two.27=1d
rsa.mgf1.sha1.two.28=60
rsa.mgf1.sha1.two.29=78
rsa.mgf1.sha1.two.30=80
rsa.mgf1.sha1.two.31=91
rsa.mgf1.sha1.two.32=7a
rsa.mgf1.sha1.two.33=ef
rsa.mgf1.sha1.two.34=cf
rsa.mgf1.sha1.two.35=64
rsa.mgf1.sha1.two.36=22
rsa.mgf1.sha1.two.37=94
rsa.mgf1.sha1.two.38=b0
rsa.mgf1.sha1.two.39=8b
rsa.mgf1_sha1_two.err.count=0
rsa.mgf1.sha256.part.ret=0
rsa.mgf1.sha256.part.32=b6
rsa.mgf1.sha256.part.33=7b
rsa.mgf1.sha256.part.34=9c
rsa.mgf1.sha256.part.35=bd
rsa.mgf1.sha256.part.36=11
rsa.mgf1.sha256.part.37=54
rsa.mgf1.sha256.part.38=37
rsa.mgf1.sha256.part.39=86
rsa.mgf1.sha256.part.40=9c
rsa.mgf1.sha256.part.41=4b
rsa.mgf1.sha256.part.42=1f
rsa.mgf1.sha256.part.43=e5
rsa.mgf1.sha256.part.44=f7
rsa.mgf1.zero.ret=0
rsa.mgf1.zero.untouched=1
rsa.mgf1.noseed.ret=0
rsa.mgf1.noseed.00=90
rsa.mgf1.noseed.01=69
rsa.mgf1.noseed.02=ca
rsa.mgf1.noseed.03=78
rsa.mgf1.released=1
oaep.md_fetched=1
oaep.encode=1
oaep.mgf1.ok=16
oaep.mgf1.body=1
rsa.oaep_mgf1_ok.err.count=0
oaep.wrapper.ok=16
oaep.wrapper.body=1
rsa.oaep_wrapper_ok.err.count=0
oaep.flipped=-1
rsa.oaep_flipped.err.0=33554553:../../src/openssl-3.6.4/crypto/rsa/rsa_oaep.c:332:RSA_padding_check_PKCS1_OAEP_mgf1
rsa.oaep_flipped.err.count=1
oaep.encode2=1
oaep.first=-1
rsa.oaep_first.err.0=33554553:../../src/openssl-3.6.4/crypto/rsa/rsa_oaep.c:332:RSA_padding_check_PKCS1_OAEP_mgf1
rsa.oaep_first.err.count=1
oaep.encode3=1
oaep.short_num=-1
rsa.oaep_short_num.err.0=33554553:../../src/openssl-3.6.4/crypto/rsa/rsa_oaep.c:222:RSA_padding_check_PKCS1_OAEP_mgf1
rsa.oaep_short_num.err.count=1
oaep.short_flen=-1
oaep.zero_tlen=-1
oaep.add_mgf1.ok=1
oaep.add_mgf1.0=00
oaep.add_mgf1.rt=16
oaep.add_mgf1.rt_body=1
rsa.oaep_add_mgf1_ok.err.count=0
oaep.add.ok=1
oaep.add.rt=16
oaep.add.rt_body=1
rsa.oaep_add_ok.err.count=0
oaep.add_label.ok=1
oaep.add_label.rt=16
oaep.add_label.rt_body=1
rsa.oaep_add_label_ok.err.count=0
oaep.add_label.empty_label=-1
rsa.oaep_add_label_empty.err.0=33554553:../../src/openssl-3.6.4/crypto/rsa/rsa_oaep.c:332:RSA_padding_check_PKCS1_OAEP_mgf1
rsa.oaep_add_label_empty.err.count=1
oaep.add_long=0
rsa.oaep_add_long.err.0=33554542:../../src/openssl-3.6.4/crypto/rsa/rsa_oaep.c:99:ossl_rsa_padding_add_PKCS1_OAEP_mgf1_ex
rsa.oaep_add_long.err.count=1
oaep.add_small_key=0
rsa.oaep_add_small_key.err.0=33554552:../../src/openssl-3.6.4/crypto/rsa/rsa_oaep.c:104:ossl_rsa_padding_add_PKCS1_OAEP_mgf1_ex
rsa.oaep_add_small_key.err.count=1
rsa.pss.md_fetched=1
rsa.pss.n_1024=1
rsa.pss.hlen=20
rsa.pss.emlen=128
rsa.pss.msbits=7
rsa.pss.slen_digest.ret=1
rsa.pss.slen_digest.trailer=1
rsa.pss.slen_digest.lead=1
rsa.pss.slen_digest.decodes=1
rsa.slen_digest.err.count=0
rsa.pss.slen_max.ret=1
rsa.pss.slen_max.trailer=1
rsa.pss.slen_max.lead=1
rsa.pss.slen_max.decodes=1
rsa.slen_max.err.count=0
rsa.pss.slen_auto.ret=1
rsa.pss.slen_auto.trailer=1
rsa.pss.slen_auto.lead=1
rsa.pss.slen_auto.decodes=1
rsa.slen_auto.err.count=0
rsa.pss.slen_max_sign.ret=1
rsa.pss.slen_max_sign.trailer=1
rsa.pss.slen_max_sign.lead=1
rsa.pss.slen_max_sign.decodes=1
rsa.slen_max_sign.err.count=0
rsa.pss.slen_auto_digest_max.ret=1
rsa.pss.slen_auto_digest_max.trailer=1
rsa.pss.slen_auto_digest_max.lead=1
rsa.pss.slen_auto_digest_max.decodes=1
rsa.slen_auto_digest_max.err.count=0
rsa.pss.slen_digest_explicit.ret=1
rsa.pss.slen_digest_explicit.trailer=1
rsa.pss.slen_digest_explicit.lead=1
rsa.pss.slen_digest_explicit.decodes=1
rsa.slen_digest_explicit.err.count=0
rsa.pss.slen_zero.ret=1
rsa.pss.slen_zero.trailer=1
rsa.pss.slen_zero.lead=1
rsa.pss.slen_zero.decodes=1
rsa.slen_zero.err.count=0
rsa.pss.slen_max_explicit.ret=1
rsa.pss.slen_max_explicit.trailer=1
rsa.pss.slen_max_explicit.lead=1
rsa.pss.slen_max_explicit.decodes=1
rsa.slen_max_explicit.err.count=0
rsa.pss.hlen_sha256=32
rsa.pss.two_digests.ret=1
rsa.pss.two_digests.trailer=1
rsa.pss.two_digests.lead=1
rsa.pss.two_digests.decodes=1
rsa.two_digests.err.count=0
rsa.pss.sha256_only.ret=1
rsa.pss.sha256_only.trailer=1
rsa.pss.sha256_only.lead=1
rsa.pss.sha256_only.decodes=1
rsa.sha256_only.err.count=0
rsa.pss.slen_over_max.ret=0
rsa.pss_slen_over_max.err.0=33554542:../../src/openssl-3.6.4/crypto/rsa/rsa_pss.c:235:ossl_rsa_padding_add_PKCS1_PSS_mgf1
rsa.pss_slen_over_max.err.count=1
rsa.pss.slen_below_min.ret=0
rsa.pss_slen_below_min.err.0=33554568:../../src/openssl-3.6.4/crypto/rsa/rsa_pss.c:216:ossl_rsa_padding_add_PKCS1_PSS_mgf1
rsa.pss_slen_below_min.err.count=1
rsa.pss.n_1025=1
rsa.pss.emlen_1025=129
rsa.pss.msbits_1025=0
rsa.pss.msbits_zero.ret=1
rsa.pss.msbits_zero.trailer=1
rsa.pss.msbits_zero.lead=1
rsa.pss.msbits_zero.decodes=1
rsa.msbits_zero.err.count=0
rsa.pss.n_64=1
rsa.pss.emlen_small=8
rsa.pss.small_key.ret=0
rsa.pss_small_key.err.0=33554542:../../src/openssl-3.6.4/crypto/rsa/rsa_pss.c:227:ossl_rsa_padding_add_PKCS1_PSS_mgf1
rsa.pss_small_key.err.count=1
rsa.pss.released=1
rsa.obj_get_method.blank_is_null=1
rsa.obj_get_method.sentinel=1
rsa.obj_set_method.ret=1
rsa.obj_set_method.store=1
rsa.obj_set_method.finish_fired=1
rsa.obj_set_method.init_fired=1
rsa.obj_set_method.finish_before_init=1
rsa.obj_set_method.engine_is_null=1
rsa.obj_free_null.ev=0
rsa.obj_free_null.survived=1
rsa.obj_free_refs2.ev=0
rsa.obj_free_refs2.ref_after=1
rsa.obj_free_refs2.finish_fired=0
rsa.obj_free_last.ev=1
rsa.obj_free_last.ev.0=F:0:../../src/openssl-3.6.4/crypto/rsa/rsa_lib.c
rsa.obj_free_last.finish_fired=1
rsa.obj_upref.one_ret=1
rsa.obj_upref.one_ref_after=2
rsa.obj_upref.zero_ret=0
rsa.obj_upref.zero_ref_after=1
rsa.obj_ex_data.set0_ret=1
rsa.obj_ex_data.get0_is_app=1
rsa.obj_ex_data.set_gap_ret=1
rsa.obj_ex_data.get_gap_is_app2=1
rsa.obj_ex_data.gap_pad_is_null=1
rsa.obj_ex_data.get0_survives_gap=1
rsa.obj_ex_data.out_of_range_is_null=1
rsa.obj_security.2048=112
rsa.obj_security.3072=128
rsa.obj_security.4096=152
rsa.obj_security.6144=176
rsa.obj_security.7680=192
rsa.obj_security.8192=200
rsa.obj_security.15360=256
rsa.obj_security.narrow=0
rsa.obj_security.wide=1200
rsa.obj_set0_key.all_null_ret=0
rsa.obj_set0_key_refuse_all.err.count=0
rsa.obj_set0_key.empty_e_ret=0
rsa.obj_set0_key_refuse_e.err.count=0
rsa.obj_set0_key.empty_n_ret=0
rsa.obj_set0_key_refuse_n.err.count=0
rsa.obj_set0_key.store_ret=1
rsa.obj_set0_key.d_consttime=1
rsa.obj_set0_key.dirty_before=1
rsa.obj_set0_key.nothing_ret=1
rsa.obj_set0_key.dirty_after=2
rsa.obj_set0_key_noop.err.count=0
rsa.obj_set0_key.replace_ret=1
rsa.obj_set0_key.replaced_n=1
rsa.obj_set0_key.replaced_e=1
rsa.obj_set0_key.replaced_d=1
rsa.obj_set0_key.replaced_d_consttime=1
rsa.obj_set0_key.dirty_after_replace=3
rsa.obj_set0_factors.all_null_ret=0
rsa.obj_set0_factors_refuse_all.err.count=0
rsa.obj_set0_factors.empty_q_ret=0
rsa.obj_set0_factors_refuse_q.err.count=0
rsa.obj_set0_factors.empty_p_ret=0
rsa.obj_set0_factors_refuse_p.err.count=0
rsa.obj_set0_factors.store_ret=1
rsa.obj_set0_factors.p_consttime=1
rsa.obj_set0_factors.q_consttime=1
rsa.obj_set0_crt.all_null_ret=0
rsa.obj_set0_crt_refuse_all.err.count=0
rsa.obj_set0_crt.empty_dmq1_ret=0
rsa.obj_set0_crt_refuse_dmq1.err.count=0
rsa.obj_set0_crt.empty_iqmp_ret=0
rsa.obj_set0_crt_refuse_iqmp.err.count=0
rsa.obj_set0_crt.store_ret=1
rsa.obj_set0_crt.dmp1_consttime=1
rsa.obj_set0_crt.dmq1_consttime=1
rsa.obj_set0_crt.iqmp_consttime=1
rsa.obj_set0_mp.primes_null_ret=0
rsa.obj_set0_mp_refuse_primes.err.count=0
rsa.obj_set0_mp.exps_null_ret=0
rsa.obj_set0_mp_refuse_exps.err.count=0
rsa.obj_set0_mp.coeffs_null_ret=0
rsa.obj_set0_mp_refuse_coeffs.err.count=0
rsa.obj_set0_mp.pnum_zero_ret=0
rsa.obj_set0_mp_refuse_pnum.err.count=0
rsa.obj_set0_mp.dirty_before=1
rsa.obj_set0_mp.set_ret=1
rsa.obj_set0_mp.version=1
rsa.obj_set0_mp.dirty_after=2
rsa.obj_set0_mp.extra_count=1
rsa.obj_set0_mp.factors_ret=1
rsa.obj_set0_mp.factors_is_stored=1
rsa.obj_set0_mp.crt_ret=1
rsa.obj_set0_mp.crt_exps_is_stored=1
rsa.obj_set0_mp.crt_coeffs_is_stored=1
rsa.obj_security.mp_refuse_512=0
rsa.obj_security.mp_allow_2048_set=1
rsa.obj_security.mp_allow_2048=112
rsa.obj_get0.key_store_ret=1
rsa.obj_get0.factors_store_ret=1
rsa.obj_get0.crt_store_ret=1
rsa.obj_get0.key_optional_n=1
rsa.obj_get0.key_optional_d=1
rsa.obj_get0.key_optional_e=1
rsa.obj_get0.key_all_null_survived=1
rsa.obj_get0.factors_optional_p=1
rsa.obj_get0.factors_optional_q=1
rsa.obj_get0.crt_optional_dmp1=1
rsa.obj_get0.crt_optional_iqmp=1
rsa.obj_get0.crt_optional_dmq1=1
rsa.obj_components.n=1
rsa.obj_components.e=1
rsa.obj_components.d=1
rsa.obj_components.p=1
rsa.obj_components.q=1
rsa.obj_components.dmp1=1
rsa.obj_components.dmq1=1
rsa.obj_components.iqmp=1
rsa.obj_mp_count.blank=0
rsa.obj_get0_mp.factors_no_extra_ret=0
rsa.obj_get0_mp.factors_untouched=1
rsa.obj_get0_mp.crt_no_extra_ret=0
rsa.obj_get0_mp.crt_untouched=1
rsa.obj_pss.blank_is_null=1
rsa.obj_pss.sentinel=1
rsa.obj_flags.set_or=8
rsa.obj_flags.test_exact=8
rsa.obj_flags.test_masked_word=8
rsa.obj_flags.test_absent=0
rsa.obj_flags.clear_andnot=0
rsa.obj_flags.set_accumulate=15
rsa.obj_flags.clear_partial=9
rsa.obj_version.blank=0
rsa.obj_version.mp_multi=1
rsa.obj_engine.blank_is_null=1
rsa.obj_engine.full_is_null=1
rsa.obj_engine.mp_is_null=1
rsa.obj_bits_size.bits0=0
rsa.obj_bits_size.size0=0
rsa.obj_bits_size.bits1=1
rsa.obj_bits_size.size1=1
rsa.obj_bits_size.bits255=8
rsa.obj_bits_size.size255=1
rsa.obj_bits_size.bits256=9
rsa.obj_bits_size.size256=2
rsa.obj_null_flags=0
rsa.obj_flags_table.ret=17185
rsa.obj_flags_table.is_meth_flags=1
rsa.obj_flags_table.not_object_flags=1
rsa.obj_flags_table.probe_offset=1
rsa.ossl.table.nonnull=1
rsa.ossl.table.is_default=1
rsa.ossl.table.name=OpenSSL PKCS#1 RSA
rsa.ossl.table.flags=1024
rsa.ossl.table.app_data_is_null=1
rsa.ossl.table.pub_enc_set=1
rsa.ossl.table.pub_dec_set=1
rsa.ossl.table.priv_enc_set=1
rsa.ossl.table.priv_dec_set=1
rsa.ossl.table.mod_exp_set=1
rsa.ossl.table.bn_mod_exp_is_mont=1
rsa.ossl.table.init_set=1
rsa.ossl.table.finish_set=1
rsa.ossl.table.sign_is_null=1
rsa.ossl.table.verify_is_null=1
rsa.ossl.table.keygen_is_null=1
rsa.ossl.table.mp_keygen_is_null=1
rsa.ossl.default.is_tbl=1
rsa.ossl.default.is_not_open_ssl=1
rsa.ossl.default.new_nonnull=1
rsa.ossl.default.new_uses_tbl=1
rsa.ossl.default.new_meth_flags=8
rsa.ossl.default.new_obj_flags=8
rsa.ossl.default.restored=1
rsa.ossl.obj_new.nonnull=1
rsa.ossl.obj_new.meth_is_default=1
rsa.ossl.obj_new.meth_is_open_ssl=1
rsa.ossl.obj_new.engine_is_null=1
rsa.ossl.obj_new.meth_flags=1024
rsa.ossl.obj_new.obj_flags=6
rsa.ossl.obj_new_method.nonnull=1
rsa.ossl.obj_new_method.meth_is_default=1
rsa.ossl.obj_new_method.obj_flags=6
rsa.ossl.obj_free_constructed.survived=1
rsa.ossl.obj_free_constructed_twice.survived=1
rsa.ossl.key.lock_nonnull=1
rsa.ossl.init.no_cache_flags=0
rsa.ossl.init.ret=1
rsa.ossl.init.obj_flags=6
rsa.ossl.finish.ret=1
rsa.ossl.pub_enc.ret=2
rsa.ossl.pub_enc.0=0b
rsa.ossl.pub_enc.1=61
rsa.ossl.pub_dec.ret=2
rsa.ossl.pub_dec.body=0
rsa.ossl.priv_enc.ret=2
rsa.ossl.priv_enc.0=0b
rsa.ossl.priv_enc.1=75
rsa.ossl.priv_enc.then_pub_dec.ret=2
rsa.ossl.priv_enc.then_pub_dec.body=1
rsa.ossl.priv_enc.plain.ret=2
rsa.ossl.priv_enc.plain.body=1
rsa.ossl.priv_dec.none.ret=2
rsa.ossl.priv_dec.none.body=1
rsa.ossl.key128.built=1
rsa.ossl.key128.lock_nonnull=1
rsa.ossl.key128.init_ret=1
rsa.ossl.key128.size=16
rsa.ossl.padded.enc_ret=16
rsa.ossl.padded.dec_ret=5
rsa.ossl.padded.dec_body=1
rsa.ossl.reject.enc_ret=16
rsa.ossl.reject.dec_ret=2
rsa.ossl.reject.0=39
rsa.ossl.reject.1=c3
rsa.ossl.mod_exp.ret=1
rsa.ossl.mod_exp.pad=2
rsa.ossl.mod_exp.0=0b
rsa.ossl.mod_exp.1=75
rsa.ossl.setup_blinding.nonnull=1
rsa.ossl.setup_blinding.flags=0
rsa.x931d.inputs_built=1
rsa.x931d.new_nonnull=1
rsa.x931d.scratch_built=1
rsa.x931d.ret=1
rsa.x931d_derive.err.count=0
rsa.x931d.bits=1024
rsa.x931d.size=128
rsa.x931d.dirty=1
rsa.x931d.parts_null=0
rsa.x931d.p1_odd=1
rsa.x931d.p2_odd=1
rsa.x931d.q1_odd=1
rsa.x931d.q2_odd=1
rsa.x931d.p1_prime=1
rsa.x931d.p2_prime=1
rsa.x931d.q1_prime=1
rsa.x931d.q2_prime=1
rsa.x931d.p_prime=1
rsa.x931d.q_prime=1
rsa.x931d.p_mod_p1_is_1=1
rsa.x931d.p_mod_p2_is_m1=1
rsa.x931d.q_mod_q1_is_1=1
rsa.x931d.q_mod_q2_is_m1=1
rsa.x931d.n_is_pq=1
rsa.x931d.p_ne_q=1
rsa.x931d.ed_mod_pm1_is_1=1
rsa.x931d.ed_mod_qm1_is_1=1
rsa.x931d.dmp1_is_d_mod_pm1=1
rsa.x931d.dmq1_is_d_mod_qm1=1
rsa.x931d.q_iqmp_mod_p_is_1=1
rsa.x931d.flags=1024
rsa.x931g.new_nonnull=1
rsa.x931g.ret=1
rsa.x931g_gen.err.count=0
rsa.x931g.size_at_least_128=1
rsa.x931g.enc_ret=128
rsa.x931g.enc_is_size=1
rsa.x931g.dec_ret=5
rsa.x931g.dec_body=1
rsa.x931g_roundtrip_pkcs1.err.count=0
rsa.x931g.priv_enc_ret=128
rsa.x931g.pub_dec_ret=128
rsa.x931g.pub_dec_body=1
rsa.x931g_roundtrip_none.err.count=0
rsa.x931g.small_bits_ret=0
rsa.x931g.odd_bits_ret=0
rsa.x931g_refusals.err.count=0
rsa.x931d.incomplete_ret=2
rsa.x931d.null_ret=0
rsa.x931d_incomplete.err.count=0
rsa.gen.scratch_built=1
rsa.gen.sp800.new_nonnull=1
rsa.gen.sp800.ret=1
rsa.gen_sp800.err.count=0
rsa.gen.sp800.bits=2048
rsa.gen.sp800.size=256
rsa.gen.sp800.version=0
rsa.gen.sp800.extra=0
rsa.gen.sp800.dirty_positive=1
rsa.gen.sp800.parts_null=0
rsa.gen.sp800.e_is_asked=1
rsa.gen.sp800.p_prime=1
rsa.gen.sp800.q_prime=1
rsa.gen.sp800.p_ne_q=1
rsa.gen.sp800.n_is_pq=1
rsa.gen.sp800.enc_ret=256
rsa.gen.sp800.enc_is_size=1
rsa.gen.sp800.dec_ret=5
rsa.gen.sp800.dec_body=1
rsa.gen_sp800_roundtrip_pkcs1.err.count=0
rsa.gen.sp800.priv_enc_ret=256
rsa.gen.sp800.pub_dec_ret=256
rsa.gen.sp800.pub_dec_body=1
rsa.gen_sp800_roundtrip_none.err.count=0
rsa.gen.mp.new_nonnull=1
rsa.gen.mp.ret=1
rsa.gen_mp.err.count=0
rsa.gen.mp.bits=1024
rsa.gen.mp.size=128
rsa.gen.mp.version=1
rsa.gen.mp.extra=1
rsa.gen.mp.factors_ret=1
rsa.gen.mp.parts_null=0
rsa.gen.mp.e_is_asked=1
rsa.gen.mp.p_prime=1
rsa.gen.mp.q_prime=1
rsa.gen.mp.r_prime=1
rsa.gen.mp.n_is_pqr=1
rsa.gen.mp.enc_ret=128
rsa.gen.mp.enc_is_size=1
rsa.gen.mp.dec_ret=5
rsa.gen.mp.dec_body=1
rsa.gen_mp_roundtrip_pkcs1.err.count=0
rsa.gen.depr.nonnull=1
rsa.gen_depr.err.count=0
rsa.gen.depr.bits=1024
rsa.gen.depr.e_is_asked=1
rsa.gen.depr.version=0
rsa.gen.refuse.bits=0
rsa.gen.refuse.e_null=0
rsa.gen.refuse.e_even=0
rsa.gen.refuse.primes_low=0
rsa.gen.refuse.primes_high=0
rsa.gen.refuse.no_key=1
rsa.gen_refusals.err.0=33554552:../../src/openssl-3.6.4/crypto/rsa/rsa_gen.c:282:rsa_multiprime_keygen
rsa.gen_refusals.err.1=33554533:../../src/openssl-3.6.4/crypto/rsa/rsa_gen.c:286:rsa_multiprime_keygen
rsa.gen_refusals.err.2=33554610:../../src/openssl-3.6.4/crypto/rsa/rsa_gen.c:291:rsa_multiprime_keygen
rsa.gen_refusals.err.3=33554597:../../src/openssl-3.6.4/crypto/rsa/rsa_gen.c:296:rsa_multiprime_keygen
rsa.gen_refusals.err.4=33554597:../../src/openssl-3.6.4/crypto/rsa/rsa_gen.c:296:rsa_multiprime_keygen
rsa.gen_refusals.err.count=5
rsa.sig.key_built=1
rsa.sig.size=128
rsa.sig.md_fetched=1
rsa.sig.digest_ret=1
rsa.sig.sign.ret=1
rsa.sig.sign.len=128
rsa.sig.sign.len_is_size=1
rsa.sign.err.count=0
rsa.sig.recover.ret=128
rsa.sig.recover.is_expected=0
rsa.recover.err.count=0
rsa.sig.verify.ok=1
rsa.verify_ok.err.count=0
rsa.sig.verify.tampered=0
rsa.verify_tampered.err.0=33554570:../../src/openssl-3.6.4/crypto/rsa/rsa_pk1.c:78:RSA_padding_check_PKCS1_type_1
rsa.verify_tampered.err.1=33554546:../../src/openssl-3.6.4/crypto/rsa/rsa_ossl.c:793:rsa_ossl_public_decrypt
rsa.verify_tampered.err.count=2
rsa.sig.verify.msg=0
rsa.verify_msg.err.0=33554536:../../src/openssl-3.6.4/crypto/rsa/rsa_sign.c:441:ossl_rsa_verify
rsa.verify_msg.err.count=1
rsa.sig.verify.short=0
rsa.verify_short.err.0=33554551:../../src/openssl-3.6.4/crypto/rsa/rsa_sign.c:353:ossl_rsa_verify
rsa.verify_short.err.count=1
rsa.sig.sign.undef=0
rsa.sign_undef.err.0=33554549:../../src/openssl-3.6.4/crypto/rsa/rsa_sign.c:265:encode_pkcs1
rsa.sign_undef.err.count=1
rsa.sig.sign.unknown=0
rsa.sign_unknown.err.0=33554548:../../src/openssl-3.6.4/crypto/rsa/rsa_sign.c:270:encode_pkcs1
rsa.sign_unknown.err.count=1
rsa.sig.sign.toobig=0
rsa.sign_toobig.err.0=33554544:../../src/openssl-3.6.4/crypto/rsa/rsa_sign.c:319:RSA_sign
rsa.sign_toobig.err.count=1
rsa.sig.md5sha1.ret=1
rsa.sig.md5sha1.len_is_size=1
rsa.md5sha1_sign.err.count=0
rsa.sig.md5sha1.block=1
rsa.md5sha1_block.err.count=0
rsa.sig.md5sha1.verify=1
rsa.md5sha1_verify.err.count=0
rsa.sig.md5sha1.short_sign=0
rsa.md5sha1_short_sign.err.0=33554563:../../src/openssl-3.6.4/crypto/rsa/rsa_sign.c:307:RSA_sign
rsa.md5sha1_short_sign.err.count=1
rsa.sig.md5sha1.short_verify=0
rsa.md5sha1_short_verify.err.0=33554563:../../src/openssl-3.6.4/crypto/rsa/rsa_sign.c:385:ossl_rsa_verify
rsa.md5sha1_short_verify.err.count=1
rsa.saos.sign.ret=1
rsa.saos.sign.len_is_size=1
rsa.saos_sign.err.count=0
rsa.saos.block=1
rsa.saos_block.err.count=0
rsa.saos.verify.ok=1
rsa.saos_verify_ok.err.count=0
rsa.saos.verify.other_nid=1
rsa.saos_verify_other_nid.err.count=0
rsa.saos.verify.msg=0
rsa.saos_verify_msg.err.0=33554536:../../src/openssl-3.6.4/crypto/rsa/rsa_saos.c:86:RSA_verify_ASN1_OCTET_STRING
rsa.saos_verify_msg.err.count=1
rsa.saos.verify.short=0
rsa.saos_verify_short.err.0=33554551:../../src/openssl-3.6.4/crypto/rsa/rsa_saos.c:68:RSA_verify_ASN1_OCTET_STRING
rsa.saos_verify_short.err.count=1
rsa.saos.not_der_sign=1
rsa.saos_not_der_sign.err.count=0
rsa.saos.not_der=0
rsa.saos_not_der.err.0=109052072:../../src/openssl-3.6.4/crypto/asn1/tasn_dec.c:1236:asn1_check_tlen
rsa.saos_not_der.err.1=109576458:../../src/openssl-3.6.4/crypto/asn1/tasn_dec.c:779:asn1_d2i_ex_primitive
rsa.saos_not_der.err.count=2
rsa.saos.sign.toobig=0
rsa.saos_sign_toobig.err.0=33554544:../../src/openssl-3.6.4/crypto/rsa/rsa_saos.c:39:RSA_sign_ASN1_OCTET_STRING
rsa.saos_sign_toobig.err.count=1
rsa.pssv.encode=1
rsa.pssv.ok=1
rsa.pssv_ok.err.count=0
rsa.pssv.mgf1=1
rsa.pssv_mgf1.err.count=0
rsa.pssv.auto=1
rsa.pssv_auto.err.count=0
rsa.pssv.digest=0
rsa.pssv_digest.err.0=33554568:../../src/openssl-3.6.4/crypto/rsa/rsa_pss.c:126:ossl_rsa_verify_PKCS1_PSS_mgf1
rsa.pssv_digest.err.count=1
rsa.pssv.max=0
rsa.pssv_max.err.0=33554568:../../src/openssl-3.6.4/crypto/rsa/rsa_pss.c:126:ossl_rsa_verify_PKCS1_PSS_mgf1
rsa.pssv_max.err.count=1
rsa.pssv.slen_mismatch=0
rsa.pssv_slen_mismatch.err.0=33554568:../../src/openssl-3.6.4/crypto/rsa/rsa_pss.c:126:ossl_rsa_verify_PKCS1_PSS_mgf1
rsa.pssv_slen_mismatch.err.count=1
rsa.pssv.slen_low=0
rsa.pssv_slen_low.err.0=33554568:../../src/openssl-3.6.4/crypto/rsa/rsa_pss.c:78:ossl_rsa_verify_PKCS1_PSS_mgf1
rsa.pssv_slen_low.err.count=1
rsa.pssv.slen_high=0
rsa.pssv_slen_high.err.0=33554541:../../src/openssl-3.6.4/crypto/rsa/rsa_pss.c:99:ossl_rsa_verify_PKCS1_PSS_mgf1
rsa.pssv_slen_high.err.count=1
rsa.pssv.trailer=0
rsa.pssv_trailer.err.0=33554566:../../src/openssl-3.6.4/crypto/rsa/rsa_pss.c:103:ossl_rsa_verify_PKCS1_PSS_mgf1
rsa.pssv_trailer.err.count=1
rsa.pssv.first=0
rsa.pssv_first.err.0=33554565:../../src/openssl-3.6.4/crypto/rsa/rsa_pss.c:85:ossl_rsa_verify_PKCS1_PSS_mgf1
rsa.pssv_first.err.count=1
rsa.pssv.db=0
rsa.pssv_db.err.0=33554536:../../src/openssl-3.6.4/crypto/rsa/rsa_pss.c:144:ossl_rsa_verify_PKCS1_PSS_mgf1
rsa.pssv_db.err.count=1
rsa.pssv.separator=0
rsa.pssv_separator.err.0=33554567:../../src/openssl-3.6.4/crypto/rsa/rsa_pss.c:120:ossl_rsa_verify_PKCS1_PSS_mgf1
rsa.pssv_separator.err.count=1
rsa.pssv.sha1_fetched=1
rsa.pssv.mgf1_encode=1
rsa.pssv.mgf1_named=1
rsa.pssv_mgf1_named.err.count=0
rsa.pssv.mgf1_null=0
rsa.pssv_mgf1_null.err.0=33554567:../../src/openssl-3.6.4/crypto/rsa/rsa_pss.c:120:ossl_rsa_verify_PKCS1_PSS_mgf1
rsa.pssv_mgf1_null.err.count=1
rsa.chk.key_built=1
rsa.chk.scratch=1
rsa.chk.good=1
rsa.chk_good.err.count=0
rsa.chk.good_ex=1
rsa.chk_good_ex.err.count=0
rsa.chk.blinding.before=128
rsa.chk.blinding.on=8
rsa.chk.blinding.on_again=8
rsa.chk.blinding.off=128
rsa.chk.blinding.off_again=128
rsa.chk.blinding.method_flags=1024
rsa.chk.parts_read=1
rsa.chk.objects=1
rsa.chk.copies=1
rsa.chk.broken.set=1
rsa.chk.broken=0
rsa.chk_broken_n.err.0=33554559:../../src/openssl-3.6.4/crypto/rsa/rsa_chk.c:105:rsa_validate_keypair_multiprime
rsa.chk_broken_n.err.1=33554555:../../src/openssl-3.6.4/crypto/rsa/rsa_chk.c:157:rsa_validate_keypair_multiprime
rsa.chk_broken_n.err.2=33554557:../../src/openssl-3.6.4/crypto/rsa/rsa_chk.c:186:rsa_validate_keypair_multiprime
rsa.chk_broken_n.err.count=3
rsa.chk.even_e.set=1
rsa.chk.even_e=0
rsa.chk_even_e.err.0=33554533:../../src/openssl-3.6.4/crypto/rsa/rsa_chk.c:64:rsa_validate_keypair_multiprime
rsa.chk_even_e.err.1=33554555:../../src/openssl-3.6.4/crypto/rsa/rsa_chk.c:157:rsa_validate_keypair_multiprime
rsa.chk_even_e.err.count=2
rsa.chk.p_only.set=1
rsa.chk.p_only=0
rsa.chk_missing_d.err.0=33554579:../../src/openssl-3.6.4/crypto/rsa/rsa_chk.c:31:rsa_validate_keypair_multiprime
rsa.chk_missing_d.err.count=1
rsa.chk.badcrt.set=1
rsa.chk.badcrt=0
rsa.chk_bad_dmp1.err.0=33554555:../../src/openssl-3.6.4/crypto/rsa/rsa_chk.c:157:rsa_validate_keypair_multiprime
rsa.chk_bad_dmp1.err.1=33554556:../../src/openssl-3.6.4/crypto/rsa/rsa_chk.c:172:rsa_validate_keypair_multiprime
rsa.chk_bad_dmp1.err.2=33554557:../../src/openssl-3.6.4/crypto/rsa/rsa_chk.c:186:rsa_validate_keypair_multiprime
rsa.chk_bad_dmp1.err.count=3
rsa.asn1.key=1
rsa.asn1.public_it.notnull=1
rsa.asn1.public_it.stable=1
rsa.asn1.private_it.stable=1
rsa.asn1.public.measure_positive=1
rsa.asn1.public.i2d_ret=1
rsa.asn1.public.starts_sequence=1
rsa.asn1.public.d2i_notnull=1
rsa.asn1.public.round_trip=1
rsa.asn1.public.no_private=1
rsa.asn1.public.consumed_all=1
rsa.asn1.private.i2d_ret=1
rsa.asn1.private.starts_sequence=1
rsa.asn1.private.d2i_notnull=1
rsa.asn1.private.round_trip=1
rsa.asn1.private.consumed_all=1
rsa.asn1.public_dup.notnull=1
rsa.asn1.public_dup.match=1
rsa.asn1.private_dup.notnull=1
rsa.asn1.private_dup.match=1
rsa.asn1.private.i2d_empty_ret=-1
rsa.asn1_i2d_empty.err.0=109052126:../../src/openssl-3.6.4/crypto/asn1/tasn_enc.c:371:asn1_template_ex_i2d
rsa.asn1_i2d_empty.err.count=1
rsa.asn1.public.d2i_negative_is_null=1
rsa.asn1_d2i_negative.err.0=109052128:../../src/openssl-3.6.4/crypto/asn1/tasn_dec.c:212:asn1_item_embed_d2i
rsa.asn1_d2i_negative.err.count=1
rsa.pss.new=1
rsa.pss.it.stable=1
rsa.oaep.it.stable=1
rsa.pss.it.distinct=1
rsa.pss.measure=1
rsa.pss.i2d_ret=1
rsa.pss.starts_sequence=1
rsa.pss.der=301ba00f300d06096086480165030402010500a203020120a303020101
rsa.pss.d2i_notnull=1
rsa.pss.round_trip=1
rsa.pss.consumed_all=1
rsa.pss.reencode=1
rsa.pss.dup.notnull=1
rsa.pss.dup.fresh=1
rsa.oaep.new=1
rsa.oaep.i2d_ret=1
rsa.oaep.der=3000
rsa.oaep.d2i_notnull=1
rsa.oaep.consumed_all=1
rsa.ctl.md_fetched=1
rsa.ctl.null.padding=-2
rsa.ctl.null.get_padding=-2
rsa.ctl.null.pss_kg_md=-2
rsa.ctl.null.pss_kg_md_name=-2
rsa.ctl.null.oaep_md_name=-2
rsa.ctl.null.get_oaep_md_name=-2
rsa.ctl.null.mgf1_md=-2
rsa.ctl.null.mgf1_md_name=-2
rsa.ctl.null.get_mgf1_md_name=-2
rsa.ctl.null.pss_kg_mgf1_md=-2
rsa.ctl.null.pss_kg_mgf1_md_name=-2
rsa.ctl.null.get_mgf1_md=-2
rsa.ctl.null.set0_label=-2
rsa.ctl.null.get0_label=-2
rsa.ctl.null.pss_saltlen=-2
rsa.ctl.null.get_pss_saltlen=-2
rsa.ctl.null.pss_kg_saltlen=-2
rsa.ctl.null.kg_bits=-2
rsa.ctl.null.kg_pubexp=-2
rsa.ctl.null.kg_primes=-2
rsa.ctl.null.pkey_ctx_ctrl=-2
rsa.ctl_null.err.0=50331795:../../src/openssl-3.6.4/crypto/evp/pmeth_lib.c:1346:EVP_PKEY_CTX_ctrl
rsa.ctl_null.err.1=50331795:../../src/openssl-3.6.4/crypto/rsa/rsa_lib.c:973:int_set_rsa_md_name
rsa.ctl_null.err.2=50331795:../../src/openssl-3.6.4/crypto/rsa/rsa_lib.c:1013:int_get_rsa_md_name
rsa.ctl_null.err.3=50331795:../../src/openssl-3.6.4/crypto/evp/pmeth_lib.c:1346:EVP_PKEY_CTX_ctrl
rsa.ctl_null.err.4=50331795:../../src/openssl-3.6.4/crypto/rsa/rsa_lib.c:973:int_set_rsa_md_name
rsa.ctl_null.err.5=50331795:../../src/openssl-3.6.4/crypto/evp/pmeth_lib.c:1346:EVP_PKEY_CTX_ctrl
rsa.ctl_null.err.6=50331795:../../src/openssl-3.6.4/crypto/rsa/rsa_lib.c:1188:EVP_PKEY_CTX_set0_rsa_oaep_label
rsa.ctl_null.err.7=50331795:../../src/openssl-3.6.4/crypto/rsa/rsa_lib.c:1221:EVP_PKEY_CTX_get0_rsa_oaep_label
rsa.ctl_null.err.8=50331795:../../src/openssl-3.6.4/crypto/evp/pmeth_lib.c:1346:EVP_PKEY_CTX_ctrl
rsa.ctl_null.err.9=50331795:../../src/openssl-3.6.4/crypto/evp/pmeth_lib.c:1346:EVP_PKEY_CTX_ctrl
rsa.ctl_null.err.10=50331795:../../src/openssl-3.6.4/crypto/rsa/rsa_lib.c:1288:EVP_PKEY_CTX_set_rsa_pss_keygen_saltlen
rsa.ctl_null.err.11=50331795:../../src/openssl-3.6.4/crypto/rsa/rsa_lib.c:1309:EVP_PKEY_CTX_set_rsa_keygen_bits
rsa.ctl_null.err.12=50331795:../../src/openssl-3.6.4/crypto/evp/pmeth_lib.c:1346:EVP_PKEY_CTX_ctrl
rsa.ctl_null.err.13=50331795:../../src/openssl-3.6.4/crypto/rsa/rsa_lib.c:1369:EVP_PKEY_CTX_set_rsa_keygen_primes
rsa.ctl_null.err.14=50331795:../../src/openssl-3.6.4/crypto/evp/pmeth_lib.c:1346:EVP_PKEY_CTX_ctrl
rsa.ctl_null.err.count=15
rsa.ctl.null.faulting_skipped=3
rsa.ctl.provider.add=1
rsa.ctl.provider.load=1
rsa.ctl.ctx=1
rsa.ctl_ctx_new.err.count=0
rsa.ctl.ctx.is_a_rsa=0
rsa.ctl.ctx.is_a_self=1
rsa.ctl.ctx.operation=0
rsa.ctl.live.padding=-1
rsa.ctl.live.get_padding=-1
rsa.ctl.live.pss_kg_md=-1
rsa.ctl.live.pss_kg_md_name=-2
rsa.ctl.live.oaep_md=-1
rsa.ctl.live.oaep_md_name=-2
rsa.ctl.live.get_oaep_md_name=-2
rsa.ctl.live.get_oaep_md=-1
rsa.ctl.live.mgf1_md=-1
rsa.ctl.live.mgf1_md_name=-2
rsa.ctl.live.get_mgf1_md_name=-2
rsa.ctl.live.pss_kg_mgf1_md=-1
rsa.ctl.live.pss_kg_mgf1_md_name=-2
rsa.ctl.live.get_mgf1_md=-1
rsa.ctl.live.set0_label=-2
rsa.ctl.live.get0_label=-2
rsa.ctl.live.pss_saltlen=-1
rsa.ctl.live.get_pss_saltlen=-1
rsa.ctl.live.pss_kg_saltlen=-2
rsa.ctl.live.kg_bits=-2
rsa.ctl.live.kg_pubexp=-1
rsa.ctl.live.set1_kg_pubexp=-1
rsa.ctl.live.kg_primes=-2
rsa.ctl.live.pkey_ctx_ctrl=-1
rsa.ctl_live.err.0=50331795:../../src/openssl-3.6.4/crypto/rsa/rsa_lib.c:973:int_set_rsa_md_name
rsa.ctl_live.err.1=50331795:../../src/openssl-3.6.4/crypto/rsa/rsa_lib.c:1013:int_get_rsa_md_name
rsa.ctl_live.err.2=50331797:../../src/openssl-3.6.4/crypto/evp/pmeth_lib.c:1309:evp_pkey_ctx_ctrl_int
rsa.ctl_live.err.3=50331795:../../src/openssl-3.6.4/crypto/rsa/rsa_lib.c:973:int_set_rsa_md_name
rsa.ctl_live.err.4=50331797:../../src/openssl-3.6.4/crypto/evp/pmeth_lib.c:1309:evp_pkey_ctx_ctrl_int
rsa.ctl_live.err.5=50331795:../../src/openssl-3.6.4/crypto/rsa/rsa_lib.c:1188:EVP_PKEY_CTX_set0_rsa_oaep_label
rsa.ctl_live.err.6=50331795:../../src/openssl-3.6.4/crypto/rsa/rsa_lib.c:1221:EVP_PKEY_CTX_get0_rsa_oaep_label
rsa.ctl_live.err.7=50331797:../../src/openssl-3.6.4/crypto/evp/pmeth_lib.c:1309:evp_pkey_ctx_ctrl_int
rsa.ctl_live.err.8=50331797:../../src/openssl-3.6.4/crypto/evp/pmeth_lib.c:1309:evp_pkey_ctx_ctrl_int
rsa.ctl_live.err.9=50331795:../../src/openssl-3.6.4/crypto/rsa/rsa_lib.c:1288:EVP_PKEY_CTX_set_rsa_pss_keygen_saltlen
rsa.ctl_live.err.10=50331795:../../src/openssl-3.6.4/crypto/rsa/rsa_lib.c:1309:EVP_PKEY_CTX_set_rsa_keygen_bits
rsa.ctl_live.err.11=50331797:../../src/openssl-3.6.4/crypto/evp/pmeth_lib.c:1309:evp_pkey_ctx_ctrl_int
rsa.ctl_live.err.12=50331797:../../src/openssl-3.6.4/crypto/evp/pmeth_lib.c:1309:evp_pkey_ctx_ctrl_int
rsa.ctl_live.err.13=50331795:../../src/openssl-3.6.4/crypto/rsa/rsa_lib.c:1369:EVP_PKEY_CTX_set_rsa_keygen_primes
rsa.ctl_live.err.14=50331797:../../src/openssl-3.6.4/crypto/evp/pmeth_lib.c:1309:evp_pkey_ctx_ctrl_int
rsa.ctl_live.err.count=15
rsa.ctl.live.operation_after=0
rsa.ctl.live.pkey_null=1
rsa.free_named.ev=2
rsa.free_named.ev.0=F:0:../../src/openssl-3.6.4/crypto/rsa/rsa_meth.c
rsa.free_named.ev.1=F:0:../../src/openssl-3.6.4/crypto/rsa/rsa_meth.c
rsa.free_dup.ev=2
rsa.free_dup.ev.0=F:0:../../src/openssl-3.6.4/crypto/rsa/rsa_meth.c
rsa.free_dup.ev.1=F:0:../../src/openssl-3.6.4/crypto/rsa/rsa_meth.c
