transcript.sha256=7458abefcc4f10f4d40ad6568000136dd765ef0d1332a532ad7a71a83516bf38
client.nonnull=1
client.ctx.nonnull=1
client.ctx.method_identity=1
client.ctx.timeout=7200
client.ctx.min_proto=0
client.ctx.max_proto=0
client.conf.min_proto.ret=-2
client.conf.min_proto.after=0
client_thread.nonnull=1
client_thread.ctx.nonnull=1
client_thread.ctx.method_identity=1
client_thread.ctx.timeout=7200
client_thread.ctx.min_proto=0
client_thread.ctx.max_proto=0
client_thread.conf.min_proto.ret=-2
client_thread.conf.min_proto.after=0
server.nonnull=1
server.ctx.nonnull=1
server.ctx.method_identity=1
server.ctx.timeout=7200
server.ctx.min_proto=0
server.ctx.max_proto=0
server.conf.min_proto.ret=-2
server.conf.min_proto.after=0
distinct.client_ne_thread=1
distinct.client_ne_server=1
distinct.thread_ne_server=1
distinct.client_stable=1
distinct.server_stable=1
null.ctx_new_refused=1
