FRF-MUTANT:stdout-first-line:transcript.sha256=2a68e043923144ed2799eafe6c37f59034f5613ad4a2436d29ea256beb08f7c2
new.nonnull=1
set_id.ret=1
set_name.ret=1
add.ret=1
set_default.zero_ret=1
set_default.zero_rsa_null=1
set_default.rsa_ret=1
set_default.rsa_same=1
set_default.rsa_cleared_null=1
set_default.cipher_digest_ret=1
set_default.cipher_same=1
set_default.digest_same=1
set_default.cipher_cleared_null=1
set_default.digest_cleared_null=1
set_default.all_ret=1
set_default.all_rsa=1
set_default.all_dsa=1
set_default.all_dh=1
set_default.all_ec=1
set_default.all_rand=1
set_default.all_pkmeth=1
set_default.all_asn1meth=1
set_default.all_cipher=1
set_default.all_digest=1
string.rsa_ret=1
string.rsa_same=1
string.rsa_dsa_ret=1
string.rsa_dsa_rsa=1
string.rsa_dsa_dsa=1
string.spaced_ret=1
string.spaced_rsa=1
string.spaced_dsa=1
string.cipher_digest_ret=1
string.cipher_digest_cipher=1
string.cipher_digest_digest=1
string.pkey_crypto_ret=1
string.pkey_crypto_pkmeth=1
string.pkey_crypto_asn1_null=1
string.pkey_asn1_ret=1
string.pkey_asn1_asn1meth=1
string.pkey_asn1_pkmeth_null=1
string.pkey_ret=1
string.pkey_pkmeth=1
string.pkey_asn1meth=1
string.all_ret=1
string.all_rsa=1
string.all_ec=1
string.all_cipher=1
string.unknown_ret=1
string.unknown_rsa_null=1
string.partial_unknown_ret=1
string.partial_unknown_rsa_null=1
string.null_ret=1
string.empty_ret=1
register_complete.ret=1
register_complete.rsa=1
register_complete.dsa=1
register_complete.dh=1
register_complete.ec=1
register_complete.rand=1
register_complete.pkmeth=1
register_complete.asn1meth=1
register_complete.cipher=1
register_complete.digest=1
register_all_complete.ret=1
register_all_complete.rsa=1
register_all_complete.cipher=1
flag_engine.nonnull=1
flag_engine.set_flags_ret=1
flag_engine.get_flags=1
flag_engine.add_ret=1
flag_walk.ret=1
flag_walk.skipped_null=1
