transcript.sha256=67345a5552c9e40d4aa82cc795c2495d692801a8a0500be62d96cb81e3e2f500
default.cipher_list=ALL:!COMPLEMENTOFDEFAULT:!eNULL
default.ciphersuites=TLS_AES_256_GCM_SHA384:TLS_CHACHA20_POLY1305_SHA256:TLS_AES_128_GCM_SHA256
cipher.aes128sha.nonnull=1
cipher.aes128sha.name=AES128-SHA
cipher.aes128sha.stdname=TLS_RSA_WITH_AES_128_CBC_SHA
cipher.aes128sha.id=0300002f
cipher.aes128sha.protocol_id=002f
cipher.aes128sha.bits=128
cipher.aes128sha.alg_bits=128
cipher.aes128sha.version=SSLv3
cipher.aes128sha.is_aead=0
cipher.aes128sha.cipher_nid=419
cipher.aes128sha.digest_nid=64
cipher.aes128sha.kx_nid=1037
cipher.aes128sha.auth_nid=1046
cipher.aes128sha.has_md=1
cipher.aes128sha.description=AES128-SHA                     SSLv3   Kx=RSA      Au=RSA   Enc=AES(128)               Mac=SHA1
cipher.ecdhe_rsa_aes128gcm.nonnull=1
cipher.ecdhe_rsa_aes128gcm.name=ECDHE-RSA-AES128-GCM-SHA256
cipher.ecdhe_rsa_aes128gcm.stdname=TLS_ECDHE_RSA_WITH_AES_128_GCM_SHA256
cipher.ecdhe_rsa_aes128gcm.id=0300c02f
cipher.ecdhe_rsa_aes128gcm.protocol_id=c02f
cipher.ecdhe_rsa_aes128gcm.bits=128
cipher.ecdhe_rsa_aes128gcm.alg_bits=128
cipher.ecdhe_rsa_aes128gcm.version=TLSv1.2
cipher.ecdhe_rsa_aes128gcm.is_aead=1
cipher.ecdhe_rsa_aes128gcm.cipher_nid=895
cipher.ecdhe_rsa_aes128gcm.digest_nid=0
cipher.ecdhe_rsa_aes128gcm.kx_nid=1038
cipher.ecdhe_rsa_aes128gcm.auth_nid=1046
cipher.ecdhe_rsa_aes128gcm.has_md=1
cipher.ecdhe_rsa_aes128gcm.description=ECDHE-RSA-AES128-GCM-SHA256    TLSv1.2 Kx=ECDH     Au=RSA   Enc=AESGCM(128)            Mac=AEAD
cipher.tls13_aes128gcm.nonnull=1
cipher.tls13_aes128gcm.name=TLS_AES_128_GCM_SHA256
cipher.tls13_aes128gcm.stdname=TLS_AES_128_GCM_SHA256
cipher.tls13_aes128gcm.id=03001301
cipher.tls13_aes128gcm.protocol_id=1301
cipher.tls13_aes128gcm.bits=128
cipher.tls13_aes128gcm.alg_bits=128
cipher.tls13_aes128gcm.version=TLSv1.3
cipher.tls13_aes128gcm.is_aead=1
cipher.tls13_aes128gcm.cipher_nid=895
cipher.tls13_aes128gcm.digest_nid=0
cipher.tls13_aes128gcm.kx_nid=1063
cipher.tls13_aes128gcm.auth_nid=1064
cipher.tls13_aes128gcm.has_md=1
cipher.tls13_aes128gcm.description=TLS_AES_128_GCM_SHA256         TLSv1.3 Kx=any      Au=any   Enc=AESGCM(128)            Mac=AEAD
cipher.tls13_aes256gcm.nonnull=1
cipher.tls13_aes256gcm.name=TLS_AES_256_GCM_SHA384
cipher.tls13_aes256gcm.stdname=TLS_AES_256_GCM_SHA384
cipher.tls13_aes256gcm.id=03001302
cipher.tls13_aes256gcm.protocol_id=1302
cipher.tls13_aes256gcm.bits=256
cipher.tls13_aes256gcm.alg_bits=256
cipher.tls13_aes256gcm.version=TLSv1.3
cipher.tls13_aes256gcm.is_aead=1
cipher.tls13_aes256gcm.cipher_nid=901
cipher.tls13_aes256gcm.digest_nid=0
cipher.tls13_aes256gcm.kx_nid=1063
cipher.tls13_aes256gcm.auth_nid=1064
cipher.tls13_aes256gcm.has_md=1
cipher.tls13_aes256gcm.description=TLS_AES_256_GCM_SHA384         TLSv1.3 Kx=any      Au=any   Enc=AESGCM(256)            Mac=AEAD
cipher.tls13_chacha.nonnull=1
cipher.tls13_chacha.name=TLS_CHACHA20_POLY1305_SHA256
cipher.tls13_chacha.stdname=TLS_CHACHA20_POLY1305_SHA256
cipher.tls13_chacha.id=03001303
cipher.tls13_chacha.protocol_id=1303
cipher.tls13_chacha.bits=256
cipher.tls13_chacha.alg_bits=256
cipher.tls13_chacha.version=TLSv1.3
cipher.tls13_chacha.is_aead=1
cipher.tls13_chacha.cipher_nid=1018
cipher.tls13_chacha.digest_nid=0
cipher.tls13_chacha.kx_nid=1063
cipher.tls13_chacha.auth_nid=1064
cipher.tls13_chacha.has_md=1
cipher.tls13_chacha.description=TLS_CHACHA20_POLY1305_SHA256   TLSv1.3 Kx=any      Au=any   Enc=CHACHA20/POLY1305(256) Mac=AEAD
cipher.unknown_aa.nonnull=0
cipher.unknown_1234.nonnull=0
name.std=AES128-SHA
name.unknown=(NONE)
name.null=(NONE)
get_name.null=(NONE)
standard_name.null=(NONE)
get_version.null=(NONE)
get_bits.null=0
cipher_nid.null=0
list.ctx.nonnull=1
list.fresh.ctx_get_ciphers=TLS_AES_256_GCM_SHA384,TLS_CHACHA20_POLY1305_SHA256,TLS_AES_128_GCM_SHA256,ECDHE-ECDSA-AES256-GCM-SHA384,ECDHE-RSA-AES256-GCM-SHA384,DHE-RSA-AES256-GCM-SHA384,ECDHE-ECDSA-CHACHA20-POLY1305,ECDHE-RSA-CHACHA20-POLY1305,DHE-RSA-CHACHA20-POLY1305,ECDHE-ECDSA-AES128-GCM-SHA256,ECDHE-RSA-AES128-GCM-SHA256,DHE-RSA-AES128-GCM-SHA256,ECDHE-ECDSA-AES256-SHA384,ECDHE-RSA-AES256-SHA384,DHE-RSA-AES256-SHA256,ECDHE-ECDSA-AES128-SHA256,ECDHE-RSA-AES128-SHA256,DHE-RSA-AES128-SHA256,ECDHE-ECDSA-AES256-SHA,ECDHE-RSA-AES256-SHA,DHE-RSA-AES256-SHA,ECDHE-ECDSA-AES128-SHA,ECDHE-RSA-AES128-SHA,DHE-RSA-AES128-SHA,RSA-PSK-AES256-GCM-SHA384,DHE-PSK-AES256-GCM-SHA384,RSA-PSK-CHACHA20-POLY1305,DHE-PSK-CHACHA20-POLY1305,ECDHE-PSK-CHACHA20-POLY1305,AES256-GCM-SHA384,PSK-AES256-GCM-SHA384,PSK-CHACHA20-POLY1305,RSA-PSK-AES128-GCM-SHA256,DHE-PSK-AES128-GCM-SHA256,AES128-GCM-SHA256,PSK-AES128-GCM-SHA256,AES256-SHA256,AES128-SHA256,ECDHE-PSK-AES256-CBC-SHA384,ECDHE-PSK-AES256-CBC-SHA,SRP-RSA-AES-256-CBC-SHA,SRP-AES-256-CBC-SHA,RSA-PSK-AES256-CBC-SHA384,DHE-PSK-AES256-CBC-SHA384,RSA-PSK-AES256-CBC-SHA,DHE-PSK-AES256-CBC-SHA,AES256-SHA,PSK-AES256-CBC-SHA384,PSK-AES256-CBC-SHA,ECDHE-PSK-AES128-CBC-SHA256,ECDHE-PSK-AES128-CBC-SHA,SRP-RSA-AES-128-CBC-SHA,SRP-AES-128-CBC-SHA,RSA-PSK-AES128-CBC-SHA256,DHE-PSK-AES128-CBC-SHA256,RSA-PSK-AES128-CBC-SHA,DHE-PSK-AES128-CBC-SHA,AES128-SHA,PSK-AES128-CBC-SHA256,PSK-AES128-CBC-SHA
list.set.rc=1
list.set.ctx_get_ciphers=TLS_AES_256_GCM_SHA384,TLS_CHACHA20_POLY1305_SHA256,TLS_AES_128_GCM_SHA256,AES128-SHA
list.set_multi.rc=1
list.set_multi.ctx_get_ciphers=TLS_AES_256_GCM_SHA384,TLS_CHACHA20_POLY1305_SHA256,TLS_AES_128_GCM_SHA256,ECDHE-RSA-AES128-GCM-SHA256,AES256-SHA
list.set_default.rc=1
list.set_default.ctx_get_ciphers=TLS_AES_256_GCM_SHA384,TLS_CHACHA20_POLY1305_SHA256,TLS_AES_128_GCM_SHA256,ECDHE-ECDSA-AES256-GCM-SHA384,ECDHE-RSA-AES256-GCM-SHA384,DHE-RSA-AES256-GCM-SHA384,ECDHE-ECDSA-CHACHA20-POLY1305,ECDHE-RSA-CHACHA20-POLY1305,DHE-RSA-CHACHA20-POLY1305,ECDHE-ECDSA-AES128-GCM-SHA256,ECDHE-RSA-AES128-GCM-SHA256,DHE-RSA-AES128-GCM-SHA256,ECDHE-ECDSA-AES256-SHA384,ECDHE-RSA-AES256-SHA384,DHE-RSA-AES256-SHA256,ECDHE-ECDSA-AES128-SHA256,ECDHE-RSA-AES128-SHA256,DHE-RSA-AES128-SHA256,ECDHE-ECDSA-AES256-SHA,ECDHE-RSA-AES256-SHA,DHE-RSA-AES256-SHA,ECDHE-ECDSA-AES128-SHA,ECDHE-RSA-AES128-SHA,DHE-RSA-AES128-SHA,RSA-PSK-AES256-GCM-SHA384,DHE-PSK-AES256-GCM-SHA384,RSA-PSK-CHACHA20-POLY1305,DHE-PSK-CHACHA20-POLY1305,ECDHE-PSK-CHACHA20-POLY1305,AES256-GCM-SHA384,PSK-AES256-GCM-SHA384,PSK-CHACHA20-POLY1305,RSA-PSK-AES128-GCM-SHA256,DHE-PSK-AES128-GCM-SHA256,AES128-GCM-SHA256,PSK-AES128-GCM-SHA256,AES256-SHA256,AES128-SHA256,ECDHE-PSK-AES256-CBC-SHA384,ECDHE-PSK-AES256-CBC-SHA,SRP-RSA-AES-256-CBC-SHA,SRP-AES-256-CBC-SHA,RSA-PSK-AES256-CBC-SHA384,DHE-PSK-AES256-CBC-SHA384,RSA-PSK-AES256-CBC-SHA,DHE-PSK-AES256-CBC-SHA,AES256-SHA,PSK-AES256-CBC-SHA384,PSK-AES256-CBC-SHA,ECDHE-PSK-AES128-CBC-SHA256,ECDHE-PSK-AES128-CBC-SHA,SRP-RSA-AES-128-CBC-SHA,SRP-AES-128-CBC-SHA,RSA-PSK-AES128-CBC-SHA256,DHE-PSK-AES128-CBC-SHA256,RSA-PSK-AES128-CBC-SHA,DHE-PSK-AES128-CBC-SHA,AES128-SHA,PSK-AES128-CBC-SHA256,PSK-AES128-CBC-SHA
list.set_empty.rc=0
list.set_empty.ctx_get_ciphers=TLS_AES_256_GCM_SHA384,TLS_CHACHA20_POLY1305_SHA256,TLS_AES_128_GCM_SHA256
list.set_bogus.rc=0
list.set_null.rc=0
suites.set.rc=1
suites.set.ctx_get_ciphers=TLS_AES_128_GCM_SHA256
suites.set_bogus.rc=0
suites.set_empty.rc=1
suites.set_empty.ctx_get_ciphers=
list.ssl.nonnull=1
list.ssl.get_ciphers=
list.ssl.get_cipher_list0=<NULL>
list.ssl.get_cipher_list_neg=<NULL>
list.ssl.get_cipher_list_big=<NULL>
list.set_ssl.rc=1
list.set_ssl.get_ciphers=AES128-SHA
suites.set_ssl.rc=1
suites.set_ssl.get_ciphers=TLS_AES_256_GCM_SHA384,AES128-SHA
conf.nonnull=1
conf.flags.set=46
conf.flags.clear=46
conf.prefix.rc=1
conf.vt.CipherString=1
conf.vt.Certificate=2
conf.vt.chainCApath=3
conf.vt.chainCAstore=5
conf.vt.no_tls1_3=0
conf.vt.MinProtocol=1
conf.vt.VerifyMode=1
conf.vt.unknown=0
conf.cmd.cipher=2
conf.cmd.ciphersuites=2
conf.cmd.cipher.bad=0
conf.cmd.cipher.null=-3
conf.cmd.null_cmd=0
conf.cmd.unknown=-2
conf.cmd.options=2
conf.options.bits=40100000
conf.cmd.protocol=2
conf.cmd.verify=2
conf.ctx.verify_mode=3
conf.cmd.min_proto=2
conf.ctx.min_proto=771
conf.cmd.max_proto=2
conf.ctx.max_proto=0
conf.cmd.min_proto.bad=0
conf.cmd.max_proto.dtls=2
conf.cmd.num_tickets=2
conf.ctx.num_tickets=5
conf.cmd.record_padding=2
conf.cmd.switch=-2
conf.finish=1
conf.prefix.set2=1
conf.cmd.prefixed=2
conf.cmd.prefixed.bad=-2
conf.prefix.clear=1
conf.argv.rc=2
conf.argv.pargc=0
conf.argv.remaining=1
conf.argv.vt=0
conf.argv.vt_dash=1
