transcript.sha256=cfe42d9cc72894f339761cd32f3b6491271be9590f2f9addd24199011847b7a5
fresh.nonnull=1
fresh.string=[<NULL>]
fresh.number_ok=0
load.eline_zero=0
parse.ret_ok=1
one.alpha=[first]
one.beta=[42]
one.quoted=[two words]
one.empty=[]
one.missing=[<NULL>]
two.gamma=[x=y]
two.continued=[ab]
two.number_ok=1
one.number_ok=1
one.number_value=42
section.present=1
section.count=4
section.row.0=[alpha|first]
section.row.1=[beta|42]
section.row.2=[quoted|two words]
section.row.3=[empty|]
section.present=1
section.count=2
section.row.0=[gamma|x=y]
section.row.1=[continued|ab]
section.present=0
default.env=[/tmp/openssl-rs-phase16.cnf]
default.env_nonnull=1
default.unset_nonnull=1
default.unset=RECORDED_DIVERGENCE_OBL_CONF_DEFAULT_CONFIG_FILE
probe.done=1
