FRF-MUTANT:stdout-first-line:transcript.sha256=466719cbb660da0254c8b24bdb1ba7f041df2c43c5220ef01632a8343040cf12
method.nonnull=1
ctx_new.null_method_refused=1
new.null_ctx_refused=1
ctx_ctrl.null_ctx=1
ssl_ctrl.null_ssl=1
free.null_noop=1
ctx.nonnull=1
ctx.method.identity=1
ctx.options.default=1179648
ctx.quiet.default=0
ctx.verify_mode.default=0
ctx.num_tickets.default=2
ctx.max_early.default=0
ctx.recv_max.default=16384
ctx.passwd.default_null=1
ctx.passwd_ud.default_null=1
ctx.keylog.default_null=1
ctx.sec_cb.default_null=0
ctx.sec_ex.default_null=1
ctx.sec_level.default=2
ctx.rpad_arg.default_null=1
ctx.cert.null=1
ctx.privkey.null=1
ctx.cert_store.nonnull=1
ctx.param.nonnull=1
ctx.options.set_ret=1196032
ctx.options.get=1196032
ctx.options.clear_ret=1179648
ctx.verify_mode.set=1
ctx.verify_cb.set=1
ctx.verify_depth.set=7
ctx.quiet.set=1
ctx.ctrl.mode_ret=5
ctx.ctrl.get_read_ahead=0
ctx.ctrl.set_max_cert_list_old=102400
ctx.ctrl.get_max_cert_list=1234
ctx.ctrl.set_send_frag_bad=0
ctx.ctrl.set_send_frag_ok=1
ctx.ctrl.set_split_ok=1
ctx.ctrl.set_split_bad=0
ctx.ctrl.set_pipes_bad=0
ctx.ctrl.set_pipes_ok=1
ctx.ctrl.cert_flags=8
ctx.ctrl.clear_cert_flags=0
ctx.ctrl.sess_cache_size_old=20480
ctx.ctrl.sess_cache_size_get=100
ctx.ctrl.sess_cache_mode_get=2
ctx.ctrl.get_min_proto=0
ctx.ctrl.get_max_proto=0
ctx.sidctx.32=1
ctx.passwd.set=1
ctx.passwd_ud.set=1
ctx.keylog.set=1
ctx.sec_cb.set=1
ctx.sec_level.set=3
ctx.sec_ex.set=1
ctx.rpad_arg.set=1
ctx.set_num_tickets=1
ctx.get_num_tickets=5
ctx.set_max_early=1
ctx.get_max_early=100
ssl.nonnull=1
ssl.ctx.identity=1
ssl.method.identity=1
ssl.version=772
ssl.client_version=65536
ssl.version_str=TLSv1.3
ssl.is_tls=1
ssl.is_dtls=0
ssl.is_quic=0
ssl.default_timeout=7200
ssl.options.inherit=1179648
ssl.verify_mode.inherit=1
ssl.verify_depth.inherit=7
ssl.quiet.inherit=1
ssl.num_tickets.inherit=5
ssl.rpad_arg.inherit=1
ssl.cert.null=1
ssl.privkey.null=1
ssl.verified_chain.null=1
ssl.get_finished.len=0
ssl.get_peer_finished.len=0
ssl.want.default=1
ssl.pending.default=0
ssl.has_pending.default=0
ssl.is_server.default=1
ssl.session_reused.default=0
ssl.verify_result.default=0
ssl.get_error.positive=0
ctx.sidctx.33=0
ssl.ctrl.mode_ret=5
ssl.ctrl.get_max_cert_list=1234
ssl.ctrl.set_max_cert_list_old=1234
ssl.ctrl.cert_flags=4
ssl.ctrl.get_raw_cipherlist_null=2
ssl.ctrl.get_extms=-1
ssl.ctrl.get_read_ahead=0
ssl.verify_mode.set=3
ssl.verify_cb.set=1
ssl.verify_depth.set=9
ssl.quiet.set=1
ssl.shutdown.set=1
ssl.info_cb.set=1
ssl.set_num_tickets=1
ssl.get_num_tickets=6
ex_index.positive=1
ssl.ex_data.set=1
ssl.ex_data.get=1
ctx.ex_data.set=1
ctx.ex_data.get=1
ssl.read.uninit=-1
ssl.read_neg_len=-1
ssl.read_ex.uninit=0
ssl.peek.uninit=-1
ssl.peek_ex.uninit=0
ssl.write.uninit=-1
ssl.write_ex.uninit=0
ssl.do_handshake.uninit=-1
ssl.shutdown.uninit=-1
bio.m1.nonnull=1
bio.m2.nonnull=1
ssl.rbio.set=1
ssl.wbio.set=1
ssl.get_fd.mem=-1
ssl.get_rfd.mem=-1
ssl.rbio.same=1
ssl.wbio.same=1
ssl.rbio.noop=1
ssl.wbio.noop=1
purpose.ctx=1
purpose.ssl=1
trust.ctx=1
trust.ssl=1
host.set1=1
host.peername.null=1
host.add1=1
host.flags.noop=1
verify.locations.null=0
verify.file.missing=0
check_privkey.ctx.nocert=0
check_privkey.ssl.nocert=0
peer_cert0.null=1
peer_cert1.null=1
peer_chain.null=1
certs_clear.noop=1
ct.ctx.disabled=0
ct.ssl.disabled=0
ct.ctx.store.nonnull=1
ct.ctx.enable_strict=1
ct.ctx.enabled=1
ct.ssl.enable_perm=1
ct.ssl.enabled=1
ct.scts.null=1
alpn.ctx.set_good=0
alpn.ctx.set_bad=1
alpn.ssl.set_good=0
alpn.selected.null=1
alpn.selected.len=0
npn.selected.null=1
npn.selected.len=0
nextproto.match=1
nextproto.match.len=2
nextproto.nomatch=2
nextproto.nomatch.len=2
nextproto.empty=2
nextproto.empty.len=0
sni.get.null=1
sni.type=-1
certtype.client.set=1
certtype.client.bad=0
certtype.client.get=1
certtype.client.len=1
certtype.client.nonnull=1
certtype.server.set=1
certtype.ctx.client.set=1
certtype.ctx.server.set=1
certtype.neg.client=0
certtype.neg.server=0
domain.ctx.set=0
domain.ctx.get=0
domain.ssl.get=0
blockpad.ctx.ok=1
blockpad.ctx.ex=1
blockpad.ctx.big=0
blockpad.ssl.ok=1
blockpad.ssl.big=0
async.waiting=0
async.status=0
async.all_fds=0
async.changed_fds=0
key_update.type=-1
reneg.pending=0
early_data.status=0
handshake.rtt=0
client_random.size=32
client_random.len=8
server_random.size=32
alloc_buffers=1
free_buffers=1
value_uint.get=0
value_uint.set=0
set_debug.noop=1
blocking.get=-1
blocking.set=0
handle_events=1
event_timeout.ret=1
event_timeout.sec=1000000
event_timeout.infinite=1
net_read_desired=0
net_write_desired=0
quic.new_stream.null=1
quic.accept_stream.null=1
quic.accept_stream_qlen=0
quic.stream_conclude=0
quic.stream_reset=0
quic.stream_type=3
quic.stream_id=-1
quic.is_stream_local=-1
quic.read_state=0
quic.write_state=0
quic.read_error=-1
quic.write_error=-1
quic.default_stream_mode=0
quic.incoming_policy=0
quic.get0_connection=1
quic.get0_listener.null=1
quic.get0_domain.null=1
quic.is_connection=1
quic.is_listener=0
quic.is_domain=0
quic.new_listener.null=1
quic.new_listener_from.null=1
quic.new_from_listener.null=1
quic.accept_connection.null=1
quic.accept_conn_qlen=0
quic.listen=0
quic.new_domain.null=1
quic.conn_close_info=-1
quic.initial_peer_addr=0
quic.shutdown_ex=-1
psk.ctx.hint=1
psk.ctx.hint_long=0
psk.ssl.hint=1
psk.get_hint.null=1
psk.get.null=1
clienthello.isv2=0
clienthello.legacy=0
clienthello.random=0
clienthello.session_id=0
clienthello.ciphers=0
clienthello.compressions=0
clienthello.exts_present=0
clienthello.ext_order=0
clienthello.ext=0
ctx.sessions.nonnull=1
has_matching_session_id=0
client_ciphers.null=1
current_cipher.null=1
pending_cipher.null=1
current_compression.null=1
current_expansion.null=1
peer_rpk.null=1
shared_ciphers.nonnull=1
shared_ciphers.empty=1
default_verify_dir=1
default_verify_file=1
default_verify_store=1
clear_chain_certs=1
set_ssl_version=1
set_ssl_version.identity=1
set_accept_state.server=1
set_connect_state.server=0
copy_session_id.two_fresh=1
hs.key_update.notreq=0
hs.key_update.req=0
hs.key_update.bad=0
hs.new_session_ticket=0
hs.export_keying=-1
hs.export_keying_early=0
hs.sendfile=-1
hs.verify_pha=0
hs.read_early=0
hs.write_early=0
hs.renegotiate=1
hs.renegotiate_abbr=1
hs.stateless=-1
dane.cert.ok=1
dane.cert.pubkey_ok=1
dane.cert.der_nonempty=1
dane.cert.spki_nonempty=1
dane.ctx.enable=1
dane.ctx.enable_again=1
dane.ctx.set_flags.ret=0
dane.ctx.set_flags.ret2=1
dane.ctx.clear_flags.ret=5
dane.ctx.mtype_full_override=0
dane.ctx.mtype_custom=1
dane.ssl.enable=1
dane.ssl.enable_again=0
dane.ssl.set_flags.ret=0
dane.ssl.set_flags.ret2=1
dane.ssl.clear_flags.ret=3
dane.get0.nonnull=1
dane.tlsa.bad_usage=0
dane.tlsa.bad_selector=0
dane.tlsa.bad_mtype=0
dane.tlsa.null_data=0
dane.tlsa.digest_bad_len=0
dane.tlsa.digest_ok=1
dane.tlsa.cert_ok=1
dane.tlsa.spki_ok=1
dane.rpk.ok=1
dane.rpk.null_key=0
dane.get0.authority=-1
dane.get0.tlsa.ret=-1
dane.get0.tlsa.usage_untouched=1
dane.get0.tlsa.mtype_untouched=1
dane.get0.tlsa.dlen_untouched=1
dane.tlsa.not_enabled=-1
dane.rpk.not_enabled=0
b2cl.empty=0
b2cl.odd=0
b2cl.two.ret=1
b2cl.two.n=1
b2cl.two.name0=TLS_AES_128_GCM_SHA256
b2cl.two.scsvs_n=0
b2cl.four.ret=1
b2cl.four.n=2
b2cl.four.name0=TLS_AES_128_GCM_SHA256
b2cl.four.name1=ECDHE-RSA-AES128-GCM-SHA256
b2cl.scsv.ret=1
b2cl.scsv.n=0
b2cl.scsv.scsvs_n=1
b2cl.scsv.name0=TLS_EMPTY_RENEGOTIATION_INFO_SCSV
b2cl.unknown.ret=1
b2cl.unknown.n=1
b2cl.unknown.scsvs_n=0
get1.set_list=1
get1.nonnull=1
get1.n=5
get1.name0=TLS_AES_256_GCM_SHA384
get1.name1=TLS_CHACHA20_POLY1305_SHA256
dup.nonnull=1
dup.distinct=1
dup.ctx=1
dup.server=1
dup.version=1
dup.options=1
dup.verify_mode=1
dup.verify_depth=1
dup.cert_null=1
set_ctx.same=1
set_ctx.switch=1
set_ctx.get=1
set_ctx.cert_null=1
set_ctx.null=1
set_ctx.get_after_null=1
set_ctx.null_ssl=1
ssl.up_ref=1
ssl.freed=1
ctx.up_ref=1
ctx.freed=1
