transcript.sha256=46bf227af17a9d6ae620f5bf7dd45fff8a207f59dee58a02f66fd047b9a07871
fixture.cert=nonnull
fixture.san_cert=nonnull
fixture.crl=nonnull
meth.new=nonnull
meth.new.null_name=null
meth.new.null_name.err=none
meth.set_new_item=1
meth.set_free=1
meth.set_init=1
meth.set_shutdown=1
meth.set_ctrl=1
meth.set_get_by_subject=1
meth.set_get_by_issuer_serial=1
meth.set_get_by_fingerprint=1
meth.set_get_by_alias=1
meth.get_new_item=1
meth.get_free=1
meth.get_init=1
meth.get_shutdown=1
meth.get_ctrl=1
meth.get_get_by_subject=1
meth.get_get_by_issuer_serial=1
meth.get_get_by_fingerprint=1
meth.get_get_by_alias=1
meth.free=1
lookup.new.nohooks=nonnull
lookup.get_store.nohooks=null
lookup.get_method_data.initial=1
lookup.set_method_data=1
lookup.get_method_data.roundtrip=1
lookup.init.nohook=1
lookup.shutdown.nohook=1
lookup.ctrl.nohook=1
lookup.ctrl_ex.nohook=1
lookup.by_subject.nodoor=0
lookup.by_subject_ex.nodoor=0
lookup.by_issuer_serial.nodoor=0
lookup.by_fingerprint.nodoor=0
lookup.by_alias.nodoor=0
lookup.new.hooks=nonnull
lookup.new.new_item_calls=1
lookup.init.hook=3
lookup.shutdown.hook=4
lookup.ctrl.hook=5
lookup.ctrl.hook.cmd=9
lookup.ctrl.hook.argl=7
lookup.ctrl_ex.hook=5
lookup.ctrl_ex.hook.cmd=10
lookup.by_subject.hook=6
lookup.by_subject_ex.hook=6
lookup.by_issuer_serial.hook=7
lookup.by_fingerprint.hook=8
lookup.by_alias.hook=9
lookup.free.free_calls=1
lookup.free.null=1
lookup.new.new_item_reject=null
lookup.new.new_item_reject.err=none
object.new=nonnull
object.new.type=0
object.new.get0_X509=null
object.new.get0_X509_CRL=null
object.new.up_ref=1
object.set1_X509.null_obj=0
object.set1_X509_CRL.null_obj=0
object.set1_X509=1
object.after_x509.type=1
object.after_x509.is_cert=1
object.after_x509.get0_X509_CRL=null
object.after_x509.up_ref=1
object.set1_X509_CRL=1
object.after_crl.type=2
object.after_crl.is_crl=1
object.after_crl.get0_X509=null
object.stack.count=2
object.idx_by_subject=-1
object.retrieve_by_subject=null
object.retrieve_match=nonnull
object.free=1
store.add_cert.null=0
store.add_cert.null.err=11.524299
store.add_crl.null=0
store.add_crl.null.err=11.524299
store.get1_objects.null=null
store.get1_objects.null.err=11.786690
store.get1_all_certs.null=null
store.get1_all_certs.null.err=11.786690
store.new=nonnull
store.new.err=none
store.get0_param=nonnull
store.set_flags=1
store.set_flags.read=1
store.set_flags.err=none
store.set_depth=1
store.set_depth.read=11
store.set_depth.err=none
store.set_purpose=1
store.set_purpose.read=1
store.set_purpose.err=none
store.set_trust=1
store.set_trust.err=none
store.set1_param.src=nonnull
store.set1_param=1
store.set1_param.flags.read=1
store.set1_param.depth.read=5
store.set1_param.err=none
store.lifecycle.arms=1
x509.get0_notBefore=nonnull
x509.get0_notAfter=nonnull
x509.getm_notBefore.is_get0=1
x509.getm_notAfter.is_get0=1
x509.get_signature_type=0
x509.get_X509_PUBKEY=nonnull
x509.get0_uids.issuer=0
x509.get0_uids.subject=0
x509.get0_tbs_sigalg=nonnull
x509.get0_tbs_sigalg.nid=668
x509.new=nonnull
x509.set_serialNumber=1
x509.set_serialNumber.read=7
x509.set_serialNumber.null_x=0
x509.set_subject_name=1
x509.set_subject_name.read=1
x509.set_issuer_name=1
x509.set_issuer_name.read=1
x509.set_subject_name.null_x=0
x509.set1_notBefore=1
x509.get0_notBefore.is_set=1
x509.getm_notBefore.is_set=1
x509.set1_notBefore.null_tm=0
x509.set1_notBefore.null_x=0
x509.set1_notAfter=1
x509.set1_notAfter.null_tm=0
x509.set_pubkey=1
x509.pubkey.roundtrip=1
x509.set_pubkey.null_x=0
x509.set.arms=1
req.it=nonnull
reqinfo.it=nonnull
req.new=nonnull
req.new.version=-1
req.new_ex.null=nonnull
req.new_ex.propq=nonnull
req.new_ex.propq.err=none
reqinfo.new=nonnull
req.d2i=nonnull
req.d2i.err=none
req.d2i.consumed=611
req.i2d.len=611
req.i2d.same_bytes=1
req.d2i.truncated=null
req.d2i.truncated.err=13.155
req.dup=nonnull
req.dup.distinct=1
req.dup.subject_cmp=1
req.get0_signature.sig=1
req.get0_signature.alg=1
req.get_signature_nid=668
req.get_pubkey=nonnull
req.get0_pubkey=nonnull
req.get_pubkey.same=1
req.get_X509_PUBKEY=nonnull
req.check_private_key.self=1
req.check_private_key.self.err=none
req.get0_distinguishing_id.initial=null
req.get0_distinguishing_id.set=1
req.get0_distinguishing_id.cleared=null
req.extension_nid.ext_req=1
req.extension_nid.ms_ext_req=1
req.extension_nid.commonName=0
req.get_extension_nids=nonnull
req.get_extension_nids.0=172
req.get_extension_nids.1=171
req.get_extension_nids.2=0
req.set_extension_nids.is_same=1
req.extension_nid.after_set=1
req.get_attr_count.blank=0
req.get_attr_by_NID.blank=-1
req.get_attr_by_OBJ.blank=-1
req.get_attr.blank=null
req.add1_attr_by_NID=1
req.attr_count.after_nid=1
req.get_attr_by_NID.after_nid=0
req.add1_attr_by_NID.duplicate=0
req.add1_attr_by_NID.duplicate.err=11.140
req.add1_attr_by_txt=1
req.add1_attr_by_txt.duplicate=0
req.add1_attr_by_txt.duplicate.err=11.140
req.add1_attr_by_OBJ=1
req.add1_attr_by_OBJ.duplicate=0
req.add1_attr_by_OBJ.duplicate.err=11.140
req.attr.create=nonnull
req.add1_attr=1
req.add1_attr.duplicate=0
req.add1_attr.duplicate.err=11.140
req.attr_count.after_four=4
req.get_attr.0=nonnull
req.delete_attr.0=nonnull
req.delete_attr.99=null
req.attr_count.after_delete=3
req.set0_signature.applied=1
req.set0_signature.cleared=null
req.set1_signature_algo=1
req.get_signature_nid.after_set=668
req.add1_attr.null=0
req.add1_attr.null.err=11.786690
req.add1_attr_by_NID.null=0
req.add1_attr_by_NID.null.err=11.786690
req.add1_attr_by_OBJ.null=0
req.add1_attr_by_OBJ.null.err=11.786690
req.add1_attr_by_txt.null=0
req.add1_attr_by_txt.null.err=11.786690
req.delete_attr.null=null
req.delete_attr.null.err=11.786690
req.i2d_re_tbs.null=0
req.i2d_re_tbs.null.err=11.786690
reqinfo.d2i=nonnull
reqinfo.d2i.err=none
reqinfo.d2i.consumed=331
reqinfo.i2d.len=331
reqinfo.i2d.same_bytes=1
reqinfo.d2i.truncated=null
reqinfo.d2i.truncated.err=13.155
req.i2d_re_tbs.len=331
req.i2d_re_tbs.same_bytes=1
req.free=1
trust.get_count.initial=8
trust.row.0.trust=1
trust.row.0.flags=0
trust.row.0.name=compatible
trust.row.1.trust=2
trust.row.1.flags=0
trust.row.1.name=SSL Client
trust.row.2.trust=3
trust.row.2.flags=0
trust.row.2.name=SSL Server
trust.row.3.trust=4
trust.row.3.flags=0
trust.row.3.name=S/MIME email
trust.row.4.trust=5
trust.row.4.flags=0
trust.row.4.name=Object Signer
trust.row.5.trust=6
trust.row.5.flags=0
trust.row.5.name=OCSP responder
trust.row.6.trust=7
trust.row.6.flags=0
trust.row.6.name=OCSP request
trust.row.7.trust=8
trust.row.7.flags=0
trust.row.7.name=TSA server
trust.get0.negative=null
trust.get0.past_reserved=null
trust.get_by_id.compat=0
trust.get_by_id.tsa=7
trust.get_by_id.zero=-1
trust.get_by_id.nine=-1
trust.get_by_id.absent=-1
trust.set.valid=1
trust.set.valid.read=3
trust.set.invalid=0
trust.set.invalid.err=11.123
trust.set.invalid.read=3
trust.add.dynamic=1
trust.get_count.added=9
trust.get_by_id.added=8
trust.dynamic.trust=100
trust.dynamic.flags=3
trust.dynamic.name=probe-trust
trust.check.dynamic=11
trust.add.modify=1
trust.get_count.modified=9
trust.check.dynamic_modified=12
trust.get_count.cleaned=8
trust.get_by_id.cleaned=-1
trust.check.default=1
trust.check.default.err=none
trust.check.compat=1
trust.check.compat.err=none
trust.check.compat.no_ss=3
trust.check.default.any_eku=1
trust.check.ssl_server=1
trust.check.unclaimed_id=3
trust.set_default.saved_nonnull=1
trust.check.unclaimed_id.probedefault=21
trust.set_default.restored_nonnull=1
trust.check.unclaimed_id.restored=3
store_lookup.method=nonnull
store_lookup.method_stable=1
store_lookup.lookup=nonnull
store_lookup.ctrl.add_null_uri=1
store_lookup.ctrl.add_null_uri.err=none
store_lookup.ctrl.add_bad_uri=0
store_lookup.ctrl.add_bad_uri.err=44.524556
store_lookup.ctrl.unsupported=0
store_lookup.ctrl.unsupported.err=none
store_lookup.ctrl_ex.add_null_uri=1
store_lookup.ctrl_ex.add_null_uri.err=none
store_load_store.null_uri=0
store_load_store.null_uri.err=none
store_load_store_ex.null_uri=0
store_load_store_ex.null_uri.err=none
file_loaders.fixture.cert_pem=1
file_loaders.fixture.cert_der=1
file_loaders.fixture.crl_pem=1
file_loaders.fixture.crl_der=1
file_loaders.fixture.mixed_pem=1
file_loaders.fixture.empty_pem=1
file_loaders.store=nonnull
file_loaders.lookup=nonnull
load_cert_file.pem=1
load_cert_file.pem.err=none
load_cert_file.der=1
load_cert_file.der.err=none
load_cert_file.null=0
load_cert_file.null.err=11.786690
load_cert_file.bad_type=0
load_cert_file.bad_type.err=11.100
load_cert_file.missing=0
load_cert_file.missing.err=2.2
load_cert_file.empty=0
load_cert_file.empty.err=9.108
load_cert_file_ex.pem=1
load_cert_file_ex.pem.err=none
load_crl_file.pem=1
load_crl_file.pem.err=none
load_crl_file.der=1
load_crl_file.der.err=none
load_crl_file.null=0
load_crl_file.null.err=11.786690
load_crl_file.bad_type=0
load_crl_file.bad_type.err=11.100
load_crl_file.empty=0
load_crl_file.empty.err=9.108
load_cert_crl_file.pem=2
load_cert_crl_file.pem.err=none
load_cert_crl_file_ex.pem=2
load_cert_crl_file_ex.pem.err=none
load_cert_crl_file.asn1=1
load_cert_crl_file.asn1.err=none
load_cert_crl_file.empty=0
load_cert_crl_file.empty.err=11.136
valprn.stack.count=3
valprn.inline.len=22
valprn.inline.hex=43413a545255452c20706174686c656e2c20616e6f6e
valprn.multiline.len=26
valprn.multiline.hex=202043413a545255450a2020706174686c656e0a2020616e6f6e
valprn.indent.len=26
valprn.indent.hex=2020202043413a545255452c20706174686c656e2c20616e6f6e
valprn.null_stack.len=0
valprn.null_stack.hex=
valprn.empty.inline.len=10
valprn.empty.inline.hex=20203c454d5054593e0a
valprn.empty.multiline.len=10
valprn.empty.multiline.hex=20203c454d5054593e0a
ext.bc=nonnull
ext.bad_value=nonnull
ext.unknown_oid=nonnull
print.bc.default=1
print.bc.default.out.len=7
print.bc.default.out.hex=43413a54525545
print.bc.error_flag=1
print.bc.error_flag.out.len=7
print.bc.error_flag.out.hex=43413a54525545
print.bc.indent=1
print.bc.indent.out.len=10
print.bc.indent.out.hex=20202043413a54525545
print.bad.default=0
print.bad.default.out.len=0
print.bad.default.out.hex=
print.bad.error_flag=1
print.bad.error_flag.out.len=14
print.bad.error_flag.out.hex=203c5061727365204572726f723e
print.unk.default=0
print.unk.default.out.len=0
print.unk.default.out.hex=
print.unk.error_flag=1
print.unk.error_flag.out.len=17
print.unk.error_flag.out.hex=20203c4e6f7420537570706f727465643e
print.unk.parse=1
print.unk.parse.out.len=51
print.unk.parse.out.hex=20202020303a643d302020686c3d32206c3d20202032207072696d3a204f4354455420535452494e472020202020203a41420a
print.unk.dump=1
print.unk.dump.out.len=64
print.unk.dump.out.hex=202030303030202d2030342030322034312034322020202020202020202020202020202020202020202020202020202020202020202020202020202e2e41420a
exts.titled=1
exts.titled.out.len=81
exts.titled.out.hex=70726f62653a0a2020202058353039763320426173696320436f6e73747261696e74733a200a202020202020202043413a545255450a20202020312e322e332e343a200a20202020202020202e2e41420a
exts.untitled=1
exts.untitled.out.len=58
exts.untitled.out.hex=58353039763320426173696320436f6e73747261696e74733a200a2020202043413a545255450a312e322e332e343a200a202020202e2e41420a
exts.kid_filter=1
exts.kid_filter.out.len=0
exts.kid_filter.out.hex=
exts.null_stack=1
exts.null_stack.out.len=0
exts.null_stack.out.hex=
print_fp.ret=1
print_fp.out.len=7
print_fp.out.hex=43413a54525545
pending.v3_conf.bcons_ca_false=authority_omits_false_ca_the_crate_encodes_it
nconf.bc.nid=87
nconf.bc.critical=0
nconf.bc.data.len=5
nconf.bc.der.len=14
nconf.bc.der.hex=300c0603551d13040530030101ff
nconf.bc.err=none
nconf.bc_critical.nid=87
nconf.bc_critical.critical=1
nconf.bc_critical.data.len=8
nconf.bc_critical.der.len=20
nconf.bc_critical.der.hex=30120603551d130101ff040830060101ff020103
nconf.bc_critical.err=none
nconf.unknown_name=null
nconf.unknown_name.err=34.130
nconf_nid.bc.nid=87
nconf_nid.bc.critical=0
nconf_nid.bc.data.len=8
nconf_nid.bc.der.len=17
nconf_nid.bc.der.hex=300f0603551d13040830060101ff020102
nconf_nid.bc.err=none
nconf_nid.undef=null
nconf_nid.undef.err=34.130
conf.bc.nid=87
conf.bc.critical=0
conf.bc.data.len=8
conf.bc.der.len=17
conf.bc.der.hex=300f0603551d13040830060101ff020101
conf.bc.err=none
conf_nid.bc.nid=87
conf_nid.bc.critical=0
conf_nid.bc.data.len=5
conf_nid.bc.der.len=14
conf_nid.bc.der.hex=300c0603551d13040530030101ff
conf_nid.bc.err=none
conf.new=nonnull
add_nconf_sk.build=1
add_nconf_sk.build.err=none
add_nconf_sk.build.count=2
add_nconf_sk.build.0.nid=87
add_nconf_sk.build.1.nid=83
add_nconf_sk.replace=1
add_nconf_sk.replace.err=none
add_nconf.missing_section=0
add_nconf.missing_section.err=none
add_nconf.cert=1
add_nconf.cert.extcount=2
add_nconf.cert.ext0.nid=87
add_nconf.cert.ext1.nid=83
crl_add_nconf.crl=1
crl_add_nconf.crl.extcount=2
add_conf.null_lhash=0
crl_add_conf.null_lhash=0
check_host.exact=1
check_host.wildcard=1
check_host.wildcard.deep=0
check_host.wildcard.no_flag=0
check_host.san_literal=1
check_host.miss=0
check_host.cn_fallback=0
check_host.cn_forced=1
check_host.cn_only_cert=1
check_host.explicit_len=1
check_host.null_chk=-2
check_host.null_chk.err=none
check_host.embedded_nul=-2
check_host.embedded_nul.err=none
check_host.peername=1
check_host.peername.matches=1
check_host.peername.err=none
check_email.san=1
check_email.san_case=1
check_email.miss=0
check_email.null_chk=-2
check_email.null_chk.err=none
check_email.embedded_nul=-2
check_email.embedded_nul.err=none
check_ip_asc.hit=1
check_ip_asc.miss=0
check_ip_asc.v6=1
check_ip_asc.bad=-2
check_ip_asc.bad.err=none
check_ip_asc.null_ip=-2
check_ip_asc.null_ip.err=none
check_ip.raw.hit=1
check_ip.raw.miss=0
check_ip.raw.null=-2
check_ip.raw.null.err=none
get1_email.count=3
get1_email.0=dn@example.com
get1_email.1=user@example.com
get1_email.2=other@example.org
get1_email.san_less_cert=null
get1_ocsp.count=1
get1_ocsp.0=http://ocsp.example.com
get1_ocsp.no_aia_cert=null
extensions.it=nonnull
extensions.input.count=5
extensions.i2d.length=232
extensions.i2d.len=232
extensions.i2d.hex=3081e530090603551d1304023000300b0603551d0f0404030205a030770603551d110470306e820b6578616d706c652e636f6d820d2a2e6578616d706c652e636f6d8213666f6f2e6261722e6578616d706c652e636f6d811075736572406578616d706c652e636f6d81116f74686572406578616d706c652e6f72678704c0000201871020010db8000000000000000000000001303306082b0601050507010104273025302306082b060105050730018617687474703a2f2f6f6373702e6578616d706c652e636f6d301d0603551d0e041604145d3462995df16b81afa02ddbd7dc995c40969d62
extensions.d2i=nonnull
extensions.d2i.count=5
req_ext.add=1
req_ext.add.err=none
req_ext.attr_count=1
req_ext.get=nonnull
req_ext.get.count=0
req_ext.get.i2d.length=2
req_ext.round_trip_equal=0
req_ext.email.count=-1
req_ext.blank=nonnull
req_ext.blank.count=0
req_ext.blank.email_count=-1
req_ext.nid.add=1
req_ext.nid.attr_count=1
req_ext.empty.noop=1
req_ext.null.noop=1
req_ext.empty.attr_count=1
req_add_nconf=1
req_add_nconf.err=none
req_add_nconf.ext_count=0
req_add_nconf.null_req=1
req_add_nconf.null_req.err=none
req_add_conf.null_lhash=0
req_add_conf.null_lhash.err=none
