transcript.sha256=da0780f242ccb0d9a6ccefd5535091020ffc4ad51873a0c1d0fea47e8c259e86
ctx.nonnull=1
f_ssl.nonnull=1
f_ssl.bio.nonnull=1
f_ssl.method_type=519
f_ssl.method_name=ssl
f_ssl.init=0
f_ssl.shutdown=1
f_ssl.data.nonnull=1
f_ssl.get_ssl=0
f_ssl.get_ssl.null=1
new_ssl.client.nonnull=1
new_ssl.client.get=1
new_ssl.client.ssl.nonnull=1
new_ssl.client.is_server=0
new_ssl.client.init=1
new_ssl.client.shutdown=1
new_ssl.client.method_type=519
new_ssl.server.nonnull=1
new_ssl.server.get=1
new_ssl.server.is_server=1
new_ssl.null_ctx=0
mode.server_to_accept=1
mode.server.is_server=1
mode.server_to_connect=1
mode.client.is_server=0
reneg.timeout.first=0
reneg.timeout.second=100
reneg.bytes.first=0
reneg.bytes.small=1024
reneg.bytes.second=1024
reneg.count=0
new_ssl_connect.nonnull=1
new_ssl_connect.method_type=519
new_ssl_connect.next.nonnull=1
new_ssl_connect.null_ctx=0
new_buffer_ssl_connect.nonnull=1
new_buffer_ssl_connect.method_type=521
new_buffer_ssl_connect.next.nonnull=1
new_buffer_ssl_connect.null_ctx=0
copy.null_null=0
copy.mem_mem=0
copy.fresh_ssl=0
copy.ssl.ssl=1
copy.t.get=1
copy.t.cert=1
shutdown.null.survived=1
shutdown.before=0
shutdown.after=0
shutdown.chain.survived=1
freed=1
