FRF-MUTANT:stdout-first-line:transcript.sha256=0b1506d2e6d6ad10f4c6d312021fb878b990b4a640e21f5b4bc4a2e7dddbe345
s.empty.r=2
s.empty.v=[]
s.normal.r=5
s.normal.v=[abc]
s.null.r=8
s.null.v=[<NULL>]
s.prec.r=4
s.prec.v=[ab]
s.prec0.r=2
s.prec0.v=[]
s.width.r=10
s.width.v=[      ab]
s.left.r=10
s.left.v=[ab      ]
s.widthprec.r=10
s.widthprec.v=[      ab]
s.star.r=8
s.star.v=[    ab]
s.starleft.r=8
s.starleft.v=[ab    ]
d.zero.r=1
d.zero.v=0
d.pos.r=2
d.pos.v=42
d.neg.r=3
d.neg.v=-42
d.imin.r=11
d.imin.v=-2147483648
d.imax.r=10
d.imax.v=2147483647
d.hh.r=2
d.hh.v=44
d.h.r=4
d.h.v=4464
d.l.r=2
d.l.v=-5
d.ll.r=2
d.ll.v=-5
d.z.r=2
d.z.v=-5
d.t.r=2
d.t.v=-5
d.j.r=2
d.j.v=-5
d.plus.r=3
d.plus.v=+42
d.space.r=3
d.space.v= 42
d.plusneg.r=3
d.plusneg.v=-42
d.w5.r=6
d.w5.v=   42|
d.w5left.r=6
d.w5left.v=42   |
d.zp5.r=5
d.zp5.v=00042
d.zp5neg.r=5
d.zp5neg.v=-0042
d.prec.r=5
d.prec.v=00042
d.prec0.r=0
d.prec0.v=
d.prec0nz.r=1
d.prec0nz.v=7
d.wp.r=9
d.wp.v=     042|
d.wpzero.r=9
d.wpzero.v=     042|
d.starw.r=6
d.starw.v=    42
d.starp.r=6
d.starp.v=000042
u.zero.r=1
u.zero.v=0
u.max.r=10
u.max.v=4294967295
u.l.r=20
u.l.v=18446744073709551615
u.ll.r=20
u.ll.v=18446744073709551615
x.zero.r=1
x.zero.v=0
x.ff.r=2
x.ff.v=ff
x.alt.r=4
x.alt.v=0xff
x.altzero.r=1
x.altzero.v=0
X.alt.r=4
X.alt.v=0XFF
o.r=3
o.v=777
o.alt.r=4
o.alt.v=0777
o.altzero.r=1
o.altzero.v=0
x.zp.r=8
x.zp.v=000000ff
x.umbrack.r=10
x.umbrack.v=0x000000ff
c.a.r=3
c.a.v=[A]
c.nul.r=3
c.nul.v=[
c.width.r=3
c.width.v=[A]
p.null.r=3
p.null.v=[0]
p.known.r=8
p.known.v=[0x1234]
p.zp.r=22
p.zp.v=[0x000000000000001234]
pct.r=4
pct.v=100%
unknown.q.r=1
unknown.q.v=<
unknown.after.r=1
unknown.after.v=a
unknown.w.r=2
unknown.w.v=<>
n.int.r=4
n.int.v=abcd
n.int.value=2
n.long.r=4
n.long.v=abcd
n.long.value=4
f.zero.r=8
f.zero.v=0.000000
f.zero.neg.r=8
f.zero.neg.v=0.000000
f.half.r=8
f.half.v=1.500000
f.neg.r=9
f.neg.v=-1.500000
f.ten.r=9
f.ten.v=10.000000
f.tenthousandth.r=8
f.tenthousandth.v=0.000100
f.big.r=18
f.big.v=10000000000.000000
f.small.r=11
f.small.v=0.000000000
f.prec0.r=1
f.prec0.v=2
f.prec2.r=4
f.prec2.v=1.00
f.prec9.r=11
f.prec9.v=0.123456789
f.prec12.r=11
f.prec12.v=0.123456789
f.wp.r=13
f.wp.v=       1.500|
f.left.r=6
f.left.v=1.500|
f.zp.r=12
f.zp.v=00000001.500
f.plus.r=6
f.plus.v=+1.500
f.space.r=6
f.space.v= 1.500
f.alt.r=2
f.alt.v=1.
f.inf.r=9
f.inf.v=?0.000000
f.ninf.r=9
f.ninf.v=?0.000000
f.nan.r=9
f.nan.v=?0.000000
e.one.r=12
e.one.v=1.000000e+00
e.ten.r=13
e.ten.v=10.000000e+00
e.hundred.r=13
e.hundred.v=10.000000e+01
e.small.r=12
e.small.v=1.000000e-03
e.zero.r=12
e.zero.v=0.000000e+00
E.big.r=13
E.big.v=10.000000E+09
g.one.r=1
g.one.v=1
g.half.r=3
g.half.v=1.5
g.tiny.r=5
g.tiny.v=1e-05
g.big.r=6
g.big.v=10e+09
g.prec2.r=7
g.prec2.v=1.2e+03
G.big.r=6
G.big.v=10E+09
Lf.r=8
Lf.v=1.500000
Lf.prec.r=4
Lf.prec.v=3.14
trunc.small.r.r=7
trunc.small.r.v=
trunc.small.bytes=1234567\0
trunc.n1.r=-1
trunc.n1.first=0
trunc.n0.r=-1
trunc.n0.first=127
printf.short.r=5
printf.short.n=5
printf.short.v=7-x-A
printf.null.r=8
printf.null.v=[<NULL>]
printf.long.r=2999
printf.long.n=2999
printf.long.head=zzzzzzzz
printf.long.tail=zzzzzzzz
err.count=0
