FRF-MUTANT:stdout-first-line:transcript.sha256=44ce828d0b3f3c726f32cb681db73fca01accfeb1bec390f3cba243a97ab26d4
new.nonnull=1
new.family=0
new.rawport=0
new.rawaddress.ret=0
new.rawaddress.len=12345
new.hostname.numeric=<NULL>
new.hostname.named=<NULL>
new.service.numeric=<NULL>
new.service.named=<NULL>
new.path=<NULL>
v4.rawmake.ret=1
v4.family=2
v4.rawport=8080
v4.rawaddress.ret=1
v4.rawaddress.len=4
v4.rawaddress.bytes=7f000001
v4.hostname.numeric=127.0.0.1
v4.hostname.named=localhost
v4.service.numeric=36895
v4.service.named=36895
v4.path=<NULL>
v6.rawmake.ret=1
v6.family=10
v6.rawport=443
v6.rawaddress.ret=1
v6.rawaddress.len=16
v6.rawaddress.bytes=00000000000000000000000000000001
v6.hostname.numeric=::1
v6.hostname.named=localhost
v6.service.numeric=47873
v6.service.named=47873
v6.path=<NULL>
v6link.hostname.numeric=fe80::1
v6link.hostname.named=fe80::1
v6link.service.numeric=0
v6link.service.named=0
v6link.path=<NULL>
unix.rawmake.ret=1
unix.family=1
unix.rawport=0
unix.rawaddress.ret=1
unix.rawaddress.len=20
unix.hostname.numeric=localhost
unix.hostname.named=80614319144b
unix.service.numeric=/tmp/openssl-rs.sock
unix.service.named=/tmp/openssl-rs.sock
unix.path=/tmp/openssl-rs.sock
unix.partial.ret=1
unix.partial.len.expect8=20
unix.partial.hostname.numeric=localhost
unix.partial.hostname.named=80614319144b
unix.partial.service.numeric=/tmp/ab
unix.partial.service.named=/tmp/ab
unix.partial.path=/tmp/ab
validate.short.len=0
validate.long.len=0
validate.unspec=0
validate.badfamily=0
validate.unix.toolong=0
reject.family=2
reject.rawport=1234
remake.family=2
remake.rawport=99
rawaddress.smallbuf.ret=1
rawaddress.smallbuf.len=4
rawaddress.nullbuf.ret=1
rawaddress.nullbuf.len=4
rawaddress.nulllen.ret=1
dup.nonnull=1
dup.distinct=1
dup.family=2
dup.rawport=4660
clear.family=0
clear.rawport=0
clear.rawaddress.ret=0
copy.ret=1
copy.family=2
copy.rawport=4660
copy.nullsrc=0
copy.nulldst=0
unspec.hostname.isnull=1
unspec.hostname.err=268959746
unspec.hostname.err.file=../../src/openssl-3.6.4/crypto/bio/bio_addr.c
unspec.hostname.err.line=256
unspec.hostname.err.data=ai_family not supported
unspec.hostname.err.flags=3
unspec.service.isnull=1
unspec.service.err=268959746
unspec.service.err.file=../../src/openssl-3.6.4/crypto/bio/bio_addr.c
unspec.service.err.line=256
unspec.service.err.data=ai_family not supported
unspec.service.err.flags=3
unspec.path.isnull=1
unspec.path.err=0
v4.hostname.ok=127.0.0.1
v4.hostname.err=0
null.dup=(nil)
null.copy=0
