transcript.sha256=5ad7c099ba2c45099f13247bb0a8a77e0f818800ae231aa79ebcf44354a79e37
cases.count=14
case.write-below.class=ran
case.write-below.path=write
case.write-below.phase=below
case.write-below.capacity=16384
case.write-below.request=16383
case.write-below.signal=0
case.write-below.ret=16383
case.write-below.ssl_error=0
case.write-below.state=0
case.write-below.finished=1
case.write-below.err_count=0
case.write-below.reason0=0
case.write-below.bytes=16383
case.write-below.consumed=-1
case.write-below.match=1
case.write-below.alloc_null=0
case.write-below.alloc_malloc_failure=0
case.write-below.d2i_null=0
case.write-below.rlimit_lowered=0
case.write-below.alloc_set_rc=0
case.write-at.class=ran
case.write-at.path=write
case.write-at.phase=at
case.write-at.capacity=16384
case.write-at.request=16384
case.write-at.signal=0
case.write-at.ret=16384
case.write-at.ssl_error=0
case.write-at.state=0
case.write-at.finished=1
case.write-at.err_count=0
case.write-at.reason0=0
case.write-at.bytes=16384
case.write-at.consumed=-1
case.write-at.match=1
case.write-at.alloc_null=0
case.write-at.alloc_malloc_failure=0
case.write-at.d2i_null=0
case.write-at.rlimit_lowered=0
case.write-at.alloc_set_rc=0
case.write-above.class=ran
case.write-above.path=write
case.write-above.phase=above
case.write-above.capacity=16384
case.write-above.request=16385
case.write-above.signal=0
case.write-above.ret=16385
case.write-above.ssl_error=0
case.write-above.state=0
case.write-above.finished=1
case.write-above.err_count=0
case.write-above.reason0=0
case.write-above.bytes=16385
case.write-above.consumed=-1
case.write-above.match=1
case.write-above.alloc_null=0
case.write-above.alloc_malloc_failure=0
case.write-above.d2i_null=0
case.write-above.rlimit_lowered=0
case.write-above.alloc_set_rc=0
case.write-2x.class=ran
case.write-2x.path=write
case.write-2x.phase=above
case.write-2x.capacity=16384
case.write-2x.request=32768
case.write-2x.signal=0
case.write-2x.ret=32768
case.write-2x.ssl_error=0
case.write-2x.state=0
case.write-2x.finished=1
case.write-2x.err_count=0
case.write-2x.reason0=0
case.write-2x.bytes=32768
case.write-2x.consumed=-1
case.write-2x.match=1
case.write-2x.alloc_null=0
case.write-2x.alloc_malloc_failure=0
case.write-2x.d2i_null=0
case.write-2x.rlimit_lowered=0
case.write-2x.alloc_set_rc=0
case.write-4x.class=ran
case.write-4x.path=write
case.write-4x.phase=above
case.write-4x.capacity=16384
case.write-4x.request=65536
case.write-4x.signal=0
case.write-4x.ret=65536
case.write-4x.ssl_error=0
case.write-4x.state=0
case.write-4x.finished=1
case.write-4x.err_count=0
case.write-4x.reason0=0
case.write-4x.bytes=65536
case.write-4x.consumed=-1
case.write-4x.match=1
case.write-4x.alloc_null=0
case.write-4x.alloc_malloc_failure=0
case.write-4x.d2i_null=0
case.write-4x.rlimit_lowered=0
case.write-4x.alloc_set_rc=0
case.read-hs-below.class=ran
case.read-hs-below.path=read-handshake
case.read-hs-below.phase=below
case.read-hs-below.capacity=16384
case.read-hs-below.request=16383
case.read-hs-below.signal=0
case.read-hs-below.ret=-1
case.read-hs-below.ssl_error=1
case.read-hs-below.state=0
case.read-hs-below.finished=0
case.read-hs-below.err_count=1
case.read-hs-below.reason0=258
case.read-hs-below.bytes=-1
case.read-hs-below.consumed=16388
case.read-hs-below.match=-1
case.read-hs-below.alloc_null=0
case.read-hs-below.alloc_malloc_failure=0
case.read-hs-below.d2i_null=0
case.read-hs-below.rlimit_lowered=0
case.read-hs-below.alloc_set_rc=0
case.read-hs-at.class=ran
case.read-hs-at.path=read-handshake
case.read-hs-at.phase=at
case.read-hs-at.capacity=16384
case.read-hs-at.request=16384
case.read-hs-at.signal=0
case.read-hs-at.ret=-1
case.read-hs-at.ssl_error=1
case.read-hs-at.state=0
case.read-hs-at.finished=0
case.read-hs-at.err_count=1
case.read-hs-at.reason0=258
case.read-hs-at.bytes=-1
case.read-hs-at.consumed=16389
case.read-hs-at.match=-1
case.read-hs-at.alloc_null=0
case.read-hs-at.alloc_malloc_failure=0
case.read-hs-at.d2i_null=0
case.read-hs-at.rlimit_lowered=0
case.read-hs-at.alloc_set_rc=0
case.read-hs-above.class=ran
case.read-hs-above.path=read-handshake
case.read-hs-above.phase=above
case.read-hs-above.capacity=16384
case.read-hs-above.request=16385
case.read-hs-above.signal=0
case.read-hs-above.ret=-1
case.read-hs-above.ssl_error=2
case.read-hs-above.state=0
case.read-hs-above.finished=0
case.read-hs-above.err_count=0
case.read-hs-above.reason0=0
case.read-hs-above.bytes=-1
case.read-hs-above.consumed=16390
case.read-hs-above.match=-1
case.read-hs-above.alloc_null=0
case.read-hs-above.alloc_malloc_failure=0
case.read-hs-above.d2i_null=0
case.read-hs-above.rlimit_lowered=0
case.read-hs-above.alloc_set_rc=0
case.read-body-below.class=ran
case.read-body-below.path=read-record
case.read-body-below.phase=below
case.read-body-below.capacity=17000
case.read-body-below.request=16999
case.read-body-below.signal=0
case.read-body-below.ret=-1
case.read-body-below.ssl_error=2
case.read-body-below.state=0
case.read-body-below.finished=0
case.read-body-below.err_count=0
case.read-body-below.reason0=0
case.read-body-below.bytes=-1
case.read-body-below.consumed=17004
case.read-body-below.match=-1
case.read-body-below.alloc_null=0
case.read-body-below.alloc_malloc_failure=0
case.read-body-below.d2i_null=0
case.read-body-below.rlimit_lowered=0
case.read-body-below.alloc_set_rc=0
case.read-body-at.class=ran
case.read-body-at.path=read-record
case.read-body-at.phase=at
case.read-body-at.capacity=17000
case.read-body-at.request=17000
case.read-body-at.signal=0
case.read-body-at.ret=-1
case.read-body-at.ssl_error=2
case.read-body-at.state=0
case.read-body-at.finished=0
case.read-body-at.err_count=0
case.read-body-at.reason0=0
case.read-body-at.bytes=-1
case.read-body-at.consumed=17005
case.read-body-at.match=-1
case.read-body-at.alloc_null=0
case.read-body-at.alloc_malloc_failure=0
case.read-body-at.d2i_null=0
case.read-body-at.rlimit_lowered=0
case.read-body-at.alloc_set_rc=0
case.read-body-above.class=ran
case.read-body-above.path=read-record
case.read-body-above.phase=above
case.read-body-above.capacity=17000
case.read-body-above.request=17001
case.read-body-above.signal=0
case.read-body-above.ret=-1
case.read-body-above.ssl_error=2
case.read-body-above.state=0
case.read-body-above.finished=0
case.read-body-above.err_count=0
case.read-body-above.reason0=0
case.read-body-above.bytes=-1
case.read-body-above.consumed=5
case.read-body-above.match=-1
case.read-body-above.alloc_null=0
case.read-body-above.alloc_malloc_failure=0
case.read-body-above.d2i_null=0
case.read-body-above.rlimit_lowered=0
case.read-body-above.alloc_set_rc=0
case.ctrl-rlimit.class=ran
case.ctrl-rlimit.path=alloc-rlimit
case.ctrl-rlimit.phase=control
case.ctrl-rlimit.capacity=0
case.ctrl-rlimit.request=0
case.ctrl-rlimit.signal=0
case.ctrl-rlimit.ret=1
case.ctrl-rlimit.ssl_error=0
case.ctrl-rlimit.state=0
case.ctrl-rlimit.finished=0
case.ctrl-rlimit.err_count=1
case.ctrl-rlimit.reason0=786688
case.ctrl-rlimit.bytes=-1
case.ctrl-rlimit.consumed=-1
case.ctrl-rlimit.match=-1
case.ctrl-rlimit.alloc_null=1
case.ctrl-rlimit.alloc_malloc_failure=1
case.ctrl-rlimit.d2i_null=0
case.ctrl-rlimit.rlimit_lowered=1
case.ctrl-rlimit.alloc_set_rc=0
case.ctrl-d2i.class=ran
case.ctrl-d2i.path=alloc-asn1
case.ctrl-d2i.phase=control
case.ctrl-d2i.capacity=0
case.ctrl-d2i.request=0
case.ctrl-d2i.signal=0
case.ctrl-d2i.ret=1
case.ctrl-d2i.ssl_error=0
case.ctrl-d2i.state=0
case.ctrl-d2i.finished=0
case.ctrl-d2i.err_count=3
case.ctrl-d2i.reason0=155
case.ctrl-d2i.bytes=-1
case.ctrl-d2i.consumed=-1
case.ctrl-d2i.match=-1
case.ctrl-d2i.alloc_null=0
case.ctrl-d2i.alloc_malloc_failure=0
case.ctrl-d2i.d2i_null=1
case.ctrl-d2i.rlimit_lowered=1
case.ctrl-d2i.alloc_set_rc=0
case.ctrl-hook.class=ran
case.ctrl-hook.path=alloc-hook
case.ctrl-hook.phase=control
case.ctrl-hook.capacity=0
case.ctrl-hook.request=0
case.ctrl-hook.signal=0
case.ctrl-hook.ret=1
case.ctrl-hook.ssl_error=0
case.ctrl-hook.state=0
case.ctrl-hook.finished=0
case.ctrl-hook.err_count=0
case.ctrl-hook.reason0=0
case.ctrl-hook.bytes=-1
case.ctrl-hook.consumed=-1
case.ctrl-hook.match=-1
case.ctrl-hook.alloc_null=0
case.ctrl-hook.alloc_malloc_failure=0
case.ctrl-hook.d2i_null=0
case.ctrl-hook.rlimit_lowered=0
case.ctrl-hook.alloc_set_rc=1
probe.done=1
