FRF-MUTANT:stdout-first-line:ACCESS_DESCRIPTION_free	UNRESOLVED
ACCESS_DESCRIPTION_it	UNRESOLVED
ACCESS_DESCRIPTION_new	UNRESOLVED
ADMISSIONS_free	UNRESOLVED
ADMISSIONS_get0_admissionAuthority	UNRESOLVED
ADMISSIONS_get0_namingAuthority	UNRESOLVED
ADMISSIONS_get0_professionInfos	UNRESOLVED
ADMISSIONS_it	UNRESOLVED
ADMISSIONS_new	UNRESOLVED
ADMISSIONS_set0_admissionAuthority	UNRESOLVED
ADMISSIONS_set0_namingAuthority	UNRESOLVED
ADMISSIONS_set0_professionInfos	UNRESOLVED
ADMISSION_SYNTAX_free	UNRESOLVED
ADMISSION_SYNTAX_get0_admissionAuthority	UNRESOLVED
ADMISSION_SYNTAX_get0_contentsOfAdmissions	UNRESOLVED
ADMISSION_SYNTAX_it	UNRESOLVED
ADMISSION_SYNTAX_new	UNRESOLVED
ADMISSION_SYNTAX_set0_admissionAuthority	UNRESOLVED
ADMISSION_SYNTAX_set0_contentsOfAdmissions	UNRESOLVED
AES_bi_ige_encrypt	UNRESOLVED
AES_cbc_encrypt	UNRESOLVED
AES_cfb128_encrypt	UNRESOLVED
AES_cfb1_encrypt	UNRESOLVED
AES_cfb8_encrypt	UNRESOLVED
AES_decrypt	UNRESOLVED
AES_ecb_encrypt	UNRESOLVED
AES_encrypt	UNRESOLVED
AES_ige_encrypt	UNRESOLVED
AES_ofb128_encrypt	UNRESOLVED
AES_options	UNRESOLVED
AES_set_decrypt_key	UNRESOLVED
AES_set_encrypt_key	UNRESOLVED
AES_unwrap_key	UNRESOLVED
AES_wrap_key	UNRESOLVED
ASIdOrRange_free	UNRESOLVED
ASIdOrRange_it	UNRESOLVED
ASIdOrRange_new	UNRESOLVED
ASIdentifierChoice_free	UNRESOLVED
ASIdentifierChoice_it	UNRESOLVED
ASIdentifierChoice_new	UNRESOLVED
ASIdentifiers_free	UNRESOLVED
ASIdentifiers_it	UNRESOLVED
ASIdentifiers_new	UNRESOLVED
ASN1_ANY_it	UNRESOLVED
ASN1_BIT_STRING_check	UNRESOLVED
ASN1_BIT_STRING_free	UNRESOLVED
ASN1_BIT_STRING_get_bit	UNRESOLVED
ASN1_BIT_STRING_it	UNRESOLVED
ASN1_BIT_STRING_name_print	UNRESOLVED
ASN1_BIT_STRING_new	UNRESOLVED
ASN1_BIT_STRING_num_asc	UNRESOLVED
ASN1_BIT_STRING_set	UNRESOLVED
ASN1_BIT_STRING_set_asc	UNRESOLVED
ASN1_BIT_STRING_set_bit	UNRESOLVED
ASN1_BMPSTRING_free	UNRESOLVED
ASN1_BMPSTRING_it	UNRESOLVED
ASN1_BMPSTRING_new	UNRESOLVED
ASN1_BOOLEAN_it	UNRESOLVED
ASN1_ENUMERATED_free	UNRESOLVED
ASN1_ENUMERATED_get	UNRESOLVED
ASN1_ENUMERATED_get_int64	UNRESOLVED
ASN1_ENUMERATED_it	UNRESOLVED
ASN1_ENUMERATED_new	UNRESOLVED
ASN1_ENUMERATED_set	UNRESOLVED
ASN1_ENUMERATED_set_int64	UNRESOLVED
ASN1_ENUMERATED_to_BN	UNRESOLVED
ASN1_FBOOLEAN_it	UNRESOLVED
ASN1_GENERALIZEDTIME_adj	UNRESOLVED
ASN1_GENERALIZEDTIME_check	UNRESOLVED
ASN1_GENERALIZEDTIME_dup	UNRESOLVED
ASN1_GENERALIZEDTIME_free	UNRESOLVED
ASN1_GENERALIZEDTIME_it	UNRESOLVED
ASN1_GENERALIZEDTIME_new	UNRESOLVED
ASN1_GENERALIZEDTIME_print	UNRESOLVED
ASN1_GENERALIZEDTIME_set	UNRESOLVED
ASN1_GENERALIZEDTIME_set_string	UNRESOLVED
ASN1_GENERALSTRING_free	UNRESOLVED
ASN1_GENERALSTRING_it	UNRESOLVED
ASN1_GENERALSTRING_new	UNRESOLVED
ASN1_IA5STRING_free	UNRESOLVED
ASN1_IA5STRING_it	UNRESOLVED
ASN1_IA5STRING_new	UNRESOLVED
ASN1_INTEGER_cmp	UNRESOLVED
ASN1_INTEGER_dup	UNRESOLVED
ASN1_INTEGER_free	UNRESOLVED
ASN1_INTEGER_get	UNRESOLVED
ASN1_INTEGER_get_int64	UNRESOLVED
ASN1_INTEGER_get_uint64	UNRESOLVED
ASN1_INTEGER_it	UNRESOLVED
ASN1_INTEGER_new	UNRESOLVED
ASN1_INTEGER_set	UNRESOLVED
ASN1_INTEGER_set_int64	UNRESOLVED
ASN1_INTEGER_set_uint64	UNRESOLVED
ASN1_INTEGER_to_BN	UNRESOLVED
ASN1_ITEM_get	UNRESOLVED
ASN1_ITEM_lookup	UNRESOLVED
ASN1_NULL_free	UNRESOLVED
ASN1_NULL_it	UNRESOLVED
ASN1_NULL_new	UNRESOLVED
ASN1_OBJECT_create	UNRESOLVED
ASN1_OBJECT_free	UNRESOLVED
ASN1_OBJECT_it	UNRESOLVED
ASN1_OBJECT_new	UNRESOLVED
ASN1_OCTET_STRING_NDEF_it	UNRESOLVED
ASN1_OCTET_STRING_cmp	UNRESOLVED
ASN1_OCTET_STRING_dup	UNRESOLVED
ASN1_OCTET_STRING_free	UNRESOLVED
ASN1_OCTET_STRING_it	UNRESOLVED
ASN1_OCTET_STRING_new	UNRESOLVED
ASN1_OCTET_STRING_set	UNRESOLVED
ASN1_PCTX_free	UNRESOLVED
ASN1_PCTX_get_cert_flags	UNRESOLVED
ASN1_PCTX_get_flags	UNRESOLVED
ASN1_PCTX_get_nm_flags	UNRESOLVED
ASN1_PCTX_get_oid_flags	UNRESOLVED
ASN1_PCTX_get_str_flags	UNRESOLVED
ASN1_PCTX_new	UNRESOLVED
ASN1_PCTX_set_cert_flags	UNRESOLVED
ASN1_PCTX_set_flags	UNRESOLVED
ASN1_PCTX_set_nm_flags	UNRESOLVED
ASN1_PCTX_set_oid_flags	UNRESOLVED
ASN1_PCTX_set_str_flags	UNRESOLVED
ASN1_PRINTABLESTRING_free	UNRESOLVED
ASN1_PRINTABLESTRING_it	UNRESOLVED
ASN1_PRINTABLESTRING_new	UNRESOLVED
ASN1_PRINTABLE_free	UNRESOLVED
ASN1_PRINTABLE_it	UNRESOLVED
ASN1_PRINTABLE_new	UNRESOLVED
ASN1_PRINTABLE_type	UNRESOLVED
ASN1_SCTX_free	UNRESOLVED
ASN1_SCTX_get_app_data	UNRESOLVED
ASN1_SCTX_get_flags	UNRESOLVED
ASN1_SCTX_get_item	UNRESOLVED
ASN1_SCTX_get_template	UNRESOLVED
ASN1_SCTX_new	UNRESOLVED
ASN1_SCTX_set_app_data	UNRESOLVED
ASN1_SEQUENCE_ANY_it	UNRESOLVED
ASN1_SEQUENCE_it	UNRESOLVED
ASN1_SET_ANY_it	UNRESOLVED
ASN1_STRING_TABLE_add	UNRESOLVED
ASN1_STRING_TABLE_cleanup	UNRESOLVED
ASN1_STRING_TABLE_get	UNRESOLVED
ASN1_STRING_clear_free	UNRESOLVED
ASN1_STRING_cmp	UNRESOLVED
ASN1_STRING_copy	UNRESOLVED
ASN1_STRING_data	UNRESOLVED
ASN1_STRING_dup	UNRESOLVED
ASN1_STRING_free	UNRESOLVED
ASN1_STRING_get0_data	UNRESOLVED
ASN1_STRING_get_default_mask	UNRESOLVED
ASN1_STRING_length	UNRESOLVED
ASN1_STRING_length_set	UNRESOLVED
ASN1_STRING_new	UNRESOLVED
ASN1_STRING_print	UNRESOLVED
ASN1_STRING_print_ex	UNRESOLVED
ASN1_STRING_print_ex_fp	UNRESOLVED
ASN1_STRING_set	UNRESOLVED
ASN1_STRING_set0	UNRESOLVED
ASN1_STRING_set_by_NID	UNRESOLVED
ASN1_STRING_set_default_mask	UNRESOLVED
ASN1_STRING_set_default_mask_asc	UNRESOLVED
ASN1_STRING_to_UTF8	UNRESOLVED
ASN1_STRING_type	UNRESOLVED
ASN1_STRING_type_new	UNRESOLVED
ASN1_T61STRING_free	UNRESOLVED
ASN1_T61STRING_it	UNRESOLVED
ASN1_T61STRING_new	UNRESOLVED
ASN1_TBOOLEAN_it	UNRESOLVED
ASN1_TIME_adj	UNRESOLVED
ASN1_TIME_check	UNRESOLVED
ASN1_TIME_cmp_time_t	UNRESOLVED
ASN1_TIME_compare	UNRESOLVED
ASN1_TIME_diff	UNRESOLVED
ASN1_TIME_dup	UNRESOLVED
ASN1_TIME_free	UNRESOLVED
ASN1_TIME_it	UNRESOLVED
ASN1_TIME_new	UNRESOLVED
ASN1_TIME_normalize	UNRESOLVED
ASN1_TIME_print	UNRESOLVED
ASN1_TIME_print_ex	UNRESOLVED
ASN1_TIME_set	UNRESOLVED
ASN1_TIME_set_string	UNRESOLVED
ASN1_TIME_set_string_X509	UNRESOLVED
ASN1_TIME_to_generalizedtime	UNRESOLVED
ASN1_TIME_to_tm	UNRESOLVED
ASN1_TYPE_cmp	UNRESOLVED
ASN1_TYPE_free	UNRESOLVED
ASN1_TYPE_get	UNRESOLVED
ASN1_TYPE_get_int_octetstring	UNRESOLVED
ASN1_TYPE_get_octetstring	UNRESOLVED
ASN1_TYPE_new	UNRESOLVED
ASN1_TYPE_pack_sequence	UNRESOLVED
ASN1_TYPE_set	UNRESOLVED
ASN1_TYPE_set1	UNRESOLVED
ASN1_TYPE_set_int_octetstring	UNRESOLVED
ASN1_TYPE_set_octetstring	UNRESOLVED
ASN1_TYPE_unpack_sequence	UNRESOLVED
ASN1_UNIVERSALSTRING_free	UNRESOLVED
ASN1_UNIVERSALSTRING_it	UNRESOLVED
ASN1_UNIVERSALSTRING_new	UNRESOLVED
ASN1_UNIVERSALSTRING_to_string	UNRESOLVED
ASN1_UTCTIME_adj	UNRESOLVED
ASN1_UTCTIME_check	UNRESOLVED
ASN1_UTCTIME_cmp_time_t	UNRESOLVED
ASN1_UTCTIME_dup	UNRESOLVED
ASN1_UTCTIME_free	UNRESOLVED
ASN1_UTCTIME_it	UNRESOLVED
ASN1_UTCTIME_new	UNRESOLVED
ASN1_UTCTIME_print	UNRESOLVED
ASN1_UTCTIME_set	UNRESOLVED
ASN1_UTCTIME_set_string	UNRESOLVED
ASN1_UTF8STRING_free	UNRESOLVED
ASN1_UTF8STRING_it	UNRESOLVED
ASN1_UTF8STRING_new	UNRESOLVED
ASN1_VISIBLESTRING_free	UNRESOLVED
ASN1_VISIBLESTRING_it	UNRESOLVED
ASN1_VISIBLESTRING_new	UNRESOLVED
ASN1_add_oid_module	UNRESOLVED
ASN1_add_stable_module	UNRESOLVED
ASN1_bn_print	UNRESOLVED
ASN1_buf_print	UNRESOLVED
ASN1_check_infinite_end	UNRESOLVED
ASN1_const_check_infinite_end	UNRESOLVED
ASN1_d2i_bio	UNRESOLVED
ASN1_d2i_fp	UNRESOLVED
ASN1_digest	UNRESOLVED
ASN1_dup	UNRESOLVED
ASN1_generate_nconf	UNRESOLVED
ASN1_generate_v3	UNRESOLVED
ASN1_get_object	UNRESOLVED
ASN1_i2d_bio	UNRESOLVED
ASN1_i2d_fp	UNRESOLVED
ASN1_item_d2i	UNRESOLVED
ASN1_item_d2i_bio	UNRESOLVED
ASN1_item_d2i_bio_ex	UNRESOLVED
ASN1_item_d2i_ex	UNRESOLVED
ASN1_item_d2i_fp	UNRESOLVED
ASN1_item_d2i_fp_ex	UNRESOLVED
ASN1_item_digest	UNRESOLVED
ASN1_item_dup	UNRESOLVED
ASN1_item_ex_d2i	UNRESOLVED
ASN1_item_ex_free	UNRESOLVED
ASN1_item_ex_i2d	UNRESOLVED
ASN1_item_ex_new	UNRESOLVED
ASN1_item_free	UNRESOLVED
ASN1_item_i2d	UNRESOLVED
ASN1_item_i2d_bio	UNRESOLVED
ASN1_item_i2d_fp	UNRESOLVED
ASN1_item_i2d_mem_bio	UNRESOLVED
ASN1_item_ndef_i2d	UNRESOLVED
ASN1_item_new	UNRESOLVED
ASN1_item_new_ex	UNRESOLVED
ASN1_item_pack	UNRESOLVED
ASN1_item_print	UNRESOLVED
ASN1_item_sign	UNRESOLVED
ASN1_item_sign_ctx	UNRESOLVED
ASN1_item_sign_ex	UNRESOLVED
ASN1_item_unpack	UNRESOLVED
ASN1_item_unpack_ex	UNRESOLVED
ASN1_item_verify	UNRESOLVED
ASN1_item_verify_ctx	UNRESOLVED
ASN1_item_verify_ex	UNRESOLVED
ASN1_mbstring_copy	UNRESOLVED
ASN1_mbstring_ncopy	UNRESOLVED
ASN1_object_size	UNRESOLVED
ASN1_parse	UNRESOLVED
ASN1_parse_dump	UNRESOLVED
ASN1_put_eoc	UNRESOLVED
ASN1_put_object	UNRESOLVED
ASN1_sign	UNRESOLVED
ASN1_str2mask	UNRESOLVED
ASN1_tag2bit	UNRESOLVED
ASN1_tag2str	UNRESOLVED
ASN1_verify	UNRESOLVED
ASRange_free	UNRESOLVED
ASRange_it	UNRESOLVED
ASRange_new	UNRESOLVED
ASYNC_WAIT_CTX_clear_fd	UNRESOLVED
ASYNC_WAIT_CTX_free	UNRESOLVED
ASYNC_WAIT_CTX_get_all_fds	UNRESOLVED
ASYNC_WAIT_CTX_get_callback	UNRESOLVED
ASYNC_WAIT_CTX_get_changed_fds	UNRESOLVED
ASYNC_WAIT_CTX_get_fd	UNRESOLVED
ASYNC_WAIT_CTX_get_status	UNRESOLVED
ASYNC_WAIT_CTX_new	UNRESOLVED
ASYNC_WAIT_CTX_set_callback	UNRESOLVED
ASYNC_WAIT_CTX_set_status	UNRESOLVED
ASYNC_WAIT_CTX_set_wait_fd	UNRESOLVED
ASYNC_block_pause	UNRESOLVED
ASYNC_cleanup_thread	UNRESOLVED
ASYNC_get_current_job	UNRESOLVED
ASYNC_get_mem_functions	UNRESOLVED
ASYNC_get_wait_ctx	UNRESOLVED
ASYNC_init_thread	UNRESOLVED
ASYNC_is_capable	UNRESOLVED
ASYNC_pause_job	UNRESOLVED
ASYNC_set_mem_functions	UNRESOLVED
ASYNC_start_job	UNRESOLVED
ASYNC_unblock_pause	UNRESOLVED
AUTHORITY_INFO_ACCESS_free	UNRESOLVED
AUTHORITY_INFO_ACCESS_it	UNRESOLVED
AUTHORITY_INFO_ACCESS_new	UNRESOLVED
AUTHORITY_KEYID_free	UNRESOLVED
AUTHORITY_KEYID_it	UNRESOLVED
AUTHORITY_KEYID_new	UNRESOLVED
BASIC_CONSTRAINTS_free	UNRESOLVED
BASIC_CONSTRAINTS_it	UNRESOLVED
BASIC_CONSTRAINTS_new	UNRESOLVED
BF_cbc_encrypt	UNRESOLVED
BF_cfb64_encrypt	UNRESOLVED
BF_decrypt	UNRESOLVED
BF_ecb_encrypt	UNRESOLVED
BF_encrypt	UNRESOLVED
BF_ofb64_encrypt	UNRESOLVED
BF_options	UNRESOLVED
BF_set_key	UNRESOLVED
BIGNUM_it	UNRESOLVED
BIO_ADDRINFO_address	UNRESOLVED
BIO_ADDRINFO_family	UNRESOLVED
BIO_ADDRINFO_free	UNRESOLVED
BIO_ADDRINFO_next	UNRESOLVED
BIO_ADDRINFO_protocol	UNRESOLVED
BIO_ADDRINFO_socktype	UNRESOLVED
BIO_ADDR_clear	UNRESOLVED
BIO_ADDR_copy	UNRESOLVED
BIO_ADDR_dup	UNRESOLVED
BIO_ADDR_family	UNRESOLVED
BIO_ADDR_free	UNRESOLVED
BIO_ADDR_hostname_string	UNRESOLVED
BIO_ADDR_new	UNRESOLVED
BIO_ADDR_path_string	UNRESOLVED
BIO_ADDR_rawaddress	UNRESOLVED
BIO_ADDR_rawmake	UNRESOLVED
BIO_ADDR_rawport	UNRESOLVED
BIO_ADDR_service_string	UNRESOLVED
BIO_accept	UNRESOLVED
BIO_accept_ex	UNRESOLVED
BIO_asn1_get_prefix	UNRESOLVED
BIO_asn1_get_suffix	UNRESOLVED
BIO_asn1_set_prefix	UNRESOLVED
BIO_asn1_set_suffix	UNRESOLVED
BIO_bind	UNRESOLVED
BIO_callback_ctrl	UNRESOLVED
BIO_clear_flags	UNRESOLVED
BIO_closesocket	UNRESOLVED
BIO_connect	UNRESOLVED
BIO_copy_next_retry	UNRESOLVED
BIO_ctrl	UNRESOLVED
BIO_ctrl_get_read_request	UNRESOLVED
BIO_ctrl_get_write_guarantee	UNRESOLVED
BIO_ctrl_pending	UNRESOLVED
BIO_ctrl_reset_read_request	UNRESOLVED
BIO_ctrl_wpending	UNRESOLVED
BIO_debug_callback	UNRESOLVED
BIO_debug_callback_ex	UNRESOLVED
BIO_dgram_non_fatal_error	UNRESOLVED
BIO_do_connect_retry	UNRESOLVED
BIO_dump	UNRESOLVED
BIO_dump_cb	UNRESOLVED
BIO_dump_fp	UNRESOLVED
BIO_dump_indent	UNRESOLVED
BIO_dump_indent_cb	UNRESOLVED
BIO_dump_indent_fp	UNRESOLVED
BIO_dup_chain	UNRESOLVED
BIO_err_is_non_fatal	UNRESOLVED
BIO_f_asn1	UNRESOLVED
BIO_f_base64	UNRESOLVED
BIO_f_brotli	UNRESOLVED
BIO_f_buffer	UNRESOLVED
BIO_f_cipher	UNRESOLVED
BIO_f_linebuffer	UNRESOLVED
BIO_f_md	UNRESOLVED
BIO_f_nbio_test	UNRESOLVED
BIO_f_null	UNRESOLVED
BIO_f_prefix	UNRESOLVED
BIO_f_readbuffer	UNRESOLVED
BIO_f_reliable	UNRESOLVED
BIO_f_zlib	UNRESOLVED
BIO_f_zstd	UNRESOLVED
BIO_fd_non_fatal_error	UNRESOLVED
BIO_fd_should_retry	UNRESOLVED
BIO_find_type	UNRESOLVED
BIO_free	UNRESOLVED
BIO_free_all	UNRESOLVED
BIO_get_accept_socket	UNRESOLVED
BIO_get_callback	UNRESOLVED
BIO_get_callback_arg	UNRESOLVED
BIO_get_callback_ex	UNRESOLVED
BIO_get_data	UNRESOLVED
BIO_get_ex_data	UNRESOLVED
BIO_get_host_ip	UNRESOLVED
BIO_get_init	UNRESOLVED
BIO_get_line	UNRESOLVED
BIO_get_new_index	UNRESOLVED
BIO_get_port	UNRESOLVED
BIO_get_retry_BIO	UNRESOLVED
BIO_get_retry_reason	UNRESOLVED
BIO_get_rpoll_descriptor	UNRESOLVED
BIO_get_shutdown	UNRESOLVED
BIO_get_wpoll_descriptor	UNRESOLVED
BIO_gethostbyname	UNRESOLVED
BIO_gets	UNRESOLVED
BIO_hex_string	UNRESOLVED
BIO_indent	UNRESOLVED
BIO_int_ctrl	UNRESOLVED
BIO_listen	UNRESOLVED
BIO_lookup	UNRESOLVED
BIO_lookup_ex	UNRESOLVED
BIO_meth_free	UNRESOLVED
BIO_meth_get_callback_ctrl	UNRESOLVED
BIO_meth_get_create	UNRESOLVED
BIO_meth_get_ctrl	UNRESOLVED
BIO_meth_get_destroy	UNRESOLVED
BIO_meth_get_gets	UNRESOLVED
BIO_meth_get_puts	UNRESOLVED
BIO_meth_get_read	UNRESOLVED
BIO_meth_get_read_ex	UNRESOLVED
BIO_meth_get_recvmmsg	UNRESOLVED
BIO_meth_get_sendmmsg	UNRESOLVED
BIO_meth_get_write	UNRESOLVED
BIO_meth_get_write_ex	UNRESOLVED
BIO_meth_new	UNRESOLVED
BIO_meth_set_callback_ctrl	UNRESOLVED
BIO_meth_set_create	UNRESOLVED
BIO_meth_set_ctrl	UNRESOLVED
BIO_meth_set_destroy	UNRESOLVED
BIO_meth_set_gets	UNRESOLVED
BIO_meth_set_puts	UNRESOLVED
BIO_meth_set_read	UNRESOLVED
BIO_meth_set_read_ex	UNRESOLVED
BIO_meth_set_recvmmsg	UNRESOLVED
BIO_meth_set_sendmmsg	UNRESOLVED
BIO_meth_set_write	UNRESOLVED
BIO_meth_set_write_ex	UNRESOLVED
BIO_method_name	UNRESOLVED
BIO_method_type	UNRESOLVED
BIO_new	UNRESOLVED
BIO_new_CMS	UNRESOLVED
BIO_new_NDEF	UNRESOLVED
BIO_new_PKCS7	UNRESOLVED
BIO_new_accept	UNRESOLVED
BIO_new_bio_dgram_pair	UNRESOLVED
BIO_new_bio_pair	UNRESOLVED
BIO_new_connect	UNRESOLVED
BIO_new_dgram	UNRESOLVED
BIO_new_ex	UNRESOLVED
BIO_new_fd	UNRESOLVED
BIO_new_file	UNRESOLVED
BIO_new_fp	UNRESOLVED
BIO_new_from_core_bio	UNRESOLVED
BIO_new_mem_buf	UNRESOLVED
BIO_new_socket	UNRESOLVED
BIO_next	UNRESOLVED
BIO_nread	UNRESOLVED
BIO_nread0	UNRESOLVED
BIO_number_read	UNRESOLVED
BIO_number_written	UNRESOLVED
BIO_nwrite	UNRESOLVED
BIO_nwrite0	UNRESOLVED
BIO_parse_hostserv	UNRESOLVED
BIO_pop	UNRESOLVED
BIO_printf	UNRESOLVED
BIO_ptr_ctrl	UNRESOLVED
BIO_push	UNRESOLVED
BIO_puts	UNRESOLVED
BIO_read	UNRESOLVED
BIO_read_ex	UNRESOLVED
BIO_recvmmsg	UNRESOLVED
BIO_s_accept	UNRESOLVED
BIO_s_bio	UNRESOLVED
BIO_s_connect	UNRESOLVED
BIO_s_core	UNRESOLVED
BIO_s_datagram	UNRESOLVED
BIO_s_dgram_mem	UNRESOLVED
BIO_s_dgram_pair	UNRESOLVED
BIO_s_fd	UNRESOLVED
BIO_s_file	UNRESOLVED
BIO_s_log	UNRESOLVED
BIO_s_mem	UNRESOLVED
BIO_s_null	UNRESOLVED
BIO_s_secmem	UNRESOLVED
BIO_s_socket	UNRESOLVED
BIO_sendmmsg	UNRESOLVED
BIO_set_callback	UNRESOLVED
BIO_set_callback_arg	UNRESOLVED
BIO_set_callback_ex	UNRESOLVED
BIO_set_cipher	UNRESOLVED
BIO_set_data	UNRESOLVED
BIO_set_ex_data	UNRESOLVED
BIO_set_flags	UNRESOLVED
BIO_set_init	UNRESOLVED
BIO_set_next	UNRESOLVED
BIO_set_retry_reason	UNRESOLVED
BIO_set_shutdown	UNRESOLVED
BIO_set_tcp_ndelay	UNRESOLVED
BIO_snprintf	UNRESOLVED
BIO_sock_error	UNRESOLVED
BIO_sock_info	UNRESOLVED
BIO_sock_init	UNRESOLVED
BIO_sock_non_fatal_error	UNRESOLVED
