FRF-MUTANT:stdout-first-line:transcript.sha256=8c5958f11e2aa7c8eb052aca462896632f3e9050f0859cb02a57d93a948569a3
name[-2]=<NULL>
name[-1]=<NULL>
name[0]=ALL
name[1]=TRACE
name[4]=TLS_CIPHER
name[11]=X509V3_POLICY
name[20]=QUERY
name[21]=<NULL>
name[22]=<NULL>
num[ALL]=0
num[TRACE]=1
num[TLS_CIPHER]=4
num[X509V3_POLICY]=11
num[QUERY]=20
num[all]=0
num[tls_cipher]=4
num[X509v3_Policy]=11
num[query]=20
num[NOT_A_CATEGORY]=-1
num[]=-1
num[NULL]=-1
set_channel[-1]=0
set_prefix[-1]=0
set_suffix[-1]=0
set_callback[-1]=0
enabled[-1]=0
begin[-1]=<NULL>
set_channel[0]=0
set_prefix[0]=0
set_suffix[0]=0
set_callback[0]=0
enabled[0]=0
begin[0]=<NULL>
set_channel[5]=0
set_prefix[5]=0
set_suffix[5]=0
set_callback[5]=0
enabled[5]=0
begin[5]=<NULL>
set_channel[20]=0
set_prefix[20]=0
set_suffix[20]=0
set_callback[20]=0
enabled[20]=0
begin[20]=<NULL>
set_channel[21]=0
set_prefix[21]=0
set_suffix[21]=0
set_callback[21]=0
enabled[21]=0
begin[21]=<NULL>
set_callback_data=0
str_plain=5
str_plain_bytes=68656c6c6f (len=5)
str_text=6
str_text_bytes=68656c6c6f0a (len=6)
str_mask=7
str_mask_bytes=6120200a62800a (len=7)
str_nul=1
str_nul_bytes=61 (len=1)
str_zero=1
str_zero_bytes=0a (len=1)
str_limited=80
str_limited_bytes=5b6c656e203936206c696d6974656420746f2038305d3a207878787878787878787878787878787878787878787878787878787878787878787878787878787878787878787878787878787878787878787878787878787878787878787878787878787878787878 (len=104)
str_exact80=80
str_exact80_bytes=7878787878787878787878787878787878787878787878787878787878787878787878787878787878787878787878787878787878787878787878787878787878787878787878787878787878787878 (len=80)
queued=1
new_nonnull=1
after_save_peek=0
after_save_get=0
restore1=8388708
restore2=8388709
restore3=2147483848
restore4=0
restore_twice=8388708
mark_below=8388609
mark_after_pop=8388609
mark_restored1=8388609
mark_restored2=8388610
mark_restored3=8388611
mark_restored_empty=1
free_null=ok
thread_support_flags=3
isservice=0
issetugid=0
fork_hooks=returned
err_free_strings_int=returned
peek_after_free_strings=0
sleep0_under_1s=1
sleep1200_ge_1s=1
sleep1200_lt_10s=1
die_child=signal(6)
die_stderr=the_file.c:42: OpenSSL internal error: the message
done=1
