FRF-MUTANT:stdout-first-line:transcript.sha256=63ff002ff9416544213fb0739b5c5ae683d5e84560a6899418ffaa0648467672
parse.https.rv=1
parse.https.ok=1
parse.noscheme.rv=1
parse.noscheme.ok=1
parse.null.rv=0
parse.null.err=61.786690
parse.badport.rv=0
parse.badport.err=61.123
parse.badpath.rv=0
parse.badpath.err=61.123
hparse.http.rv=1
hparse.http.ok=1
hparse.https.rv=1
hparse.https.ok=1
hparse.explicit.rv=1
hparse.explicit.ok=1
hparse.badscheme.rv=0
hparse.badscheme.err=61.124
adapt.match=1
adapt.nomatch=1
adapt.empty=1
adapt.ipv6=0
adapt.env_unset=1
adapt.ssl=1
reqctx.new.null_wbio=null
reqctx.new.null_wbio.err=61.786690
reqctx.new.null_rbio=null
reqctx.new.null_rbio.err=61.786690
reqctx.new.ok=nonnull
reqctx.get0_mem_bio.null=null
reqctx.get0_mem_bio.null.err=61.786690
reqctx.get_resp_len.null=0
reqctx.get_resp_len.null.err=61.786690
reqctx.set_max_response_length.null.err=61.786690
reqctx.set_max_response_hdr_lines.null.err=61.786690
reqctx.set_request_line.null=0
reqctx.set_request_line.null.err=61.786690
reqctx.add1_header.null_rctx=0
reqctx.add1_header.null_rctx.err=61.786690
reqctx.add1_header.null_name=0
reqctx.add1_header.null_name.err=61.786690
reqctx.set_expected.null=0
reqctx.set_expected.null.err=61.786690
reqctx.set1_req.null=0
reqctx.set1_req.null.err=61.786690
build.set_request_line=1
build.line_len=-1
build.line_is=0
build.add1_header=1
build.line_hdr_is=0
build.set_request_line.crlf=0
build.set_request_line.crlf.err=61.524550
build.set_request_line.absuri=0
build.set_request_line.absuri.err=61.524550
build.set_expected=1
build.set_expected.err=none
build.set_expected.ka=1
build.set1_req.null=1
ex.stream.set_line=1
ex.stream.expect=1
ex.stream.resp=nonnull
ex.stream.err=none
ex.stream.resp_len=5
ex.stream.body_n=5
ex.stream.body_is=1
ex.stream.is_alive=0
nbio.set_line=1
nbio.rv=1
nbio.err=none
ex.chunk.set_line=1
ex.chunk.resp=nonnull
ex.chunk.err=none
ex.chunk.resp_len=0
ex.chunk.body_n=15
ex.chunk.body_hex=350d0a68656c6c6f0d0a300d0a0d0a
ex.bad.set_line=1
ex.bad.resp=null
ex.bad.err=61.126
ex.ct.set_line=1
ex.ct.expect=1
ex.ct.resp=null
ex.ct.err=61.118
ex.mct.set_line=1
ex.mct.expect=1
ex.mct.resp=null
ex.mct.err=61.121
ex.max.set_line=1
ex.max.resp=null
ex.max.err=61.117
ex.asn1.set_line=1
ex.asn1.expect=1
ex.asn1.rv=1
ex.asn1.pval=nonnull
ex.asn1.err=none
alive.null=0
alive.after_new=0
alive.set_line=1
alive.set_expected_ka=1
alive.after_ka=1
hl.open=nonnull
hl.open.err=none
hl.set1_request=1
hl.set1_request.err=none
hl.exchange=nonnull
hl.exchange.err=none
hl.body_n=2
hl.body_is=1
hl.close=1
open.tls_not_enabled=null
open.tls_not_enabled.err=61.107
open.rbio_without_bio=null
open.rbio_without_bio.err=61.524550
open.bio_with_proxy=null
open.bio_with_proxy.err=61.524550
open.server_null=null
open.server_null.err=61.786690
open.set1_request.null=0
open.set1_request.null.err=61.786690
get.null_url=null
get.null_url.err=61.786690
transfer.null_server=null
transfer.null_server.err=61.786690
proxy_connect.null_bio=0
proxy_connect.null_bio.err=61.786690
proxy_connect.null_server=0
proxy_connect.null_server.err=61.786690
proxy_connect.null_prog=0
proxy_connect.null_prog.err=61.786690
