transcript.sha256=7f880928792a58262369db235ccdc2a10d1b7faec5d2a7c9cd7ca73429845530
gd.nonnull=nonnull err=0
new.a=nonnull err=0
new.b=nonnull err=0
new.distinct=1 err=0
get.a.initial=0 err=0
get.b.initial=0 err=0
set.a.7=1 err=0
get.a.7=7 err=0
get.b.after.a.7=0 err=0
set.b.max=1 err=0
get.b.max=18446744073709551615 err=0
get.a.after.b.max=7 err=0
set.a.zero=1 err=0
get.a.zero=0 err=0
get.b.still.max=18446744073709551615 err=0
set.b.zero=1 err=0
get.null.initial=0 err=0
set.gd.9=1 err=0
get.null.after.gd.9=9 err=0
get.gd.9=9 err=0
set.null.5=1 err=0
get.null.5=5 err=0
get.gd.after.null.5=5 err=0
get.a.after.null=0 err=0
set.gd.zero=1 err=0
set.a.11=1 err=0
null.before.default=0 err=0
default.installed=1 err=0
null.after.default=11 err=0
explicit.a.after.default=11 err=0
explicit.b.after.default=0 err=0
default.restore=1 err=0
null.after.restore=0 err=0
set.null.13=1 err=0
get.gd.13=13 err=0
set.gd.zero2=1 err=0
free.gd.alive=nonnull err=0
err.empty=1 err=0
done=rt-threaddata err=0
