FRF-MUTANT:stdout-first-line:transcript.sha256=c7018eac8765b19d881fa5ecacd171b285f95e2b13484447c3062d5765f3ef03
socket.badfamily=-1
socket.badfamily.0.code=2147483745
socket.badfamily.0.file=../../src/openssl-3.6.4/crypto/bio/bio_sock2.c
socket.badfamily.0.line=51
socket.badfamily.0.data=calling socket()
socket.badfamily.0.flags=3
socket.badfamily.1.code=268435574
socket.badfamily.1.file=../../src/openssl-3.6.4/crypto/bio/bio_sock2.c
socket.badfamily.1.line=53
socket.badfamily.1.data=
socket.badfamily.1.flags=0
socket.badfamily.count=2
socket.badproto=-1
socket.badproto.0.code=2147483670
socket.badproto.0.file=../../src/openssl-3.6.4/crypto/bio/bio_sock2.c
socket.badproto.0.line=51
socket.badproto.0.data=calling socket()
socket.badproto.0.flags=3
socket.badproto.1.code=268435574
socket.badproto.1.file=../../src/openssl-3.6.4/crypto/bio/bio_sock2.c
socket.badproto.1.line=53
socket.badproto.1.data=
socket.badproto.1.flags=0
socket.badproto.count=2
socket.badtype=-1
socket.badtype.0.code=2147483670
socket.badtype.0.file=../../src/openssl-3.6.4/crypto/bio/bio_sock2.c
socket.badtype.0.line=51
socket.badtype.0.data=calling socket()
socket.badtype.0.flags=3
socket.badtype.1.code=268435574
socket.badtype.1.file=../../src/openssl-3.6.4/crypto/bio/bio_sock2.c
socket.badtype.1.line=53
socket.badtype.1.data=
socket.badtype.1.flags=0
socket.badtype.count=2
invalid.bind=0
invalid.bind.0.code=268435591
invalid.bind.0.file=../../src/openssl-3.6.4/crypto/bio/bio_sock2.c
invalid.bind.0.line=215
invalid.bind.0.data=
invalid.bind.0.flags=1
invalid.bind.count=1
invalid.listen=0
invalid.listen.0.code=268435591
invalid.listen.0.file=../../src/openssl-3.6.4/crypto/bio/bio_sock2.c
invalid.listen.0.line=291
invalid.listen.0.data=
invalid.listen.0.flags=1
invalid.listen.count=1
invalid.connect=0
invalid.connect.0.code=268435591
invalid.connect.0.file=../../src/openssl-3.6.4/crypto/bio/bio_sock2.c
invalid.connect.0.line=86
invalid.connect.0.data=
invalid.connect.0.flags=1
invalid.connect.count=1
describe.rawmake8080.start
describe.rawmake8080.family=2
describe.rawmake8080.rawport=8080
describe.rawmake8080.host=127.0.0.1
describe.rawmake8080.service=36895
sock.bind8080.ret=1
sock.bind8080.count=0
sock.bind8080.info.ret=1
sock.bind8080.info.count=0
sock.bind8080.readback.family=2
sock.bind8080.readback.rawport=8080
sock.bind8080.readback.host=127.0.0.1
sock.bind8080.readback.service=36895
sock.bind8080.readback.rawport.is.passed=1
tcp.listen.ret=1
tcp.listen.count=0
tcp.listen.info.ret=1
tcp.listen.info.port.nonzero=1
tcp.listen.info.host.is.loopback=1
tcp.listen.info.service.nonempty=1
tcp.connect.ret=1
tcp.connect.count=0
tcp.client.info.ret=1
tcp.accept.ret.ge0=1
tcp.accept.count=0
tcp.accept.peer.host=127.0.0.1
tcp.accept.peer.port.matches.client=1
accept_ex.badfd.ret=-1
accept_ex.badfd.0.code=2147483657
accept_ex.badfd.0.file=../../src/openssl-3.6.4/crypto/bio/bio_sock2.c
accept_ex.badfd.0.line=430
accept_ex.badfd.0.data=calling accept()
accept_ex.badfd.0.flags=3
accept_ex.badfd.1.code=268435556
accept_ex.badfd.1.file=../../src/openssl-3.6.4/crypto/bio/bio_sock2.c
accept_ex.badfd.1.line=432
accept_ex.badfd.1.data=
accept_ex.badfd.1.flags=0
accept_ex.badfd.count=2
accept.badfd.ret=-1
accept.badfd.ip_port.null=1
accept.badfd.0.code=2147483657
accept.badfd.0.file=../../src/openssl-3.6.4/crypto/bio/bio_sock2.c
accept.badfd.0.line=430
accept.badfd.0.data=calling accept()
accept.badfd.0.flags=3
accept.badfd.1.code=268435556
accept.badfd.1.file=../../src/openssl-3.6.4/crypto/bio/bio_sock2.c
accept.badfd.1.line=432
accept.badfd.1.data=
accept.badfd.1.flags=0
accept.badfd.2.code=2147483657
accept.badfd.2.file=../../src/openssl-3.6.4/crypto/bio/bio_sock.c
accept.badfd.2.line=301
accept.badfd.2.data=calling accept()
accept.badfd.2.flags=3
accept.badfd.3.code=268435556
accept.badfd.3.file=../../src/openssl-3.6.4/crypto/bio/bio_sock.c
accept.badfd.3.line=303
accept.badfd.3.data=
accept.badfd.3.flags=0
accept.badfd.count=4
sock_info.badtype=0
sock_info.badtype.0.code=268435596
sock_info.badtype.0.file=../../src/openssl-3.6.4/crypto/bio/bio_sock.c
sock_info.badtype.0.line=421
sock_info.badtype.0.data=
sock_info.badtype.0.flags=1
sock_info.badtype.count=1
sock_info.badfd=0
sock_info.badfd.0.code=2147483657
sock_info.badfd.0.file=../../src/openssl-3.6.4/crypto/bio/bio_sock.c
sock_info.badfd.0.line=410
sock_info.badfd.0.data=calling getsockname()
sock_info.badfd.0.flags=3
sock_info.badfd.1.code=268435588
sock_info.badfd.1.file=../../src/openssl-3.6.4/crypto/bio/bio_sock.c
sock_info.badfd.1.line=412
sock_info.badfd.1.data=
sock_info.badfd.1.flags=0
sock_info.badfd.count=2
ndelay.ok=1
ndelay.err.count=0
ndelay.badfd=0
ndelay.badfd.err.count=0
gas.ok.ge0=1
gas.ok.count=0
gas.ambiguous=-1
gas.ambiguous.0.code=268435585
gas.ambiguous.0.file=../../src/openssl-3.6.4/crypto/bio/bio_addr.c
gas.ambiguous.0.line=590
gas.ambiguous.0.data=
gas.ambiguous.0.flags=1
gas.ambiguous.count=1
gas.badservice=-1
gas.badservice.0.code=268959746
gas.badservice.0.file=../../src/openssl-3.6.4/crypto/bio/bio_addr.c
gas.badservice.0.line=767
gas.badservice.0.data=Servname not supported for ai_socktype
gas.badservice.0.flags=3
gas.badservice.count=1
