FRF-MUTANT:stdout-first-line:transcript.sha256=2553bfa681af12490fc07fd1d2da7af9effae733d081194ba5161396eab496b1
good.n=3
good.err0=0
good.1.nid.ge0=1
good.2.nid.ge0=1
good.3.nid.ge0=1
good.sn.ge0=1
good.ln.ge0=1
good.oid.only.nid.ge0=1
name.collision.n=0
name.collision.err0=67108966
comment.first.n=0
comment.first.err0=0
space.first.n=0
space.first.err0=0
non.numeric.oid.n=0
non.numeric.oid.err0=0
dot.first.n=0
dot.first.err0=0
empty.n=0
empty.err0=0
blank.line.n=0
blank.line.err0=0
oid.only.n=1
oid.only.err0=0
oid.only.nid.nid.ge0=1
nl.at.eof.n=1
nl.at.eof.err0=0
nl.at.eof.truncated.nid.ge0=1
nl.at.eof.as.written.nid.ge0=0
nl.present.n=1
nl.present.err0=0
nl.present.as.written.nid.ge0=1
long.line.n=0
long.line.err0=0
create.allnull=0
create.allnull.0.code=67633414
create.allnull.0.line=706
create.allnull.count=1
create.dup.oid=0
create.dup.oid.0.code=67108966
create.dup.oid.0.line=734
create.dup.oid.count=1
create.dup.sn=0
create.dup.sn.0.code=67108966
create.dup.sn.0.line=713
create.dup.sn.count=1
create.dup.ln=0
create.dup.ln.0.code=67108966
create.dup.ln.0.line=713
create.dup.ln.count=1
create.bad.oid=0
create.bad.oid.0.code=109052026
create.bad.oid.0.line=78
create.bad.oid.count=1
create.oid.first=0
create.oid.first.0.code=109052026
create.oid.first.0.line=78
create.oid.first.count=1
create.oid.short=0
create.oid.short.0.code=109052042
create.oid.short.0.line=83
create.oid.short.count=1
create.oid.sep=0
create.oid.sep.0.code=109052035
create.oid.sep.0.line=92
create.oid.sep.count=1
create.oid.digit=0
create.oid.digit.0.code=109052034
create.oid.digit.0.line=105
create.oid.digit.count=1
create.oid.second=0
create.oid.second.0.code=109052051
create.oid.second.0.line=124
create.oid.second.count=1
create.oid.silent=0
create.oid.silent.count=0
create.ok.ge0=1
create.ok.count=0
txt2obj.name.null=1
txt2obj.name.0.code=67108967
txt2obj.name.0.line=362
txt2obj.name.count=1
txt2obj.numeric.nonnull=1
txt2obj.numeric.count=0
txt2obj.silent.null=1
txt2obj.silent.count=0
txt2obj.malformed.null=1
txt2obj.malformed.0.code=109052026
txt2obj.malformed.0.line=78
txt2obj.malformed.count=1
err.final=0
