FRF-MUTANT:stdout-first-line:transcript.sha256=e74517ac84063461771c88fddde7a1a6be9b52227f188bd995140ea17af91efe
h.int5.ret=0
h.int5.tag=2
h.int5.class=0
h.int5.len=1
h.int5.adv=2
h.int5.err=0
h.oct3.ret=0
h.oct3.tag=4
h.oct3.class=0
h.oct3.len=3
h.oct3.adv=2
h.oct3.err=0
h.seq_empty.ret=32
h.seq_empty.tag=16
h.seq_empty.class=0
h.seq_empty.len=0
h.seq_empty.adv=2
h.seq_empty.err=0
h.seq_int.ret=32
h.seq_int.tag=16
h.seq_int.class=0
h.seq_int.len=3
h.seq_int.adv=2
h.seq_int.err=0
h.indef_oct.ret=33
h.indef_oct.tag=4
h.indef_oct.class=0
h.indef_oct.len=0
h.indef_oct.adv=2
h.indef_oct.err=0
h.indef_bit.ret=33
h.indef_bit.tag=3
h.indef_bit.class=0
h.indef_bit.len=0
h.indef_bit.adv=2
h.indef_bit.err=0
h.eoc.ret=0
h.eoc.tag=0
h.eoc.class=0
h.eoc.len=0
h.eoc.adv=2
h.eoc.err=0
h.ctx_prim.ret=0
h.ctx_prim.tag=0
h.ctx_prim.class=128
h.ctx_prim.len=1
h.ctx_prim.adv=2
h.ctx_prim.err=0
h.ctx_cons.ret=32
h.ctx_cons.tag=0
h.ctx_cons.class=128
h.ctx_cons.len=1
h.ctx_cons.adv=2
h.ctx_cons.err=0
h.app.ret=0
h.app.tag=1
h.app.class=64
h.app.len=1
h.app.adv=2
h.app.err=0
h.priv.ret=0
h.priv.tag=1
h.priv.class=192
h.priv.len=1
h.priv.adv=2
h.priv.err=0
h.len127.ret=0
h.len127.tag=4
h.len127.class=0
h.len127.len=127
h.len127.adv=2
h.len127.err=0
h.len128.ret=0
h.len128.tag=4
h.len128.class=0
h.len128.len=128
h.len128.adv=3
h.len128.err=0
h.len255.ret=0
h.len255.tag=4
h.len255.class=0
h.len255.len=255
h.len255.adv=3
h.len255.err=0
h.len256.ret=0
h.len256.tag=4
h.len256.class=0
h.len256.len=256
h.len256.adv=4
h.len256.err=0
h.over.ret=128
h.over.tag=4
h.over.class=0
h.over.len=5
h.over.adv=2
h.over.err=109052059
h.trunclen.ret=128
h.trunclen.tag=4
h.trunclen.class=0
h.trunclen.len=0
h.trunclen.adv=0
h.trunclen.err=109052027
h.nonminimal.ret=0
h.nonminimal.tag=4
h.nonminimal.class=0
h.nonminimal.len=1
h.nonminimal.adv=3
h.nonminimal.err=0
h.zerolen.ret=0
h.zerolen.tag=4
h.zerolen.class=0
h.zerolen.len=0
h.zerolen.adv=2
h.zerolen.err=0
h.over_short_avail.ret=128
h.over_short_avail.tag=4
h.over_short_avail.class=0
h.over_short_avail.len=5
h.over_short_avail.adv=2
h.over_short_avail.err=109052059
h.zero_avail.ret=128
h.zero_avail.tag=0
h.zero_avail.class=0
h.zero_avail.len=0
h.zero_avail.adv=0
h.zero_avail.err=109052128
h.hightag.ret=0
h.hightag.tag=128
h.hightag.class=0
h.hightag.len=1
h.hightag.adv=4
h.hightag.err=0
h.hightag2.ret=0
h.hightag2.tag=257
h.hightag2.class=0
h.hightag2.len=0
h.hightag2.adv=4
h.hightag2.err=0
eoc.check=1
eoc.adv=2
eoc.const_check=1
eoc.const_adv=2
eoc.negative=0
eoc.negative_adv=0
eoc.one_byte=0
tag2bit.-1=0
tag2bit.0=0
tag2bit.1=0
tag2bit.2=0
tag2bit.3=1024
tag2bit.4=512
tag2bit.5=0
tag2bit.6=0
tag2bit.7=4096
tag2bit.8=4096
tag2bit.9=4096
tag2bit.10=0
tag2bit.11=4096
tag2bit.12=8192
tag2bit.13=4096
tag2bit.14=4096
tag2bit.15=4096
tag2bit.16=65536
tag2bit.17=0
tag2bit.18=1
tag2bit.19=2
tag2bit.20=4
tag2bit.21=8
tag2bit.22=16
tag2bit.23=16384
tag2bit.24=32768
tag2bit.25=32
tag2bit.26=64
tag2bit.27=128
tag2bit.28=256
tag2bit.29=4096
tag2bit.30=2048
tag2bit.31=0
tag2bit.32=0
tag2str.-1=(unknown)
tag2str.0=EOC
tag2str.1=BOOLEAN
tag2str.2=INTEGER
tag2str.3=BIT STRING
tag2str.4=OCTET STRING
tag2str.5=NULL
tag2str.16=SEQUENCE
tag2str.17=SET
tag2str.30=BMPSTRING
tag2str.31=(unknown)
put.primitive_len=2
put.primitive_size=2
put.constructed_len=2
put.eoc_total=4
put.constructed_size=5
put.ctx_len=4
put.ctx_bytes=9F810001
put.hightag_len=4
put.hightag_bytes=1FA43404
str.new_present=1
str.new_type=4
str.new_length=0
str.new_data_null=1
str.type_new_type=22
str.set=1
str.set_length=5
str.set_bytes=hello
str.data_matches_get0=1
str.set_shorter=1
str.shorter_length=2
str.shorter_tail=0
str.set_longer=1
str.longer_length=11
str.nul_terminated=0
str.set_neg=1
str.neg_length=3
str.copy=1
str.copy_type=4
str.copy_length=3
str.cmp_equal=0
str.set_type=1
str.cmp_differs=1
str.copy_type_only=1
str.set0_cleared=0
str.length_after_set=1
str.dup_present=1
str.dup_length=1
str.dup_cmp=0
oct.set=1
oct.set2=1
oct.cmp_equal=0
oct.set3=1
oct.cmp_differs=-1
oct.dup_present=1
oct.dup_cmp=0
i.7f.present=1
i.7f.adv=3
i.7f.err=0
i.7f.type=2
i.7f.length=1
i.7f.bytes=7F
i.7f.get=127
i.7f.geti64=1:127
i.p80.present=1
i.p80.adv=4
i.p80.err=0
i.p80.type=2
i.p80.length=1
i.p80.bytes=80
i.p80.get=128
i.p80.geti64=1:128
i.p80_nopad.present=1
i.p80_nopad.adv=3
i.p80_nopad.err=0
i.p80_nopad.type=258
i.p80_nopad.length=1
i.p80_nopad.bytes=80
i.p80_nopad.get=-128
i.p80_nopad.geti64=1:-128
i.n1.present=1
i.n1.adv=3
i.n1.err=0
i.n1.type=258
i.n1.length=1
i.n1.bytes=01
i.n1.get=-1
i.n1.geti64=1:-1
i.n128.present=1
i.n128.adv=3
i.n128.err=0
i.n128.type=258
i.n128.length=1
i.n128.bytes=80
i.n128.get=-128
i.n128.geti64=1:-128
i.n129.present=1
i.n129.adv=4
i.n129.err=0
i.n129.type=258
i.n129.length=1
i.n129.bytes=81
i.n129.get=-129
i.n129.geti64=1:-129
i.nmin.present=1
i.nmin.adv=5
i.nmin.err=0
i.nmin.type=258
i.nmin.length=3
i.nmin.bytes=800000
i.nmin.get=-8388608
i.nmin.geti64=1:-8388608
i.nmin_plus.present=0
i.nmin_plus.adv=0
i.nmin_plus.err=109052125
i.zero.present=1
i.zero.adv=3
i.zero.err=0
i.zero.type=2
i.zero.length=1
i.zero.bytes=00
i.zero.get=0
i.zero.geti64=1:0
i.zero_padded.present=0
i.zero_padded.adv=0
i.zero_padded.err=109052125
i.bad_pad_pos.present=0
i.bad_pad_pos.adv=0
i.bad_pad_pos.err=109052125
i.bad_pad_neg.present=0
i.bad_pad_neg.adv=0
i.bad_pad_neg.err=109052125
i.zero_content.present=0
i.zero_content.adv=0
i.zero_content.err=109052126
i.wide.present=1
i.wide.adv=11
i.wide.err=0
i.wide.type=2
i.wide.length=9
i.wide.bytes=010000000000000000
i.wide.get=-1
i.wide.geti64=0:0
i.i64max.present=1
i.i64max.adv=10
i.i64max.err=109052127
i.i64max.type=2
i.i64max.length=8
i.i64max.bytes=7FFFFFFFFFFFFFFF
i.i64max.get=9223372036854775807
i.i64max.geti64=1:9223372036854775807
i.i64min.present=1
i.i64min.adv=10
i.i64min.err=0
i.i64min.type=258
i.i64min.length=8
i.i64min.bytes=8000000000000000
i.i64min.get=-9223372036854775808
i.i64min.geti64=1:-9223372036854775808
i.u64max.present=1
i.u64max.adv=11
i.u64max.err=0
i.u64max.type=2
i.u64max.length=8
i.u64max.bytes=FFFFFFFFFFFFFFFF
i.u64max.get=-1
i.u64max.geti64=0:0
i.trunc.present=0
i.trunc.adv=0
i.trunc.err=109052127
i.wrong_tag.present=0
i.wrong_tag.adv=0
i.wrong_tag.err=109052072
e.n1.present=1
e.n1.adv=3
e.n1.err=0
e.n1.length=1
e.n1.get=-1
e.wide.present=1
e.wide.adv=11
e.wide.err=0
e.wide.length=9
e.wide.get=4294967295
iv.0.set=1
iv.0.len=1
iv.0.type=2
iv.0.bytes=00
iv.0.geti64=1:0
iv.0.get=0
iv.1.set=1
iv.1.len=1
iv.1.type=2
iv.1.bytes=01
iv.1.geti64=1:1
iv.1.get=1
iv.2.set=1
iv.2.len=1
iv.2.type=258
iv.2.bytes=01
iv.2.geti64=1:-1
iv.2.get=-1
iv.3.set=1
iv.3.len=1
iv.3.type=2
iv.3.bytes=7F
iv.3.geti64=1:127
iv.3.get=127
iv.4.set=1
iv.4.len=1
iv.4.type=2
iv.4.bytes=80
iv.4.geti64=1:128
iv.4.get=128
iv.5.set=1
iv.5.len=1
iv.5.type=258
iv.5.bytes=80
iv.5.geti64=1:-128
iv.5.get=-128
iv.6.set=1
iv.6.len=1
iv.6.type=2
iv.6.bytes=FF
iv.6.geti64=1:255
iv.6.get=255
iv.7.set=1
iv.7.len=2
iv.7.type=2
iv.7.bytes=0100
iv.7.geti64=1:256
iv.7.get=256
iv.8.set=1
iv.8.len=1
iv.8.type=258
iv.8.bytes=81
iv.8.geti64=1:-129
iv.8.get=-129
iv.9.set=1
iv.9.len=4
iv.9.type=2
iv.9.bytes=7FFFFFFF
iv.9.geti64=1:2147483647
iv.9.get=2147483647
iv.10.set=1
iv.10.len=4
iv.10.type=258
iv.10.bytes=80000000
iv.10.geti64=1:-2147483648
iv.10.get=-2147483648
iv.11.set=1
iv.11.len=8
iv.11.type=2
iv.11.bytes=7FFFFFFFFFFFFFFF
iv.11.geti64=1:9223372036854775807
iv.11.get=9223372036854775807
iv.12.set=1
iv.12.len=8
iv.12.type=258
iv.12.bytes=8000000000000000
iv.12.geti64=1:-9223372036854775808
iv.12.get=-9223372036854775808
uv.0.set=1
uv.0.getu64=1:0
uv.0.get=0
uv.0.geti64=1:0
uv.0.err=0
uv.1.set=1
uv.1.getu64=1:1
uv.1.get=1
uv.1.geti64=1:1
uv.1.err=0
uv.2.set=1
uv.2.getu64=1:127
uv.2.get=127
uv.2.geti64=1:127
uv.2.err=0
uv.3.set=1
uv.3.getu64=1:128
uv.3.get=128
uv.3.geti64=1:128
uv.3.err=0
uv.4.set=1
uv.4.getu64=1:255
uv.4.get=255
uv.4.geti64=1:255
uv.4.err=0
uv.5.set=1
uv.5.getu64=1:256
uv.5.get=256
uv.5.geti64=1:256
uv.5.err=0
uv.6.set=1
uv.6.getu64=1:9223372036854775807
uv.6.get=9223372036854775807
uv.6.geti64=1:9223372036854775807
uv.6.err=0
uv.7.set=1
uv.7.getu64=1:18446744073709551615
uv.7.get=-1
uv.7.geti64=0:0
uv.7.err=109052127
m.enum_set=1
m.enum_get=5
m.int_accessor_on_enum=-1
m.int_int64_on_enum=0
m.err_after_wrong_type=109052129
m.enum_get_null=0
m.int_get_null=0
ic.0=-1
ic.1=1
ic.2=-1
ic.3=1
ic.4=-1
ic.5=1
ic.6=1
ic.7=-1
ic.8=0
bn.0.present=1
bn.0.len=1
bn.0.type=2
bn.0.bytes=00
bn.0.roundtrip=1
bn.0.roundtrip_neg=1
bn.0.asm_enum=1
bn.0.enum_err=109052129
bn.1.present=1
bn.1.len=1
bn.1.type=2
bn.1.bytes=01
bn.1.roundtrip=1
bn.1.roundtrip_neg=1
bn.1.asm_enum=1
bn.1.enum_err=109052129
bn.2.present=1
bn.2.len=1
bn.2.type=2
bn.2.bytes=FF
bn.2.roundtrip=1
bn.2.roundtrip_neg=1
bn.2.asm_enum=1
bn.2.enum_err=109052129
bn.3.present=1
bn.3.len=2
bn.3.type=2
bn.3.bytes=0100
bn.3.roundtrip=1
bn.3.roundtrip_neg=1
bn.3.asm_enum=1
bn.3.enum_err=109052129
bn.4.present=1
bn.4.len=1
bn.4.type=258
bn.4.bytes=01
bn.4.roundtrip=1
bn.4.roundtrip_neg=1
bn.4.asm_enum=1
bn.4.enum_err=109052129
bn.5.present=1
bn.5.len=1
bn.5.type=258
bn.5.bytes=FF
bn.5.roundtrip=1
bn.5.roundtrip_neg=1
bn.5.asm_enum=1
bn.5.enum_err=109052129
bn.6.present=1
bn.6.len=8
bn.6.type=2
bn.6.bytes=7FFFFFFFFFFFFFFF
bn.6.roundtrip=1
bn.6.roundtrip_neg=1
bn.6.asm_enum=1
bn.6.enum_err=109052129
o.rsa.present=1
o.rsa.adv=11
o.rsa.length=9
o.rsa.nid=6
o.rsa.txt=13:rsaEncryption
o.rsa.i2d=11
o.rsa.i2d_bytes=06092A864886F70D010101
o.rsa.i2t=13
o.rsa.i2a=13
o.rsa.i2a_text.len=13
o.rsa.i2a_text.text=rsaEncryption
o.dyn.present=1
o.dyn.length=3
o.dyn.nid=0
o.dyn.txt=7:1.2.3.4
o.bad_last.present=0
o.bad_last.adv=0
o.bad_last.err=109052120
o.bad_subid.present=0
o.bad_subid.err=109052120
o.empty.present=0
o.empty.err=109052120
o.not_oid.present=0
o.not_oid.err=109052020
o.create.present=1
o.create.length=3
o.create.txt=7:1.2.3.4
o.new.present=1
o.new.length=0
o.new.data_null=1
o.new.i2a=4
o.new.i2a_text.len=4
o.new.i2a_text.text=NULL
o.new.i2t=0
o.null.i2a=4
o.null.i2a_text.len=4
o.null.i2a_text.text=NULL
o.long.present=1
o.long.txt=32:1.2.3.4.5.6.7.8.9.10.11.12.13.14
o.long.i2a=32
o.long.i2a_text.len=32
o.long.i2a_text.text=1.2.3.4.5.6.7.8.9.10.11.12.13.14
t.oct.i2a=14
t.oct.i2a_text.len=14
t.oct.i2a_text.text=00010F107F80FF
t.empty.i2a=1
t.empty.i2a_text.len=1
t.empty.i2a_text.text=0
t.wide.i2a=146
t.wide.i2a_text.len=146
t.wide.i2a_text.text=000102030405060708090A0B0C0D0E0F101112131415161718191A1B1C1D1E1F202122\x5C\x0A232425262728292A2B2C2D2E2F303132333435363738393A3B3C3D3E3F404142434445\x5C\x0A46
t.neg.i2a=5
t.neg.i2a_text.len=5
t.neg.i2a_text.text=-1234
t.zero.i2a=2
t.zero.i2a_text.len=2
t.zero.i2a_text.text=00
t.zero.enumerated=2
t.zero.enum_text.len=2
t.zero.enum_text.text=00
pctx.present=1
pctx.defaults=0,0,0,0,0
pctx.set=1,2,4,8,16
sctx.present=1
sctx.item_null=1
sctx.template_null=1
sctx.flags=0
sctx.app_null=1
sctx.app_set=1
parse.ok=1
parse.ok_text.len=209
parse.ok_text.text=    0:d=0  hl=2 l=  16 cons: SEQUENCE          \x0A    2:d=1  hl=2 l=   1 prim: INTEGER           :02\x0A    5:d=1  hl=2 l=   9 prim: OBJECT            :rsaEncryption\x0A   16:d=1  hl=2 l=   0 prim: OCTET STRING      \x0A
parse.dump=1
parse.dump_text.len=212
parse.dump_text.text=    0:d=0  hl=2 l=  16 cons: SEQUENCE          \x0A    2:d=1  hl=2 l=   1 prim:  INTEGER           :02\x0A    5:d=1  hl=2 l=   9 prim:  OBJECT            :rsaEncryption\x0A   16:d=1  hl=2 l=   0 prim:  OCTET STRING      \x0A
parse.trunc=0
parse.trunc_text.len=18
parse.trunc_text.text=Error in encoding\x0A
parse.trunc_err=109052059
parse.nested=0
parse.nested_text.len=171
parse.nested_text.text=    0:d=0  hl=2 l=  12 cons: SEQUENCE          \x0A    2:d=1  hl=2 l=   3 prim: OCTET STRING      :ABC\x0A    7:d=1  hl=2 l=   2 prim: INTEGER           :0100\x0AError in encoding\x0A
parse.badobj=1
parse.badobj_text.len=112
parse.badobj_text.text=    0:d=0  hl=2 l=   3 cons: SEQUENCE          \x0A    2:d=1  hl=2 l=   1 prim: OBJECT            :BAD OBJECT:[80]\x0A
parse.indef=1
parse.indef_text.len=147
parse.indef_text.text=    0:d=0  hl=2 l=inf  cons: SEQUENCE          \x0A    2:d=1  hl=2 l=   1 prim: INTEGER           :01\x0A    5:d=1  hl=2 l=   0 prim: EOC               \x0A
parse.bool=1
parse.bool_text.len=52
parse.bool_text.text=    0:d=0  hl=2 l=   1 prim: BOOLEAN           :255\x0A
it.octet.present=1
it.octet.itype=0
it.octet.utype=4
it.octet.templates=0
it.octet.tcount=0
it.octet.funcs=0
it.octet.size=0
it.octet.sname=ASN1_OCTET_STRING
it.integer.present=1
it.integer.itype=0
it.integer.utype=2
it.integer.templates=0
it.integer.tcount=0
it.integer.funcs=0
it.integer.size=0
it.integer.sname=ASN1_INTEGER
it.enumerated.present=1
it.enumerated.itype=0
it.enumerated.utype=10
it.enumerated.templates=0
it.enumerated.tcount=0
it.enumerated.funcs=0
it.enumerated.size=0
it.enumerated.sname=ASN1_ENUMERATED
it.bitstr.present=1
it.bitstr.itype=0
it.bitstr.utype=3
it.bitstr.templates=0
it.bitstr.tcount=0
it.bitstr.funcs=0
it.bitstr.size=0
it.bitstr.sname=ASN1_BIT_STRING
it.utf8.present=1
it.utf8.itype=0
it.utf8.utype=12
it.utf8.templates=0
it.utf8.tcount=0
it.utf8.funcs=0
it.utf8.size=0
it.utf8.sname=ASN1_UTF8STRING
it.printable.present=1
it.printable.itype=0
it.printable.utype=19
it.printable.templates=0
it.printable.tcount=0
it.printable.funcs=0
it.printable.size=0
it.printable.sname=ASN1_PRINTABLESTRING
it.t61.present=1
it.t61.itype=0
it.t61.utype=20
it.t61.templates=0
it.t61.tcount=0
it.t61.funcs=0
it.t61.size=0
it.t61.sname=ASN1_T61STRING
it.ia5.present=1
it.ia5.itype=0
it.ia5.utype=22
it.ia5.templates=0
it.ia5.tcount=0
it.ia5.funcs=0
it.ia5.size=0
it.ia5.sname=ASN1_IA5STRING
it.general.present=1
it.general.itype=0
it.general.utype=27
it.general.templates=0
it.general.tcount=0
it.general.funcs=0
it.general.size=0
it.general.sname=ASN1_GENERALSTRING
it.utctime.present=1
it.utctime.itype=0
it.utctime.utype=23
it.utctime.templates=0
it.utctime.tcount=0
it.utctime.funcs=0
it.utctime.size=0
it.utctime.sname=ASN1_UTCTIME
it.gentime.present=1
it.gentime.itype=0
it.gentime.utype=24
it.gentime.templates=0
it.gentime.tcount=0
it.gentime.funcs=0
it.gentime.size=0
it.gentime.sname=ASN1_GENERALIZEDTIME
it.visible.present=1
it.visible.itype=0
it.visible.utype=26
it.visible.templates=0
it.visible.tcount=0
it.visible.funcs=0
it.visible.size=0
it.visible.sname=ASN1_VISIBLESTRING
it.universal.present=1
it.universal.itype=0
it.universal.utype=28
it.universal.templates=0
it.universal.tcount=0
it.universal.funcs=0
it.universal.size=0
it.universal.sname=ASN1_UNIVERSALSTRING
it.bmp.present=1
it.bmp.itype=0
it.bmp.utype=30
it.bmp.templates=0
it.bmp.tcount=0
it.bmp.funcs=0
it.bmp.size=0
it.bmp.sname=ASN1_BMPSTRING
it.null.present=1
it.null.itype=0
it.null.utype=5
it.null.templates=0
it.null.tcount=0
it.null.funcs=0
it.null.size=0
it.null.sname=ASN1_NULL
it.object.present=1
it.object.itype=0
it.object.utype=6
it.object.templates=0
it.object.tcount=0
it.object.funcs=0
it.object.size=0
it.object.sname=ASN1_OBJECT
it.any.present=1
it.any.itype=0
it.any.utype=-4
it.any.templates=0
it.any.tcount=0
it.any.funcs=0
it.any.size=0
it.any.sname=ASN1_ANY
it.sequence.present=1
it.sequence.itype=0
it.sequence.utype=16
it.sequence.templates=0
it.sequence.tcount=0
it.sequence.funcs=0
it.sequence.size=0
it.sequence.sname=ASN1_SEQUENCE
it.boolean.present=1
it.boolean.itype=0
it.boolean.utype=1
it.boolean.templates=0
it.boolean.tcount=0
it.boolean.funcs=0
it.boolean.size=-1
it.boolean.sname=ASN1_BOOLEAN
it.tboolean.present=1
it.tboolean.itype=0
it.tboolean.utype=1
it.tboolean.templates=0
it.tboolean.tcount=0
it.tboolean.funcs=0
it.tboolean.size=1
it.tboolean.sname=ASN1_TBOOLEAN
it.fboolean.present=1
it.fboolean.itype=0
it.fboolean.utype=1
it.fboolean.templates=0
it.fboolean.tcount=0
it.fboolean.funcs=0
it.fboolean.size=0
it.fboolean.sname=ASN1_FBOOLEAN
it.ndef.present=1
it.ndef.itype=0
it.ndef.utype=4
it.ndef.templates=0
it.ndef.tcount=0
it.ndef.funcs=0
it.ndef.size=2048
it.ndef.sname=ASN1_OCTET_STRING_NDEF
it.mstring.printable.present=1
it.mstring.printable.itype=5
it.mstring.printable.utype=81175
it.mstring.printable.templates=0
it.mstring.printable.tcount=0
it.mstring.printable.funcs=0
it.mstring.printable.size=24
it.mstring.printable.sname=ASN1_PRINTABLE
it.mstring.display.present=1
it.mstring.display.itype=5
it.mstring.display.utype=10320
it.mstring.display.templates=0
it.mstring.display.tcount=0
it.mstring.display.funcs=0
it.mstring.display.size=24
it.mstring.display.sname=DISPLAYTEXT
it.mstring.directory.present=1
it.mstring.directory.itype=5
it.mstring.directory.utype=10502
it.mstring.directory.templates=0
it.mstring.directory.tcount=0
it.mstring.directory.funcs=0
it.mstring.directory.size=24
it.mstring.directory.sname=DIRECTORYSTRING
it.mstring.time.present=1
it.mstring.time.itype=5
it.mstring.time.utype=49152
it.mstring.time.templates=0
it.mstring.time.tcount=0
it.mstring.time.funcs=0
it.mstring.time.size=24
it.mstring.time.sname=ASN1_TIME
it.stable=1
bs.fresh.present=1
bs.fresh.length=0
bs.fresh.flags=0
bs.fresh.data=null
bs.fresh.bytes=
bs.setbit0=1
bs.bit0.present=1
bs.bit0.length=1
bs.bit0.flags=0
bs.bit0.data=set
bs.bit0.bytes=80
bs.setbit7=1
bs.bit7.present=1
bs.bit7.length=1
bs.bit7.flags=0
bs.bit7.data=set
bs.bit7.bytes=81
bs.setbit8=1
bs.bit8.present=1
bs.bit8.length=2
bs.bit8.flags=0
bs.bit8.data=set
bs.bit8.bytes=8180
bs.setbit9=1
bs.bit9.present=1
bs.bit9.length=2
bs.bit9.flags=0
bs.bit9.data=set
bs.bit9.bytes=81C0
bs.clear9=1
bs.cleared9.present=1
bs.cleared9.length=2
bs.cleared9.flags=0
bs.cleared9.data=set
bs.cleared9.bytes=8180
bs.clear8=1
bs.cleared8.present=1
bs.cleared8.length=1
bs.cleared8.flags=0
bs.cleared8.data=set
bs.cleared8.bytes=81
bs.clear0=1
bs.cleared0.present=1
bs.cleared0.length=1
bs.cleared0.flags=0
bs.cleared0.data=set
bs.cleared0.bytes=01
bs.neg=0
bs.grow80=1
bs.bit80.present=1
bs.bit80.length=11
bs.bit80.flags=0
bs.bit80.data=set
bs.bit80.bytes=0100000000000000000080
bs.get0=1
bs.get6=0
bs.get7=1
bs.get8=0
bs.getneg=0
bs.getnull=0
bs.check.null=1
bs.check.novlags=0
bs.check.allow81=1
bs.check.allow80=0
bs.check.allow00=0
bs.check.short=0
bs.check.zero=1
bs.check.empty=1
bs.derived.len=5
bs.derived.alloc=5
bs.derived.alloc_bytes=030300FFFF
bs.derived.stack=5
bs.derived.advanced=5
bs.derived.stack_bytes=030300FFFF
bs.derived.err=109052059
bs.flagged.present=1
bs.flagged.length=2
bs.flagged.flags=11
bs.flagged.data=set
bs.flagged.bytes=FFFF
bs.left3.len=5
bs.left3.alloc=5
bs.left3.alloc_bytes=030303FFF8
bs.left3.stack=5
bs.left3.advanced=5
bs.left3.stack_bytes=030303FFF8
bs.left3.err=0
bs.left7.len=5
bs.left7.alloc=5
bs.left7.alloc_bytes=030307FF80
bs.left7.stack=5
bs.left7.advanced=5
bs.left7.stack_bytes=030307FF80
bs.left7.err=0
bs.trailing.present=1
bs.trailing.length=2
bs.trailing.flags=0
bs.trailing.data=set
bs.trailing.bytes=0100
bs.trailing.len=4
bs.trailing.alloc=4
bs.trailing.alloc_bytes=03020001
bs.trailing.stack=4
bs.trailing.advanced=4
bs.trailing.stack_bytes=03020001
bs.trailing.err=0
bs.empty.len=3
bs.empty.alloc=3
bs.empty.alloc_bytes=030100
bs.empty.stack=3
bs.empty.advanced=3
bs.empty.stack_bytes=030100
bs.empty.err=0
asc.long=0
asc.short=0
asc.alias=1
asc.nr=1
asc.missing=-1
asc.print=1
asc.text.len=54
asc.text.text=    digitalSignature, nonRepudiation, keyEncipherment\x0A
asc.print0=1
asc.text0.len=50
asc.text0.text=digitalSignature, nonRepudiation, keyEncipherment\x0A
asc.printnone=1
asc.textnone.len=3
asc.textnone.text=  \x0A
asc.set1=1
asc.after.present=1
asc.after.length=1
asc.after.flags=0
asc.after.data=set
asc.after.bytes=20
asc.set0=1
asc.cleared.present=1
asc.cleared.length=0
asc.cleared.flags=0
asc.cleared.data=set
asc.cleared.bytes=
asc.setmissing=0
asc.setnull=1
bsd.ok.present=1
bsd.ok.adv=4
bsd.ok.err=0
bsd.ok.present=1
bsd.ok.length=1
bsd.ok.flags=8
bsd.ok.data=set
bsd.ok.bytes=41
bsd.bits3.present=1
bsd.bits3.adv=5
bsd.bits3.err=0
bsd.bits3.present=1
bsd.bits3.length=2
bsd.bits3.flags=12
bsd.bits3.data=set
bsd.bits3.bytes=FFF0
bsd.empty.present=1
bsd.empty.adv=3
bsd.empty.err=0
bsd.empty.present=1
bsd.empty.length=0
bsd.empty.flags=8
bsd.empty.data=null
bsd.empty.bytes=
bsd.badcount.present=0
bsd.badcount.adv=0
bsd.badcount.err=109052124
bsd.badcount.present=0
bsd.eightbits.present=0
bsd.eightbits.adv=0
bsd.eightbits.err=109052124
bsd.eightbits.present=0
bsd.zerolen.present=0
bsd.zerolen.adv=0
bsd.zerolen.err=109052056
bsd.zerolen.present=0
bsd.constructed.present=0
bsd.constructed.adv=0
bsd.constructed.err=109052059
bsd.constructed.present=0
bsd.wrongtag.present=0
bsd.wrongtag.adv=0
bsd.wrongtag.err=109052072
bsd.wrongtag.present=0
bsd.reuse.same=1
bsd.reuse.err=0
bsd.reuse.present=1
bsd.reuse.length=1
bsd.reuse.flags=8
bsd.reuse.data=set
bsd.reuse.bytes=41
bsd.keepnull=1
bsd.keepstate=0
bsd.keep.err=109052124
null.new=1
null.present=1
null.adv=2
null.value=1
null.err=0
null.slotret=1
null.slot=1
null.badret=1
null.bad.err=109052048
null.trail.adv=2
null.trail.err=0
null.i2d.null=2
null.i2d.stack=2
null.i2d.advanced=2
null.i2d.byte.0=05
null.i2d.byte.1=00
null.i2d.err=0
null.i2d.alloc=2
null.i2d.absent=0
uint.msb.present=1
uint.msb.adv=3
uint.msb.err=0
uint.msb.type=2
uint.msb.length=1
uint.msb.bytes=80
uint.msb.get=128
uint.padded.present=1
uint.padded.adv=4
uint.padded.err=0
uint.padded.type=2
uint.padded.length=1
uint.padded.bytes=80
uint.padded.get=128
uint.zero.present=1
uint.zero.adv=3
uint.zero.err=0
uint.zero.type=2
uint.zero.length=1
uint.zero.bytes=00
uint.zero.get=0
uint.empty.present=1
uint.empty.adv=2
uint.empty.err=0
uint.empty.type=2
uint.empty.length=0
uint.empty.bytes=
uint.empty.get=0
uint.seq3.present=1
uint.seq3.adv=5
uint.seq3.err=0
uint.seq3.type=2
uint.seq3.length=2
uint.seq3.bytes=0001
uint.seq3.get=1
uint.wrong.present=0
uint.wrong.adv=0
uint.wrong.err=109052019
str.utf8.present=1
str.utf8.adv=5
str.utf8.err=0
str.utf8.type=12
str.utf8.length=3
str.utf8.bytes=414243
str.utf8mono.present=1
str.utf8mono.adv=3
str.utf8mono.err=0
str.utf8mono.type=12
str.utf8mono.length=1
str.utf8mono.bytes=41
str.utf8.wrongtag.present=0
str.utf8.wrongtag.adv=0
str.utf8.wrongtag.err=109052072
str.utf8.constructed.present=1
str.utf8.constructed.adv=5
str.utf8.constructed.err=0
str.utf8.constructed.type=12
str.utf8.constructed.length=1
str.utf8.constructed.bytes=41
str.utf8.indef.present=1
str.utf8.indef.adv=7
str.utf8.indef.err=0
str.utf8.indef.type=12
str.utf8.indef.length=1
str.utf8.indef.bytes=41
str.utf8.object.present=0
str.utf8.object.adv=0
str.utf8.object.err=109052072
str.ia5.present=0
str.ia5.adv=0
str.ia5.err=109052072
str.ia5.ok.present=0
str.ia5.ok.adv=0
str.ia5.ok.err=109052072
str.printable.present=1
str.printable.adv=5
str.printable.err=0
str.printable.type=19
str.printable.length=3
str.printable.bytes=414243
str.printable.utf8.present=1
str.printable.utf8.adv=5
str.printable.utf8.err=0
str.printable.utf8.type=12
str.printable.utf8.length=3
str.printable.utf8.bytes=414243
str.printable.int.present=0
str.printable.int.adv=0
str.printable.int.err=109052044
str.printable.ctx.present=0
str.printable.ctx.adv=0
str.printable.ctx.err=109052043
str.printable.octet.present=0
str.printable.octet.adv=0
str.printable.octet.err=109052044
str.directory.present=0
str.directory.adv=0
str.directory.err=109052044
str.directory.bmp.present=1
str.directory.bmp.adv=4
str.directory.bmp.err=0
str.directory.bmp.type=30
str.directory.bmp.length=2
str.directory.bmp.bytes=0041
str.directory.int.present=0
str.directory.int.adv=0
str.directory.int.err=109052044
str.display.present=0
str.display.adv=0
str.display.err=109052044
str.display.vis.present=1
str.display.vis.adv=4
str.display.vis.err=0
str.display.vis.type=26
str.display.vis.length=2
str.display.vis.bytes=4142
str.display.int.present=0
str.display.int.adv=0
str.display.int.err=109052044
str.time.utc.present=1
str.time.utc.adv=15
str.time.utc.err=0
str.time.utc.type=23
str.time.utc.length=13
str.time.utc.bytes=3235303130313030303030305A
str.time.general.present=1
str.time.general.adv=17
str.time.general.err=0
str.time.general.type=24
str.time.general.length=15
str.time.general.bytes=32303235303130313030303030305A
str.time.int.present=0
str.time.int.adv=0
str.time.int.err=109052044
str.time.ctx.present=0
str.time.ctx.adv=0
str.time.ctx.err=109052043
str.time.short.present=0
str.time.short.adv=0
str.time.short.err=109052137
str.utc.ok.present=1
str.utc.ok.adv=15
str.utc.ok.err=0
str.utc.ok.type=23
str.utc.ok.length=13
str.utc.ok.bytes=3235303130313030303030305A
str.utc.short.present=0
str.utc.short.adv=0
str.utc.short.err=109052137
str.gen.ok.present=1
str.gen.ok.adv=17
str.gen.ok.err=0
str.gen.ok.type=24
str.gen.ok.length=15
str.gen.ok.bytes=32303235303130313030303030305A
str.gen.short.present=0
str.gen.short.adv=0
str.gen.short.err=109052136
str.bmp.odd.present=0
str.bmp.odd.adv=0
str.bmp.odd.err=109052118
str.bmp.ok.present=1
str.bmp.ok.adv=4
str.bmp.ok.err=0
str.bmp.ok.type=30
str.bmp.ok.length=2
str.bmp.ok.bytes=0041
str.uni.odd.present=0
str.uni.odd.adv=0
str.uni.odd.err=109052119
str.uni.ok.present=1
str.uni.ok.adv=6
str.uni.ok.err=0
str.uni.ok.type=28
str.uni.ok.length=4
str.uni.ok.bytes=00000041
str.t61.present=1
str.t61.adv=4
str.t61.err=0
str.t61.type=20
str.t61.length=2
str.t61.bytes=4142
str.visible.present=1
str.visible.adv=4
str.visible.err=0
str.visible.type=26
str.visible.length=2
str.visible.bytes=4142
str.printabletag.present=1
str.printabletag.adv=5
str.printabletag.err=0
str.printabletag.type=19
str.printabletag.length=3
str.printabletag.bytes=414243
len.zero.oct=1
len.zero.oct.err=109052128
len.neg.oct=1
len.neg.oct.err=109052128
len.zero.int=1
len.zero.int.err=109052128
len.zero.utf8=1
len.zero.utf8.err=109052128
len.zero.null=1
len.zero.null.err=109052128
enc.utf8.null_out=5
enc.utf8.alloc=5
enc.utf8.alloc_bytes.0=0C
enc.utf8.alloc_bytes.1=03
enc.utf8.alloc_bytes.2=41
enc.utf8.alloc_bytes.3=42
enc.utf8.alloc_bytes.4=43
enc.utf8.stack=5
enc.utf8.advanced=5
enc.utf8.stack_bytes.0=0C
enc.utf8.stack_bytes.1=03
enc.utf8.stack_bytes.2=41
enc.utf8.stack_bytes.3=42
enc.utf8.stack_bytes.4=43
enc.utf8.err=0
enc.null.utf8=0
enc.oct.len=4
enc.oct.stack=4
enc.oct.advanced=4
enc.oct.byte.0=04
enc.oct.byte.1=02
enc.oct.byte.2=41
enc.oct.byte.3=42
enc.int.len=3
enc.int.stack=3
enc.int.byte.0=02
enc.int.byte.1=01
enc.int.byte.2=7F
enc.obj.len=5
enc.obj.stack=5
enc.obj.byte.0=06
enc.obj.byte.1=03
enc.obj.byte.2=55
enc.obj.byte.3=04
enc.obj.byte.4=03
obj.0.n=6
obj.0.hex=2a864886f70d
obj.0.err=
obj.1.n=3
obj.1.hex=883701
obj.1.err=
obj.2.n=1
obj.2.hex=00
obj.2.err=
obj.3.n=1
obj.3.hex=4f
obj.3.err=
obj.4.n=0
obj.4.err=147
obj.5.n=0
obj.5.err=122
obj.6.n=0
obj.6.err=138
obj.7.n=0
obj.7.err=
obj.8.n=2
obj.8.hex=2802
obj.8.err=
obj.9.n=0
obj.9.err=130
obj.10.n=10
obj.10.hex=8280808080808080804f
obj.10.err=
obj.11.n=3
obj.11.hex=000000
obj.11.err=
obj.12.n=2
obj.12.hex=2802
obj.12.err=
obj.small.n=0
obj.small.err=107
obj.measure.n=2
obj.zero_num.n=0
obj.num_shorter.n=1
rt.bytes=40
rt.n=0
rt.len=-1
rt.first=00
rt.err=145
rd.0.n=1,len=0,type=2,err=
rd.1.n=1,len=4,type=2,hex=deadbeef,err=
rd.2.n=1,len=1,type=2,hex=01,err=
rd.3.n=1,len=1,type=2,hex=01,err=
rd.4.n=1,len=2,type=2,hex=0100,err=
rd.5.n=0,len=-1,type=2,err=150
rd.6.n=1,len=1,type=2,hex=01,err=
rd.7.n=1,len=2,type=2,hex=dead,err=
en.n=1,type=2,len=1
str.0.n=1,len=3,hex=414243,err=
str.1.n=0,len=-1,err=145
str.2.n=0,len=-1,err=145
str.3.n=0,len=-1,err=150
str.4.n=0,len=-1,err=150
str.5.n=0,len=-1,err=145
str.empty.n=1,len=0,data_null=1,err=
utf8.getc.ascii=1,val=41
utf8.getc.ascii_nul=1,val=0
utf8.getc.two_min=2,val=80
utf8.getc.two_overlong=-4,val=deadbeef
utf8.getc.two_short=-1,val=deadbeef
utf8.getc.two_badcont=-3,val=deadbeef
utf8.getc.three_min=3,val=800
utf8.getc.three_over=-4,val=deadbeef
utf8.getc.three_surr=-2,val=deadbeef
utf8.getc.three_short=-1,val=deadbeef
utf8.getc.four_min=4,val=10000
utf8.getc.four_over=-4,val=deadbeef
utf8.getc.four_short=-1,val=deadbeef
utf8.getc.lead_bad=-2,val=deadbeef
utf8.getc.lead_f8=-2,val=deadbeef
utf8.getc.len_zero=0,val=deadbeef
utf8.putc.ascii=1,hex=41,null_len=1
utf8.putc.two=2,hex=c280,null_len=2
utf8.putc.three=3,hex=e0a080,null_len=3
utf8.putc.four=4,hex=f0908080,null_len=4
utf8.putc.max=4,hex=f48fbfbf,null_len=4
utf8.putc.limit=-2,null_len=-2
utf8.putc.surr=-2,null_len=-2
utf8.putc.surr_hi=-2,null_len=-2
utf8.putc.short2=-1
utf8.putc.short3=-1
utf8.putc.short4=-1
utf8.putc.zero=-1
utf8.putc.surr_short=-2
utf8.rt.ascii=1,val=41
utf8.rt.two=2,val=80
utf8.rt.three=3,val=800
utf8.rt.four=4,val=10000
utf8.rt.max=4,val=10ffff
utf8.rt.limit=-2,failed
utf8.rt.surr=-2,failed
utf8.rt.surr_hi=-2,failed
done=1
