transcript.sha256=b077df43e0e39bd4f6613673d62ea2f7a7c5f664e7365601bdc2915fb6650690
fetch.AES-128-CBC=1
fetch.AES-128-CBC.err.count=0
ctx.new=1
rand_key.before_init.key_length=0
init=1
init.err.count=0
after_init.key_length=16
after_init.iv_length=16
after_init.cipher_set=1
rand_key.ret=1
rand_key.err.count=0
rand_key.second_ret=1
rand_key.second_err.count=0
fetch.NULL=1
fetch.NULL.err.count=0
null.init=1
null.init.err.count=0
null.key_length=0
null.rand_key_ret=0
null.rand_key.err.count=0
seal.npubk0_with_type.ret=1
seal.npubk0_with_type.err.count=0
seal.npubk0_with_type.cipher_set=1
seal.npubk0_with_type.key_length=16
seal.npubk0_with_type.iv_length=16
seal.npubk_neg_with_type.ret=1
seal.npubk_neg_with_type.err.count=0
seal.npubk_neg_with_type.cipher_set=1
seal.npubk_neg_with_type.key_length=16
seal.npubk_neg_with_type.iv_length=16
seal.npubk0_no_type.ret=1
seal.npubk0_no_type.err.count=0
seal.npubk0_no_type.cipher_set=0
seal.npubk0_no_type.key_length=0
seal.npubk0_no_type.iv_length=0
seal.npubk1_null_pubk.ret=1
seal.npubk1_null_pubk.err.count=0
seal.npubk1_null_pubk.cipher_set=1
seal.npubk1_null_pubk.key_length=16
seal.npubk1_null_pubk.iv_length=16
reliable.new=1
reliable.new.err.count=0
reliable.md_fetched=1
reliable.setmd_null=0
reliable.setmd_null.err.0=lib=6,reason=139
reliable.setmd_null.err.count=1
reliable.after_null.init=0
reliable.getmd_unset=0
reliable.getmd_unset.err.count=0
reliable.getmd_unset.null=1
reliable.setmd=1
reliable.setmd.err.count=0
reliable.after_set.init=1
reliable.getmd_set=1
reliable.getmd_set.err.count=0
reliable.getmd_set.same=1
reliable.free=1
reliable.free.err.count=0
grease.refuse.null_enc.ret=0
grease.refuse.null_enc.err.0=lib=15,reason=524550
grease.refuse.null_enc.err.count=1
grease.refuse.null_enclen.ret=0
grease.refuse.null_enclen.err.0=lib=15,reason=524550
grease.refuse.null_enclen.err.count=1
grease.refuse.null_ct.ret=0
grease.refuse.null_ct.err.0=lib=15,reason=524550
grease.refuse.null_ct.err.count=1
grease.refuse.zero_ctlen.ret=0
grease.refuse.zero_ctlen.err.0=lib=15,reason=524550
grease.refuse.zero_ctlen.err.count=1
grease.refuse.null_suite.ret=0
grease.refuse.null_suite.err.0=lib=15,reason=524550
grease.refuse.null_suite.err.count=1
grease.x25519.ret=1
grease.x25519.err.count=0
grease.x25519.suite_returned=1
grease.x25519.suite_same=1
grease.x25519.enclen=32
grease.p256.ret=1
grease.p256.err.count=0
grease.p256.suite_returned=1
grease.p256.suite_same=1
grease.p256.enclen=65
grease.p256.enc_first_octet=4
grease.x25519_enclen_too_small.ret=0
grease.x25519_enclen_too_small.err.0=lib=15,reason=786691
grease.x25519_enclen_too_small.err.count=1
grease.x25519_enclen_too_small.suite_returned=0
grease.p256_enclen_too_small.ret=0
grease.p256_enclen_too_small.err.0=lib=15,reason=786691
grease.p256_enclen_too_small.err.count=1
grease.p256_enclen_too_small.suite_returned=0
grease.x25519_ctlen_le_tag.ret=0
grease.x25519_ctlen_le_tag.err.0=lib=15,reason=786691
grease.x25519_ctlen_le_tag.err.count=1
grease.x25519_ctlen_le_tag.suite_returned=0
grease.x25519_ctlen_zero.ret=0
grease.x25519_ctlen_zero.err.0=lib=15,reason=524550
grease.x25519_ctlen_zero.err.count=1
grease.x25519_ctlen_zero.suite_returned=0
grease.unenumerated_kem.ret=0
grease.unenumerated_kem.err.0=lib=57,reason=176
grease.unenumerated_kem.err.1=lib=15,reason=786691
grease.unenumerated_kem.err.count=2
grease.unenumerated_kem.suite_returned=0
grease.random.ret=1
grease.random.err.count=0
grease.random.suite_valid=1
grease.random.enclen_positive=1
BIO_f_reliable.write_path=NOT_MEASURED_LEGACY_EVP_MD_IS_PHASE_13
done=1
