FRF-MUTANT:stdout-first-line:transcript.sha256=462d2dcb10a8e61ec5d74374871eada1380f1f051430efff9f189b10263ea5b5
construct.int=key=k type=1 size=4 ret=18446744073709551615
construct.uint=key=k type=2 size=4 ret=18446744073709551615
construct.long=key=k type=1 size=8 ret=18446744073709551615
construct.ulong=key=k type=2 size=8 ret=18446744073709551615
construct.int32=key=k type=1 size=4 ret=18446744073709551615
construct.uint32=key=k type=2 size=4 ret=18446744073709551615
construct.int64=key=k type=1 size=8 ret=18446744073709551615
construct.uint64=key=k type=2 size=8 ret=18446744073709551615
construct.size_t=key=k type=2 size=8 ret=18446744073709551615
construct.time_t=key=k type=1 size=8 ret=18446744073709551615
construct.double=key=k type=3 size=8 ret=18446744073709551615
construct.BN=key=k type=2 size=8 ret=18446744073709551615
construct.utf8_string.size0=key=k type=4 size=0 ret=18446744073709551615
construct.octet_string=key=k type=5 size=5 ret=18446744073709551615
construct.utf8_string.null_buffer=key=k type=4 size=7 ret=18446744073709551615
construct.utf8_ptr=key=k type=6 size=3 ret=18446744073709551615
construct.octet_ptr=key=k type=7 size=4 ret=18446744073709551615
construct.end=key=(null) type=0 size=0 ret=0
locate.found=nonnull err=0
locate.found.last=nonnull err=0
locate.absent=NULL err=0
locate.null_array=NULL err=0
locate.null_key=NULL err=0
locate.prefix_of_key=NULL err=0
locate.key_extends=NULL err=0
locate.case_sensitive=NULL err=0
locate_const.found=nonnull err=0
locate_const.absent=NULL err=0
modified.fresh=0 err=0
modified.null=0 err=0
modified.set_int=1 err=0
modified.after_set=1 err=0
modified.after_set.sibling=0 err=0
modified.size_query=1 err=0
modified.after_size_query=0 err=0
modified.after_reset.sum=0 err=0
modified.set_all_unmodified.null=1 err=0
read.i4.zero.get_int32=1 err=0 v=0
read.i4.zero.get_uint32=1 err=0 v=0
read.i4.zero.get_int64=1 err=0 v=0
read.i4.zero.get_uint64=1 err=0 v=0
read.i4.zero.get_long=1 err=0 v=0
read.i4.zero.get_size_t=1 err=0 v=0
read.i4.zero.get_double=1 err=0 v=0
read.i4.zero.get_BN=1 err=0 v=0
read.i4.one.get_int32=1 err=0 v=1
read.i4.one.get_uint32=1 err=0 v=1
read.i4.one.get_int64=1 err=0 v=1
read.i4.one.get_uint64=1 err=0 v=1
read.i4.one.get_long=1 err=0 v=1
read.i4.one.get_size_t=1 err=0 v=1
read.i4.one.get_double=1 err=0 v=1
read.i4.one.get_BN=1 err=0 v=01
read.i4.neg1.get_int32=1 err=0 v=-1
read.i4.neg1.get_uint32=0 err=125829245 v=0
read.i4.neg1.get_int64=1 err=0 v=-1
read.i4.neg1.get_uint64=0 err=125829245 v=0
read.i4.neg1.get_long=1 err=0 v=-1
read.i4.neg1.get_size_t=0 err=125829245 v=0
read.i4.neg1.get_double=1 err=0 v=-1
read.i4.neg1.get_BN=1 err=0 v=-01
read.i4.min.get_int32=1 err=0 v=-2147483648
read.i4.min.get_uint32=0 err=125829245 v=0
read.i4.min.get_int64=1 err=0 v=-2147483648
read.i4.min.get_uint64=0 err=125829245 v=0
read.i4.min.get_long=1 err=0 v=-2147483648
read.i4.min.get_size_t=0 err=125829245 v=0
read.i4.min.get_double=1 err=0 v=-2147483648
read.i4.min.get_BN=1 err=0 v=-80000000
read.i4.max.get_int32=1 err=0 v=2147483647
read.i4.max.get_uint32=1 err=0 v=2147483647
read.i4.max.get_int64=1 err=0 v=2147483647
read.i4.max.get_uint64=1 err=0 v=2147483647
read.i4.max.get_long=1 err=0 v=2147483647
read.i4.max.get_size_t=1 err=0 v=2147483647
read.i4.max.get_double=1 err=0 v=2147483647
read.i4.max.get_BN=1 err=0 v=7FFFFFFF
read.i8.zero.get_int32=1 err=0 v=0
read.i8.zero.get_uint32=1 err=0 v=0
read.i8.zero.get_int64=1 err=0 v=0
read.i8.zero.get_uint64=1 err=0 v=0
read.i8.zero.get_long=1 err=0 v=0
read.i8.zero.get_size_t=1 err=0 v=0
read.i8.zero.get_double=1 err=0 v=0
read.i8.zero.get_BN=1 err=0 v=0
read.i8.neg1.get_int32=1 err=0 v=-1
read.i8.neg1.get_uint32=0 err=125829245 v=0
read.i8.neg1.get_int64=1 err=0 v=-1
read.i8.neg1.get_uint64=0 err=125829245 v=0
read.i8.neg1.get_long=1 err=0 v=-1
read.i8.neg1.get_size_t=0 err=125829245 v=0
read.i8.neg1.get_double=1 err=0 v=-1
read.i8.neg1.get_BN=1 err=0 v=-01
read.i8.min.get_int32=0 err=125829246 v=0
read.i8.min.get_uint32=0 err=125829245 v=0
read.i8.min.get_int64=1 err=0 v=-9223372036854775808
read.i8.min.get_uint64=0 err=125829245 v=0
read.i8.min.get_long=1 err=0 v=-9223372036854775808
read.i8.min.get_size_t=0 err=125829245 v=0
read.i8.min.get_double=0 err=125829243 v=0
read.i8.min.get_BN=1 err=0 v=-8000000000000000
read.i8.max.get_int32=0 err=125829246 v=0
read.i8.max.get_uint32=0 err=125829246 v=0
read.i8.max.get_int64=1 err=0 v=9223372036854775807
read.i8.max.get_uint64=1 err=0 v=9223372036854775807
read.i8.max.get_long=1 err=0 v=9223372036854775807
read.i8.max.get_size_t=1 err=0 v=9223372036854775807
read.i8.max.get_double=0 err=125829243 v=0
read.i8.max.get_BN=1 err=0 v=7FFFFFFFFFFFFFFF
read.i8.int32max_plus1.get_int32=0 err=125829246 v=0
read.i8.int32max_plus1.get_uint32=1 err=0 v=2147483648
read.i8.int32max_plus1.get_int64=1 err=0 v=2147483648
read.i8.int32max_plus1.get_uint64=1 err=0 v=2147483648
read.i8.int32max_plus1.get_long=1 err=0 v=2147483648
read.i8.int32max_plus1.get_size_t=1 err=0 v=2147483648
read.i8.int32max_plus1.get_double=1 err=0 v=2147483648
read.i8.int32max_plus1.get_BN=1 err=0 v=80000000
read.u4.zero.get_int32=1 err=0 v=0
read.u4.zero.get_uint32=1 err=0 v=0
read.u4.zero.get_int64=1 err=0 v=0
read.u4.zero.get_uint64=1 err=0 v=0
read.u4.zero.get_long=1 err=0 v=0
read.u4.zero.get_size_t=1 err=0 v=0
read.u4.zero.get_double=1 err=0 v=0
read.u4.zero.get_BN=1 err=0 v=0
read.u4.max.get_int32=0 err=125829246 v=0
read.u4.max.get_uint32=1 err=0 v=4294967295
read.u4.max.get_int64=1 err=0 v=4294967295
read.u4.max.get_uint64=1 err=0 v=4294967295
read.u4.max.get_long=1 err=0 v=4294967295
read.u4.max.get_size_t=1 err=0 v=4294967295
read.u4.max.get_double=1 err=0 v=4294967295
read.u4.max.get_BN=1 err=0 v=FFFFFFFF
read.u4.int32max.get_int32=1 err=0 v=2147483647
read.u4.int32max.get_uint32=1 err=0 v=2147483647
read.u4.int32max.get_int64=1 err=0 v=2147483647
read.u4.int32max.get_uint64=1 err=0 v=2147483647
read.u4.int32max.get_long=1 err=0 v=2147483647
read.u4.int32max.get_size_t=1 err=0 v=2147483647
read.u4.int32max.get_double=1 err=0 v=2147483647
read.u4.int32max.get_BN=1 err=0 v=7FFFFFFF
read.u4.int32max_plus1.get_int32=0 err=125829246 v=0
read.u4.int32max_plus1.get_uint32=1 err=0 v=2147483648
read.u4.int32max_plus1.get_int64=1 err=0 v=2147483648
read.u4.int32max_plus1.get_uint64=1 err=0 v=2147483648
read.u4.int32max_plus1.get_long=1 err=0 v=2147483648
read.u4.int32max_plus1.get_size_t=1 err=0 v=2147483648
read.u4.int32max_plus1.get_double=1 err=0 v=2147483648
read.u4.int32max_plus1.get_BN=1 err=0 v=80000000
read.u8.max.get_int32=0 err=125829246 v=0
read.u8.max.get_uint32=0 err=125829246 v=0
read.u8.max.get_int64=0 err=125829246 v=0
read.u8.max.get_uint64=1 err=0 v=18446744073709551615
read.u8.max.get_long=0 err=125829246 v=0
read.u8.max.get_size_t=1 err=0 v=18446744073709551615
read.u8.max.get_double=0 err=125829243 v=0
read.u8.max.get_BN=1 err=0 v=FFFFFFFFFFFFFFFF
read.u8.int64max.get_int32=0 err=125829246 v=0
read.u8.int64max.get_uint32=0 err=125829246 v=0
read.u8.int64max.get_int64=1 err=0 v=9223372036854775807
read.u8.int64max.get_uint64=1 err=0 v=9223372036854775807
read.u8.int64max.get_long=1 err=0 v=9223372036854775807
read.u8.int64max.get_size_t=1 err=0 v=9223372036854775807
read.u8.int64max.get_double=0 err=125829243 v=0
read.u8.int64max.get_BN=1 err=0 v=7FFFFFFFFFFFFFFF
read.u8.int64max_plus1.get_int32=0 err=125829246 v=0
read.u8.int64max_plus1.get_uint32=0 err=125829246 v=0
read.u8.int64max_plus1.get_int64=0 err=125829246 v=0
read.u8.int64max_plus1.get_uint64=1 err=0 v=9223372036854775808
read.u8.int64max_plus1.get_long=0 err=125829246 v=0
read.u8.int64max_plus1.get_size_t=1 err=0 v=9223372036854775808
read.u8.int64max_plus1.get_double=0 err=125829243 v=0
read.u8.int64max_plus1.get_BN=1 err=0 v=8000000000000000
read.i1.neg1.get_int32=1 err=0 v=-1
read.i1.neg1.get_uint32=0 err=125829245 v=0
read.i1.neg1.get_int64=1 err=0 v=-1
read.i1.neg1.get_uint64=0 err=125829245 v=0
read.i1.neg1.get_long=1 err=0 v=-1
read.i1.neg1.get_size_t=0 err=125829245 v=0
read.i1.neg1.get_double=0 err=125829249 v=0
read.i1.neg1.get_BN=1 err=0 v=-01
read.i1.neg128.get_int32=1 err=0 v=-128
read.i1.neg128.get_uint32=0 err=125829245 v=0
read.i1.neg128.get_int64=1 err=0 v=-128
read.i1.neg128.get_uint64=0 err=125829245 v=0
read.i1.neg128.get_long=1 err=0 v=-128
read.i1.neg128.get_size_t=0 err=125829245 v=0
read.i1.neg128.get_double=0 err=125829249 v=0
read.i1.neg128.get_BN=1 err=0 v=-80
read.i1.pos127.get_int32=1 err=0 v=127
read.i1.pos127.get_uint32=1 err=0 v=127
read.i1.pos127.get_int64=1 err=0 v=127
read.i1.pos127.get_uint64=1 err=0 v=127
read.i1.pos127.get_long=1 err=0 v=127
read.i1.pos127.get_size_t=1 err=0 v=127
read.i1.pos127.get_double=0 err=125829249 v=0
read.i1.pos127.get_BN=1 err=0 v=7F
read.u1.255.get_int32=1 err=0 v=255
read.u1.255.get_uint32=1 err=0 v=255
read.u1.255.get_int64=1 err=0 v=255
read.u1.255.get_uint64=1 err=0 v=255
read.u1.255.get_long=1 err=0 v=255
read.u1.255.get_size_t=1 err=0 v=255
read.u1.255.get_double=0 err=125829249 v=0
read.u1.255.get_BN=1 err=0 v=FF
read.i3.neg8388608.get_int32=1 err=0 v=-8388608
read.i3.neg8388608.get_uint32=0 err=125829245 v=0
read.i3.neg8388608.get_int64=1 err=0 v=-8388608
read.i3.neg8388608.get_uint64=0 err=125829245 v=0
read.i3.neg8388608.get_long=1 err=0 v=-8388608
read.i3.neg8388608.get_size_t=0 err=125829245 v=0
read.i3.neg8388608.get_double=0 err=125829249 v=0
read.i3.neg8388608.get_BN=1 err=0 v=-800000
read.u3.16777215.get_int32=1 err=0 v=16777215
read.u3.16777215.get_uint32=1 err=0 v=16777215
read.u3.16777215.get_int64=1 err=0 v=16777215
read.u3.16777215.get_uint64=1 err=0 v=16777215
read.u3.16777215.get_long=1 err=0 v=16777215
read.u3.16777215.get_size_t=1 err=0 v=16777215
read.u3.16777215.get_double=0 err=125829249 v=0
read.u3.16777215.get_BN=1 err=0 v=FFFFFF
read.i2.neg2.get_int32=1 err=0 v=-2
read.i2.neg2.get_uint32=0 err=125829245 v=0
read.i2.neg2.get_int64=1 err=0 v=-2
read.i2.neg2.get_uint64=0 err=125829245 v=0
read.i2.neg2.get_long=1 err=0 v=-2
read.i2.neg2.get_size_t=0 err=125829245 v=0
read.i2.neg2.get_double=0 err=125829249 v=0
read.i2.neg2.get_BN=1 err=0 v=-02
read.u5.4294967296.get_int32=0 err=125829246 v=0
read.u5.4294967296.get_uint32=0 err=125829246 v=0
read.u5.4294967296.get_int64=1 err=0 v=4294967296
read.u5.4294967296.get_uint64=1 err=0 v=4294967296
read.u5.4294967296.get_long=1 err=0 v=4294967296
read.u5.4294967296.get_size_t=1 err=0 v=4294967296
read.u5.4294967296.get_double=0 err=125829249 v=0
read.u5.4294967296.get_BN=1 err=0 v=0100000000
read.i5.neg1.get_int32=1 err=0 v=-1
read.i5.neg1.get_uint32=0 err=125829245 v=0
read.i5.neg1.get_int64=1 err=0 v=-1
read.i5.neg1.get_uint64=0 err=125829245 v=0
read.i5.neg1.get_long=1 err=0 v=-1
read.i5.neg1.get_size_t=0 err=125829245 v=0
read.i5.neg1.get_double=0 err=125829249 v=0
read.i5.neg1.get_BN=1 err=0 v=-01
read.u9.one.get_int32=1 err=0 v=1
read.u9.one.get_uint32=1 err=0 v=1
read.u9.one.get_int64=1 err=0 v=1
read.u9.one.get_uint64=1 err=0 v=1
read.u9.one.get_long=1 err=0 v=1
read.u9.one.get_size_t=1 err=0 v=1
read.u9.one.get_double=0 err=125829249 v=0
read.u9.one.get_BN=1 err=0 v=01
real.0.get_int32=1 err=0 v=0
real.0.get_uint32=1 err=0 v=0
real.0.get_int64=1 err=0 v=0
real.0.get_uint64=1 err=0 v=0
real.1.get_int32=1 err=0 v=1
real.1.get_uint32=1 err=0 v=1
real.1.get_int64=1 err=0 v=1
real.1.get_uint64=1 err=0 v=1
real.2.get_int32=1 err=0 v=-1
real.2.get_uint32=0 err=125829243 v=0
real.2.get_int64=1 err=0 v=-1
real.2.get_uint64=0 err=125829243 v=0
real.3.get_int32=0 err=125829246 v=0
real.3.get_uint32=0 err=125829243 v=0
real.3.get_int64=0 err=125829243 v=0
real.3.get_uint64=0 err=125829243 v=0
real.4.get_int32=0 err=125829246 v=0
real.4.get_uint32=0 err=125829243 v=0
real.4.get_int64=0 err=125829243 v=0
real.4.get_uint64=0 err=125829243 v=0
real.5.get_int32=1 err=0 v=2
real.5.get_uint32=1 err=0 v=2
real.5.get_int64=1 err=0 v=2
real.5.get_uint64=1 err=0 v=2
real.6.get_int32=1 err=0 v=2147483647
real.6.get_uint32=1 err=0 v=2147483647
real.6.get_int64=1 err=0 v=2147483647
real.6.get_uint64=1 err=0 v=2147483647
real.7.get_int32=0 err=125829246 v=0
real.7.get_uint32=1 err=0 v=2147483648
real.7.get_int64=1 err=0 v=2147483648
real.7.get_uint64=1 err=0 v=2147483648
real.8.get_int32=0 err=125829246 v=0
real.8.get_uint32=1 err=0 v=4294967295
real.8.get_int64=1 err=0 v=4294967295
real.8.get_uint64=1 err=0 v=4294967295
real.9.get_int32=0 err=125829246 v=0
real.9.get_uint32=0 err=125829243 v=0
real.9.get_int64=1 err=0 v=4294967296
real.9.get_uint64=1 err=0 v=4294967296
real.10.get_int32=0 err=125829246 v=0
real.10.get_uint32=0 err=125829243 v=0
real.10.get_int64=0 err=125829243 v=0
real.10.get_uint64=1 err=0 v=9223372036854775808
real.11.get_int32=0 err=125829246 v=0
real.11.get_uint32=0 err=125829243 v=0
real.11.get_int64=1 err=0 v=1000000000000000000
real.11.get_uint64=1 err=0 v=1000000000000000000
real.12.get_int32=0 err=125829246 v=0
real.12.get_uint32=0 err=125829243 v=0
real.12.get_int64=0 err=125829243 v=0
real.12.get_uint64=1 err=0 v=10000000000000000000
real.13.get_int32=0 err=125829246 v=0
real.13.get_uint32=0 err=125829243 v=0
real.13.get_int64=0 err=125829243 v=0
real.13.get_uint64=0 err=125829243 v=0
bad.get_int32.null_val=0 err=126615810
bad.get_int32.null_param=0 err=126615810
bad.get_int32.wrong_type=0 err=125829249
bad.get_int32.real_wrong_width=0 err=125829250
bad.get_double.null_val=0 err=126615810
bad.get_double.wrong_type=0 err=125829249
bad.get_int32.null_data=0 err=126615810
bad.get_uint32.null_data=0 err=126615810
bad.get_int64.null_data=0 err=126615810
bad.get_uint64.null_data=0 err=126615810
bad.get_long.null_data=0 err=126615810
bad.get_ulong.null_data=0 err=126615810
bad.get_size_t.null_data=0 err=126615810
bad.get_time_t.null_data=0 err=126615810
bad.get_double.null_data=0 err=126615810
bad.get_BN.null_data=0 err=126615810
bad.get_BN.null_val=0 err=126615810
write.i4.set_int32.0=1 err=0 ret=4 bytes=00000000
write.i4.set_int32.1=1 err=0 ret=4 bytes=01000000
write.i4.set_int32.2=1 err=0 ret=4 bytes=ffffffff
write.i4.set_int32.3=1 err=0 ret=4 bytes=00000080
write.i4.set_int32.4=1 err=0 ret=4 bytes=ffffff7f
write.i4.set_uint32.0=1 err=0 ret=4 bytes=00000000
write.i4.set_uint32.1=1 err=0 ret=4 bytes=01000000
write.i4.set_uint32.2=1 err=0 ret=4 bytes=ffffff7f
write.i4.set_uint32.3=0 err=125829246 ret=4 bytes=aaaaaaaa
write.i4.set_uint32.4=0 err=125829246 ret=4 bytes=aaaaaaaa
write.i4.set_int64.0=1 err=0 ret=4 bytes=00000000
write.i4.set_int64.1=1 err=0 ret=4 bytes=01000000
write.i4.set_int64.2=1 err=0 ret=4 bytes=ffffffff
write.i4.set_int64.3=0 err=125829246 ret=0 bytes=aaaaaaaa
write.i4.set_int64.4=0 err=125829246 ret=0 bytes=aaaaaaaa
write.i4.set_int64.5=0 err=125829246 ret=0 bytes=aaaaaaaa
write.i4.set_uint64.0=1 err=0 ret=4 bytes=00000000
write.i4.set_uint64.1=1 err=0 ret=4 bytes=01000000
write.i4.set_uint64.2=0 err=125829246 ret=0 bytes=aaaaaaaa
write.i4.set_uint64.3=0 err=125829246 ret=0 bytes=aaaaaaaa
write.i4.set_uint64.4=0 err=125829246 ret=0 bytes=aaaaaaaa
write.i4.set_double.0=1 err=0 ret=4 bytes=00000000
write.i4.set_double.1=1 err=0 ret=4 bytes=01000000
write.i4.set_double.2=1 err=0 ret=4 bytes=ffffffff
write.i4.set_double.3=0 err=125829243 ret=0 bytes=aaaaaaaa
write.i4.set_double.4=1 err=0 ret=4 bytes=ffffff7f
write.i4.set_double.5=0 err=125829246 ret=0 bytes=aaaaaaaa
write.i4.set_double.6=0 err=125829246 ret=0 bytes=aaaaaaaa
write.i4.set_double.7=0 err=125829243 ret=0 bytes=aaaaaaaa
write.i4.set_double.8=0 err=125829243 ret=0 bytes=aaaaaaaa
write.i4.set_double.9=0 err=125829243 ret=0 bytes=aaaaaaaa
write.i4.set_int.-1=1 err=0 ret=4 bytes=ffffffff
write.i4.set_uint.7=1 err=0 ret=4 bytes=07000000
write.i4.set_long.-1=1 err=0 ret=4 bytes=ffffffff
write.i4.set_ulong.max=0 err=125829246 ret=0 bytes=aaaaaaaa
write.i4.set_size_t.1=1 err=0 ret=4 bytes=01000000
write.i4.set_time_t.1000000=1 err=0 ret=4 bytes=40420f00
write.i8.set_int32.0=1 err=0 ret=8 bytes=0000000000000000
write.i8.set_int32.1=1 err=0 ret=8 bytes=0100000000000000
write.i8.set_int32.2=1 err=0 ret=8 bytes=ffffffffffffffff
write.i8.set_int32.3=1 err=0 ret=8 bytes=00000080ffffffff
write.i8.set_int32.4=1 err=0 ret=8 bytes=ffffff7f00000000
write.i8.set_uint32.0=1 err=0 ret=8 bytes=0000000000000000
write.i8.set_uint32.1=1 err=0 ret=8 bytes=0100000000000000
write.i8.set_uint32.2=1 err=0 ret=8 bytes=ffffff7f00000000
write.i8.set_uint32.3=1 err=0 ret=8 bytes=0000008000000000
write.i8.set_uint32.4=1 err=0 ret=8 bytes=ffffffff00000000
write.i8.set_int64.0=1 err=0 ret=8 bytes=0000000000000000
write.i8.set_int64.1=1 err=0 ret=8 bytes=0100000000000000
write.i8.set_int64.2=1 err=0 ret=8 bytes=ffffffffffffffff
write.i8.set_int64.3=1 err=0 ret=8 bytes=0000000000000080
write.i8.set_int64.4=1 err=0 ret=8 bytes=ffffffffffffff7f
write.i8.set_int64.5=1 err=0 ret=8 bytes=0000008000000000
write.i8.set_uint64.0=1 err=0 ret=8 bytes=0000000000000000
write.i8.set_uint64.1=1 err=0 ret=8 bytes=0100000000000000
write.i8.set_uint64.2=1 err=0 ret=8 bytes=ffffffffffffff7f
write.i8.set_uint64.3=0 err=125829246 ret=0 bytes=aaaaaaaaaaaaaaaa
write.i8.set_uint64.4=0 err=125829246 ret=0 bytes=aaaaaaaaaaaaaaaa
write.i8.set_double.0=1 err=0 ret=8 bytes=0000000000000000
write.i8.set_double.1=1 err=0 ret=8 bytes=0100000000000000
write.i8.set_double.2=1 err=0 ret=8 bytes=ffffffffffffffff
write.i8.set_double.3=0 err=125829243 ret=0 bytes=aaaaaaaaaaaaaaaa
write.i8.set_double.4=1 err=0 ret=8 bytes=ffffff7f00000000
write.i8.set_double.5=1 err=0 ret=8 bytes=0000008000000000
write.i8.set_double.6=1 err=0 ret=8 bytes=0000000001000000
write.i8.set_double.7=0 err=125829243 ret=0 bytes=aaaaaaaaaaaaaaaa
write.i8.set_double.8=0 err=125829243 ret=0 bytes=aaaaaaaaaaaaaaaa
write.i8.set_double.9=0 err=125829243 ret=0 bytes=aaaaaaaaaaaaaaaa
write.i8.set_int.-1=1 err=0 ret=8 bytes=ffffffffffffffff
write.i8.set_uint.7=1 err=0 ret=8 bytes=0700000000000000
write.i8.set_long.-1=1 err=0 ret=8 bytes=ffffffffffffffff
write.i8.set_ulong.max=0 err=125829246 ret=0 bytes=aaaaaaaaaaaaaaaa
write.i8.set_size_t.1=1 err=0 ret=8 bytes=0100000000000000
write.i8.set_time_t.1000000=1 err=0 ret=8 bytes=40420f0000000000
write.i1.set_int32.0=1 err=0 ret=1 bytes=00
write.i1.set_int32.1=1 err=0 ret=1 bytes=01
write.i1.set_int32.2=1 err=0 ret=1 bytes=ff
write.i1.set_int32.3=0 err=125829246 ret=4 bytes=aa
write.i1.set_int32.4=0 err=125829246 ret=4 bytes=aa
write.i1.set_uint32.0=1 err=0 ret=1 bytes=00
write.i1.set_uint32.1=1 err=0 ret=1 bytes=01
write.i1.set_uint32.2=0 err=125829246 ret=4 bytes=aa
write.i1.set_uint32.3=0 err=125829246 ret=4 bytes=aa
write.i1.set_uint32.4=0 err=125829246 ret=4 bytes=aa
write.i1.set_int64.0=1 err=0 ret=1 bytes=00
write.i1.set_int64.1=1 err=0 ret=1 bytes=01
write.i1.set_int64.2=1 err=0 ret=1 bytes=ff
write.i1.set_int64.3=0 err=125829246 ret=8 bytes=aa
write.i1.set_int64.4=0 err=125829246 ret=8 bytes=aa
write.i1.set_int64.5=0 err=125829246 ret=8 bytes=aa
write.i1.set_uint64.0=1 err=0 ret=1 bytes=00
write.i1.set_uint64.1=1 err=0 ret=1 bytes=01
write.i1.set_uint64.2=0 err=125829246 ret=8 bytes=aa
write.i1.set_uint64.3=0 err=125829246 ret=8 bytes=aa
write.i1.set_uint64.4=0 err=125829246 ret=8 bytes=aa
write.i1.set_double.0=0 err=125829249 ret=0 bytes=aa
write.i1.set_double.1=0 err=125829249 ret=0 bytes=aa
write.i1.set_double.2=0 err=125829249 ret=0 bytes=aa
write.i1.set_double.3=0 err=125829243 ret=0 bytes=aa
write.i1.set_double.4=0 err=125829249 ret=0 bytes=aa
write.i1.set_double.5=0 err=125829249 ret=0 bytes=aa
write.i1.set_double.6=0 err=125829249 ret=0 bytes=aa
write.i1.set_double.7=0 err=125829243 ret=0 bytes=aa
write.i1.set_double.8=0 err=125829243 ret=0 bytes=aa
write.i1.set_double.9=0 err=125829243 ret=0 bytes=aa
write.i1.set_int.-1=1 err=0 ret=1 bytes=ff
write.i1.set_uint.7=1 err=0 ret=1 bytes=07
write.i1.set_long.-1=1 err=0 ret=1 bytes=ff
write.i1.set_ulong.max=0 err=125829246 ret=8 bytes=aa
write.i1.set_size_t.1=1 err=0 ret=1 bytes=01
write.i1.set_time_t.1000000=0 err=125829246 ret=8 bytes=aa
write.i3.set_int32.0=1 err=0 ret=3 bytes=000000
write.i3.set_int32.1=1 err=0 ret=3 bytes=010000
write.i3.set_int32.2=1 err=0 ret=3 bytes=ffffff
write.i3.set_int32.3=0 err=125829246 ret=4 bytes=aaaaaa
write.i3.set_int32.4=0 err=125829246 ret=4 bytes=aaaaaa
write.i3.set_uint32.0=1 err=0 ret=3 bytes=000000
write.i3.set_uint32.1=1 err=0 ret=3 bytes=010000
write.i3.set_uint32.2=0 err=125829246 ret=4 bytes=aaaaaa
write.i3.set_uint32.3=0 err=125829246 ret=4 bytes=aaaaaa
write.i3.set_uint32.4=0 err=125829246 ret=4 bytes=aaaaaa
write.i3.set_int64.0=1 err=0 ret=3 bytes=000000
write.i3.set_int64.1=1 err=0 ret=3 bytes=010000
write.i3.set_int64.2=1 err=0 ret=3 bytes=ffffff
write.i3.set_int64.3=0 err=125829246 ret=8 bytes=aaaaaa
write.i3.set_int64.4=0 err=125829246 ret=8 bytes=aaaaaa
write.i3.set_int64.5=0 err=125829246 ret=8 bytes=aaaaaa
write.i3.set_uint64.0=1 err=0 ret=3 bytes=000000
write.i3.set_uint64.1=1 err=0 ret=3 bytes=010000
write.i3.set_uint64.2=0 err=125829246 ret=8 bytes=aaaaaa
write.i3.set_uint64.3=0 err=125829246 ret=8 bytes=aaaaaa
write.i3.set_uint64.4=0 err=125829246 ret=8 bytes=aaaaaa
write.i3.set_double.0=0 err=125829249 ret=0 bytes=aaaaaa
write.i3.set_double.1=0 err=125829249 ret=0 bytes=aaaaaa
write.i3.set_double.2=0 err=125829249 ret=0 bytes=aaaaaa
write.i3.set_double.3=0 err=125829243 ret=0 bytes=aaaaaa
write.i3.set_double.4=0 err=125829249 ret=0 bytes=aaaaaa
write.i3.set_double.5=0 err=125829249 ret=0 bytes=aaaaaa
write.i3.set_double.6=0 err=125829249 ret=0 bytes=aaaaaa
write.i3.set_double.7=0 err=125829243 ret=0 bytes=aaaaaa
write.i3.set_double.8=0 err=125829243 ret=0 bytes=aaaaaa
write.i3.set_double.9=0 err=125829243 ret=0 bytes=aaaaaa
write.i3.set_int.-1=1 err=0 ret=3 bytes=ffffff
write.i3.set_uint.7=1 err=0 ret=3 bytes=070000
write.i3.set_long.-1=1 err=0 ret=3 bytes=ffffff
write.i3.set_ulong.max=0 err=125829246 ret=8 bytes=aaaaaa
write.i3.set_size_t.1=1 err=0 ret=3 bytes=010000
write.i3.set_time_t.1000000=1 err=0 ret=3 bytes=40420f
write.i_null.set_int32.0=1 err=0 ret=4
write.i_null.set_int32.1=1 err=0 ret=4
write.i_null.set_int32.2=1 err=0 ret=4
write.i_null.set_int32.3=1 err=0 ret=4
write.i_null.set_int32.4=1 err=0 ret=4
write.i_null.set_uint32.0=1 err=0 ret=4
write.i_null.set_uint32.1=1 err=0 ret=4
write.i_null.set_uint32.2=1 err=0 ret=4
write.i_null.set_uint32.3=1 err=0 ret=4
write.i_null.set_uint32.4=1 err=0 ret=4
write.i_null.set_int64.0=1 err=0 ret=8
write.i_null.set_int64.1=1 err=0 ret=8
write.i_null.set_int64.2=1 err=0 ret=8
write.i_null.set_int64.3=1 err=0 ret=8
write.i_null.set_int64.4=1 err=0 ret=8
write.i_null.set_int64.5=1 err=0 ret=8
write.i_null.set_uint64.0=1 err=0 ret=8
write.i_null.set_uint64.1=1 err=0 ret=8
write.i_null.set_uint64.2=1 err=0 ret=8
write.i_null.set_uint64.3=1 err=0 ret=8
write.i_null.set_uint64.4=1 err=0 ret=8
write.i_null.set_double.0=1 err=0 ret=8
write.i_null.set_double.1=1 err=0 ret=8
write.i_null.set_double.2=1 err=0 ret=8
write.i_null.set_double.3=1 err=0 ret=8
write.i_null.set_double.4=1 err=0 ret=8
write.i_null.set_double.5=1 err=0 ret=8
write.i_null.set_double.6=1 err=0 ret=8
write.i_null.set_double.7=1 err=0 ret=8
write.i_null.set_double.8=1 err=0 ret=8
write.i_null.set_double.9=1 err=0 ret=8
write.i_null.set_int.-1=1 err=0 ret=4
write.i_null.set_uint.7=1 err=0 ret=4
write.i_null.set_long.-1=1 err=0 ret=8
write.i_null.set_ulong.max=1 err=0 ret=8
write.i_null.set_size_t.1=1 err=0 ret=8
write.i_null.set_time_t.1000000=1 err=0 ret=8
write.u4.set_int32.0=1 err=0 ret=4 bytes=00000000
write.u4.set_int32.1=1 err=0 ret=4 bytes=01000000
write.u4.set_int32.2=0 err=125829249 ret=0 bytes=aaaaaaaa
write.u4.set_int32.3=0 err=125829249 ret=0 bytes=aaaaaaaa
write.u4.set_int32.4=1 err=0 ret=4 bytes=ffffff7f
write.u4.set_uint32.0=1 err=0 ret=4 bytes=00000000
write.u4.set_uint32.1=1 err=0 ret=4 bytes=01000000
write.u4.set_uint32.2=1 err=0 ret=4 bytes=ffffff7f
write.u4.set_uint32.3=1 err=0 ret=4 bytes=00000080
write.u4.set_uint32.4=1 err=0 ret=4 bytes=ffffffff
write.u4.set_int64.0=1 err=0 ret=4 bytes=00000000
write.u4.set_int64.1=1 err=0 ret=4 bytes=01000000
write.u4.set_int64.2=0 err=125829249 ret=0 bytes=aaaaaaaa
write.u4.set_int64.3=0 err=125829249 ret=0 bytes=aaaaaaaa
write.u4.set_int64.4=0 err=125829246 ret=0 bytes=aaaaaaaa
write.u4.set_int64.5=1 err=0 ret=4 bytes=00000080
write.u4.set_uint64.0=1 err=0 ret=4 bytes=00000000
write.u4.set_uint64.1=1 err=0 ret=4 bytes=01000000
write.u4.set_uint64.2=0 err=125829246 ret=0 bytes=aaaaaaaa
write.u4.set_uint64.3=0 err=125829246 ret=0 bytes=aaaaaaaa
write.u4.set_uint64.4=0 err=125829246 ret=0 bytes=aaaaaaaa
write.u4.set_double.0=1 err=0 ret=4 bytes=00000000
write.u4.set_double.1=1 err=0 ret=4 bytes=01000000
write.u4.set_double.2=0 err=125829243 ret=0 bytes=aaaaaaaa
write.u4.set_double.3=0 err=125829243 ret=0 bytes=aaaaaaaa
write.u4.set_double.4=1 err=0 ret=4 bytes=ffffff7f
write.u4.set_double.5=1 err=0 ret=4 bytes=00000080
write.u4.set_double.6=0 err=125829246 ret=0 bytes=aaaaaaaa
write.u4.set_double.7=0 err=125829246 ret=0 bytes=aaaaaaaa
write.u4.set_double.8=0 err=125829246 ret=0 bytes=aaaaaaaa
write.u4.set_double.9=0 err=125829243 ret=0 bytes=aaaaaaaa
write.u4.set_int.-1=0 err=125829249 ret=0 bytes=aaaaaaaa
write.u4.set_uint.7=1 err=0 ret=4 bytes=07000000
write.u4.set_long.-1=0 err=125829249 ret=0 bytes=aaaaaaaa
write.u4.set_ulong.max=0 err=125829246 ret=0 bytes=aaaaaaaa
write.u4.set_size_t.1=1 err=0 ret=4 bytes=01000000
write.u4.set_time_t.1000000=1 err=0 ret=4 bytes=40420f00
write.u8.set_int32.0=1 err=0 ret=8 bytes=0000000000000000
write.u8.set_int32.1=1 err=0 ret=8 bytes=0100000000000000
write.u8.set_int32.2=0 err=125829249 ret=0 bytes=aaaaaaaaaaaaaaaa
write.u8.set_int32.3=0 err=125829249 ret=0 bytes=aaaaaaaaaaaaaaaa
write.u8.set_int32.4=1 err=0 ret=8 bytes=ffffff7f00000000
write.u8.set_uint32.0=1 err=0 ret=8 bytes=0000000000000000
write.u8.set_uint32.1=1 err=0 ret=8 bytes=0100000000000000
write.u8.set_uint32.2=1 err=0 ret=8 bytes=ffffff7f00000000
write.u8.set_uint32.3=1 err=0 ret=8 bytes=0000008000000000
write.u8.set_uint32.4=1 err=0 ret=8 bytes=ffffffff00000000
write.u8.set_int64.0=1 err=0 ret=8 bytes=0000000000000000
write.u8.set_int64.1=1 err=0 ret=8 bytes=0100000000000000
write.u8.set_int64.2=0 err=125829249 ret=0 bytes=aaaaaaaaaaaaaaaa
write.u8.set_int64.3=0 err=125829249 ret=0 bytes=aaaaaaaaaaaaaaaa
write.u8.set_int64.4=1 err=0 ret=8 bytes=ffffffffffffff7f
write.u8.set_int64.5=1 err=0 ret=8 bytes=0000008000000000
write.u8.set_uint64.0=1 err=0 ret=8 bytes=0000000000000000
write.u8.set_uint64.1=1 err=0 ret=8 bytes=0100000000000000
write.u8.set_uint64.2=1 err=0 ret=8 bytes=ffffffffffffff7f
write.u8.set_uint64.3=1 err=0 ret=8 bytes=0000000000000080
write.u8.set_uint64.4=1 err=0 ret=8 bytes=ffffffffffffffff
write.u8.set_double.0=1 err=0 ret=8 bytes=0000000000000000
write.u8.set_double.1=1 err=0 ret=8 bytes=0100000000000000
write.u8.set_double.2=0 err=125829243 ret=0 bytes=aaaaaaaaaaaaaaaa
write.u8.set_double.3=0 err=125829243 ret=0 bytes=aaaaaaaaaaaaaaaa
write.u8.set_double.4=1 err=0 ret=8 bytes=ffffff7f00000000
write.u8.set_double.5=1 err=0 ret=8 bytes=0000008000000000
write.u8.set_double.6=1 err=0 ret=8 bytes=0000000001000000
write.u8.set_double.7=1 err=0 ret=8 bytes=0000000000000080
write.u8.set_double.8=1 err=0 ret=8 bytes=0000e8890423c78a
write.u8.set_double.9=0 err=125829243 ret=0 bytes=aaaaaaaaaaaaaaaa
write.u8.set_int.-1=0 err=125829249 ret=0 bytes=aaaaaaaaaaaaaaaa
write.u8.set_uint.7=1 err=0 ret=8 bytes=0700000000000000
write.u8.set_long.-1=0 err=125829249 ret=0 bytes=aaaaaaaaaaaaaaaa
write.u8.set_ulong.max=1 err=0 ret=8 bytes=ffffffffffffffff
write.u8.set_size_t.1=1 err=0 ret=8 bytes=0100000000000000
write.u8.set_time_t.1000000=1 err=0 ret=8 bytes=40420f0000000000
write.u1.set_int32.0=1 err=0 ret=1 bytes=00
write.u1.set_int32.1=1 err=0 ret=1 bytes=01
write.u1.set_int32.2=0 err=125829249 ret=0 bytes=aa
write.u1.set_int32.3=0 err=125829249 ret=0 bytes=aa
write.u1.set_int32.4=0 err=125829246 ret=4 bytes=aa
write.u1.set_uint32.0=1 err=0 ret=1 bytes=00
write.u1.set_uint32.1=1 err=0 ret=1 bytes=01
write.u1.set_uint32.2=0 err=125829246 ret=4 bytes=aa
write.u1.set_uint32.3=0 err=125829246 ret=4 bytes=aa
write.u1.set_uint32.4=0 err=125829246 ret=4 bytes=aa
write.u1.set_int64.0=1 err=0 ret=1 bytes=00
write.u1.set_int64.1=1 err=0 ret=1 bytes=01
write.u1.set_int64.2=0 err=125829249 ret=0 bytes=aa
write.u1.set_int64.3=0 err=125829249 ret=0 bytes=aa
write.u1.set_int64.4=0 err=125829246 ret=8 bytes=aa
write.u1.set_int64.5=0 err=125829246 ret=8 bytes=aa
write.u1.set_uint64.0=1 err=0 ret=1 bytes=00
write.u1.set_uint64.1=1 err=0 ret=1 bytes=01
write.u1.set_uint64.2=0 err=125829246 ret=8 bytes=aa
write.u1.set_uint64.3=0 err=125829246 ret=8 bytes=aa
write.u1.set_uint64.4=0 err=125829246 ret=8 bytes=aa
write.u1.set_double.0=0 err=125829249 ret=0 bytes=aa
write.u1.set_double.1=0 err=125829249 ret=0 bytes=aa
write.u1.set_double.2=0 err=125829243 ret=0 bytes=aa
write.u1.set_double.3=0 err=125829243 ret=0 bytes=aa
write.u1.set_double.4=0 err=125829249 ret=0 bytes=aa
write.u1.set_double.5=0 err=125829249 ret=0 bytes=aa
write.u1.set_double.6=0 err=125829249 ret=0 bytes=aa
write.u1.set_double.7=0 err=125829249 ret=0 bytes=aa
write.u1.set_double.8=0 err=125829249 ret=0 bytes=aa
write.u1.set_double.9=0 err=125829243 ret=0 bytes=aa
write.u1.set_int.-1=0 err=125829249 ret=0 bytes=aa
write.u1.set_uint.7=1 err=0 ret=1 bytes=07
write.u1.set_long.-1=0 err=125829249 ret=0 bytes=aa
write.u1.set_ulong.max=0 err=125829246 ret=8 bytes=aa
write.u1.set_size_t.1=1 err=0 ret=1 bytes=01
write.u1.set_time_t.1000000=0 err=125829246 ret=8 bytes=aa
write.u3.set_int32.0=1 err=0 ret=3 bytes=000000
write.u3.set_int32.1=1 err=0 ret=3 bytes=010000
write.u3.set_int32.2=0 err=125829249 ret=0 bytes=aaaaaa
write.u3.set_int32.3=0 err=125829249 ret=0 bytes=aaaaaa
write.u3.set_int32.4=0 err=125829246 ret=4 bytes=aaaaaa
write.u3.set_uint32.0=1 err=0 ret=3 bytes=000000
write.u3.set_uint32.1=1 err=0 ret=3 bytes=010000
write.u3.set_uint32.2=0 err=125829246 ret=4 bytes=aaaaaa
write.u3.set_uint32.3=0 err=125829246 ret=4 bytes=aaaaaa
write.u3.set_uint32.4=0 err=125829246 ret=4 bytes=aaaaaa
write.u3.set_int64.0=1 err=0 ret=3 bytes=000000
write.u3.set_int64.1=1 err=0 ret=3 bytes=010000
write.u3.set_int64.2=0 err=125829249 ret=0 bytes=aaaaaa
write.u3.set_int64.3=0 err=125829249 ret=0 bytes=aaaaaa
write.u3.set_int64.4=0 err=125829246 ret=8 bytes=aaaaaa
write.u3.set_int64.5=0 err=125829246 ret=8 bytes=aaaaaa
write.u3.set_uint64.0=1 err=0 ret=3 bytes=000000
write.u3.set_uint64.1=1 err=0 ret=3 bytes=010000
write.u3.set_uint64.2=0 err=125829246 ret=8 bytes=aaaaaa
write.u3.set_uint64.3=0 err=125829246 ret=8 bytes=aaaaaa
write.u3.set_uint64.4=0 err=125829246 ret=8 bytes=aaaaaa
write.u3.set_double.0=0 err=125829249 ret=0 bytes=aaaaaa
write.u3.set_double.1=0 err=125829249 ret=0 bytes=aaaaaa
write.u3.set_double.2=0 err=125829243 ret=0 bytes=aaaaaa
write.u3.set_double.3=0 err=125829243 ret=0 bytes=aaaaaa
write.u3.set_double.4=0 err=125829249 ret=0 bytes=aaaaaa
write.u3.set_double.5=0 err=125829249 ret=0 bytes=aaaaaa
write.u3.set_double.6=0 err=125829249 ret=0 bytes=aaaaaa
write.u3.set_double.7=0 err=125829249 ret=0 bytes=aaaaaa
write.u3.set_double.8=0 err=125829249 ret=0 bytes=aaaaaa
write.u3.set_double.9=0 err=125829243 ret=0 bytes=aaaaaa
write.u3.set_int.-1=0 err=125829249 ret=0 bytes=aaaaaa
write.u3.set_uint.7=1 err=0 ret=3 bytes=070000
write.u3.set_long.-1=0 err=125829249 ret=0 bytes=aaaaaa
write.u3.set_ulong.max=0 err=125829246 ret=8 bytes=aaaaaa
write.u3.set_size_t.1=1 err=0 ret=3 bytes=010000
write.u3.set_time_t.1000000=1 err=0 ret=3 bytes=40420f
write.u_null.set_int32.0=1 err=0 ret=4
write.u_null.set_int32.1=1 err=0 ret=4
write.u_null.set_int32.2=0 err=125829249 ret=0
write.u_null.set_int32.3=0 err=125829249 ret=0
write.u_null.set_int32.4=1 err=0 ret=4
write.u_null.set_uint32.0=1 err=0 ret=4
write.u_null.set_uint32.1=1 err=0 ret=4
write.u_null.set_uint32.2=1 err=0 ret=4
write.u_null.set_uint32.3=1 err=0 ret=4
write.u_null.set_uint32.4=1 err=0 ret=4
write.u_null.set_int64.0=1 err=0 ret=8
write.u_null.set_int64.1=1 err=0 ret=8
write.u_null.set_int64.2=0 err=125829249 ret=0
write.u_null.set_int64.3=0 err=125829249 ret=0
write.u_null.set_int64.4=1 err=0 ret=8
write.u_null.set_int64.5=1 err=0 ret=8
write.u_null.set_uint64.0=1 err=0 ret=8
write.u_null.set_uint64.1=1 err=0 ret=8
write.u_null.set_uint64.2=1 err=0 ret=8
write.u_null.set_uint64.3=1 err=0 ret=8
write.u_null.set_uint64.4=1 err=0 ret=8
write.u_null.set_double.0=1 err=0 ret=8
write.u_null.set_double.1=1 err=0 ret=8
write.u_null.set_double.2=1 err=0 ret=8
write.u_null.set_double.3=1 err=0 ret=8
write.u_null.set_double.4=1 err=0 ret=8
write.u_null.set_double.5=1 err=0 ret=8
write.u_null.set_double.6=1 err=0 ret=8
write.u_null.set_double.7=1 err=0 ret=8
write.u_null.set_double.8=1 err=0 ret=8
write.u_null.set_double.9=1 err=0 ret=8
write.u_null.set_int.-1=0 err=125829249 ret=0
write.u_null.set_uint.7=1 err=0 ret=4
write.u_null.set_long.-1=0 err=125829249 ret=0
write.u_null.set_ulong.max=1 err=0 ret=8
write.u_null.set_size_t.1=1 err=0 ret=8
write.u_null.set_time_t.1000000=1 err=0 ret=8
write.real.set_int32.0=1 err=0 ret=8 bytes=0000000000000000
write.real.set_int32.1=1 err=0 ret=8 bytes=000000000000f03f
write.real.set_int32.2=1 err=0 ret=8 bytes=000000000000f0bf
write.real.set_int32.3=1 err=0 ret=8 bytes=000000000000e0c1
write.real.set_int32.4=1 err=0 ret=8 bytes=0000c0ffffffdf41
write.real.set_uint32.0=1 err=0 ret=8 bytes=0000000000000000
write.real.set_uint32.1=1 err=0 ret=8 bytes=000000000000f03f
write.real.set_uint32.2=1 err=0 ret=8 bytes=0000c0ffffffdf41
write.real.set_uint32.3=1 err=0 ret=8 bytes=000000000000e041
write.real.set_uint32.4=1 err=0 ret=8 bytes=0000e0ffffffef41
write.real.set_int64.0=1 err=0 ret=8 bytes=0000000000000000
write.real.set_int64.1=1 err=0 ret=8 bytes=000000000000f03f
write.real.set_int64.2=1 err=0 ret=8 bytes=000000000000f0bf
write.real.set_int64.3=0 err=125829243 ret=0 bytes=aaaaaaaaaaaaaaaa
write.real.set_int64.4=0 err=125829243 ret=0 bytes=aaaaaaaaaaaaaaaa
write.real.set_int64.5=1 err=0 ret=8 bytes=000000000000e041
write.real.set_uint64.0=1 err=0 ret=8 bytes=0000000000000000
write.real.set_uint64.1=1 err=0 ret=8 bytes=000000000000f03f
write.real.set_uint64.2=0 err=125829243 ret=0 bytes=aaaaaaaaaaaaaaaa
write.real.set_uint64.3=0 err=125829243 ret=0 bytes=aaaaaaaaaaaaaaaa
write.real.set_uint64.4=0 err=125829243 ret=0 bytes=aaaaaaaaaaaaaaaa
write.real.set_double.0=1 err=0 ret=8 bytes=0000000000000000
write.real.set_double.1=1 err=0 ret=8 bytes=000000000000f03f
write.real.set_double.2=1 err=0 ret=8 bytes=000000000000f0bf
write.real.set_double.3=1 err=0 ret=8 bytes=000000000000f83f
write.real.set_double.4=1 err=0 ret=8 bytes=0000c0ffffffdf41
write.real.set_double.5=1 err=0 ret=8 bytes=000000000000e041
write.real.set_double.6=1 err=0 ret=8 bytes=000000000000f041
write.real.set_double.7=1 err=0 ret=8 bytes=000000000000e043
write.real.set_double.8=1 err=0 ret=8 bytes=003d9160e458e143
write.real.set_double.9=1 err=0 ret=8 bytes=0000000000000c40
write.real.set_int.-1=1 err=0 ret=8 bytes=000000000000f0bf
write.real.set_uint.7=1 err=0 ret=8 bytes=0000000000001c40
write.real.set_long.-1=1 err=0 ret=8 bytes=000000000000f0bf
write.real.set_ulong.max=0 err=125829243 ret=0 bytes=aaaaaaaaaaaaaaaa
write.real.set_size_t.1=1 err=0 ret=8 bytes=000000000000f03f
write.real.set_time_t.1000000=1 err=0 ret=8 bytes=0000000080842e41
write.real_null.set_int32.0=1 err=0 ret=8
write.real_null.set_int32.1=1 err=0 ret=8
write.real_null.set_int32.2=1 err=0 ret=8
write.real_null.set_int32.3=1 err=0 ret=8
write.real_null.set_int32.4=1 err=0 ret=8
write.real_null.set_uint32.0=1 err=0 ret=8
write.real_null.set_uint32.1=1 err=0 ret=8
write.real_null.set_uint32.2=1 err=0 ret=8
write.real_null.set_uint32.3=1 err=0 ret=8
write.real_null.set_uint32.4=1 err=0 ret=8
write.real_null.set_int64.0=1 err=0 ret=8
write.real_null.set_int64.1=1 err=0 ret=8
write.real_null.set_int64.2=1 err=0 ret=8
write.real_null.set_int64.3=1 err=0 ret=8
write.real_null.set_int64.4=1 err=0 ret=8
write.real_null.set_int64.5=1 err=0 ret=8
write.real_null.set_uint64.0=0 err=125829250 ret=0
write.real_null.set_uint64.1=0 err=125829250 ret=0
write.real_null.set_uint64.2=0 err=125829250 ret=0
write.real_null.set_uint64.3=0 err=125829250 ret=0
write.real_null.set_uint64.4=0 err=125829250 ret=0
write.real_null.set_double.0=1 err=0 ret=8
write.real_null.set_double.1=1 err=0 ret=8
write.real_null.set_double.2=1 err=0 ret=8
write.real_null.set_double.3=1 err=0 ret=8
write.real_null.set_double.4=1 err=0 ret=8
write.real_null.set_double.5=1 err=0 ret=8
write.real_null.set_double.6=1 err=0 ret=8
write.real_null.set_double.7=1 err=0 ret=8
write.real_null.set_double.8=1 err=0 ret=8
write.real_null.set_double.9=1 err=0 ret=8
write.real_null.set_int.-1=1 err=0 ret=8
write.real_null.set_uint.7=1 err=0 ret=8
write.real_null.set_long.-1=1 err=0 ret=8
write.real_null.set_ulong.max=0 err=125829250 ret=0
write.real_null.set_size_t.1=0 err=125829250 ret=0
write.real_null.set_time_t.1000000=1 err=0 ret=8
write.utf8.set_int32.0=0 err=125829249 ret=0 bytes=aaaaaaaaaaaaaaaa
write.utf8.set_int32.1=0 err=125829249 ret=0 bytes=aaaaaaaaaaaaaaaa
write.utf8.set_int32.2=0 err=125829249 ret=0 bytes=aaaaaaaaaaaaaaaa
write.utf8.set_int32.3=0 err=125829249 ret=0 bytes=aaaaaaaaaaaaaaaa
write.utf8.set_int32.4=0 err=125829249 ret=0 bytes=aaaaaaaaaaaaaaaa
write.utf8.set_uint32.0=0 err=125829249 ret=0 bytes=aaaaaaaaaaaaaaaa
write.utf8.set_uint32.1=0 err=125829249 ret=0 bytes=aaaaaaaaaaaaaaaa
write.utf8.set_uint32.2=0 err=125829249 ret=0 bytes=aaaaaaaaaaaaaaaa
write.utf8.set_uint32.3=0 err=125829249 ret=0 bytes=aaaaaaaaaaaaaaaa
write.utf8.set_uint32.4=0 err=125829249 ret=0 bytes=aaaaaaaaaaaaaaaa
write.utf8.set_int64.0=0 err=125829249 ret=0 bytes=aaaaaaaaaaaaaaaa
write.utf8.set_int64.1=0 err=125829249 ret=0 bytes=aaaaaaaaaaaaaaaa
write.utf8.set_int64.2=0 err=125829249 ret=0 bytes=aaaaaaaaaaaaaaaa
write.utf8.set_int64.3=0 err=125829249 ret=0 bytes=aaaaaaaaaaaaaaaa
write.utf8.set_int64.4=0 err=125829249 ret=0 bytes=aaaaaaaaaaaaaaaa
write.utf8.set_int64.5=0 err=125829249 ret=0 bytes=aaaaaaaaaaaaaaaa
write.utf8.set_uint64.0=0 err=125829249 ret=0 bytes=aaaaaaaaaaaaaaaa
write.utf8.set_uint64.1=0 err=125829249 ret=0 bytes=aaaaaaaaaaaaaaaa
write.utf8.set_uint64.2=0 err=125829249 ret=0 bytes=aaaaaaaaaaaaaaaa
write.utf8.set_uint64.3=0 err=125829249 ret=0 bytes=aaaaaaaaaaaaaaaa
write.utf8.set_uint64.4=0 err=125829249 ret=0 bytes=aaaaaaaaaaaaaaaa
write.utf8.set_double.0=0 err=125829249 ret=0 bytes=aaaaaaaaaaaaaaaa
write.utf8.set_double.1=0 err=125829249 ret=0 bytes=aaaaaaaaaaaaaaaa
write.utf8.set_double.2=0 err=125829249 ret=0 bytes=aaaaaaaaaaaaaaaa
write.utf8.set_double.3=0 err=125829249 ret=0 bytes=aaaaaaaaaaaaaaaa
write.utf8.set_double.4=0 err=125829249 ret=0 bytes=aaaaaaaaaaaaaaaa
write.utf8.set_double.5=0 err=125829249 ret=0 bytes=aaaaaaaaaaaaaaaa
write.utf8.set_double.6=0 err=125829249 ret=0 bytes=aaaaaaaaaaaaaaaa
write.utf8.set_double.7=0 err=125829249 ret=0 bytes=aaaaaaaaaaaaaaaa
write.utf8.set_double.8=0 err=125829249 ret=0 bytes=aaaaaaaaaaaaaaaa
write.utf8.set_double.9=0 err=125829249 ret=0 bytes=aaaaaaaaaaaaaaaa
write.utf8.set_int.-1=0 err=125829249 ret=0 bytes=aaaaaaaaaaaaaaaa
write.utf8.set_uint.7=0 err=125829249 ret=0 bytes=aaaaaaaaaaaaaaaa
write.utf8.set_long.-1=0 err=125829249 ret=0 bytes=aaaaaaaaaaaaaaaa
write.utf8.set_ulong.max=0 err=125829249 ret=0 bytes=aaaaaaaaaaaaaaaa
write.utf8.set_size_t.1=0 err=125829249 ret=0 bytes=aaaaaaaaaaaaaaaa
write.utf8.set_time_t.1000000=0 err=125829249 ret=0 bytes=aaaaaaaaaaaaaaaa
write.octet.set_int32.0=0 err=125829249 ret=0 bytes=aaaaaaaaaaaaaaaa
write.octet.set_int32.1=0 err=125829249 ret=0 bytes=aaaaaaaaaaaaaaaa
write.octet.set_int32.2=0 err=125829249 ret=0 bytes=aaaaaaaaaaaaaaaa
write.octet.set_int32.3=0 err=125829249 ret=0 bytes=aaaaaaaaaaaaaaaa
write.octet.set_int32.4=0 err=125829249 ret=0 bytes=aaaaaaaaaaaaaaaa
write.octet.set_uint32.0=0 err=125829249 ret=0 bytes=aaaaaaaaaaaaaaaa
write.octet.set_uint32.1=0 err=125829249 ret=0 bytes=aaaaaaaaaaaaaaaa
write.octet.set_uint32.2=0 err=125829249 ret=0 bytes=aaaaaaaaaaaaaaaa
write.octet.set_uint32.3=0 err=125829249 ret=0 bytes=aaaaaaaaaaaaaaaa
write.octet.set_uint32.4=0 err=125829249 ret=0 bytes=aaaaaaaaaaaaaaaa
write.octet.set_int64.0=0 err=125829249 ret=0 bytes=aaaaaaaaaaaaaaaa
write.octet.set_int64.1=0 err=125829249 ret=0 bytes=aaaaaaaaaaaaaaaa
write.octet.set_int64.2=0 err=125829249 ret=0 bytes=aaaaaaaaaaaaaaaa
write.octet.set_int64.3=0 err=125829249 ret=0 bytes=aaaaaaaaaaaaaaaa
write.octet.set_int64.4=0 err=125829249 ret=0 bytes=aaaaaaaaaaaaaaaa
write.octet.set_int64.5=0 err=125829249 ret=0 bytes=aaaaaaaaaaaaaaaa
write.octet.set_uint64.0=0 err=125829249 ret=0 bytes=aaaaaaaaaaaaaaaa
write.octet.set_uint64.1=0 err=125829249 ret=0 bytes=aaaaaaaaaaaaaaaa
write.octet.set_uint64.2=0 err=125829249 ret=0 bytes=aaaaaaaaaaaaaaaa
write.octet.set_uint64.3=0 err=125829249 ret=0 bytes=aaaaaaaaaaaaaaaa
write.octet.set_uint64.4=0 err=125829249 ret=0 bytes=aaaaaaaaaaaaaaaa
write.octet.set_double.0=0 err=125829249 ret=0 bytes=aaaaaaaaaaaaaaaa
write.octet.set_double.1=0 err=125829249 ret=0 bytes=aaaaaaaaaaaaaaaa
write.octet.set_double.2=0 err=125829249 ret=0 bytes=aaaaaaaaaaaaaaaa
write.octet.set_double.3=0 err=125829249 ret=0 bytes=aaaaaaaaaaaaaaaa
write.octet.set_double.4=0 err=125829249 ret=0 bytes=aaaaaaaaaaaaaaaa
write.octet.set_double.5=0 err=125829249 ret=0 bytes=aaaaaaaaaaaaaaaa
write.octet.set_double.6=0 err=125829249 ret=0 bytes=aaaaaaaaaaaaaaaa
write.octet.set_double.7=0 err=125829249 ret=0 bytes=aaaaaaaaaaaaaaaa
write.octet.set_double.8=0 err=125829249 ret=0 bytes=aaaaaaaaaaaaaaaa
write.octet.set_double.9=0 err=125829249 ret=0 bytes=aaaaaaaaaaaaaaaa
write.octet.set_int.-1=0 err=125829249 ret=0 bytes=aaaaaaaaaaaaaaaa
write.octet.set_uint.7=0 err=125829249 ret=0 bytes=aaaaaaaaaaaaaaaa
write.octet.set_long.-1=0 err=125829249 ret=0 bytes=aaaaaaaaaaaaaaaa
write.octet.set_ulong.max=0 err=125829249 ret=0 bytes=aaaaaaaaaaaaaaaa
write.octet.set_size_t.1=0 err=125829249 ret=0 bytes=aaaaaaaaaaaaaaaa
write.octet.set_time_t.1000000=0 err=125829249 ret=0 bytes=aaaaaaaaaaaaaaaa
write.octet_ptr.set_int32.0=0 err=125829249 ret=0 bytes=aaaaaaaaaaaaaaaa
write.octet_ptr.set_int32.1=0 err=125829249 ret=0 bytes=aaaaaaaaaaaaaaaa
write.octet_ptr.set_int32.2=0 err=125829249 ret=0 bytes=aaaaaaaaaaaaaaaa
write.octet_ptr.set_int32.3=0 err=125829249 ret=0 bytes=aaaaaaaaaaaaaaaa
write.octet_ptr.set_int32.4=0 err=125829249 ret=0 bytes=aaaaaaaaaaaaaaaa
write.octet_ptr.set_uint32.0=0 err=125829249 ret=0 bytes=aaaaaaaaaaaaaaaa
write.octet_ptr.set_uint32.1=0 err=125829249 ret=0 bytes=aaaaaaaaaaaaaaaa
write.octet_ptr.set_uint32.2=0 err=125829249 ret=0 bytes=aaaaaaaaaaaaaaaa
write.octet_ptr.set_uint32.3=0 err=125829249 ret=0 bytes=aaaaaaaaaaaaaaaa
write.octet_ptr.set_uint32.4=0 err=125829249 ret=0 bytes=aaaaaaaaaaaaaaaa
write.octet_ptr.set_int64.0=0 err=125829249 ret=0 bytes=aaaaaaaaaaaaaaaa
write.octet_ptr.set_int64.1=0 err=125829249 ret=0 bytes=aaaaaaaaaaaaaaaa
write.octet_ptr.set_int64.2=0 err=125829249 ret=0 bytes=aaaaaaaaaaaaaaaa
write.octet_ptr.set_int64.3=0 err=125829249 ret=0 bytes=aaaaaaaaaaaaaaaa
write.octet_ptr.set_int64.4=0 err=125829249 ret=0 bytes=aaaaaaaaaaaaaaaa
write.octet_ptr.set_int64.5=0 err=125829249 ret=0 bytes=aaaaaaaaaaaaaaaa
write.octet_ptr.set_uint64.0=0 err=125829249 ret=0 bytes=aaaaaaaaaaaaaaaa
write.octet_ptr.set_uint64.1=0 err=125829249 ret=0 bytes=aaaaaaaaaaaaaaaa
write.octet_ptr.set_uint64.2=0 err=125829249 ret=0 bytes=aaaaaaaaaaaaaaaa
write.octet_ptr.set_uint64.3=0 err=125829249 ret=0 bytes=aaaaaaaaaaaaaaaa
write.octet_ptr.set_uint64.4=0 err=125829249 ret=0 bytes=aaaaaaaaaaaaaaaa
write.octet_ptr.set_double.0=0 err=125829249 ret=0 bytes=aaaaaaaaaaaaaaaa
write.octet_ptr.set_double.1=0 err=125829249 ret=0 bytes=aaaaaaaaaaaaaaaa
write.octet_ptr.set_double.2=0 err=125829249 ret=0 bytes=aaaaaaaaaaaaaaaa
write.octet_ptr.set_double.3=0 err=125829249 ret=0 bytes=aaaaaaaaaaaaaaaa
write.octet_ptr.set_double.4=0 err=125829249 ret=0 bytes=aaaaaaaaaaaaaaaa
write.octet_ptr.set_double.5=0 err=125829249 ret=0 bytes=aaaaaaaaaaaaaaaa
write.octet_ptr.set_double.6=0 err=125829249 ret=0 bytes=aaaaaaaaaaaaaaaa
write.octet_ptr.set_double.7=0 err=125829249 ret=0 bytes=aaaaaaaaaaaaaaaa
write.octet_ptr.set_double.8=0 err=125829249 ret=0 bytes=aaaaaaaaaaaaaaaa
write.octet_ptr.set_double.9=0 err=125829249 ret=0 bytes=aaaaaaaaaaaaaaaa
write.octet_ptr.set_int.-1=0 err=125829249 ret=0 bytes=aaaaaaaaaaaaaaaa
write.octet_ptr.set_uint.7=0 err=125829249 ret=0 bytes=aaaaaaaaaaaaaaaa
write.octet_ptr.set_long.-1=0 err=125829249 ret=0 bytes=aaaaaaaaaaaaaaaa
write.octet_ptr.set_ulong.max=0 err=125829249 ret=0 bytes=aaaaaaaaaaaaaaaa
write.octet_ptr.set_size_t.1=0 err=125829249 ret=0 bytes=aaaaaaaaaaaaaaaa
write.octet_ptr.set_time_t.1000000=0 err=125829249 ret=0 bytes=aaaaaaaaaaaaaaaa
write.utf8_ptr.set_int32.0=0 err=125829249 ret=0 bytes=aaaaaaaaaaaaaaaa
write.utf8_ptr.set_int32.1=0 err=125829249 ret=0 bytes=aaaaaaaaaaaaaaaa
write.utf8_ptr.set_int32.2=0 err=125829249 ret=0 bytes=aaaaaaaaaaaaaaaa
write.utf8_ptr.set_int32.3=0 err=125829249 ret=0 bytes=aaaaaaaaaaaaaaaa
write.utf8_ptr.set_int32.4=0 err=125829249 ret=0 bytes=aaaaaaaaaaaaaaaa
write.utf8_ptr.set_uint32.0=0 err=125829249 ret=0 bytes=aaaaaaaaaaaaaaaa
write.utf8_ptr.set_uint32.1=0 err=125829249 ret=0 bytes=aaaaaaaaaaaaaaaa
write.utf8_ptr.set_uint32.2=0 err=125829249 ret=0 bytes=aaaaaaaaaaaaaaaa
write.utf8_ptr.set_uint32.3=0 err=125829249 ret=0 bytes=aaaaaaaaaaaaaaaa
write.utf8_ptr.set_uint32.4=0 err=125829249 ret=0 bytes=aaaaaaaaaaaaaaaa
write.utf8_ptr.set_int64.0=0 err=125829249 ret=0 bytes=aaaaaaaaaaaaaaaa
write.utf8_ptr.set_int64.1=0 err=125829249 ret=0 bytes=aaaaaaaaaaaaaaaa
write.utf8_ptr.set_int64.2=0 err=125829249 ret=0 bytes=aaaaaaaaaaaaaaaa
write.utf8_ptr.set_int64.3=0 err=125829249 ret=0 bytes=aaaaaaaaaaaaaaaa
write.utf8_ptr.set_int64.4=0 err=125829249 ret=0 bytes=aaaaaaaaaaaaaaaa
write.utf8_ptr.set_int64.5=0 err=125829249 ret=0 bytes=aaaaaaaaaaaaaaaa
write.utf8_ptr.set_uint64.0=0 err=125829249 ret=0 bytes=aaaaaaaaaaaaaaaa
write.utf8_ptr.set_uint64.1=0 err=125829249 ret=0 bytes=aaaaaaaaaaaaaaaa
write.utf8_ptr.set_uint64.2=0 err=125829249 ret=0 bytes=aaaaaaaaaaaaaaaa
write.utf8_ptr.set_uint64.3=0 err=125829249 ret=0 bytes=aaaaaaaaaaaaaaaa
write.utf8_ptr.set_uint64.4=0 err=125829249 ret=0 bytes=aaaaaaaaaaaaaaaa
write.utf8_ptr.set_double.0=0 err=125829249 ret=0 bytes=aaaaaaaaaaaaaaaa
write.utf8_ptr.set_double.1=0 err=125829249 ret=0 bytes=aaaaaaaaaaaaaaaa
write.utf8_ptr.set_double.2=0 err=125829249 ret=0 bytes=aaaaaaaaaaaaaaaa
write.utf8_ptr.set_double.3=0 err=125829249 ret=0 bytes=aaaaaaaaaaaaaaaa
write.utf8_ptr.set_double.4=0 err=125829249 ret=0 bytes=aaaaaaaaaaaaaaaa
write.utf8_ptr.set_double.5=0 err=125829249 ret=0 bytes=aaaaaaaaaaaaaaaa
write.utf8_ptr.set_double.6=0 err=125829249 ret=0 bytes=aaaaaaaaaaaaaaaa
write.utf8_ptr.set_double.7=0 err=125829249 ret=0 bytes=aaaaaaaaaaaaaaaa
write.utf8_ptr.set_double.8=0 err=125829249 ret=0 bytes=aaaaaaaaaaaaaaaa
write.utf8_ptr.set_double.9=0 err=125829249 ret=0 bytes=aaaaaaaaaaaaaaaa
write.utf8_ptr.set_int.-1=0 err=125829249 ret=0 bytes=aaaaaaaaaaaaaaaa
write.utf8_ptr.set_uint.7=0 err=125829249 ret=0 bytes=aaaaaaaaaaaaaaaa
write.utf8_ptr.set_long.-1=0 err=125829249 ret=0 bytes=aaaaaaaaaaaaaaaa
write.utf8_ptr.set_ulong.max=0 err=125829249 ret=0 bytes=aaaaaaaaaaaaaaaa
write.utf8_ptr.set_size_t.1=0 err=125829249 ret=0 bytes=aaaaaaaaaaaaaaaa
write.utf8_ptr.set_time_t.1000000=0 err=125829249 ret=0 bytes=aaaaaaaaaaaaaaaa
bad.set_int32.null=0 err=126615810
bad.set_uint32.null=0 err=126615810
bad.set_int64.null=0 err=126615810
bad.set_uint64.null=0 err=126615810
bad.set_double.null=0 err=126615810
bad.set_int.null=0 err=126615810
bad.set_uint.null=0 err=126615810
bad.set_long.null=0 err=126615810
bad.set_ulong.null=0 err=126615810
bad.set_size_t.null=0 err=126615810
bad.set_time_t.null=0 err=126615810
bad.set_utf8_string.null_param=0 err=126615810
bad.set_octet_string.null_param=0 err=126615810
bad.set_utf8_ptr.null_param=0 err=126615810
bad.set_octet_ptr.null_param=0 err=126615810
bad.set_octet_string_or_ptr.null=0 err=126615810
bad.set_BN.null_param=0 err=126615810
str.utf8.size0_construct.is_measured=12 err=0
str.utf8.size0_construct.is_measured_long=12 err=0
str.utf8.set.abc=1 err=0
str.utf8.return_size=3 err=0
str.utf8.bytes=61626300aa
str.utf8.get.max16=1 err=0
str.utf8.get.value=abc err=0
str.utf8.set.exact_fit=1 err=0
str.utf8.set.exact_fit.return_size=4 err=0
str.utf8.set.exact_fit.bytes=61626364
str.utf8.set.too_small=0 err=125829236
str.utf8.set.too_small.return_size=4 err=0
str.utf8.set.size_query=1 err=0
str.utf8.set.size_query.return_size=6 err=0
str.utf8.set.wrong_type=0 err=125829249
str.utf8.set.null_value=0 err=126615810
str.octet.set.wrong_type=0 err=125829249
str.octet.set.null_value=0 err=126615810
str.octet.set.3=1 err=0
str.octet.return_size=3 err=0
str.octet.bytes=000102aa
str.octet.set.empty=1 err=0
str.octet.set.empty.return_size=0 err=0
str.octet.set.too_small=0 err=125829236
str.octet.set.too_small.return_size=3 err=0
str.octet.set.size_query=1 err=0
str.octet.set.size_query.return_size=3 err=0
str.octet.get.null_val=1 err=0
str.octet.get.null_val.used_len=3 err=0
str.octet.get.allocates=1 err=0
str.octet.get.allocated_used_len=3 err=0
str.octet.get.allocated_value=78797a
str.octet.get.too_small=0 err=125829236
str.octet.get.exact=1 err=0
str.octet.get.exact.used_len=3 err=0
str.octet.get.exact.dst_moved=1 err=0
str.octet.get.exact.bytes=78797a
str.octet.get.wrong_type=0 err=125829249
str.octet.get.null_val_and_null_used=0 err=126615810
ptr.utf8.get=1 err=0
ptr.utf8.get.value=hello err=0
ptr.utf8.set=1 err=0
ptr.utf8.set.return_size=5 err=0
ptr.utf8.set.value=world err=0
ptr.utf8.set.null=1 err=0
ptr.utf8.set.null.return_size=0 err=0
ptr.octet.set=1 err=0
ptr.octet.get=1 err=0
ptr.octet.get.used_len=3 err=0
ptr.octet.set.null_buffer=1 err=0
ptr.utf8.get.wrong_type=0 err=125829249
ptr.octet.get.wrong_type=0 err=125829249
ptr.utf8.get.null_val=0 err=126615810
strptr.utf8.from_string=1 err=0
strptr.utf8.from_string.value=shared err=0
strptr.utf8.from_ptr=1 err=0
strptr.utf8.from_ptr.value=shared err=0
strptr.utf8.wrong_type=0 err=125829249
strptr.utf8.null_val=0 err=126615810
strptr.octet.from_string=1 err=0
strptr.octet.from_string.used_len=6 err=0
strptr.octet.from_ptr=1 err=0
strptr.octet.from_ptr.used_len=6 err=0
strptr.octet.null_val=0 err=126615810
strptr.set_or_ptr.on_string=1 err=0
strptr.set_or_ptr.on_ptr=1 err=0
strptr.set_or_ptr.on_int=0 err=125829249
bn.setup.hex2bn=16 err=0
bn.set.unsigned=1 err=0
bn.set.unsigned.return_size=32 err=0
bn.set.unsigned.bytes=0807060504030201
bn.set.signed=1 err=0
bn.set.signed.return_size=32 err=0
bn.set.signed.one_short=0 err=125829236
bn.set.signed.one_short.return_size=9 err=0
bn.set.size_query=1 err=0
bn.set.size_query.return_size=8 err=0
bn.set.zero.unsigned_size_query=1 err=0
bn.set.zero.unsigned_size_query.return_size=1 err=0
bn.set.zero.signed_size_query=1 err=0
bn.set.zero.signed_size_query.return_size=1 err=0
bn.set.negative_into_unsigned=0 err=125829249
bn.set.negative_into_signed=1 err=0
bn.set.negative_into_signed.return_size=32 err=0
bn.set.negative_into_signed.bytes=11415221ffffffffffffffffffffffffffffffffffffffffffffffffffffffff
bn.get.negative_round_trip=1 err=0
bn.get.negative_round_trip.value=-DEADBEEF err=0
bn.get.all_ff_signed=1 err=0
bn.get.all_ff_signed.value=-01 err=0
bn.get.all_ff_unsigned=1 err=0
bn.get.all_ff_unsigned.value=FFFFFFFFFFFFFFFF err=0
bn.set.null_value=0 err=126615810
bn.set.wrong_type=0 err=125829249
bn.get.wrong_type=0 err=125829249
dup.result=nonnull err=125829249
dup.entry0.return_size=4 err=0
dup.entry0.modified=1 err=0
dup.entry0.key_aliases_source=same err=0
dup.entry0.data_is_own=different err=0
dup.entry0.value=287454020 err=0
dup.entry1.data_size=8 err=0
dup.entry1.value_copied=equal err=0
dup.entry2.value=abc err=0
dup.entry2.data_size=3 err=0
dup.freed=1 err=0
dup.null=NULL err=126615810
merge.result=nonnull err=0
merge.keys=ALPHA,Bravo,charlie
merge.collision_takes_second=0 err=0
merge.non_collision_keeps_first=1 err=0
merge.both_null=NULL err=126615810
merge.two_empty=NULL err=125829251
merge.one_null=nonnull err=0
merge.other_null=nonnull err=0
merge.other_null.count=2 err=0
text.0.int rc=1 found=1 type=1 size=4 ret=18446744073709551615 bytes=2a000000
text.1.int rc=1 found=1 type=1 size=4 ret=18446744073709551615 bytes=d6ffffff
text.2.int rc=1 found=1 type=1 size=4 ret=18446744073709551615 bytes=ffffff7f
text.3.int rc=0 found=1 err=125829236
text.4.int8 rc=1 found=1 type=1 size=8 ret=18446744073709551615 bytes=03ffffffffffffff
text.5.int8 rc=1 found=1 type=1 size=8 ret=18446744073709551615 bytes=0000000000000080
text.6.int8 rc=1 found=1 type=1 size=8 ret=18446744073709551615 bytes=ffffffffffffff7f
text.7.uint rc=1 found=1 type=2 size=4 ret=18446744073709551615 bytes=07000000
text.8.uint rc=0 found=1 err=125829242
text.9.uint rc=0 found=1 err=125829236
text.10.uint8 rc=1 found=1 type=2 size=8 ret=18446744073709551615 bytes=ffffffffffffffff
text.11.hexint rc=1 found=1 type=1 size=4 ret=18446744073709551615 bytes=ff000000
text.12.hexint rc=1 found=1 type=1 size=4 ret=18446744073709551615 bytes=01ffffff
text.13.freeint rc=1 found=1 type=1 size=2 ret=18446744073709551615 bytes=8000
text.14.freeint rc=1 found=1 type=1 size=1 ret=18446744073709551615 bytes=80
text.15.freeuint rc=1 found=1 type=2 size=1 ret=18446744073709551615 bytes=ff
text.16.str rc=1 found=1 type=4 size=5 ret=18446744073709551615 bytes=68656c6c6f
text.string_value=hello err=0
text.17.str rc=1 found=1 type=4 size=0 ret=18446744073709551615 bytes=
text.string_value= err=0
text.18.hexstr rc=0 found=1 err=126353670
text.19.oct rc=1 found=1 type=5 size=3 ret=18446744073709551615 bytes=616263
text.20.oct rc=1 found=1 type=5 size=0 ret=18446744073709551615 bytes=
text.21.hexoct rc=1 found=1 type=5 size=2 ret=18446744073709551615 bytes=0102
text.22.hexoct rc=0 found=1 err=125829223
text.23.hexoct rc=0 found=1 err=125829222
text.24.absent rc=0 found=0 err=0
text.null_to=0 err=0
text.null_defs=0 err=0
text.found_optional=1 err=0
text.found_optional.size=4 err=0
bld.new=nonnull err=0
bld.push_int=1 err=0
bld.push_uint=1 err=0
bld.push_long=1 err=0
bld.push_ulong=1 err=0
bld.push_int32=1 err=0
bld.push_uint32=1 err=0
bld.push_int64=1 err=0
bld.push_uint64=1 err=0
bld.push_size_t=1 err=0
bld.push_time_t=1 err=0
bld.push_double=1 err=0
bld.push_utf8_string=1 err=0
bld.push_octet_string=1 err=0
bld.push_utf8_ptr=1 err=0
bld.push_octet_ptr=1 err=0
bld.to_param=nonnull err=0
bld.out.i type=1 size=4 ret=18446744073709551615 bytes=f9ffffff
bld.out.u type=2 size=4 ret=18446744073709551615 bytes=07000000
bld.out.l type=1 size=8 ret=18446744073709551615 bytes=f8ffffffffffffff
bld.out.ul type=2 size=8 ret=18446744073709551615 bytes=0800000000000000
bld.out.i32 type=1 size=4 ret=18446744073709551615 bytes=f7ffffff
bld.out.u32 type=2 size=4 ret=18446744073709551615 bytes=09000000
bld.out.i64 type=1 size=8 ret=18446744073709551615 bytes=f6ffffffffffffff
bld.out.u64 type=2 size=8 ret=18446744073709551615 bytes=0a00000000000000
bld.out.sz type=2 size=8 ret=18446744073709551615 bytes=0b00000000000000
bld.out.tt type=1 size=8 ret=18446744073709551615 bytes=0c00000000000000
bld.out.d type=3 size=8 ret=18446744073709551615 bytes=000000000000f83f
bld.out.s type=4 size=3 ret=18446744073709551615 bytes=616263
bld.out.o type=5 size=3 ret=18446744073709551615 bytes=010203
bld.out.sp type=6 size=3 ret=18446744073709551615 target=abc
bld.out.op type=7 size=3 ret=18446744073709551615 target=010203
bld.read.i=1 err=0
bld.read.i.value=-7 err=0
bld.read.u64=1 err=0
bld.read.u64.value=10 err=0
bld.read.d=1 err=0
bld.read.d.value=1.5 err=0
bld.read.s.value=abc err=0
bld.read.sp=1 err=0
bld.read.sp.value=abc err=0
bld.read.op=1 err=0
bld.read.op.used_len=3 err=0
bld.push_again=1 err=0
bld.to_param.again.count=1 err=0
bld.to_param.empty=nonnull err=0
bld.to_param.empty.is_terminated=1 err=0
bld.push_int.null_bld=0 err=126615810
bld.push_int.null_key=0 err=126615810
bld.push_utf8_string.null_buf=0 err=126615810
bld.push_utf8_ptr.null_buf=0 err=126615810
bld.push_octet_string.null_buf_zero_len=1 err=0
bld.push_octet_string.null_buf_nonzero_len=0 err=126615810
bld.push_octet_ptr.null_buf_nonzero_len=0 err=126615810
bld.to_param.null=NULL err=126615810
bld.after_refusals.empty=0 err=0
bld.free.null=1 err=0
bld.push_BN.positive=1 err=0
bld.push_BN.negative=1 err=0
bld.push_BN.null=1 err=0
bld.push_BN_pad.pad_to_16=1 err=0
bld.push_BN_pad.negative_ignores_sz=1 err=0
bld.push_BN_pad.too_small=0 err=125829236
bld.bn.p type=2 size=5 ret=18446744073709551615 bytes=0504030201
bld.bn.n type=1 size=3 ret=18446744073709551615 bytes=fefeff
bld.bn.z type=2 size=0 ret=18446744073709551615 bytes=
bld.bn.pad type=2 size=16 ret=18446744073709551615 bytes=05040302010000000000000000000000
bld.bn.padn type=1 size=2 ret=18446744073709551615 bytes=NOT_COMPARABLE_AUTHORITY_UNINITIALISED
print.keys.rc=1 err=0
print.keys.len=32
print.keys.text=i: \ni64: \no: \ns: \nd: \nbn: \nop: \n
print.values.rc=1 err=0
print.values.len=240
print.values.text=i: 287454020\ni64: 1\no: 0000 - 01 02 03 04                                       ....\ns: 0000 - 61 62 63                                          abc\nd: 1.500000\nbn: 67305985\nop: 0000 - 01 02 03 04                                       ....\n
print.values_again.rc=1 err=0
print.values_again.len=240
print.values_again.text=i: 287454020\ni64: 1\no: 0000 - 01 02 03 04                                       ....\ns: 0000 - 61 62 63                                          abc\nd: 1.500000\nbn: 67305985\nop: 0000 - 01 02 03 04                                       ....\n
print.empty.rc=0 err=0
print.empty.len=0
print.null_array=NOT_MEASURED_AUTHORITY_FAULTS
done=1
