transcript.sha256=91adf200e320b1c624ef4f5f444efa6af10204681559f4f994769f817062e39b
cert.d2i=nonnull
cert.print.ret=1
cert.print.len=3023
cert.print.fnv=8b298cd6d106ff8f
cert.print_ex.ret=1
cert.print_ex.len=2649
cert.print_ex.fnv=661c197f45d87c58
cert.print_fp.ret=1
cert.print_fp.len=3023
cert.print_fp.fnv=8b298cd6d106ff8f
cert.print_ex_fp.ret=1
cert.print_ex_fp.len=3027
cert.print_ex_fp.fnv=561cdc2462ffdea3
cert.ocspid.ret=1
cert.ocspid.len=139
cert.ocspid.fnv=51876ceea264b301
cert.sigprint.alg.ret=1
cert.sigprint.alg.len=49
cert.sigprint.alg.fnv=7788a9cf387c4eb0
cert.sigprint.val.ret=1
cert.sigprint.val.len=972
cert.sigprint.val.fnv=88cb0ac3d271c882
cert.aux.alias=1
cert.aux.keyid=1
cert.aux.trust1=1
cert.aux.trust2=1
cert.aux.reject1=1
cert.aux.ret=1
cert.aux.len=156
cert.aux.fnv=e9517474e59a2d98
cert.stack.num=2
cert.stack_free.ran=1
req.d2i=nonnull
req.print.ret=1
req.print.len=2472
req.print.fnv=608209c8ea4314b9
req.print_ex.ret=1
req.print_ex.len=2484
req.print_ex.fnv=f1b4c6c5ee68570b
req.print_fp.ret=1
req.print_fp.len=2472
req.print_fp.fnv=608209c8ea4314b9
crl.d2i=nonnull
crl.print.ret=1
crl.print.len=1997
crl.print.fnv=17fd14fea6ec130b
crl.print_ex.ret=1
crl.print_ex.len=2019
crl.print_ex.fnv=22f932a7feb7315d
crl.print_fp.ret=1
crl.print_fp.len=1997
crl.print_fp.fnv=17fd14fea6ec130b
r2x.key=nonnull
r2x.req=nonnull
r2x.cert=nonnull
r2x.version=0
r2x.subject_eq_req=1
r2x.issuer_eq_subject=1
r2x.sig_nid=8
r2x.pubkey=nonnull
r2x.pubkey_eq_req=1
r2x.sig=nonnull
r2x.nullkey=null
r2x2.addattr=1
r2x2.attr_count=1
r2x2.cert=nonnull
r2x2.version=2
toreq.key=nonnull
toreq.cert=nonnull
toreq.req=nonnull
toreq.version=0
toreq.subject_eq=1
toreq.pubkey_eq=1
toreq.sig=nonnull
toreq.unsigned=nonnull
toreq.unsigned.sig=nonnull
