FRF-MUTANT:stdout-first-line:transcript.sha256=0c17dc57b8309d81a0c7512393db81fc90e68df075602ee1db55de5954021d18
signed.d2i=nonnull
signed.type_nid=22
signed.econtent_nid=21
signed.detached=0
signed.content=nonnull
signed.i2d_len=1177
signed.i2d_hash=4021450939
signed.i2d_eq_fixture=1
signed.certs=1
signed.crls=-1
signed.print=1
pending.signed_print=x509-name-printer-divergence
enveloped.d2i=nonnull
enveloped.type_nid=23
enveloped.econtent_nid=21
enveloped.detached=0
enveloped.content=nonnull
enveloped.i2d_len=415
enveloped.i2d_hash=2878794588
enveloped.i2d_eq_fixture=1
enveloped.certs=-1
enveloped.crls=-1
enveloped.print=1
pending.enveloped_print=x509-name-printer-divergence
data.d2i=nonnull
data.type_nid=21
data.econtent_nid=0
data.detached=0
data.content=nonnull
data.i2d_len=35
data.i2d_hash=2693677262
data.i2d_eq_fixture=1
data.certs=-1
data.crls=-1
data.print=1
pending.data_print=x509-name-printer-divergence
choices.certs_before=1
choices.add0_choices=1
choices.add0_revchoice=1
choices.add0_dup=1
choices.add1_dup=1
choices.add0_crl_null=1
choices.add0_crl_null_err=46.152
data.detached_initial=0
data.set_detached1=1
data.detached_after1=1
data.set_detached0=1
data.detached_after0=0
data.stream=1
data.dataInit=null
ect.before=21
ect.set=1
ect.after=21
ect.set_null=1
ect.after_null=21
items.contentinfo_it=nonnull
items.enveloped_it=nonnull
items.receipt_it=nonnull
items.signeddata_new=nonnull
sharedinfo.len=23
sharedinfo.hash=1681892271
enc.new=nonnull
enc.cbc=nonnull
enc.gcm=nonnull
enc.set1_ok=1
enc.set1_ok_err=none
enc.no_key=0
enc.no_key_err=46.130
enc.aead=0
enc.aead_err=46.194
misc.new_ex=nonnull
misc.new_null=nonnull
pending.enveloped_dup=no-public-cms-envelopeddata-accessor
signers.infos=1
signers.get0_signers=0
signers.set1_certs_null=1
signers.get0_signer_id=1
signers.sid_has_keyid=0
signers.sid_has_ias=1
signers.get0_algs=1
signers.digest_nid=672
signers.sig_nid=6
signers.pkey_ctx_null=1
signers.md_ctx_null=1
signers.sig_len=256
signers.cert_cmp=1
signers.set1_cert=1
signers.signed_attrs=-1
signers.unsigned_attrs=-1
signers.add_standard_smimecap=1
pending.signers.smimecap=legacy-obj-name-lookup-divergence
signers.add_simple_smimecap=1
signers.add1_signer_nokey=1
signers.signeddata_verify_null=1
recip.count=1
recip.type=0
recip.pkey_ctx_null=1
recip.ktri_algs=1
recip.ktri_alg_nid=6
recip.ktri_has_pkey=0
recip.ktri_signer_id=1
recip.ktri_kid_null=1
recip.set0_pkey_null=1
recip.set0_key_wrongtype=0
recip.set0_password_wrongtype=0
recip.kekri_id_cmp_wrongtype=-2
recip.kekri_get0_id_wrongtype=0
recip.kari_alg_wrongtype=0
recip.kari_ctx_wrongtype=1
recip.kari_reks_wrongtype=1
recip.kari_origid_wrongtype=0
recip.kari_origid_cmp_wrongtype=-2
recip.kemri_cert_cmp_wrongtype=-2
recip.kemri_ctx_wrongtype=1
recip.kemri_kdf_wrongtype=1
recip.kemri_set0_pkey_wrongtype=0
recip.kemri_set_ukm_wrongtype=0
recip.decrypt_nokey=0
recip.env_create=1
recip.env_create_ex=1
recip.aenv_create=1
recip.aenv_create_ex=1
recip.env_decrypt_null=1
recip.add1_recipient_cert=1
recip.add0_recipient_key=1
pending.recip.pwri=candidate-pbe-algor-parameter-divergence
ops.cert=nonnull
ops.key=nonnull
ops.cbc=nonnull
ops.data_create=nonnull
ops.data_der_len=35
ops.data_der_hash=2693677262
ops.data=1
ops.data_eq=1
ops.data_create_ex=nonnull
pending.ops.digest=evp-md-fetch-type
pending.ops.encdata=evp-cipher-get-type
ops.compress=null
ops.compress_err=46.151
ops.uncompress=0
ops.uncompress_err=46.151
pending.ops.sign=evp-md-fetch-type
ops.digest_partial=nonnull
pending.ops.final_digest=evp-md-fetch-type
pending.ops.encrypt=evp-cipher-get-type
receipt.get1_absent=0
receipt.get1_absent_null=1
receipt.get1_absent_err=none
receipt.create0=nonnull
receipt.der_len=11
receipt.der_hash=3443500470
receipt.d2i=null
receipt.cid_len=4
receipt.allorfirst=1
receipt.to_null=1
receipt.add1=1
receipt.get1_present=-1
pending.receipt.sign=no-attr-fixture-cannot-supply-receipt-signer
io.i2d_bio=1
io.i2d_bio_len=1177
io.d2i_bio=nonnull
io.d2i_bio_der_len=1177
io.pem_write_bio=1
io.pem_text_len=1635
io.pem_first=45
io.pem_read_bio=nonnull
io.pem_read_bio_len=1177
io.tmpfile=nonnull
io.pem_write=1
io.pem_read=nonnull
io.bio_new_cms=nonnull
io.i2d_stream=1
io.i2d_stream_len=1161
io.pem_stream=1
io.pem_stream_len=1611
pending.io.smime=12.9-asn_mime-scaffold
