transcript.sha256=576f3f5ffa3a7d3826c9c71bb4c7bdbbb9b9edfbd8720b4d9d2283fd04f6f7b4
add_builtin=1 err=0
load=nonnull err=0
in.entries_non_deferred=45 err=0
in.first_id=1 err=0
in.ids_digest=c57433464cfec641 err=0
in.get_libctx=1 err=0
in.get_params=1 err=0
in.thread_start=1 err=0
in.register_child=1 err=0
in.deregister_child=1 err=0
in.malloc=1 err=0
in.zalloc=1 err=0
in.free=1 err=0
in.query_operation_is_the_cores=0 err=0
in.teardown_is_the_cores=0 err=0
libctx.matches_loader=1 err=0
params.get_params_ret=1 err=0
params.version_len_is_nonzero=1 err=0
params.version_starts_with_3=1 err=0
params.prov_name=rt-3p err=0
params.conf_param_is_yes_please=1 err=0
params.conf_param=yes-please err=0
params.absent_key_left_alone=1 err=0
alloc.roundtrip=1 err=0
alloc.zalloc_is_zeroed=1 err=0
child.nonnull=1 err=0
child.slot18=1 err=0
child.register_child_ret=2 err=0
child.deregister_cb_returned=1 err=0
child.create_cb_calls=1 err=0
child.remove_cb_calls=0 err=0
child.create_cb_prov_nonnull=1 err=0
child.create_cb_prov_is_the_loaded_provider=1 err=0
child.create_cb_cbdata_is_the_child=1 err=0
thread.start_ret=1 err=0
thread.handler_calls=1 err=0
unload=1 err=0
available.after_unload=0 err=0
err.clear=1 err=0
done=rt-provider-3p err=0
