transcript.sha256=9b682bc2f322776ed6bb56c93733baee895e817b73cbfffc80534f40cad0c445
cert.d2i=nonnull
cert.write=1
cert.pem=-----BEGIN CERTIFICATE-----\nMIIDATCCAemgAwIBAgIBATANBgkqhkiG9w0BAQsFADASMRAwDgYDVQQDDAdSb290\nIENBMCAXDTIwMTIxMjIwMDk0OVoYDzIxMjAxMjEzMjAwOTQ5WjASMRAwDgYDVQQD\nDAdSb290IENBMIIBIjANBgkqhkiG9w0BAQEFAAOCAQ8AMIIBCgKCAQEA4eYA9Qa8\noEY4eQ8/HnEZE20C3yubdmv8rLAh7daRCEI7pWM17FJboKJKxdYAlAOXWj25ZyjS\nfeMhXKTtxjyNjoTRnVTDPdl0opZ2Z3H5xhpQd7P9eO5b4OOMiSPCmiLsPtQ3ngfN\nwCtVERc6NEIcaQ06GLDtFZRexv2eh8Yc55QaksBfBcFzQ+UD3gmRySTO2I6Lfi7g\nMUjRhipqVSZ66As2Tpex4KTJ2lxpSwOACFaDox+yKrjBTP7FsU3UwAGq7b7OJb3u\naa32B81uK6GJVPVo65gJ7clgZsszYkoDsGjWDqtfwTVVfv1G7rrr3Laio+2Ff3ff\ntWgiQ35mJCOvxQIDAQABo2AwXjAPBgNVHRMBAf8EBTADAQH/MAsGA1UdDwQEAwIB\nBjAdBgNVHQ4EFgQUjvUlrx6ba4Q9fICayVOcTXL3o1IwHwYDVR0jBBgwFoAUjvUl\nrx6ba4Q9fICayVOcTXL3o1IwDQYJKoZIhvcNAQELBQADggEBAL2sqYB5P22c068E\nUNoMAfDgGxnuZ48ddWSWK/OWiS5U5VI7R/c8vjOCHU1OI/eQfhOenXxnHNF2QBuu\nbjdg5ImPsvgQNFs6ZUgenQh+E4JDkTpn7bKCgtK7qlAPUXZRZI6uAaH5zKu3yFPU\n2kow3LFCwYutrSfVg6JYeX+cuYsLHFzNzOhqh88Mu9yJ7pPJ8faeHFglHa51eoaw\nvurAVknk7tzUxLZN0PxD9nrduVwtiluFbCPz0EtP5Dt1KylGdPrKvCJNkFkRJX+S\n0t9VNIhyqLmslP5uSFtuTt8toXkizaYlxIVHckkvpuKZB8m7l8C/lom9sqagjZ1J\nIf+teEc=\n-----END CERTIFICATE-----\n
cert.reread=nonnull
cert.reread.derlen=773
cert.reread.der_eq=1
cert.write_fp=1
cert.read_fp=nonnull
cert.read_fp.der_eq=1
crl.d2i=nonnull
crl.write=1
crl.pem=-----BEGIN X509 CRL-----\nMIICjTCCAfowDQYJKoZIhvcNAQECBQAwXzELMAkGA1UEBhMCVVMxIDAeBgNVBAoT\nF1JTQSBEYXRhIFNlY3VyaXR5LCBJbmMuMS4wLAYDVQQLEyVTZWN1cmUgU2VydmVy\nIENlcnRpZmljYXRpb24gQXV0aG9yaXR5Fw05NTA1MDIwMjEyMjZaFw05NTA2MDEw\nMDAxNDlaMIIBaDAWAgUCQQAABBcNOTUwMjAxMTcyNDI2WjAWAgUCQQAACRcNOTUw\nMjEwMDIxNjM5WjAWAgUCQQAADxcNOTUwMjI0MDAxMjQ5WjAWAgUCQQAADBcNOTUw\nMjI1MDA0NjQ0WjAWAgUCQQAAGxcNOTUwMzEzMTg0MDQ5WjAWAgUCQQAAFhcNOTUw\nMzE1MTkxNjU0WjAWAgUCQQAAGhcNOTUwMzE1MTk0MDQxWjAWAgUCQQAAHxcNOTUw\nMzI0MTk0NDMzWjAWAgUCcgAABRcNOTUwMzI5MjAwNzExWjAWAgUCcgAAERcNOTUw\nMzMwMDIzNDI2WjAWAgUCQQAAIBcNOTUwNDA3MDExMzIxWjAWAgUCcgAAHhcNOTUw\nNDA4MDAwMjU5WjAWAgUCcgAAQRcNOTUwNDI4MTcxNzI0WjAWAgUCcgAAOBcNOTUw\nNDI4MTcyNzIxWjAWAgUCcgAATBcNOTUwNTAyMDIxMjI2WjANBgkqhkiG9w0BAQIF\nAAN+AHqOEJXSDejYy0UwxxrH/9+N2z5xu/if0J6qQmK92W0hW158wpJg+ovV3+wQ\nwvIEPRL2rocL0tKfAsVq1IawSJzSNgxG0lrcla3MrJBnZ4GaZDu4FutZh72MR3Gt\nJaAL3iTJHJD55kK2D/VoyY1djlsPuNh6AEgdVwFAyp0v\n-----END X509 CRL-----\n
crl.reread=nonnull
crl.reread.der_eq=1
crl.write_fp=1
crl.read_fp=nonnull
crl.read_fp.der_eq=1
req.d2i=nonnull
req.read_authority=nonnull
req.read_authority.der_eq=1
req.write=1
req.pem=-----BEGIN CERTIFICATE REQUEST-----\nMIICXzCCAUcCAQAwGjEYMBYGA1UEAwwPeDUwOS1jaGVjay10ZXN0MIIBIjANBgkq\nhkiG9w0BAQEFAAOCAQ8AMIIBCgKCAQEAneo6YBYjP2VunQiZRCMZipO6x+zES/d8\nFt9qOXbk8LU9XLP8vspX3stJebWAcxjMY1DzXmBkwaors+rnlcjL23t8Mplz6fs8\n6Gqt4n9ycnG/tYLq0sokKRek9Ty5nyQ4EEE9F5yO6kcByORSU7yjPZqb94iqIQbH\nk/2vMn3ZNu8xWK0jGY32qmXPtGtfGx4v0oDTd+i4/r5z3LNg80vMpgSddGauonMu\nsS99LBwyjziiqw/PhCerLlJuQqSy+DeozzppPQ4+10L9mMKF9ktGLOnRaR7hgSdT\nZ4AVv9GZvaLHgzscaqZTxiGGvJzewSK08ACRIZJikxIvT/ADyIug1QIDAQABoAAw\nDQYJKoZIhvcNAQELBQADggEBABN+XkwFoyyN1+b5SYhUzdQFj0ZfhzNxiMXOFR/n\nww0gW7KCAhZd90aPBtQjEORzsCUX2xhllglXaojw+wOaEMaJDMDzojJelan1TEWJ\nVyvklj8OBoH25ur5Y8iWrnMivkb4hU1Mrd4QxF697FVVTniwVyUy8Xfn6D44vEII\ngyCUk/jCD6MAD6/hBaexetqrbUQyVrtPewYgXrJokRDGDzFlG3jcXvl3CV2iib2X\nhAbiaAJmlgZwIMeu/60YgJoIWwilG7dYq9hvcpyfQhYXa9BbOz62WRsLvT0Ewue9\n81kzAkwhfvGauPh/yjP+6K5HY09KdOtg30xtwUtT4IU5yHQ=\n-----END CERTIFICATE REQUEST-----\n
req.reread=nonnull
req.reread.der_eq=1
req.write_new=1
req.new.pem=-----BEGIN NEW CERTIFICATE REQUEST-----\nMIICXzCCAUcCAQAwGjEYMBYGA1UEAwwPeDUwOS1jaGVjay10ZXN0MIIBIjANBgkq\nhkiG9w0BAQEFAAOCAQ8AMIIBCgKCAQEAneo6YBYjP2VunQiZRCMZipO6x+zES/d8\nFt9qOXbk8LU9XLP8vspX3stJebWAcxjMY1DzXmBkwaors+rnlcjL23t8Mplz6fs8\n6Gqt4n9ycnG/tYLq0sokKRek9Ty5nyQ4EEE9F5yO6kcByORSU7yjPZqb94iqIQbH\nk/2vMn3ZNu8xWK0jGY32qmXPtGtfGx4v0oDTd+i4/r5z3LNg80vMpgSddGauonMu\nsS99LBwyjziiqw/PhCerLlJuQqSy+DeozzppPQ4+10L9mMKF9ktGLOnRaR7hgSdT\nZ4AVv9GZvaLHgzscaqZTxiGGvJzewSK08ACRIZJikxIvT/ADyIug1QIDAQABoAAw\nDQYJKoZIhvcNAQELBQADggEBABN+XkwFoyyN1+b5SYhUzdQFj0ZfhzNxiMXOFR/n\nww0gW7KCAhZd90aPBtQjEORzsCUX2xhllglXaojw+wOaEMaJDMDzojJelan1TEWJ\nVyvklj8OBoH25ur5Y8iWrnMivkb4hU1Mrd4QxF697FVVTniwVyUy8Xfn6D44vEII\ngyCUk/jCD6MAD6/hBaexetqrbUQyVrtPewYgXrJokRDGDzFlG3jcXvl3CV2iib2X\nhAbiaAJmlgZwIMeu/60YgJoIWwilG7dYq9hvcpyfQhYXa9BbOz62WRsLvT0Ewue9\n81kzAkwhfvGauPh/yjP+6K5HY09KdOtg30xtwUtT4IU5yHQ=\n-----END NEW CERTIFICATE REQUEST-----\n
req.write_fp=1
req.read_fp=nonnull
req.read_fp.der_eq=1
req.write_new_fp=1
xaux.d2i=nonnull
xaux.write=1
xaux.pem=-----BEGIN TRUSTED CERTIFICATE-----\nMIIDATCCAemgAwIBAgIBATANBgkqhkiG9w0BAQsFADASMRAwDgYDVQQDDAdSb290\nIENBMCAXDTIwMTIxMjIwMDk0OVoYDzIxMjAxMjEzMjAwOTQ5WjASMRAwDgYDVQQD\nDAdSb290IENBMIIBIjANBgkqhkiG9w0BAQEFAAOCAQ8AMIIBCgKCAQEA4eYA9Qa8\noEY4eQ8/HnEZE20C3yubdmv8rLAh7daRCEI7pWM17FJboKJKxdYAlAOXWj25ZyjS\nfeMhXKTtxjyNjoTRnVTDPdl0opZ2Z3H5xhpQd7P9eO5b4OOMiSPCmiLsPtQ3ngfN\nwCtVERc6NEIcaQ06GLDtFZRexv2eh8Yc55QaksBfBcFzQ+UD3gmRySTO2I6Lfi7g\nMUjRhipqVSZ66As2Tpex4KTJ2lxpSwOACFaDox+yKrjBTP7FsU3UwAGq7b7OJb3u\naa32B81uK6GJVPVo65gJ7clgZsszYkoDsGjWDqtfwTVVfv1G7rrr3Laio+2Ff3ff\ntWgiQ35mJCOvxQIDAQABo2AwXjAPBgNVHRMBAf8EBTADAQH/MAsGA1UdDwQEAwIB\nBjAdBgNVHQ4EFgQUjvUlrx6ba4Q9fICayVOcTXL3o1IwHwYDVR0jBBgwFoAUjvUl\nrx6ba4Q9fICayVOcTXL3o1IwDQYJKoZIhvcNAQELBQADggEBAL2sqYB5P22c068E\nUNoMAfDgGxnuZ48ddWSWK/OWiS5U5VI7R/c8vjOCHU1OI/eQfhOenXxnHNF2QBuu\nbjdg5ImPsvgQNFs6ZUgenQh+E4JDkTpn7bKCgtK7qlAPUXZRZI6uAaH5zKu3yFPU\n2kow3LFCwYutrSfVg6JYeX+cuYsLHFzNzOhqh88Mu9yJ7pPJ8faeHFglHa51eoaw\nvurAVknk7tzUxLZN0PxD9nrduVwtiluFbCPz0EtP5Dt1KylGdPrKvCJNkFkRJX+S\n0t9VNIhyqLmslP5uSFtuTt8toXkizaYlxIVHckkvpuKZB8m7l8C/lom9sqagjZ1J\nIf+teEc=\n-----END TRUSTED CERTIFICATE-----\n
xaux.reread=nonnull
xaux.reread.der_eq=1
xaux.write_fp=1
xaux.read_fp=nonnull
x509pubkey.read=nonnull
x509pubkey.write=1
x509pubkey.pem=-----BEGIN PUBLIC KEY-----\nMFkwEwYHKoZIzj0CAQYIKoZIzj0DAQcDQgAEflQafNTUp4TuHSTC7Cto++WE7He6\nurpANz6eKKjKpo01OaFwl8cTy/0dMfBDy6poozKDbOFkPOadYg+4d0XWPg==\n-----END PUBLIC KEY-----\n
x509pubkey.reread=nonnull
x509pubkey.write_fp=1
x509pubkey.read_fp=nonnull
rsa_pubkey.read_object=nonnull
rsa_pubkey.write=1
rsa_pubkey.pem=-----BEGIN PUBLIC KEY-----\nMIIBIjANBgkqhkiG9w0BAQEFAAOCAQ8AMIIBCgKCAQEA4eYA9Qa8oEY4eQ8/HnEZ\nE20C3yubdmv8rLAh7daRCEI7pWM17FJboKJKxdYAlAOXWj25ZyjSfeMhXKTtxjyN\njoTRnVTDPdl0opZ2Z3H5xhpQd7P9eO5b4OOMiSPCmiLsPtQ3ngfNwCtVERc6NEIc\naQ06GLDtFZRexv2eh8Yc55QaksBfBcFzQ+UD3gmRySTO2I6Lfi7gMUjRhipqVSZ6\n6As2Tpex4KTJ2lxpSwOACFaDox+yKrjBTP7FsU3UwAGq7b7OJb3uaa32B81uK6GJ\nVPVo65gJ7clgZsszYkoDsGjWDqtfwTVVfv1G7rrr3Laio+2Ff3fftWgiQ35mJCOv\nxQIDAQAB\n-----END PUBLIC KEY-----\n
rsa_pubkey.reread=nonnull
rsa_pubkey.write_fp=1
rsa_pubkey.read_fp=nonnull
ec_pubkey.read=nonnull
ec_pubkey.write=1
ec_pubkey.pem=-----BEGIN PUBLIC KEY-----\nMFkwEwYHKoZIzj0CAQYIKoZIzj0DAQcDQgAEflQafNTUp4TuHSTC7Cto++WE7He6\nurpANz6eKKjKpo01OaFwl8cTy/0dMfBDy6poozKDbOFkPOadYg+4d0XWPg==\n-----END PUBLIC KEY-----\n
ec_pubkey.reread=nonnull
ec_pubkey.write_fp=1
ec_pubkey.read_fp=nonnull
dsa_pubkey.read=nonnull
dsa_pubkey.write=1
dsa_pubkey.pem=-----BEGIN PUBLIC KEY-----\nMIIBvzCCATQGByqGSM44BAEwggEnAoGBANKfe6upx8auvOmBq7L73bVhji8lEWnU\nCA02XIkrgMxuKKcz64MZdkHQMfBnzacFoP53wpriM+1nGVtWTbo9wX39TML/TrXu\nCCSR4ObqmzQgs4BGZoqgSberqwNTZ/w8gvTKSI1uQ3Jqwv+WgBbioRu5Blz63XAg\nNjCQMycojLr9Ah0A2QmCq/gDhhDZxmEkB+UXJM1AN6UEejpcQZt6gQKBgQCzyAU/\npatfGxhKM4FJSzwKqIDgmlF6DRLw3vbKDMNcPC6B9X+50wWjd8yRrGFLgNpw0vpv\nJcO4/OoKyzS9zYSfAZhG6cIYYRITlfmQ3wg4eaOsESeG+lctDqTE/UGGCDTmhxlH\nMj/z3J+m/xCeMHjwtNHyRUhNIkLNFo3wEi83HgOBhAACgYATV7Xx7AKcjXkGcBW7\n573nrZB+5C1nLVzZo15ML7B/Ki3OVLDLidHCiS3Sft2zO40aTirKSdmPizDMSChn\nA4a2aL72tKZ7IVg91UyjCl/8y+R27HQr3ZEdkfteT+ZoMV+R6Fc6R9lCBQfwljOT\ntDUHHGFA/79fn4vipBwynKg8Eg==\n-----END PUBLIC KEY-----\n
dsa_pubkey.reread=nonnull
dsa_pubkey.write_fp=1
dsa_pubkey.read_fp=nonnull
pubkey.write=1
pubkey.pem=-----BEGIN PUBLIC KEY-----\nMIIBIjANBgkqhkiG9w0BAQEFAAOCAQ8AMIIBCgKCAQEA4eYA9Qa8oEY4eQ8/HnEZ\nE20C3yubdmv8rLAh7daRCEI7pWM17FJboKJKxdYAlAOXWj25ZyjSfeMhXKTtxjyN\njoTRnVTDPdl0opZ2Z3H5xhpQd7P9eO5b4OOMiSPCmiLsPtQ3ngfNwCtVERc6NEIc\naQ06GLDtFZRexv2eh8Yc55QaksBfBcFzQ+UD3gmRySTO2I6Lfi7gMUjRhipqVSZ6\n6As2Tpex4KTJ2lxpSwOACFaDox+yKrjBTP7FsU3UwAGq7b7OJb3uaa32B81uK6GJ\nVPVo65gJ7clgZsszYkoDsGjWDqtfwTVVfv1G7rrr3Laio+2Ff3fftWgiQ35mJCOv\nxQIDAQAB\n-----END PUBLIC KEY-----\n
pubkey.reread=nonnull
pubkey.write_ex=1
pubkey.ex.pem=-----BEGIN PUBLIC KEY-----\nMIIBIjANBgkqhkiG9w0BAQEFAAOCAQ8AMIIBCgKCAQEA4eYA9Qa8oEY4eQ8/HnEZ\nE20C3yubdmv8rLAh7daRCEI7pWM17FJboKJKxdYAlAOXWj25ZyjSfeMhXKTtxjyN\njoTRnVTDPdl0opZ2Z3H5xhpQd7P9eO5b4OOMiSPCmiLsPtQ3ngfNwCtVERc6NEIc\naQ06GLDtFZRexv2eh8Yc55QaksBfBcFzQ+UD3gmRySTO2I6Lfi7gMUjRhipqVSZ6\n6As2Tpex4KTJ2lxpSwOACFaDox+yKrjBTP7FsU3UwAGq7b7OJb3uaa32B81uK6GJ\nVPVo65gJ7clgZsszYkoDsGjWDqtfwTVVfv1G7rrr3Laio+2Ff3fftWgiQ35mJCOv\nxQIDAQAB\n-----END PUBLIC KEY-----\n
pubkey.write_fp=1
pubkey.write_fp_ex=1
ns.new=nonnull
ns.it=nonnull
ns.write=1
ns.pem=-----BEGIN CERTIFICATE-----\nMIIDGAYJYIZIAYb4QgIFoIIDCTCCAwUwggMBMIIB6aADAgECAgEBMA0GCSqGSIb3\nDQEBCwUAMBIxEDAOBgNVBAMMB1Jvb3QgQ0EwIBcNMjAxMjEyMjAwOTQ5WhgPMjEy\nMDEyMTMyMDA5NDlaMBIxEDAOBgNVBAMMB1Jvb3QgQ0EwggEiMA0GCSqGSIb3DQEB\nAQUAA4IBDwAwggEKAoIBAQDh5gD1BrygRjh5Dz8ecRkTbQLfK5t2a/yssCHt1pEI\nQjulYzXsUlugokrF1gCUA5daPblnKNJ94yFcpO3GPI2OhNGdVMM92XSilnZncfnG\nGlB3s/147lvg44yJI8KaIuw+1DeeB83AK1URFzo0QhxpDToYsO0VlF7G/Z6Hxhzn\nlBqSwF8FwXND5QPeCZHJJM7Yjot+LuAxSNGGKmpVJnroCzZOl7HgpMnaXGlLA4AI\nVoOjH7IquMFM/sWxTdTAAartvs4lve5prfYHzW4roYlU9WjrmAntyWBmyzNiSgOw\naNYOq1/BNVV+/UbuuuvctqKj7YV/d9+1aCJDfmYkI6/FAgMBAAGjYDBeMA8GA1Ud\nEwEB/wQFMAMBAf8wCwYDVR0PBAQDAgEGMB0GA1UdDgQWBBSO9SWvHptrhD18gJrJ\nU5xNcvejUjAfBgNVHSMEGDAWgBSO9SWvHptrhD18gJrJU5xNcvejUjANBgkqhkiG\n9w0BAQsFAAOCAQEAvaypgHk/bZzTrwRQ2gwB8OAbGe5njx11ZJYr85aJLlTlUjtH\n9zy+M4IdTU4j95B+E56dfGcc0XZAG65uN2DkiY+y+BA0WzplSB6dCH4TgkOROmft\nsoKC0ruqUA9RdlFkjq4BofnMq7fIU9TaSjDcsULBi62tJ9WDolh5f5y5iwscXM3M\n6GqHzwy73Inuk8nx9p4cWCUdrnV6hrC+6sBWSeTu3NTEtk3Q/EP2et25XC2KW4Vs\nI/PQS0/kO3UrKUZ0+sq8Ik2QWRElf5LS31U0iHKouayU/m5IW25O3y2heSLNpiXE\nhUdySS+m4pkHybuXwL+Wib2ypqCNnUkh/614Rw==\n-----END CERTIFICATE-----\n
ns.reread=nonnull
ns.reread.certs=1
ns.derlen=796
ns.d2i=nonnull
ns.d2i.certs=1
ns.write_fp=1
ns.read_fp=nonnull
pkcs8inf.read=nonnull
pkcs8inf.write=1
pkcs8inf.pem=-----BEGIN PRIVATE KEY-----\nMIICdgIBADANBgkqhkiG9w0BAQEFAASCAmAwggJcAgEAAoGBALwJezJHz4puNJQr\nCd0rSIbLwtEhKUgSFDVfxZQYTUlTb1navfhM6YWMUe1j0cfn/086G1YrBQtZaMUN\n6Oghbh/utVyWl7PO+sbc0gYLb5vgmuQ7N+N0QIT4CpLunoZGXFtWLgAcIJBnuvq7\nTEpgZhlkPWl6TNMLqfm4UKMFWD8FAgMBAAECgYBthOwvVeoIi7WuEv80xVABys4W\ndkUQCA+jIrv2TM0/BwyU/jWlWE6vDRJuvLPjxjlK0OI5JudSO+os07Qy972mdKmB\nliLbEKXKyvw/S8NyHAV7RuVGk/8JfyL6QtHTLjKA+Mc/GMjha9uWzQTLK5N/ZCSs\npK0RiViAwPwcQpQ7JQJBAPO2HF9ihxymXOtxa6IYYnt460tzg3pT0Om4eQqRrlBm\nGF8T84jooK5giAvmyo3rAZ50DYIEVjIWlAgzXUYG4hcCQQDFhLY1Vx2cJSK4ORDF\nRUqboIgl63AjMzNSBXKx8bHtWkwJly7P97SQ+qi1vmNdBBAwlT/7COnwDK4JQOWH\naGVDAkBjF33Lzszu+jm3xYMlAlMwrwbEw/AGkgPUtBwLDxbYO9rW9c7EsQl8PWWz\nqSBcudwLqFZBsi+15/ZCq1fWfD/7AkBiuLYpauVNyfHUihEryDpGFrJ14Xsm3Mxl\nzntJHTiFHYCruniXUYNagy4XyJT5RLKi1bYozoe+h1flIB6Y00DpAkEAvGqkTe5v\naYL8N3O0Y59qfOWQdU6wreH5w5Y5fhikLvPhdzSpseONGgtW8HJW7EedUY9nIcDX\nreKLAww9L5t9oQ==\n-----END PRIVATE KEY-----\n
pkcs8inf.reread=nonnull
pkcs8inf.write_fp=1
pkcs8inf.read_fp=nonnull
pkcs8.read=nonnull
pkcs8.write=1
pkcs8.pem=-----BEGIN ENCRYPTED PRIVATE KEY-----\nMIIC5TBfBgkqhkiG9w0BBQ0wUjAxBgkqhkiG9w0BBQwwJAQQSk53UrkWm51sWy4r\nSi9V1wICCAAwDAYIKoZIhvcNAgkFADAdBglghkgBZQMEASoEEG8UDlPDyG6NpycO\nNnZqRX0EggKALYSrcEnU3uKbBhmNWjS9VZn8qi3hU37dj9eIGh/sRkOyAEUoBeRr\nxL9Uu9t3xksPnIvjOcKgFtWJoYYqHrj+GtYwrfhtF5kvss0jonR/PWdjYx7fGNOm\nqqyXCY5n+VFTMb0RHvwE5jlaO0jw/j+9jkRG46kOf+EX3tpy/DMpGidEbWWK1vSq\n8uLsAHrI1q0yet5b7yyIIrqfk99BhcnzfkOzHzi+mO/VTJ14kg32VVegJjEo9Ogs\nf98jVlXFrmZ4mryxSnzBU1ZrQzHoSj585CcrBP7nxPFWnu4PF8/mMrSucXPW+b5U\ns4d2dEvz/hZ5Uo9Y607sYmR/bh1wBHO6yL/gF8jkcLZQjs1hjLWLvqYZm62dfNan\n5lqVH448Y4xYrShQs55831BUwKt0mjatnJi4l9/2ELHQr/+GbM5Ij34JEqIFyr4p\nOj0P/7D059NbGwKozt8LC11dQ+LInK1BUn0mbLhaoMdXo94//m3KNdflf7droghc\nVG2ngA5vaAvUCv1K3FsFs+EOdxFgctyyKJlK8FzOF3Q82K5qOKXxe1CoA5GDlNoZ\nKhGldJa74wcEdQ1xG41bU/kV372XAqMCaG9+jxFPyk/r+LedHoN5KZ4KOe44Mye6\nR5l3tocrNxPGmxxyB5txZ8zxmReF0svcRb1KWf8Cx5rtiHFEuaWPTTTXJou9ovXo\n2a+0LSzJxkV6eThh8QOM1ZdjMyYscGCN+ssUaCPNDdkDe6Vyvl8y61Ee85pMNlPu\ntKm3cL4XjM7tJrcXxVOO95sGm+QkHP85CmUUpRyFEYxyqI6eM+Did3KVX3poI4+E\nrtWxTP7tUHtM0ffKIbM9Ipn3mV4DMmSmYw==\n-----END ENCRYPTED PRIVATE KEY-----\n
pkcs8.reread=nonnull
pkcs8.write_fp=1
pkcs8.read_fp=nonnull
info.read=nonnull
info.num=1
info.0.x509=1
info.0.crl=1
info.0.x_pkey=1
info.write0=1
info.0.pem=-----BEGIN RSA PRIVATE KEY-----\nMIICXAIBAAKBgQC8CXsyR8+KbjSUKwndK0iGy8LRISlIEhQ1X8WUGE1JU29Z2r34\nTOmFjFHtY9HH5/9POhtWKwULWWjFDejoIW4f7rVclpezzvrG3NIGC2+b4JrkOzfj\ndECE+AqS7p6GRlxbVi4AHCCQZ7r6u0xKYGYZZD1pekzTC6n5uFCjBVg/BQIDAQAB\nAoGAbYTsL1XqCIu1rhL/NMVQAcrOFnZFEAgPoyK79kzNPwcMlP41pVhOrw0Sbryz\n48Y5StDiOSbnUjvqLNO0Mve9pnSpgZYi2xClysr8P0vDchwFe0blRpP/CX8i+kLR\n0y4ygPjHPxjI4Wvbls0EyyuTf2QkrKStEYlYgMD8HEKUOyUCQQDzthxfYoccplzr\ncWuiGGJ7eOtLc4N6U9DpuHkKka5QZhhfE/OI6KCuYIgL5sqN6wGedA2CBFYyFpQI\nM11GBuIXAkEAxYS2NVcdnCUiuDkQxUVKm6CIJetwIzMzUgVysfGx7VpMCZcuz/e0\nkPqotb5jXQQQMJU/+wjp8AyuCUDlh2hlQwJAYxd9y87M7vo5t8WDJQJTMK8GxMPw\nBpID1LQcCw8W2Dva1vXOxLEJfD1ls6kgXLncC6hWQbIvtef2QqtX1nw/+wJAYri2\nKWrlTcnx1IoRK8g6RhaydeF7JtzMZc57SR04hR2Aq7p4l1GDWoMuF8iU+USyotW2\nKM6HvodX5SAemNNA6QJBALxqpE3ub2mC/DdztGOfanzlkHVOsK3h+cOWOX4YpC7z\n4Xc0qbHjjRoLVvByVuxHnVGPZyHA163iiwMMPS+bfaE=\n-----END RSA PRIVATE KEY-----\n-----BEGIN CERTIFICATE-----\nMIIDATCCAemgAwIBAgIBATANBgkqhkiG9w0BAQsFADASMRAwDgYDVQQDDAdSb290\nIENBMCAXDTIwMTIxMjIwMDk0OVoYDzIxMjAxMjEzMjAwOTQ5WjASMRAwDgYDVQQD\nDAdSb290IENBMIIBIjANBgkqhkiG9w0BAQEFAAOCAQ8AMIIBCgKCAQEA4eYA9Qa8\noEY4eQ8/HnEZE20C3yubdmv8rLAh7daRCEI7pWM17FJboKJKxdYAlAOXWj25ZyjS\nfeMhXKTtxjyNjoTRnVTDPdl0opZ2Z3H5xhpQd7P9eO5b4OOMiSPCmiLsPtQ3ngfN\nwCtVERc6NEIcaQ06GLDtFZRexv2eh8Yc55QaksBfBcFzQ+UD3gmRySTO2I6Lfi7g\nMUjRhipqVSZ66As2Tpex4KTJ2lxpSwOACFaDox+yKrjBTP7FsU3UwAGq7b7OJb3u\naa32B81uK6GJVPVo65gJ7clgZsszYkoDsGjWDqtfwTVVfv1G7rrr3Laio+2Ff3ff\ntWgiQ35mJCOvxQIDAQABo2AwXjAPBgNVHRMBAf8EBTADAQH/MAsGA1UdDwQEAwIB\nBjAdBgNVHQ4EFgQUjvUlrx6ba4Q9fICayVOcTXL3o1IwHwYDVR0jBBgwFoAUjvUl\nrx6ba4Q9fICayVOcTXL3o1IwDQYJKoZIhvcNAQELBQADggEBAL2sqYB5P22c068E\nUNoMAfDgGxnuZ48ddWSWK/OWiS5U5VI7R/c8vjOCHU1OI/eQfhOenXxnHNF2QBuu\nbjdg5ImPsvgQNFs6ZUgenQh+E4JDkTpn7bKCgtK7qlAPUXZRZI6uAaH5zKu3yFPU\n2kow3LFCwYutrSfVg6JYeX+cuYsLHFzNzOhqh88Mu9yJ7pPJ8faeHFglHa51eoaw\nvurAVknk7tzUxLZN0PxD9nrduVwtiluFbCPz0EtP5Dt1KylGdPrKvCJNkFkRJX+S\n0t9VNIhyqLmslP5uSFtuTt8toXkizaYlxIVHckkvpuKZB8m7l8C/lom9sqagjZ1J\nIf+teEc=\n-----END CERTIFICATE-----\n
info.read_bio_ex=nonnull
info.read_bio_ex.num=1
info_new=nonnull
pkey_new=nonnull
info.read_fp=nonnull
info.read_fp.num=1
info.read_ex_fp=nonnull
mal.wrong_container.crl_as_x509=null
mal.wrong_container.crl_as_x509.err=9.108
mal.wrong_container.x509_as_crl=null
mal.wrong_container.x509_as_crl.err=9.108
mal.truncated=null
mal.truncated.err=13.155
mal.wrong_header=null
mal.wrong_header.err=9.108
mal.bad_base64=null
mal.bad_base64.err=9.100
mal.not_pem=null
mal.not_pem.err=9.108
mal.crl.truncated=null
mal.crl.truncated.err=9.108
mal.req.wrong_header=null
mal.req.wrong_header.err=9.108
