FRF-MUTANT:stdout-first-line:transcript.sha256=68b296f11b92d68235fb35cb19460dd17c19cfdcecd683a66add478f73782548
ecx.find.1034.notnull=1
ecx.find.1034.info_ok=1
ecx.find.1034.pkey_id=1034
ecx.find.1034.base_id=1034
ecx.find.1034.flags=0
ecx.find.1034.pem=X25519
ecx.find.1034.info=OpenSSL X25519 algorithm
ecx.find.1035.notnull=1
ecx.find.1035.info_ok=1
ecx.find.1035.pkey_id=1035
ecx.find.1035.base_id=1035
ecx.find.1035.flags=0
ecx.find.1035.pem=X448
ecx.find.1035.info=OpenSSL X448 algorithm
ecx.find.1087.notnull=1
ecx.find.1087.info_ok=1
ecx.find.1087.pkey_id=1087
ecx.find.1087.base_id=1087
ecx.find.1087.flags=0
ecx.find.1087.pem=ED25519
ecx.find.1087.info=OpenSSL ED25519 algorithm
ecx.find.1088.notnull=1
ecx.find.1088.info_ok=1
ecx.find.1088.pkey_id=1088
ecx.find.1088.base_id=1088
ecx.find.1088.flags=0
ecx.find.1088.pem=ED448
ecx.find.1088.info=OpenSSL ED448 algorithm
ecx.find.none_is_null=1
ecx.find_str.x25519.notnull=1
ecx.find_str.x25519.info_ok=1
ecx.find_str.x25519.pkey_id=1034
ecx.find_str.x25519.base_id=1034
ecx.find_str.x25519.flags=0
ecx.find_str.x25519.pem=X25519
ecx.find_str.x25519.info=OpenSSL X25519 algorithm
ecx.find_str.x25519_lower.notnull=1
ecx.find_str.x25519_lower.info_ok=1
ecx.find_str.x25519_lower.pkey_id=1034
ecx.find_str.x25519_lower.base_id=1034
ecx.find_str.x25519_lower.flags=0
ecx.find_str.x25519_lower.pem=X25519
ecx.find_str.x25519_lower.info=OpenSSL X25519 algorithm
ecx.find_str.x25519_explicit.notnull=1
ecx.find_str.x25519_explicit.info_ok=1
ecx.find_str.x25519_explicit.pkey_id=1034
ecx.find_str.x25519_explicit.base_id=1034
ecx.find_str.x25519_explicit.flags=0
ecx.find_str.x25519_explicit.pem=X25519
ecx.find_str.x25519_explicit.info=OpenSSL X25519 algorithm
ecx.find_str.x25519_prefix.notnull=0
ecx.find_str.x448.notnull=1
ecx.find_str.x448.info_ok=1
ecx.find_str.x448.pkey_id=1035
ecx.find_str.x448.base_id=1035
ecx.find_str.x448.flags=0
ecx.find_str.x448.pem=X448
ecx.find_str.x448.info=OpenSSL X448 algorithm
ecx.find_str.ed25519.notnull=1
ecx.find_str.ed25519.info_ok=1
ecx.find_str.ed25519.pkey_id=1087
ecx.find_str.ed25519.base_id=1087
ecx.find_str.ed25519.flags=0
ecx.find_str.ed25519.pem=ED25519
ecx.find_str.ed25519.info=OpenSSL ED25519 algorithm
ecx.find_str.ed25519_lower.notnull=1
ecx.find_str.ed25519_lower.info_ok=1
ecx.find_str.ed25519_lower.pkey_id=1087
ecx.find_str.ed25519_lower.base_id=1087
ecx.find_str.ed25519_lower.flags=0
ecx.find_str.ed25519_lower.pem=ED25519
ecx.find_str.ed25519_lower.info=OpenSSL ED25519 algorithm
ecx.find_str.ed448.notnull=1
ecx.find_str.ed448.info_ok=1
ecx.find_str.ed448.pkey_id=1088
ecx.find_str.ed448.base_id=1088
ecx.find_str.ed448.flags=0
ecx.find_str.ed448.pem=ED448
ecx.find_str.ed448.info=OpenSSL ED448 algorithm
ecx.find_str.absent.notnull=0
ecx.type.1034=1034
ecx.type.1035=1035
ecx.type.1087=1087
ecx.type.1088=1088
ecx.type.undef=0
ecx.type.none=0
ecx.type.keymgmt=0
ecx.type.find_agrees.1034=1
ecx.type.find_agrees.1035=1
ecx.type.find_agrees.1087=1
ecx.type.find_agrees.1088=1
ecx.ameth.count=15
ecx.ameth.get0.negative_is_null=1
ecx.ameth.get0.0=6
ecx.ameth.get0.1=19
ecx.ameth.get0.2=28
ecx.ameth.get0.3=67
ecx.ameth.get0.4=70
ecx.ameth.get0.5=113
ecx.ameth.get0.6=116
ecx.ameth.get0.7=408
ecx.ameth.get0.8=912
ecx.ameth.get0.9=920
ecx.ameth.get0.10=1034
ecx.ameth.get0.11=1035
ecx.ameth.get0.12=1087
ecx.ameth.get0.13=1088
ecx.ameth.get0.14=1172
ecx.ameth.index_of.1034=1
ecx.ameth.index_of.1035=1
ecx.ameth.index_of.1087=1
ecx.ameth.index_of.1088=1
ecx.pmeth.count=10
ecx.pmeth.find.1034.notnull=1
ecx.pmeth.find.1034.pkey_id=1034
ecx.pmeth.find.1034.flags=0
ecx.pmeth.find.1035.notnull=1
ecx.pmeth.find.1035.pkey_id=1035
ecx.pmeth.find.1035.flags=0
ecx.pmeth.find.1087.notnull=1
ecx.pmeth.find.1087.pkey_id=1087
ecx.pmeth.find.1087.flags=4
ecx.pmeth.find.1088.notnull=1
ecx.pmeth.find.1088.pkey_id=1088
ecx.pmeth.find.1088.flags=4
ecx.pmeth.get0.0.notnull=1
ecx.pmeth.get0.0.pkey_id=6
ecx.pmeth.get0.1.notnull=1
ecx.pmeth.get0.1.pkey_id=28
ecx.pmeth.get0.2.notnull=1
ecx.pmeth.get0.2.pkey_id=116
ecx.pmeth.get0.3.notnull=1
ecx.pmeth.get0.3.pkey_id=408
ecx.pmeth.get0.4.notnull=1
ecx.pmeth.get0.4.pkey_id=912
ecx.pmeth.get0.5.notnull=1
ecx.pmeth.get0.5.pkey_id=920
ecx.pmeth.get0.6.notnull=1
ecx.pmeth.get0.6.pkey_id=1034
ecx.pmeth.get0.7.notnull=1
ecx.pmeth.get0.7.pkey_id=1035
ecx.pmeth.get0.8.notnull=1
ecx.pmeth.get0.8.pkey_id=1087
ecx.pmeth.get0.9.notnull=1
ecx.pmeth.get0.9.pkey_id=1088
ecx.spki.x25519.built=42
ecx.d2i.x25519.notnull=0
ecx.x25519.err.0=109052059:../../src/openssl-3.6.4/crypto/asn1/asn1_lib.c:95:ASN1_get_object
ecx.x25519.err.1=109052006:../../src/openssl-3.6.4/crypto/asn1/tasn_dec.c:1226:asn1_check_tlen
ecx.x25519.err.2=109576458:../../src/openssl-3.6.4/crypto/asn1/tasn_dec.c:779:asn1_d2i_ex_primitive
ecx.x25519.err.3=109576458:../../src/openssl-3.6.4/crypto/asn1/tasn_dec.c:712:asn1_template_noexp_d2i
ecx.x25519.err.4=109576458:../../src/openssl-3.6.4/crypto/asn1/tasn_dec.c:712:asn1_template_noexp_d2i
ecx.x25519.err.count=5
ecx.spki.x448.built=66
ecx.d2i.x448.notnull=0
ecx.x448.err.0=109052059:../../src/openssl-3.6.4/crypto/asn1/asn1_lib.c:95:ASN1_get_object
ecx.x448.err.1=109052006:../../src/openssl-3.6.4/crypto/asn1/tasn_dec.c:1226:asn1_check_tlen
ecx.x448.err.2=109576458:../../src/openssl-3.6.4/crypto/asn1/tasn_dec.c:779:asn1_d2i_ex_primitive
ecx.x448.err.3=109576458:../../src/openssl-3.6.4/crypto/asn1/tasn_dec.c:712:asn1_template_noexp_d2i
ecx.x448.err.4=109576458:../../src/openssl-3.6.4/crypto/asn1/tasn_dec.c:712:asn1_template_noexp_d2i
ecx.x448.err.count=5
ecx.spki.ed25519.built=42
ecx.d2i.ed25519.notnull=0
ecx.ed25519.err.0=109052059:../../src/openssl-3.6.4/crypto/asn1/asn1_lib.c:95:ASN1_get_object
ecx.ed25519.err.1=109052006:../../src/openssl-3.6.4/crypto/asn1/tasn_dec.c:1226:asn1_check_tlen
ecx.ed25519.err.2=109576458:../../src/openssl-3.6.4/crypto/asn1/tasn_dec.c:779:asn1_d2i_ex_primitive
ecx.ed25519.err.3=109576458:../../src/openssl-3.6.4/crypto/asn1/tasn_dec.c:712:asn1_template_noexp_d2i
ecx.ed25519.err.4=109576458:../../src/openssl-3.6.4/crypto/asn1/tasn_dec.c:712:asn1_template_noexp_d2i
ecx.ed25519.err.count=5
ecx.spki.ed448.built=67
ecx.d2i.ed448.notnull=0
ecx.ed448.err.0=109052059:../../src/openssl-3.6.4/crypto/asn1/asn1_lib.c:95:ASN1_get_object
ecx.ed448.err.1=109052006:../../src/openssl-3.6.4/crypto/asn1/tasn_dec.c:1226:asn1_check_tlen
ecx.ed448.err.2=109576458:../../src/openssl-3.6.4/crypto/asn1/tasn_dec.c:779:asn1_d2i_ex_primitive
ecx.ed448.err.3=109576458:../../src/openssl-3.6.4/crypto/asn1/tasn_dec.c:712:asn1_template_noexp_d2i
ecx.ed448.err.4=109576458:../../src/openssl-3.6.4/crypto/asn1/tasn_dec.c:712:asn1_template_noexp_d2i
ecx.ed448.err.count=5
ecx.refuse.meth_get0_past_end=1
ecx.refuse.meth_find_undef=1
ecx.refuse.asn1_get0_past_end=1
ecx.refuse.asn1_get0_info_null=0
ecx.refuse.find_str_absent=1
ecx.refuse.find_str_empty=1
