FRF-MUTANT:stdout-first-line:transcript.sha256=86d066746565d339de4e9de000eb8df4a4efa692c9123d47127761e3835e95e5
fresh.method.name=datagram socket
fresh.method.type=1301
fresh.ctrl.reset=0
fresh.ctrl.info=0
fresh.ctrl.pending=0
fresh.ctrl.wpending=0
fresh.ctrl.dup=1
fresh.ctrl.flush=1
fresh.ctrl.getfd=-1
fresh.ctrl.getclose=1
fresh.ctrl.setclose7=1
fresh.ctrl.getclose.after7=7
fresh.ctrl.unknown=0
fresh.locaddr.cap=1
fresh.effective.caps=15
fresh.locaddr.get.enable.ret=1
fresh.locaddr.get.enable.value=0
fresh.mtu.get=0
fresh.mtu.set1500=1500
fresh.mtu.get.after=1500
fresh.mtu.overhead.afunspec=28
fresh.mtu.fallback.afunspec=548
fresh.getpeer.ret=112
fresh.getpeer.family=0
fresh.getpeer.rawport.nonzero=0
fresh.getpeer.host=<NULL>
fresh.getpeer.err.0.code=268959746
fresh.getpeer.err.0.file=../../src/openssl-3.6.4/crypto/bio/bio_addr.c
fresh.getpeer.err.0.line=256
fresh.getpeer.err.0.data=ai_family not supported
fresh.getpeer.err.0.flags=3
fresh.getpeer.err.count=1
fresh.getpeer.num16.ret=16
fresh.getpeer.num16.family=0
fresh.getpeer.num16.rawport.nonzero=0
fresh.getpeer.num16.host=<NULL>
fresh.getpeer.num16.err.0.code=268959746
fresh.getpeer.num16.err.0.file=../../src/openssl-3.6.4/crypto/bio/bio_addr.c
fresh.getpeer.num16.err.0.line=256
fresh.getpeer.num16.err.0.data=ai_family not supported
fresh.getpeer.num16.err.0.flags=3
fresh.getpeer.num16.err.count=1
fresh.detectpeer.ret=0
fresh.detectpeer.family=0
fresh.detectpeer.rawport.nonzero=0
fresh.detectpeer.host=<NULL>
fresh.detectpeer.err.0.code=268959746
fresh.detectpeer.err.0.file=../../src/openssl-3.6.4/crypto/bio/bio_addr.c
fresh.detectpeer.err.0.line=256
fresh.detectpeer.err.0.data=ai_family not supported
fresh.detectpeer.err.0.flags=3
fresh.detectpeer.err.count=1
fresh.timer.exp.recv=0
fresh.timer.exp.send=0
fresh.mtu.exceeded=0
fresh.peekmode.set1=1
fresh.peekmode.set0=1
fresh.sctp.inhandshake=1
fresh.rpoll.ret=1
fresh.rpoll.type=1
fresh.rpoll.fd=0
fresh.wpoll.ret=1
fresh.wpoll.type=1
fresh.nexttimeout.ret=1
fresh.free=1
badfd.init.getfd=-1
badfd.getpeer.ret=112
badfd.getpeer.family=0
badfd.getpeer.rawport.nonzero=0
badfd.getpeer.host=<NULL>
badfd.getpeer.err.0.code=268959746
badfd.getpeer.err.0.file=../../src/openssl-3.6.4/crypto/bio/bio_addr.c
badfd.getpeer.err.0.line=256
badfd.getpeer.err.0.data=ai_family not supported
badfd.getpeer.err.0.flags=3
badfd.getpeer.err.count=1
badfd.locaddr.cap=1
badfd.locaddr.set1=0
badfd.locaddr.get.ret=1
badfd.locaddr.get.value=0
badfd.discover=0
badfd.querymtu=0
badfd.dontfrag1=-1
badfd.nbio1=0
badfd.nbio1.0.code=2147483657
badfd.nbio1.0.file=../../src/openssl-3.6.4/crypto/bio/bio_sock.c
badfd.nbio1.0.line=248
badfd.nbio1.0.data=calling ioctlsocket()
badfd.nbio1.0.flags=3
badfd.nbio1.count=1
badfd.setrecv=-1
badfd.setrecv.0.code=2147483657
badfd.setrecv.0.file=../../src/openssl-3.6.4/crypto/bio/bss_dgram.c
badfd.setrecv.0.line=806
badfd.setrecv.0.data=calling setsockopt()
badfd.setrecv.0.flags=3
badfd.setrecv.count=1
badfd.getrecv=-1
badfd.getrecv.0.code=2147483657
badfd.getrecv.0.file=../../src/openssl-3.6.4/crypto/bio/bss_dgram.c
badfd.getrecv.0.line=833
badfd.getrecv.0.data=calling getsockopt()
badfd.getrecv.0.flags=3
badfd.getrecv.count=1
badfd.setsend=-1
badfd.setsend.0.code=2147483657
badfd.setsend.0.file=../../src/openssl-3.6.4/crypto/bio/bss_dgram.c
badfd.setsend.0.line=862
badfd.setsend.0.data=calling setsockopt()
badfd.setsend.0.flags=3
badfd.setsend.count=1
badfd.getsend=-1
badfd.getsend.0.code=2147483657
badfd.getsend.0.file=../../src/openssl-3.6.4/crypto/bio/bss_dgram.c
badfd.getsend.0.line=889
badfd.getsend.0.data=calling getsockopt()
badfd.getsend.0.flags=3
badfd.getsend.count=1
badfd.getrecv.tv.after=2.0
badfd.read=-1
badfd.read.count=0
badfd.write=-1
badfd.write.count=0
badfd.retry.read=0
badfd.free=1
addr.setup=1
addr.setpeer.v4=1
addr.overhead.v4=28
addr.fallback.v4=548
addr.getpeer.v4.ret=16
addr.getpeer.v4.family.eq=1
addr.getpeer.v4.rawport.eq=1
addr.getpeer.v4.err.count=0
addr.dontfrag.v4=0
addr.dontfrag.v4.count=0
addr.dontfrag.v4.off=0
addr.dontfrag.v4.off.count=0
addr.connect.v4=1
addr.overhead.after.connect=28
addr.setconnected.v4=1
addr.getpeer.connected.ret=16
addr.getpeer.connected.family.eq=1
addr.getpeer.connected.rawport.eq=1
addr.getpeer.connected.err.count=0
addr.setpeer.v6=1
addr.overhead.v6=48
addr.fallback.v6=1232
addr.dontfrag.v6=-1
addr.dontfrag.v6.0.code=2147483740
addr.dontfrag.v6.0.file=../../src/openssl-3.6.4/crypto/bio/bss_dgram.c
addr.dontfrag.v6.0.line=961
addr.dontfrag.v6.0.data=calling setsockopt()
addr.dontfrag.v6.0.flags=3
addr.dontfrag.v6.count=1
addr.v6.rawaddress=1
addr.v6.rawlen=16
addr.setpeer.mapped=1
addr.overhead.mapped=28
addr.fallback.mapped=548
addr.setconnected.null=1
addr.overhead.after.null=28
addr.fallback.after.null=548
addr.dontfrag.unset=-1
addr.dontfrag.unset.count=0
addr.detectpeer.ret=0
addr.detectpeer.family=0
addr.detectpeer.rawport.nonzero=0
addr.detectpeer.host=<NULL>
addr.detectpeer.err.0.code=268959746
addr.detectpeer.err.0.file=../../src/openssl-3.6.4/crypto/bio/bio_addr.c
addr.detectpeer.err.0.line=256
addr.detectpeer.err.0.data=ai_family not supported
addr.detectpeer.err.0.flags=3
addr.detectpeer.err.count=1
transfer.setup=1
transfer.client.bound=1
transfer.client.connect=1
transfer.client.getpeer.ret=16
transfer.client.getpeer.family=2
transfer.client.getpeer.rawport.nonzero=1
transfer.client.getpeer.host=127.0.0.1
transfer.client.getpeer.err.count=0
transfer.client.peer.family.eq=1
transfer.client.peer.rawport.eq=1
transfer.client.peer.err.count=0
transfer.server.getpeer.ret=112
transfer.server.getpeer.family=0
transfer.server.getpeer.rawport.nonzero=0
transfer.server.getpeer.host=<NULL>
transfer.server.getpeer.err.0.code=268959746
transfer.server.getpeer.err.0.file=../../src/openssl-3.6.4/crypto/bio/bio_addr.c
transfer.server.getpeer.err.0.line=256
transfer.server.getpeer.err.0.data=ai_family not supported
transfer.server.getpeer.err.0.flags=3
transfer.server.getpeer.err.count=1
transfer.server.getfd=5
transfer.write=5
transfer.read.ret=5
transfer.read.bytes=hello
transfer.server.getpeer.after=16
transfer.server.peer.after.family=2
transfer.server.peer.after.rawport.nonzero=1
transfer.server.peer.after.host=127.0.0.1
transfer.server.peer.after.err.count=0
transfer.server.peer.after.family.eq=1
transfer.server.peer.after.rawport.eq=0
transfer.server.peer.after.err.count=0
transfer.mtu.overhead=28
transfer.mtu.fallback=548
transfer.mtu.discover=0
transfer.mtu.query.zero=1
transfer.mtu.cached.eq.query=1
transfer.mtu.dontfrag1=0
transfer.mtu.dontfrag0=0
transfer.mtu.dontfrag.count=0
transfer.nbio=1
transfer.empty.read=-1
transfer.empty.retry=8
transfer.timer.exp.recv=1
transfer.timer.exp.recv.again=0
transfer.timer.exp.send=0
transfer.mtu.exceeded=0
transfer.setrecv=0
transfer.getrecv.ret=16
transfer.getrecv.tv=3.250000
transfer.setsend=0
transfer.getsend.ret=16
transfer.getsend.tv=2.125000
transfer.setrecv.zero=0
transfer.locaddr.set1=1
transfer.locaddr.set1.again=1
transfer.locaddr.get=1
transfer.locaddr.set0=1
deadline.setup=1
deadline.setrecv10=0
deadline.getrecv.ret=16
deadline.getrecv.tv=10.0
deadline.setnext=1
deadline.read=-1
deadline.elapsed.under5s=1
deadline.read.count=0
deadline.timer.exp=1
deadline.timer.exp.again=0
deadline.getrecv.after.ret=16
deadline.getrecv.after.tv=10.0
mmsg.setup=1
mmsg.client.connect=1
mmsg.send.num0.ret=1
mmsg.send.num0.done=0
mmsg.recv.num0.ret=1
mmsg.recv.num0.done=0
mmsg.send.ret=1
mmsg.send.done=2
mmsg.send.len0=3
mmsg.send.len1=5
mmsg.send.flags0=0
mmsg.recv.ret=1
mmsg.recv.done=2
mmsg.recv.len0=3
mmsg.recv.len1=5
mmsg.recv.bytes0=abc
mmsg.recv.bytes1=defgh
mmsg.send.local.disabled.ret=0
mmsg.send.local.disabled.done=0
mmsg.send.local.disabled.0.code=268435567
mmsg.send.local.disabled.0.file=../../src/openssl-3.6.4/crypto/bio/bss_dgram.c
mmsg.send.local.disabled.0.line=1402
mmsg.send.local.disabled.0.data=
mmsg.send.local.disabled.0.flags=1
mmsg.send.local.disabled.count=1
mmsg.recv.local.disabled.ret=0
mmsg.recv.local.disabled.done=0
mmsg.recv.local.disabled.0.code=268435567
mmsg.recv.local.disabled.0.file=../../src/openssl-3.6.4/crypto/bio/bss_dgram.c
mmsg.recv.local.disabled.0.line=1604
mmsg.recv.local.disabled.0.data=
mmsg.recv.local.disabled.0.flags=1
mmsg.recv.local.disabled.count=1
mmsg.locaddr.enable=1
mmsg.locaddr.enable.server=1
mmsg.send.local.ret=1
mmsg.send.local.done=1
mmsg.recv.local.ret=1
mmsg.recv.local.done=1
mmsg.recv.local.bytes=abc
mmsg.recv.local.family=2
mmsg.recv.local.rawport.nonzero=1
mmsg.recv.local.host=127.0.0.1
mmsg.recv.local.err.count=0
mmsg.recv.local.is.loopback=1
mmsg.recv.local.vs.server.family.eq=1
mmsg.recv.local.vs.server.rawport.eq=1
mmsg.recv.local.vs.server.err.count=0
probe.done=1
