transcript.sha256=61c4fbbe3db535309d82c556098bfef6ddbcf930004bb0af38ea0c0a1d15b1da
new.nonnull=1
set_id.ret=1
set_name.ret=1
add.ret=1
set_ciphers.ret=1
get_ciphers.same=1
set_rsa.ret=1
get_rsa.same=1
set_dsa.ret=1
get_dsa.same=1
set_dh.ret=1
get_dh.same=1
set_ec.ret=1
get_ec.same=1
set_rand.ret=1
get_rand.same=1
set_pkmeths.ret=1
get_pkmeths.same=1
get_pkmeth.same=1
get_pkmeth.absent_null=1
get_pkmeth_engine.absent_null=1
register_ciphers.ret=1
cipher_engine.nonnull=1
cipher_engine.same=1
get_cipher.same=1
get_cipher.absent_null=1
cipher_engine.after_unregister_null=1
register_all_ciphers.same=1
set_default_ciphers.ret=1
set_default_ciphers.same=1
cipher_engine.final_null=1
register_RSA.ret=1
register_DSA.ret=1
register_DH.ret=1
register_EC.ret=1
register_RAND.ret=1
set_default_RSA.ret=1
set_default_DSA.ret=1
set_default_DH.ret=1
set_default_EC.ret=1
set_default_RAND.ret=1
default_RSA.same=1
default_RSA.after_unregister_null=1
default_DSA.same=1
default_DSA.after_unregister_null=1
default_DH.same=1
default_DH.after_unregister_null=1
default_EC.same=1
default_EC.after_unregister_null=1
default_RAND.same=1
default_RAND.after_unregister_null=1
nomethod.nonnull=1
register_RSA.nomethod_ret=1
set_default_RSA.nomethod_ret=1
default_RSA.nomethod_null=1
loader.nonnull=1
set_load_priv.ret=1
get_load_priv.same=1
set_load_pub.ret=1
get_load_pub.same=1
set_load_ssl.ret=1
get_load_ssl.same=1
load_private.NULL_null=1
load_public.NULL_null=1
load_ssl.NULL_zero=1
load_private.uninit_null=1
load_public.uninit_null=1
load_ssl.uninit_zero=1
init_key.ret=1
load_private.same=1
load_public.same=1
load_ssl.ret=1
init_none.ret=1
load_private.noloader_null=1
load_public.noloader_null=1
load_ssl.noloader_zero=1
