FRF-MUTANT:stdout-first-line:transcript.sha256=f8be80ad4dd410f7932f95cc57d27f83e8f36d39e3ef11168f9d4ca3870c9ddc
cap.load.notnull=1
cap.group.0.count=10
cap.group.0.p.0=tls-group-name|4|15|s14:X25519MLKEM768
cap.group.0.p.1=tls-group-name-internal|4|1|s0:
cap.group.0.p.2=tls-group-alg|4|15|s14:X25519MLKEM768
cap.group.0.p.3=tls-group-id|2|4|u4588
cap.group.0.p.4=tls-group-sec-bits|2|4|u192
cap.group.0.p.5=tls-min-tls|1|4|i772
cap.group.0.p.6=tls-max-tls|1|4|i0
cap.group.0.p.7=tls-min-dtls|1|4|i-1
cap.group.0.p.8=tls-max-dtls|1|4|i-1
cap.group.0.p.9=tls-group-is-kem|1|4|i1
cap.group.1.count=10
cap.group.1.p.0=tls-group-name|4|7|s6:x25519
cap.group.1.p.1=tls-group-name-internal|4|7|s6:X25519
cap.group.1.p.2=tls-group-alg|4|7|s6:X25519
cap.group.1.p.3=tls-group-id|2|4|u29
cap.group.1.p.4=tls-group-sec-bits|2|4|u128
cap.group.1.p.5=tls-min-tls|1|4|i769
cap.group.1.p.6=tls-max-tls|1|4|i0
cap.group.1.p.7=tls-min-dtls|1|4|i65279
cap.group.1.p.8=tls-max-dtls|1|4|i0
cap.group.1.p.9=tls-group-is-kem|1|4|i0
cap.group.2.count=10
cap.group.2.p.0=tls-group-name|4|5|s4:x448
cap.group.2.p.1=tls-group-name-internal|4|5|s4:X448
cap.group.2.p.2=tls-group-alg|4|5|s4:X448
cap.group.2.p.3=tls-group-id|2|4|u30
cap.group.2.p.4=tls-group-sec-bits|2|4|u224
cap.group.2.p.5=tls-min-tls|1|4|i769
cap.group.2.p.6=tls-max-tls|1|4|i0
cap.group.2.p.7=tls-min-dtls|1|4|i65279
cap.group.2.p.8=tls-max-dtls|1|4|i0
cap.group.2.p.9=tls-group-is-kem|1|4|i0
cap.group.3.count=10
cap.group.3.p.0=tls-group-name|4|10|s9:secp256r1
cap.group.3.p.1=tls-group-name-internal|4|11|s10:prime256v1
cap.group.3.p.2=tls-group-alg|4|3|s2:EC
cap.group.3.p.3=tls-group-id|2|4|u23
cap.group.3.p.4=tls-group-sec-bits|2|4|u128
cap.group.3.p.5=tls-min-tls|1|4|i769
cap.group.3.p.6=tls-max-tls|1|4|i0
cap.group.3.p.7=tls-min-dtls|1|4|i65279
cap.group.3.p.8=tls-max-dtls|1|4|i0
cap.group.3.p.9=tls-group-is-kem|1|4|i0
cap.group.4.count=10
cap.group.4.p.0=tls-group-name|4|6|s5:P-256
cap.group.4.p.1=tls-group-name-internal|4|11|s10:prime256v1
cap.group.4.p.2=tls-group-alg|4|3|s2:EC
cap.group.4.p.3=tls-group-id|2|4|u23
cap.group.4.p.4=tls-group-sec-bits|2|4|u128
cap.group.4.p.5=tls-min-tls|1|4|i769
cap.group.4.p.6=tls-max-tls|1|4|i0
cap.group.4.p.7=tls-min-dtls|1|4|i65279
cap.group.4.p.8=tls-max-dtls|1|4|i0
cap.group.4.p.9=tls-group-is-kem|1|4|i0
cap.group.5.count=10
cap.group.5.p.0=tls-group-name|4|10|s9:secp384r1
cap.group.5.p.1=tls-group-name-internal|4|10|s9:secp384r1
cap.group.5.p.2=tls-group-alg|4|3|s2:EC
cap.group.5.p.3=tls-group-id|2|4|u24
cap.group.5.p.4=tls-group-sec-bits|2|4|u192
cap.group.5.p.5=tls-min-tls|1|4|i769
cap.group.5.p.6=tls-max-tls|1|4|i0
cap.group.5.p.7=tls-min-dtls|1|4|i65279
cap.group.5.p.8=tls-max-dtls|1|4|i0
cap.group.5.p.9=tls-group-is-kem|1|4|i0
cap.group.6.count=10
cap.group.6.p.0=tls-group-name|4|6|s5:P-384
cap.group.6.p.1=tls-group-name-internal|4|10|s9:secp384r1
cap.group.6.p.2=tls-group-alg|4|3|s2:EC
cap.group.6.p.3=tls-group-id|2|4|u24
cap.group.6.p.4=tls-group-sec-bits|2|4|u192
cap.group.6.p.5=tls-min-tls|1|4|i769
cap.group.6.p.6=tls-max-tls|1|4|i0
cap.group.6.p.7=tls-min-dtls|1|4|i65279
cap.group.6.p.8=tls-max-dtls|1|4|i0
cap.group.6.p.9=tls-group-is-kem|1|4|i0
cap.group.7.count=10
cap.group.7.p.0=tls-group-name|4|10|s9:secp521r1
cap.group.7.p.1=tls-group-name-internal|4|10|s9:secp521r1
cap.group.7.p.2=tls-group-alg|4|3|s2:EC
cap.group.7.p.3=tls-group-id|2|4|u25
cap.group.7.p.4=tls-group-sec-bits|2|4|u256
cap.group.7.p.5=tls-min-tls|1|4|i769
cap.group.7.p.6=tls-max-tls|1|4|i0
cap.group.7.p.7=tls-min-dtls|1|4|i65279
cap.group.7.p.8=tls-max-dtls|1|4|i0
cap.group.7.p.9=tls-group-is-kem|1|4|i0
cap.group.8.count=10
cap.group.8.p.0=tls-group-name|4|6|s5:P-521
cap.group.8.p.1=tls-group-name-internal|4|10|s9:secp521r1
cap.group.8.p.2=tls-group-alg|4|3|s2:EC
cap.group.8.p.3=tls-group-id|2|4|u25
cap.group.8.p.4=tls-group-sec-bits|2|4|u256
cap.group.8.p.5=tls-min-tls|1|4|i769
cap.group.8.p.6=tls-max-tls|1|4|i0
cap.group.8.p.7=tls-min-dtls|1|4|i65279
cap.group.8.p.8=tls-max-dtls|1|4|i0
cap.group.8.p.9=tls-group-is-kem|1|4|i0
cap.group.9.count=10
cap.group.9.p.0=tls-group-name|4|10|s9:ffdhe2048
cap.group.9.p.1=tls-group-name-internal|4|10|s9:ffdhe2048
cap.group.9.p.2=tls-group-alg|4|3|s2:DH
cap.group.9.p.3=tls-group-id|2|4|u256
cap.group.9.p.4=tls-group-sec-bits|2|4|u112
cap.group.9.p.5=tls-min-tls|1|4|i772
cap.group.9.p.6=tls-max-tls|1|4|i0
cap.group.9.p.7=tls-min-dtls|1|4|i-1
cap.group.9.p.8=tls-max-dtls|1|4|i-1
cap.group.9.p.9=tls-group-is-kem|1|4|i0
cap.group.10.count=10
cap.group.10.p.0=tls-group-name|4|10|s9:ffdhe3072
cap.group.10.p.1=tls-group-name-internal|4|10|s9:ffdhe3072
cap.group.10.p.2=tls-group-alg|4|3|s2:DH
cap.group.10.p.3=tls-group-id|2|4|u257
cap.group.10.p.4=tls-group-sec-bits|2|4|u128
cap.group.10.p.5=tls-min-tls|1|4|i772
cap.group.10.p.6=tls-max-tls|1|4|i0
cap.group.10.p.7=tls-min-dtls|1|4|i-1
cap.group.10.p.8=tls-max-dtls|1|4|i-1
cap.group.10.p.9=tls-group-is-kem|1|4|i0
cap.group.11.count=10
cap.group.11.p.0=tls-group-name|4|9|s8:MLKEM512
cap.group.11.p.1=tls-group-name-internal|4|1|s0:
cap.group.11.p.2=tls-group-alg|4|11|s10:ML-KEM-512
cap.group.11.p.3=tls-group-id|2|4|u512
cap.group.11.p.4=tls-group-sec-bits|2|4|u128
cap.group.11.p.5=tls-min-tls|1|4|i772
cap.group.11.p.6=tls-max-tls|1|4|i0
cap.group.11.p.7=tls-min-dtls|1|4|i-1
cap.group.11.p.8=tls-max-dtls|1|4|i-1
cap.group.11.p.9=tls-group-is-kem|1|4|i1
cap.group.12.count=10
cap.group.12.p.0=tls-group-name|4|9|s8:MLKEM768
cap.group.12.p.1=tls-group-name-internal|4|1|s0:
cap.group.12.p.2=tls-group-alg|4|11|s10:ML-KEM-768
cap.group.12.p.3=tls-group-id|2|4|u513
cap.group.12.p.4=tls-group-sec-bits|2|4|u192
cap.group.12.p.5=tls-min-tls|1|4|i772
cap.group.12.p.6=tls-max-tls|1|4|i0
cap.group.12.p.7=tls-min-dtls|1|4|i-1
cap.group.12.p.8=tls-max-dtls|1|4|i-1
cap.group.12.p.9=tls-group-is-kem|1|4|i1
cap.group.13.count=10
cap.group.13.p.0=tls-group-name|4|10|s9:MLKEM1024
cap.group.13.p.1=tls-group-name-internal|4|1|s0:
cap.group.13.p.2=tls-group-alg|4|12|s11:ML-KEM-1024
cap.group.13.p.3=tls-group-id|2|4|u514
cap.group.13.p.4=tls-group-sec-bits|2|4|u256
cap.group.13.p.5=tls-min-tls|1|4|i772
cap.group.13.p.6=tls-max-tls|1|4|i0
cap.group.13.p.7=tls-min-dtls|1|4|i-1
cap.group.13.p.8=tls-max-dtls|1|4|i-1
cap.group.13.p.9=tls-group-is-kem|1|4|i1
cap.group.14.count=10
cap.group.14.p.0=tls-group-name|4|16|s15:brainpoolP256r1
cap.group.14.p.1=tls-group-name-internal|4|16|s15:brainpoolP256r1
cap.group.14.p.2=tls-group-alg|4|3|s2:EC
cap.group.14.p.3=tls-group-id|2|4|u26
cap.group.14.p.4=tls-group-sec-bits|2|4|u128
cap.group.14.p.5=tls-min-tls|1|4|i769
cap.group.14.p.6=tls-max-tls|1|4|i771
cap.group.14.p.7=tls-min-dtls|1|4|i65279
cap.group.14.p.8=tls-max-dtls|1|4|i65277
cap.group.14.p.9=tls-group-is-kem|1|4|i0
cap.group.15.count=10
cap.group.15.p.0=tls-group-name|4|16|s15:brainpoolP384r1
cap.group.15.p.1=tls-group-name-internal|4|16|s15:brainpoolP384r1
cap.group.15.p.2=tls-group-alg|4|3|s2:EC
cap.group.15.p.3=tls-group-id|2|4|u27
cap.group.15.p.4=tls-group-sec-bits|2|4|u192
cap.group.15.p.5=tls-min-tls|1|4|i769
cap.group.15.p.6=tls-max-tls|1|4|i771
cap.group.15.p.7=tls-min-dtls|1|4|i65279
cap.group.15.p.8=tls-max-dtls|1|4|i65277
cap.group.15.p.9=tls-group-is-kem|1|4|i0
cap.group.16.count=10
cap.group.16.p.0=tls-group-name|4|16|s15:brainpoolP512r1
cap.group.16.p.1=tls-group-name-internal|4|16|s15:brainpoolP512r1
cap.group.16.p.2=tls-group-alg|4|3|s2:EC
cap.group.16.p.3=tls-group-id|2|4|u28
cap.group.16.p.4=tls-group-sec-bits|2|4|u256
cap.group.16.p.5=tls-min-tls|1|4|i769
cap.group.16.p.6=tls-max-tls|1|4|i771
cap.group.16.p.7=tls-min-dtls|1|4|i65279
cap.group.16.p.8=tls-max-dtls|1|4|i65277
cap.group.16.p.9=tls-group-is-kem|1|4|i0
cap.group.17.count=10
cap.group.17.p.0=tls-group-name|4|21|s20:brainpoolP256r1tls13
cap.group.17.p.1=tls-group-name-internal|4|16|s15:brainpoolP256r1
cap.group.17.p.2=tls-group-alg|4|3|s2:EC
cap.group.17.p.3=tls-group-id|2|4|u31
cap.group.17.p.4=tls-group-sec-bits|2|4|u128
cap.group.17.p.5=tls-min-tls|1|4|i772
cap.group.17.p.6=tls-max-tls|1|4|i0
cap.group.17.p.7=tls-min-dtls|1|4|i-1
cap.group.17.p.8=tls-max-dtls|1|4|i-1
cap.group.17.p.9=tls-group-is-kem|1|4|i0
cap.group.18.count=10
cap.group.18.p.0=tls-group-name|4|21|s20:brainpoolP384r1tls13
cap.group.18.p.1=tls-group-name-internal|4|16|s15:brainpoolP384r1
cap.group.18.p.2=tls-group-alg|4|3|s2:EC
cap.group.18.p.3=tls-group-id|2|4|u32
cap.group.18.p.4=tls-group-sec-bits|2|4|u192
cap.group.18.p.5=tls-min-tls|1|4|i772
cap.group.18.p.6=tls-max-tls|1|4|i0
cap.group.18.p.7=tls-min-dtls|1|4|i-1
cap.group.18.p.8=tls-max-dtls|1|4|i-1
cap.group.18.p.9=tls-group-is-kem|1|4|i0
cap.group.19.count=10
cap.group.19.p.0=tls-group-name|4|21|s20:brainpoolP512r1tls13
cap.group.19.p.1=tls-group-name-internal|4|16|s15:brainpoolP512r1
cap.group.19.p.2=tls-group-alg|4|3|s2:EC
cap.group.19.p.3=tls-group-id|2|4|u33
cap.group.19.p.4=tls-group-sec-bits|2|4|u256
cap.group.19.p.5=tls-min-tls|1|4|i772
cap.group.19.p.6=tls-max-tls|1|4|i0
cap.group.19.p.7=tls-min-dtls|1|4|i-1
cap.group.19.p.8=tls-max-dtls|1|4|i-1
cap.group.19.p.9=tls-group-is-kem|1|4|i0
cap.group.20.count=10
cap.group.20.p.0=tls-group-name|4|18|s17:SecP256r1MLKEM768
cap.group.20.p.1=tls-group-name-internal|4|1|s0:
cap.group.20.p.2=tls-group-alg|4|18|s17:SecP256r1MLKEM768
cap.group.20.p.3=tls-group-id|2|4|u4587
cap.group.20.p.4=tls-group-sec-bits|2|4|u192
cap.group.20.p.5=tls-min-tls|1|4|i772
cap.group.20.p.6=tls-max-tls|1|4|i0
cap.group.20.p.7=tls-min-dtls|1|4|i-1
cap.group.20.p.8=tls-max-dtls|1|4|i-1
cap.group.20.p.9=tls-group-is-kem|1|4|i1
cap.group.21.count=10
cap.group.21.p.0=tls-group-name|4|19|s18:SecP384r1MLKEM1024
cap.group.21.p.1=tls-group-name-internal|4|1|s0:
cap.group.21.p.2=tls-group-alg|4|19|s18:SecP384r1MLKEM1024
cap.group.21.p.3=tls-group-id|2|4|u4589
cap.group.21.p.4=tls-group-sec-bits|2|4|u256
cap.group.21.p.5=tls-min-tls|1|4|i772
cap.group.21.p.6=tls-max-tls|1|4|i0
cap.group.21.p.7=tls-min-dtls|1|4|i-1
cap.group.21.p.8=tls-max-dtls|1|4|i-1
cap.group.21.p.9=tls-group-is-kem|1|4|i1
cap.group.22.count=10
cap.group.22.p.0=tls-group-name|4|10|s9:ffdhe4096
cap.group.22.p.1=tls-group-name-internal|4|10|s9:ffdhe4096
cap.group.22.p.2=tls-group-alg|4|3|s2:DH
cap.group.22.p.3=tls-group-id|2|4|u258
cap.group.22.p.4=tls-group-sec-bits|2|4|u128
cap.group.22.p.5=tls-min-tls|1|4|i772
cap.group.22.p.6=tls-max-tls|1|4|i0
cap.group.22.p.7=tls-min-dtls|1|4|i-1
cap.group.22.p.8=tls-max-dtls|1|4|i-1
cap.group.22.p.9=tls-group-is-kem|1|4|i0
cap.group.23.count=10
cap.group.23.p.0=tls-group-name|4|10|s9:ffdhe6144
cap.group.23.p.1=tls-group-name-internal|4|10|s9:ffdhe6144
cap.group.23.p.2=tls-group-alg|4|3|s2:DH
cap.group.23.p.3=tls-group-id|2|4|u259
cap.group.23.p.4=tls-group-sec-bits|2|4|u128
cap.group.23.p.5=tls-min-tls|1|4|i772
cap.group.23.p.6=tls-max-tls|1|4|i0
cap.group.23.p.7=tls-min-dtls|1|4|i-1
cap.group.23.p.8=tls-max-dtls|1|4|i-1
cap.group.23.p.9=tls-group-is-kem|1|4|i0
cap.group.24.count=10
cap.group.24.p.0=tls-group-name|4|10|s9:ffdhe8192
cap.group.24.p.1=tls-group-name-internal|4|10|s9:ffdhe8192
cap.group.24.p.2=tls-group-alg|4|3|s2:DH
cap.group.24.p.3=tls-group-id|2|4|u260
cap.group.24.p.4=tls-group-sec-bits|2|4|u192
cap.group.24.p.5=tls-min-tls|1|4|i772
cap.group.24.p.6=tls-max-tls|1|4|i0
cap.group.24.p.7=tls-min-dtls|1|4|i-1
cap.group.24.p.8=tls-max-dtls|1|4|i-1
cap.group.24.p.9=tls-group-is-kem|1|4|i0
cap.group.25.count=10
cap.group.25.p.0=tls-group-name|4|10|s9:sect163k1
cap.group.25.p.1=tls-group-name-internal|4|10|s9:sect163k1
cap.group.25.p.2=tls-group-alg|4|3|s2:EC
cap.group.25.p.3=tls-group-id|2|4|u1
cap.group.25.p.4=tls-group-sec-bits|2|4|u80
cap.group.25.p.5=tls-min-tls|1|4|i769
cap.group.25.p.6=tls-max-tls|1|4|i771
cap.group.25.p.7=tls-min-dtls|1|4|i65279
cap.group.25.p.8=tls-max-dtls|1|4|i65277
cap.group.25.p.9=tls-group-is-kem|1|4|i0
cap.group.26.count=10
cap.group.26.p.0=tls-group-name|4|6|s5:K-163
cap.group.26.p.1=tls-group-name-internal|4|10|s9:sect163k1
cap.group.26.p.2=tls-group-alg|4|3|s2:EC
cap.group.26.p.3=tls-group-id|2|4|u1
cap.group.26.p.4=tls-group-sec-bits|2|4|u80
cap.group.26.p.5=tls-min-tls|1|4|i769
cap.group.26.p.6=tls-max-tls|1|4|i771
cap.group.26.p.7=tls-min-dtls|1|4|i65279
cap.group.26.p.8=tls-max-dtls|1|4|i65277
cap.group.26.p.9=tls-group-is-kem|1|4|i0
cap.group.27.count=10
cap.group.27.p.0=tls-group-name|4|10|s9:sect163r1
cap.group.27.p.1=tls-group-name-internal|4|10|s9:sect163r1
cap.group.27.p.2=tls-group-alg|4|3|s2:EC
cap.group.27.p.3=tls-group-id|2|4|u2
cap.group.27.p.4=tls-group-sec-bits|2|4|u80
cap.group.27.p.5=tls-min-tls|1|4|i769
cap.group.27.p.6=tls-max-tls|1|4|i771
cap.group.27.p.7=tls-min-dtls|1|4|i65279
cap.group.27.p.8=tls-max-dtls|1|4|i65277
cap.group.27.p.9=tls-group-is-kem|1|4|i0
cap.group.28.count=10
cap.group.28.p.0=tls-group-name|4|10|s9:sect163r2
cap.group.28.p.1=tls-group-name-internal|4|10|s9:sect163r2
cap.group.28.p.2=tls-group-alg|4|3|s2:EC
cap.group.28.p.3=tls-group-id|2|4|u3
cap.group.28.p.4=tls-group-sec-bits|2|4|u80
cap.group.28.p.5=tls-min-tls|1|4|i769
cap.group.28.p.6=tls-max-tls|1|4|i771
cap.group.28.p.7=tls-min-dtls|1|4|i65279
cap.group.28.p.8=tls-max-dtls|1|4|i65277
cap.group.28.p.9=tls-group-is-kem|1|4|i0
cap.group.29.count=10
cap.group.29.p.0=tls-group-name|4|6|s5:B-163
cap.group.29.p.1=tls-group-name-internal|4|10|s9:sect163r2
cap.group.29.p.2=tls-group-alg|4|3|s2:EC
cap.group.29.p.3=tls-group-id|2|4|u3
cap.group.29.p.4=tls-group-sec-bits|2|4|u80
cap.group.29.p.5=tls-min-tls|1|4|i769
cap.group.29.p.6=tls-max-tls|1|4|i771
cap.group.29.p.7=tls-min-dtls|1|4|i65279
cap.group.29.p.8=tls-max-dtls|1|4|i65277
cap.group.29.p.9=tls-group-is-kem|1|4|i0
cap.group.30.count=10
cap.group.30.p.0=tls-group-name|4|10|s9:sect193r1
cap.group.30.p.1=tls-group-name-internal|4|10|s9:sect193r1
cap.group.30.p.2=tls-group-alg|4|3|s2:EC
cap.group.30.p.3=tls-group-id|2|4|u4
cap.group.30.p.4=tls-group-sec-bits|2|4|u80
cap.group.30.p.5=tls-min-tls|1|4|i769
cap.group.30.p.6=tls-max-tls|1|4|i771
cap.group.30.p.7=tls-min-dtls|1|4|i65279
cap.group.30.p.8=tls-max-dtls|1|4|i65277
cap.group.30.p.9=tls-group-is-kem|1|4|i0
cap.group.31.count=10
cap.group.31.p.0=tls-group-name|4|10|s9:sect193r2
cap.group.31.p.1=tls-group-name-internal|4|10|s9:sect193r2
cap.group.31.p.2=tls-group-alg|4|3|s2:EC
cap.group.31.p.3=tls-group-id|2|4|u5
cap.group.31.p.4=tls-group-sec-bits|2|4|u80
cap.group.31.p.5=tls-min-tls|1|4|i769
cap.group.31.p.6=tls-max-tls|1|4|i771
cap.group.31.p.7=tls-min-dtls|1|4|i65279
cap.group.31.p.8=tls-max-dtls|1|4|i65277
cap.group.31.p.9=tls-group-is-kem|1|4|i0
cap.group.32.count=10
cap.group.32.p.0=tls-group-name|4|10|s9:sect233k1
cap.group.32.p.1=tls-group-name-internal|4|10|s9:sect233k1
cap.group.32.p.2=tls-group-alg|4|3|s2:EC
cap.group.32.p.3=tls-group-id|2|4|u6
cap.group.32.p.4=tls-group-sec-bits|2|4|u112
cap.group.32.p.5=tls-min-tls|1|4|i769
cap.group.32.p.6=tls-max-tls|1|4|i771
cap.group.32.p.7=tls-min-dtls|1|4|i65279
cap.group.32.p.8=tls-max-dtls|1|4|i65277
cap.group.32.p.9=tls-group-is-kem|1|4|i0
cap.group.33.count=10
cap.group.33.p.0=tls-group-name|4|6|s5:K-233
cap.group.33.p.1=tls-group-name-internal|4|10|s9:sect233k1
cap.group.33.p.2=tls-group-alg|4|3|s2:EC
cap.group.33.p.3=tls-group-id|2|4|u6
cap.group.33.p.4=tls-group-sec-bits|2|4|u112
cap.group.33.p.5=tls-min-tls|1|4|i769
cap.group.33.p.6=tls-max-tls|1|4|i771
cap.group.33.p.7=tls-min-dtls|1|4|i65279
cap.group.33.p.8=tls-max-dtls|1|4|i65277
cap.group.33.p.9=tls-group-is-kem|1|4|i0
cap.group.34.count=10
cap.group.34.p.0=tls-group-name|4|10|s9:sect233r1
cap.group.34.p.1=tls-group-name-internal|4|10|s9:sect233r1
cap.group.34.p.2=tls-group-alg|4|3|s2:EC
cap.group.34.p.3=tls-group-id|2|4|u7
cap.group.34.p.4=tls-group-sec-bits|2|4|u112
cap.group.34.p.5=tls-min-tls|1|4|i769
cap.group.34.p.6=tls-max-tls|1|4|i771
cap.group.34.p.7=tls-min-dtls|1|4|i65279
cap.group.34.p.8=tls-max-dtls|1|4|i65277
cap.group.34.p.9=tls-group-is-kem|1|4|i0
cap.group.35.count=10
cap.group.35.p.0=tls-group-name|4|6|s5:B-233
cap.group.35.p.1=tls-group-name-internal|4|10|s9:sect233r1
cap.group.35.p.2=tls-group-alg|4|3|s2:EC
cap.group.35.p.3=tls-group-id|2|4|u7
cap.group.35.p.4=tls-group-sec-bits|2|4|u112
cap.group.35.p.5=tls-min-tls|1|4|i769
cap.group.35.p.6=tls-max-tls|1|4|i771
cap.group.35.p.7=tls-min-dtls|1|4|i65279
cap.group.35.p.8=tls-max-dtls|1|4|i65277
cap.group.35.p.9=tls-group-is-kem|1|4|i0
cap.group.36.count=10
cap.group.36.p.0=tls-group-name|4|10|s9:sect239k1
cap.group.36.p.1=tls-group-name-internal|4|10|s9:sect239k1
cap.group.36.p.2=tls-group-alg|4|3|s2:EC
cap.group.36.p.3=tls-group-id|2|4|u8
cap.group.36.p.4=tls-group-sec-bits|2|4|u112
cap.group.36.p.5=tls-min-tls|1|4|i769
cap.group.36.p.6=tls-max-tls|1|4|i771
cap.group.36.p.7=tls-min-dtls|1|4|i65279
cap.group.36.p.8=tls-max-dtls|1|4|i65277
cap.group.36.p.9=tls-group-is-kem|1|4|i0
cap.group.37.count=10
cap.group.37.p.0=tls-group-name|4|10|s9:sect283k1
cap.group.37.p.1=tls-group-name-internal|4|10|s9:sect283k1
cap.group.37.p.2=tls-group-alg|4|3|s2:EC
cap.group.37.p.3=tls-group-id|2|4|u9
cap.group.37.p.4=tls-group-sec-bits|2|4|u128
cap.group.37.p.5=tls-min-tls|1|4|i769
cap.group.37.p.6=tls-max-tls|1|4|i771
cap.group.37.p.7=tls-min-dtls|1|4|i65279
cap.group.37.p.8=tls-max-dtls|1|4|i65277
cap.group.37.p.9=tls-group-is-kem|1|4|i0
cap.group.38.count=10
cap.group.38.p.0=tls-group-name|4|6|s5:K-283
cap.group.38.p.1=tls-group-name-internal|4|10|s9:sect283k1
cap.group.38.p.2=tls-group-alg|4|3|s2:EC
cap.group.38.p.3=tls-group-id|2|4|u9
cap.group.38.p.4=tls-group-sec-bits|2|4|u128
cap.group.38.p.5=tls-min-tls|1|4|i769
cap.group.38.p.6=tls-max-tls|1|4|i771
cap.group.38.p.7=tls-min-dtls|1|4|i65279
cap.group.38.p.8=tls-max-dtls|1|4|i65277
cap.group.38.p.9=tls-group-is-kem|1|4|i0
cap.group.39.count=10
cap.group.39.p.0=tls-group-name|4|10|s9:sect283r1
cap.group.39.p.1=tls-group-name-internal|4|10|s9:sect283r1
cap.group.39.p.2=tls-group-alg|4|3|s2:EC
cap.group.39.p.3=tls-group-id|2|4|u10
cap.group.39.p.4=tls-group-sec-bits|2|4|u128
cap.group.39.p.5=tls-min-tls|1|4|i769
cap.group.39.p.6=tls-max-tls|1|4|i771
cap.group.39.p.7=tls-min-dtls|1|4|i65279
cap.group.39.p.8=tls-max-dtls|1|4|i65277
cap.group.39.p.9=tls-group-is-kem|1|4|i0
cap.group.40.count=10
cap.group.40.p.0=tls-group-name|4|6|s5:B-283
cap.group.40.p.1=tls-group-name-internal|4|10|s9:sect283r1
cap.group.40.p.2=tls-group-alg|4|3|s2:EC
cap.group.40.p.3=tls-group-id|2|4|u10
cap.group.40.p.4=tls-group-sec-bits|2|4|u128
cap.group.40.p.5=tls-min-tls|1|4|i769
cap.group.40.p.6=tls-max-tls|1|4|i771
cap.group.40.p.7=tls-min-dtls|1|4|i65279
cap.group.40.p.8=tls-max-dtls|1|4|i65277
cap.group.40.p.9=tls-group-is-kem|1|4|i0
cap.group.41.count=10
cap.group.41.p.0=tls-group-name|4|10|s9:sect409k1
cap.group.41.p.1=tls-group-name-internal|4|10|s9:sect409k1
cap.group.41.p.2=tls-group-alg|4|3|s2:EC
cap.group.41.p.3=tls-group-id|2|4|u11
cap.group.41.p.4=tls-group-sec-bits|2|4|u192
cap.group.41.p.5=tls-min-tls|1|4|i769
cap.group.41.p.6=tls-max-tls|1|4|i771
cap.group.41.p.7=tls-min-dtls|1|4|i65279
cap.group.41.p.8=tls-max-dtls|1|4|i65277
cap.group.41.p.9=tls-group-is-kem|1|4|i0
cap.group.42.count=10
cap.group.42.p.0=tls-group-name|4|6|s5:K-409
cap.group.42.p.1=tls-group-name-internal|4|10|s9:sect409k1
cap.group.42.p.2=tls-group-alg|4|3|s2:EC
cap.group.42.p.3=tls-group-id|2|4|u11
cap.group.42.p.4=tls-group-sec-bits|2|4|u192
cap.group.42.p.5=tls-min-tls|1|4|i769
cap.group.42.p.6=tls-max-tls|1|4|i771
cap.group.42.p.7=tls-min-dtls|1|4|i65279
cap.group.42.p.8=tls-max-dtls|1|4|i65277
cap.group.42.p.9=tls-group-is-kem|1|4|i0
cap.group.43.count=10
cap.group.43.p.0=tls-group-name|4|10|s9:sect409r1
cap.group.43.p.1=tls-group-name-internal|4|10|s9:sect409r1
cap.group.43.p.2=tls-group-alg|4|3|s2:EC
cap.group.43.p.3=tls-group-id|2|4|u12
cap.group.43.p.4=tls-group-sec-bits|2|4|u192
cap.group.43.p.5=tls-min-tls|1|4|i769
cap.group.43.p.6=tls-max-tls|1|4|i771
cap.group.43.p.7=tls-min-dtls|1|4|i65279
cap.group.43.p.8=tls-max-dtls|1|4|i65277
cap.group.43.p.9=tls-group-is-kem|1|4|i0
cap.group.44.count=10
cap.group.44.p.0=tls-group-name|4|6|s5:B-409
cap.group.44.p.1=tls-group-name-internal|4|10|s9:sect409r1
cap.group.44.p.2=tls-group-alg|4|3|s2:EC
cap.group.44.p.3=tls-group-id|2|4|u12
cap.group.44.p.4=tls-group-sec-bits|2|4|u192
cap.group.44.p.5=tls-min-tls|1|4|i769
cap.group.44.p.6=tls-max-tls|1|4|i771
cap.group.44.p.7=tls-min-dtls|1|4|i65279
cap.group.44.p.8=tls-max-dtls|1|4|i65277
cap.group.44.p.9=tls-group-is-kem|1|4|i0
cap.group.45.count=10
cap.group.45.p.0=tls-group-name|4|10|s9:sect571k1
cap.group.45.p.1=tls-group-name-internal|4|10|s9:sect571k1
cap.group.45.p.2=tls-group-alg|4|3|s2:EC
cap.group.45.p.3=tls-group-id|2|4|u13
cap.group.45.p.4=tls-group-sec-bits|2|4|u256
cap.group.45.p.5=tls-min-tls|1|4|i769
cap.group.45.p.6=tls-max-tls|1|4|i771
cap.group.45.p.7=tls-min-dtls|1|4|i65279
cap.group.45.p.8=tls-max-dtls|1|4|i65277
cap.group.45.p.9=tls-group-is-kem|1|4|i0
cap.group.46.count=10
cap.group.46.p.0=tls-group-name|4|6|s5:K-571
cap.group.46.p.1=tls-group-name-internal|4|10|s9:sect571k1
cap.group.46.p.2=tls-group-alg|4|3|s2:EC
cap.group.46.p.3=tls-group-id|2|4|u13
cap.group.46.p.4=tls-group-sec-bits|2|4|u256
cap.group.46.p.5=tls-min-tls|1|4|i769
cap.group.46.p.6=tls-max-tls|1|4|i771
cap.group.46.p.7=tls-min-dtls|1|4|i65279
cap.group.46.p.8=tls-max-dtls|1|4|i65277
cap.group.46.p.9=tls-group-is-kem|1|4|i0
cap.group.47.count=10
cap.group.47.p.0=tls-group-name|4|10|s9:sect571r1
cap.group.47.p.1=tls-group-name-internal|4|10|s9:sect571r1
cap.group.47.p.2=tls-group-alg|4|3|s2:EC
cap.group.47.p.3=tls-group-id|2|4|u14
cap.group.47.p.4=tls-group-sec-bits|2|4|u256
cap.group.47.p.5=tls-min-tls|1|4|i769
cap.group.47.p.6=tls-max-tls|1|4|i771
cap.group.47.p.7=tls-min-dtls|1|4|i65279
cap.group.47.p.8=tls-max-dtls|1|4|i65277
cap.group.47.p.9=tls-group-is-kem|1|4|i0
cap.group.48.count=10
cap.group.48.p.0=tls-group-name|4|6|s5:B-571
cap.group.48.p.1=tls-group-name-internal|4|10|s9:sect571r1
cap.group.48.p.2=tls-group-alg|4|3|s2:EC
cap.group.48.p.3=tls-group-id|2|4|u14
cap.group.48.p.4=tls-group-sec-bits|2|4|u256
cap.group.48.p.5=tls-min-tls|1|4|i769
cap.group.48.p.6=tls-max-tls|1|4|i771
cap.group.48.p.7=tls-min-dtls|1|4|i65279
cap.group.48.p.8=tls-max-dtls|1|4|i65277
cap.group.48.p.9=tls-group-is-kem|1|4|i0
cap.group.49.count=10
cap.group.49.p.0=tls-group-name|4|10|s9:secp160k1
cap.group.49.p.1=tls-group-name-internal|4|10|s9:secp160k1
cap.group.49.p.2=tls-group-alg|4|3|s2:EC
cap.group.49.p.3=tls-group-id|2|4|u15
cap.group.49.p.4=tls-group-sec-bits|2|4|u80
cap.group.49.p.5=tls-min-tls|1|4|i769
cap.group.49.p.6=tls-max-tls|1|4|i771
cap.group.49.p.7=tls-min-dtls|1|4|i65279
cap.group.49.p.8=tls-max-dtls|1|4|i65277
cap.group.49.p.9=tls-group-is-kem|1|4|i0
cap.group.50.count=10
cap.group.50.p.0=tls-group-name|4|10|s9:secp160r1
cap.group.50.p.1=tls-group-name-internal|4|10|s9:secp160r1
cap.group.50.p.2=tls-group-alg|4|3|s2:EC
cap.group.50.p.3=tls-group-id|2|4|u16
cap.group.50.p.4=tls-group-sec-bits|2|4|u80
cap.group.50.p.5=tls-min-tls|1|4|i769
cap.group.50.p.6=tls-max-tls|1|4|i771
cap.group.50.p.7=tls-min-dtls|1|4|i65279
cap.group.50.p.8=tls-max-dtls|1|4|i65277
cap.group.50.p.9=tls-group-is-kem|1|4|i0
cap.group.51.count=10
cap.group.51.p.0=tls-group-name|4|10|s9:secp160r2
cap.group.51.p.1=tls-group-name-internal|4|10|s9:secp160r2
cap.group.51.p.2=tls-group-alg|4|3|s2:EC
cap.group.51.p.3=tls-group-id|2|4|u17
cap.group.51.p.4=tls-group-sec-bits|2|4|u80
cap.group.51.p.5=tls-min-tls|1|4|i769
cap.group.51.p.6=tls-max-tls|1|4|i771
cap.group.51.p.7=tls-min-dtls|1|4|i65279
cap.group.51.p.8=tls-max-dtls|1|4|i65277
cap.group.51.p.9=tls-group-is-kem|1|4|i0
cap.group.52.count=10
cap.group.52.p.0=tls-group-name|4|10|s9:secp192k1
cap.group.52.p.1=tls-group-name-internal|4|10|s9:secp192k1
cap.group.52.p.2=tls-group-alg|4|3|s2:EC
cap.group.52.p.3=tls-group-id|2|4|u18
cap.group.52.p.4=tls-group-sec-bits|2|4|u80
cap.group.52.p.5=tls-min-tls|1|4|i769
cap.group.52.p.6=tls-max-tls|1|4|i771
cap.group.52.p.7=tls-min-dtls|1|4|i65279
cap.group.52.p.8=tls-max-dtls|1|4|i65277
cap.group.52.p.9=tls-group-is-kem|1|4|i0
cap.group.53.count=10
cap.group.53.p.0=tls-group-name|4|10|s9:secp192r1
cap.group.53.p.1=tls-group-name-internal|4|11|s10:prime192v1
cap.group.53.p.2=tls-group-alg|4|3|s2:EC
cap.group.53.p.3=tls-group-id|2|4|u19
cap.group.53.p.4=tls-group-sec-bits|2|4|u80
cap.group.53.p.5=tls-min-tls|1|4|i769
cap.group.53.p.6=tls-max-tls|1|4|i771
cap.group.53.p.7=tls-min-dtls|1|4|i65279
cap.group.53.p.8=tls-max-dtls|1|4|i65277
cap.group.53.p.9=tls-group-is-kem|1|4|i0
cap.group.54.count=10
cap.group.54.p.0=tls-group-name|4|6|s5:P-192
cap.group.54.p.1=tls-group-name-internal|4|11|s10:prime192v1
cap.group.54.p.2=tls-group-alg|4|3|s2:EC
cap.group.54.p.3=tls-group-id|2|4|u19
cap.group.54.p.4=tls-group-sec-bits|2|4|u80
cap.group.54.p.5=tls-min-tls|1|4|i769
cap.group.54.p.6=tls-max-tls|1|4|i771
cap.group.54.p.7=tls-min-dtls|1|4|i65279
cap.group.54.p.8=tls-max-dtls|1|4|i65277
cap.group.54.p.9=tls-group-is-kem|1|4|i0
cap.group.55.count=10
cap.group.55.p.0=tls-group-name|4|10|s9:secp224k1
cap.group.55.p.1=tls-group-name-internal|4|10|s9:secp224k1
cap.group.55.p.2=tls-group-alg|4|3|s2:EC
cap.group.55.p.3=tls-group-id|2|4|u20
cap.group.55.p.4=tls-group-sec-bits|2|4|u112
cap.group.55.p.5=tls-min-tls|1|4|i769
cap.group.55.p.6=tls-max-tls|1|4|i771
cap.group.55.p.7=tls-min-dtls|1|4|i65279
cap.group.55.p.8=tls-max-dtls|1|4|i65277
cap.group.55.p.9=tls-group-is-kem|1|4|i0
cap.group.56.count=10
cap.group.56.p.0=tls-group-name|4|10|s9:secp224r1
cap.group.56.p.1=tls-group-name-internal|4|10|s9:secp224r1
cap.group.56.p.2=tls-group-alg|4|3|s2:EC
cap.group.56.p.3=tls-group-id|2|4|u21
cap.group.56.p.4=tls-group-sec-bits|2|4|u112
cap.group.56.p.5=tls-min-tls|1|4|i769
cap.group.56.p.6=tls-max-tls|1|4|i771
cap.group.56.p.7=tls-min-dtls|1|4|i65279
cap.group.56.p.8=tls-max-dtls|1|4|i65277
cap.group.56.p.9=tls-group-is-kem|1|4|i0
cap.group.57.count=10
cap.group.57.p.0=tls-group-name|4|6|s5:P-224
cap.group.57.p.1=tls-group-name-internal|4|10|s9:secp224r1
cap.group.57.p.2=tls-group-alg|4|3|s2:EC
cap.group.57.p.3=tls-group-id|2|4|u21
cap.group.57.p.4=tls-group-sec-bits|2|4|u112
cap.group.57.p.5=tls-min-tls|1|4|i769
cap.group.57.p.6=tls-max-tls|1|4|i771
cap.group.57.p.7=tls-min-dtls|1|4|i65279
cap.group.57.p.8=tls-max-dtls|1|4|i65277
cap.group.57.p.9=tls-group-is-kem|1|4|i0
cap.group.58.count=10
cap.group.58.p.0=tls-group-name|4|10|s9:secp256k1
cap.group.58.p.1=tls-group-name-internal|4|10|s9:secp256k1
cap.group.58.p.2=tls-group-alg|4|3|s2:EC
cap.group.58.p.3=tls-group-id|2|4|u22
cap.group.58.p.4=tls-group-sec-bits|2|4|u128
cap.group.58.p.5=tls-min-tls|1|4|i769
cap.group.58.p.6=tls-max-tls|1|4|i771
cap.group.58.p.7=tls-min-dtls|1|4|i65279
cap.group.58.p.8=tls-max-dtls|1|4|i65277
cap.group.58.p.9=tls-group-is-kem|1|4|i0
cap.group.ret=1
cap.group.count=59
cap.group.calls=59
cap.sigalg.0.count=9
cap.sigalg.0.p.0=tls-sigalg-iana-name|4|8|s7:mldsa44
cap.sigalg.0.p.1=tls-sigalg-name|4|10|s9:ML-DSA-44
cap.sigalg.0.p.2=tls-sigalg-oid|4|24|s23:2.16.840.1.101.3.4.3.17
cap.sigalg.0.p.3=tls-sigalg-code-point|2|4|u2308
cap.sigalg.0.p.4=tls-sigalg-sec-bits|2|4|u128
cap.sigalg.0.p.5=tls-min-tls|1|4|i772
cap.sigalg.0.p.6=tls-max-tls|1|4|i0
cap.sigalg.0.p.7=tls-min-dtls|1|4|i-1
cap.sigalg.0.p.8=tls-max-dtls|1|4|i-1
cap.sigalg.1.count=9
cap.sigalg.1.p.0=tls-sigalg-iana-name|4|8|s7:mldsa65
cap.sigalg.1.p.1=tls-sigalg-name|4|10|s9:ML-DSA-65
cap.sigalg.1.p.2=tls-sigalg-oid|4|24|s23:2.16.840.1.101.3.4.3.18
cap.sigalg.1.p.3=tls-sigalg-code-point|2|4|u2309
cap.sigalg.1.p.4=tls-sigalg-sec-bits|2|4|u192
cap.sigalg.1.p.5=tls-min-tls|1|4|i772
cap.sigalg.1.p.6=tls-max-tls|1|4|i0
cap.sigalg.1.p.7=tls-min-dtls|1|4|i-1
cap.sigalg.1.p.8=tls-max-dtls|1|4|i-1
cap.sigalg.2.count=9
cap.sigalg.2.p.0=tls-sigalg-iana-name|4|8|s7:mldsa87
cap.sigalg.2.p.1=tls-sigalg-name|4|10|s9:ML-DSA-87
cap.sigalg.2.p.2=tls-sigalg-oid|4|24|s23:2.16.840.1.101.3.4.3.19
cap.sigalg.2.p.3=tls-sigalg-code-point|2|4|u2310
cap.sigalg.2.p.4=tls-sigalg-sec-bits|2|4|u256
cap.sigalg.2.p.5=tls-min-tls|1|4|i772
cap.sigalg.2.p.6=tls-max-tls|1|4|i0
cap.sigalg.2.p.7=tls-min-dtls|1|4|i-1
cap.sigalg.2.p.8=tls-max-dtls|1|4|i-1
cap.sigalg.ret=1
cap.sigalg.count=3
cap.sigalg.calls=3
cap.group.refuse.ret=0
cap.group.refuse.calls=1
cap.unsupported.ret=0
cap.unsupported.calls=0
cap.gt.notnull=1
cap.gt.count=4
cap.gt.0.name=name
cap.gt.0.type=6
cap.gt.0.size=0
cap.gt.1.name=version
cap.gt.1.type=6
cap.gt.1.size=0
cap.gt.2.name=buildinfo
cap.gt.2.type=6
cap.gt.2.size=0
cap.gt.3.name=status
cap.gt.3.type=1
cap.gt.3.size=0
cap.gp.ret=1
cap.gp.0.filled=1
cap.gp.0.type=6
cap.gp.0.value=s24:OpenSSL Default Provider
cap.gp.1.filled=1
cap.gp.1.type=6
cap.gp.1.value=s5:3.6.4
cap.gp.2.filled=1
cap.gp.2.type=6
cap.gp.2.value=s5:3.6.4
cap.gp.3.filled=1
cap.gp.3.type=1
cap.gp.3.value=i1
cap.gp.4.filled=0
cap.gp.4.type=1
cap.gp.4.value=(unset)
cap.gp.empty.ret=1
cap.done=1
