transcript.sha256=3128450f8343647a0f99093267832d7b491839717fda482841d09115463e9ebe
asym.RSA.fetch=1
kem.RSA.fetch=1
asym.RSA.key=1
asym.RSA.pkcs1.encrypt_init=1
asym.RSA.pkcs1.size=1
asym.RSA.pkcs1.size_len=256
asym.RSA.pkcs1.encrypt=1
asym.RSA.pkcs1.ct_len=256
asym.RSA.pkcs1.decrypt_init=1
asym.RSA.pkcs1.decrypt=1
asym.RSA.pkcs1.pt_len=25
asym.RSA.pkcs1.roundtrip=1
asym.RSA.pkcs1.get=1
asym.RSA.pkcs1.pad_mode=pkcs1
asym.RSA.pkcs1.oaep_digest=
asym.RSA.pkcs1.mgf1_digest=
asym.RSA.pkcs1.implicit_rejection=1
asym.RSA.oaep.encrypt_init=1
asym.RSA.oaep.size=1
asym.RSA.oaep.size_len=256
asym.RSA.oaep.encrypt=1
asym.RSA.oaep.ct_len=256
asym.RSA.oaep.decrypt_init=1
asym.RSA.oaep.decrypt=1
asym.RSA.oaep.pt_len=25
asym.RSA.oaep.roundtrip=1
asym.RSA.oaep.get=1
asym.RSA.oaep.pad_mode=oaep
asym.RSA.oaep.oaep_digest=SHA2-256
asym.RSA.oaep.mgf1_digest=SHA2-256
asym.RSA.oaep.implicit_rejection=1
asym.RSA.oaep.oaep_label=52542d4153594d00
asym.RSA.none.encrypt_init=1
asym.RSA.none.size=1
asym.RSA.none.size_len=256
asym.RSA.none.encrypt=1
asym.RSA.none.ct_len=256
asym.RSA.none.decrypt_init=1
asym.RSA.none.decrypt=1
asym.RSA.none.pt_len=256
asym.RSA.none.roundtrip=1
asym.RSA.none.ct=05c5a5a7137784d58e0eefd1fd1233e4c94513543d34e7ee0f15b5e7f47a3b47ae8c7c6f308ac632a0c117779e68d3a3c8ce887915d31c48c2405bb382ab23ebecf1aba64959e5b092c04a88897b05cd4348bccce46be31bfc038dcb5e73c1819360c556bbd539f4db8e1fea053472660ea9a5291ab5d24152c761bd0842f242b029677601b31609ebc76d53c1a238766959590a51376c048db6ff831ac90818a4fee97c7e8fb13cbadb3f1e2d73f6d9b0a9d3a93de86c78a43784ff777e373e39c3bddcecd9eded02d332a440ceba68fb3be86d3db61b2f0ff0cf80dc06bad0b13e33458458d29a83b1bd16736a67332768ab161d0fe4ba936f25bf1fdeef40
asym.RSA.encrypt_small_buffer=0
asym.asym.RSA.encrypt_small_buffer.err.0=478150762:providers/implementations/asymciphers/rsa_enc.c:187:rsa_encrypt
asym.asym.RSA.encrypt_small_buffer.err.count=1
asym.RSA.decrypt_small_buffer=-1
asym.asym.RSA.decrypt_small_buffer.err.0=50331799:../../src/openssl-3.6.4/crypto/evp/asymcipher.c:305:EVP_PKEY_decrypt
asym.asym.RSA.decrypt_small_buffer.err.count=1
asym.RSA.none_short_input=-1
asym.asym.RSA.none_short_input.err.0=33554554:../../src/openssl-3.6.4/crypto/rsa/rsa_none.c:29:RSA_padding_add_none
asym.asym.RSA.none_short_input.err.count=1
asym.RSA.numeric_init=1
asym.RSA.numeric.get=1
asym.RSA.numeric.pad_mode=pkcs1
asym.RSA.numeric.oaep_digest=
asym.RSA.numeric.mgf1_digest=
asym.RSA.numeric.implicit_rejection=1
asym.RSA.pss_name=1
asym.RSA.pss_name_encrypt=-1
asym.asym.RSA.pss_name_encrypt.err.0=33554550:../../src/openssl-3.6.4/crypto/rsa/rsa_ossl.c:156:rsa_ossl_public_encrypt
asym.asym.RSA.pss_name_encrypt.err.count=1
asym.RSA.pss_number=0
asym.RSA.tls.size=1
asym.RSA.tls.size_len=48
asym.RSA.tls.no_version=0
asym.asym.RSA.tls.no_version.err.0=478150817:providers/implementations/asymciphers/rsa_enc.c:301:rsa_decrypt
asym.asym.RSA.tls.no_version.err.count=1
asym.RSA.tls.set_version=1
asym.RSA.tls.checked=1
asym.asym.RSA.tls.checked.err.count=0
kem.RSA.key=1
kem.RSA.encapsulate_init=1
kem.RSA.size=1
kem.RSA.size_ct=256
kem.RSA.size_secret=256
kem.RSA.encapsulate=1
kem.RSA.ct_len=256
kem.RSA.secret_len=256
kem.RSA.decapsulate_init=1
kem.RSA.decapsulate=1
kem.RSA.recovered_len=256
kem.RSA.roundtrip=1
kem.RSA.small_buffer=0
asym.kem.RSA.small_buffer.err.0=478150873:providers/implementations/kem/rsa_kem.c:424:rsasve_generate
asym.kem.RSA.small_buffer.err.count=1
kem.RSA.short_input=0
asym.kem.RSA.short_input.err.0=478150798:providers/implementations/kem/rsa_kem.c:495:rsasve_recover
asym.kem.RSA.short_input.err.count=1
kem.RSA.operation_rsasve=1
kem.RSA.operation_unknown=0
asym.kem.RSA.operation_unknown.err.count=0
kem.RSA.c_zero=0
asym.kem.RSA.c_zero.err.0=33554543:providers/implementations/kem/rsa_kem.c:541:rsasve_recover
asym.kem.RSA.c_zero.err.count=1
kem.RSA.c_one=0
asym.kem.RSA.c_one.err.0=33554543:providers/implementations/kem/rsa_kem.c:541:rsasve_recover
asym.kem.RSA.c_one.err.count=1
kem.RSA.c_n_minus_1=0
asym.kem.RSA.c_n_minus_1.err.0=33554564:providers/implementations/kem/rsa_kem.c:541:rsasve_recover
asym.kem.RSA.c_n_minus_1.err.count=1
kem.RSA.c_n=0
asym.kem.RSA.c_n.err.0=33554564:providers/implementations/kem/rsa_kem.c:541:rsasve_recover
asym.kem.RSA.c_n.err.count=1
asym.SM2.fetch=1
asym.SM2.keygen_init=1
asym.SM2.set_group=1
asym.SM2.keygen=1
asym.asym.SM2.keygen.err.count=0
asym.SM2.encrypt_init=1
asym.SM2.size=1
asym.SM2.size_len=108
asym.SM2.encrypt=1
asym.SM2.get=1
asym.SM2.digest=
asym.SM2.decrypt_init=1
asym.SM2.decrypt=1
asym.SM2.pt_len=25
asym.SM2.roundtrip=1
