FRF-MUTANT:stdout-first-line:MD2	ABSENT
RC5	ABSENT
SCTP	ABSENT
SSL3	ABSENT
ZLIB	ABSENT
BROTLI	ABSENT
ZSTD	ABSENT
DES-EDE3-CFB	ABSENT
NULL	ABSENT
AES-128-CBC-CTS	ABSENT
AES-192-CBC-CTS	ABSENT
AES-256-CBC-CTS	ABSENT
AES-256-CFB1	ABSENT
AES-192-CFB1	ABSENT
AES-128-CFB1	ABSENT
AES-256-CFB8	ABSENT
AES-192-CFB8	ABSENT
AES-128-CFB8	ABSENT
AES-256-CTR	ABSENT
AES-192-CTR	ABSENT
AES-128-CTR	ABSENT
AES-256-OCB	ABSENT
AES-192-OCB	ABSENT
AES-128-OCB	ABSENT
AES-128-SIV	ABSENT
AES-192-SIV	ABSENT
AES-256-SIV	ABSENT
AES-128-GCM-SIV	ABSENT
AES-192-GCM-SIV	ABSENT
AES-256-GCM-SIV	ABSENT
AES-128-CBC-HMAC-SHA1	ABSENT
AES-256-CBC-HMAC-SHA1	ABSENT
AES-128-CBC-HMAC-SHA256	ABSENT
AES-256-CBC-HMAC-SHA256	ABSENT
ARIA-256-CFB1	ABSENT
ARIA-192-CFB1	ABSENT
ARIA-128-CFB1	ABSENT
ARIA-256-CFB8	ABSENT
ARIA-192-CFB8	ABSENT
ARIA-128-CFB8	ABSENT
CAMELLIA-128-CBC-CTS	ABSENT
CAMELLIA-192-CBC-CTS	ABSENT
CAMELLIA-256-CBC-CTS	ABSENT
CAMELLIA-256-CFB1	ABSENT
CAMELLIA-192-CFB1	ABSENT
CAMELLIA-128-CFB1	ABSENT
CAMELLIA-256-CFB8	ABSENT
NOT_A_REAL_ALGORITHM_XYZ	ABSENT
ANOTHER_MISSING_NAME	ABSENT
