ACCESS_DESCRIPTION_free	ACCESS_DESCRIPTION_free@@OPENSSL_3.0.0
ACCESS_DESCRIPTION_it	ACCESS_DESCRIPTION_it@@OPENSSL_3.0.0
ACCESS_DESCRIPTION_new	ACCESS_DESCRIPTION_new@@OPENSSL_3.0.0
ADMISSIONS_free	ADMISSIONS_free@@OPENSSL_3.0.0
ADMISSIONS_get0_admissionAuthority	ADMISSIONS_get0_admissionAuthority@@OPENSSL_3.0.0
ADMISSIONS_get0_namingAuthority	ADMISSIONS_get0_namingAuthority@@OPENSSL_3.0.0
ADMISSIONS_get0_professionInfos	ADMISSIONS_get0_professionInfos@@OPENSSL_3.0.0
ADMISSIONS_it	ADMISSIONS_it@@OPENSSL_3.0.0
ADMISSIONS_new	ADMISSIONS_new@@OPENSSL_3.0.0
ADMISSIONS_set0_admissionAuthority	ADMISSIONS_set0_admissionAuthority@@OPENSSL_3.0.0
ADMISSIONS_set0_namingAuthority	ADMISSIONS_set0_namingAuthority@@OPENSSL_3.0.0
ADMISSIONS_set0_professionInfos	ADMISSIONS_set0_professionInfos@@OPENSSL_3.0.0
ADMISSION_SYNTAX_free	ADMISSION_SYNTAX_free@@OPENSSL_3.0.0
ADMISSION_SYNTAX_get0_admissionAuthority	ADMISSION_SYNTAX_get0_admissionAuthority@@OPENSSL_3.0.0
ADMISSION_SYNTAX_get0_contentsOfAdmissions	ADMISSION_SYNTAX_get0_contentsOfAdmissions@@OPENSSL_3.0.0
ADMISSION_SYNTAX_it	ADMISSION_SYNTAX_it@@OPENSSL_3.0.0
ADMISSION_SYNTAX_new	ADMISSION_SYNTAX_new@@OPENSSL_3.0.0
ADMISSION_SYNTAX_set0_admissionAuthority	ADMISSION_SYNTAX_set0_admissionAuthority@@OPENSSL_3.0.0
ADMISSION_SYNTAX_set0_contentsOfAdmissions	ADMISSION_SYNTAX_set0_contentsOfAdmissions@@OPENSSL_3.0.0
AES_bi_ige_encrypt	AES_bi_ige_encrypt@@OPENSSL_3.0.0
AES_cbc_encrypt	AES_cbc_encrypt@@OPENSSL_3.0.0
AES_cfb128_encrypt	AES_cfb128_encrypt@@OPENSSL_3.0.0
AES_cfb1_encrypt	AES_cfb1_encrypt@@OPENSSL_3.0.0
AES_cfb8_encrypt	AES_cfb8_encrypt@@OPENSSL_3.0.0
AES_decrypt	AES_decrypt@@OPENSSL_3.0.0
AES_ecb_encrypt	AES_ecb_encrypt@@OPENSSL_3.0.0
AES_encrypt	AES_encrypt@@OPENSSL_3.0.0
AES_ige_encrypt	AES_ige_encrypt@@OPENSSL_3.0.0
AES_ofb128_encrypt	AES_ofb128_encrypt@@OPENSSL_3.0.0
AES_options	AES_options@@OPENSSL_3.0.0
AES_set_decrypt_key	AES_set_decrypt_key@@OPENSSL_3.0.0
AES_set_encrypt_key	AES_set_encrypt_key@@OPENSSL_3.0.0
AES_unwrap_key	AES_unwrap_key@@OPENSSL_3.0.0
AES_wrap_key	AES_wrap_key@@OPENSSL_3.0.0
ASIdOrRange_free	ASIdOrRange_free@@OPENSSL_3.0.0
ASIdOrRange_it	ASIdOrRange_it@@OPENSSL_3.0.0
ASIdOrRange_new	ASIdOrRange_new@@OPENSSL_3.0.0
ASIdentifierChoice_free	ASIdentifierChoice_free@@OPENSSL_3.0.0
ASIdentifierChoice_it	ASIdentifierChoice_it@@OPENSSL_3.0.0
ASIdentifierChoice_new	ASIdentifierChoice_new@@OPENSSL_3.0.0
ASIdentifiers_free	ASIdentifiers_free@@OPENSSL_3.0.0
ASIdentifiers_it	ASIdentifiers_it@@OPENSSL_3.0.0
ASIdentifiers_new	ASIdentifiers_new@@OPENSSL_3.0.0
ASN1_ANY_it	ASN1_ANY_it@@OPENSSL_3.0.0
ASN1_BIT_STRING_check	ASN1_BIT_STRING_check@@OPENSSL_3.0.0
ASN1_BIT_STRING_free	ASN1_BIT_STRING_free@@OPENSSL_3.0.0
ASN1_BIT_STRING_get_bit	ASN1_BIT_STRING_get_bit@@OPENSSL_3.0.0
ASN1_BIT_STRING_it	ASN1_BIT_STRING_it@@OPENSSL_3.0.0
ASN1_BIT_STRING_name_print	ASN1_BIT_STRING_name_print@@OPENSSL_3.0.0
ASN1_BIT_STRING_new	ASN1_BIT_STRING_new@@OPENSSL_3.0.0
ASN1_BIT_STRING_num_asc	ASN1_BIT_STRING_num_asc@@OPENSSL_3.0.0
ASN1_BIT_STRING_set	ASN1_BIT_STRING_set@@OPENSSL_3.0.0
ASN1_BIT_STRING_set_asc	ASN1_BIT_STRING_set_asc@@OPENSSL_3.0.0
ASN1_BIT_STRING_set_bit	ASN1_BIT_STRING_set_bit@@OPENSSL_3.0.0
ASN1_BMPSTRING_free	ASN1_BMPSTRING_free@@OPENSSL_3.0.0
ASN1_BMPSTRING_it	ASN1_BMPSTRING_it@@OPENSSL_3.0.0
ASN1_BMPSTRING_new	ASN1_BMPSTRING_new@@OPENSSL_3.0.0
ASN1_BOOLEAN_it	ASN1_BOOLEAN_it@@OPENSSL_3.0.0
ASN1_ENUMERATED_free	ASN1_ENUMERATED_free@@OPENSSL_3.0.0
ASN1_ENUMERATED_get	ASN1_ENUMERATED_get@@OPENSSL_3.0.0
ASN1_ENUMERATED_get_int64	ASN1_ENUMERATED_get_int64@@OPENSSL_3.0.0
ASN1_ENUMERATED_it	ASN1_ENUMERATED_it@@OPENSSL_3.0.0
ASN1_ENUMERATED_new	ASN1_ENUMERATED_new@@OPENSSL_3.0.0
ASN1_ENUMERATED_set	ASN1_ENUMERATED_set@@OPENSSL_3.0.0
ASN1_ENUMERATED_set_int64	ASN1_ENUMERATED_set_int64@@OPENSSL_3.0.0
ASN1_ENUMERATED_to_BN	ASN1_ENUMERATED_to_BN@@OPENSSL_3.0.0
ASN1_FBOOLEAN_it	ASN1_FBOOLEAN_it@@OPENSSL_3.0.0
ASN1_GENERALIZEDTIME_adj	ASN1_GENERALIZEDTIME_adj@@OPENSSL_3.0.0
ASN1_GENERALIZEDTIME_check	ASN1_GENERALIZEDTIME_check@@OPENSSL_3.0.0
ASN1_GENERALIZEDTIME_dup	ASN1_GENERALIZEDTIME_dup@@OPENSSL_3.0.0
ASN1_GENERALIZEDTIME_free	ASN1_GENERALIZEDTIME_free@@OPENSSL_3.0.0
ASN1_GENERALIZEDTIME_it	ASN1_GENERALIZEDTIME_it@@OPENSSL_3.0.0
ASN1_GENERALIZEDTIME_new	ASN1_GENERALIZEDTIME_new@@OPENSSL_3.0.0
ASN1_GENERALIZEDTIME_print	ASN1_GENERALIZEDTIME_print@@OPENSSL_3.0.0
ASN1_GENERALIZEDTIME_set	ASN1_GENERALIZEDTIME_set@@OPENSSL_3.0.0
ASN1_GENERALIZEDTIME_set_string	ASN1_GENERALIZEDTIME_set_string@@OPENSSL_3.0.0
ASN1_GENERALSTRING_free	ASN1_GENERALSTRING_free@@OPENSSL_3.0.0
ASN1_GENERALSTRING_it	ASN1_GENERALSTRING_it@@OPENSSL_3.0.0
ASN1_GENERALSTRING_new	ASN1_GENERALSTRING_new@@OPENSSL_3.0.0
ASN1_IA5STRING_free	ASN1_IA5STRING_free@@OPENSSL_3.0.0
ASN1_IA5STRING_it	ASN1_IA5STRING_it@@OPENSSL_3.0.0
ASN1_IA5STRING_new	ASN1_IA5STRING_new@@OPENSSL_3.0.0
ASN1_INTEGER_cmp	ASN1_INTEGER_cmp@@OPENSSL_3.0.0
ASN1_INTEGER_dup	ASN1_INTEGER_dup@@OPENSSL_3.0.0
ASN1_INTEGER_free	ASN1_INTEGER_free@@OPENSSL_3.0.0
ASN1_INTEGER_get	ASN1_INTEGER_get@@OPENSSL_3.0.0
ASN1_INTEGER_get_int64	ASN1_INTEGER_get_int64@@OPENSSL_3.0.0
ASN1_INTEGER_get_uint64	ASN1_INTEGER_get_uint64@@OPENSSL_3.0.0
ASN1_INTEGER_it	ASN1_INTEGER_it@@OPENSSL_3.0.0
ASN1_INTEGER_new	ASN1_INTEGER_new@@OPENSSL_3.0.0
ASN1_INTEGER_set	ASN1_INTEGER_set@@OPENSSL_3.0.0
ASN1_INTEGER_set_int64	ASN1_INTEGER_set_int64@@OPENSSL_3.0.0
ASN1_INTEGER_set_uint64	ASN1_INTEGER_set_uint64@@OPENSSL_3.0.0
ASN1_INTEGER_to_BN	ASN1_INTEGER_to_BN@@OPENSSL_3.0.0
ASN1_ITEM_get	ASN1_ITEM_get@@OPENSSL_3.0.0
ASN1_ITEM_lookup	ASN1_ITEM_lookup@@OPENSSL_3.0.0
ASN1_NULL_free	ASN1_NULL_free@@OPENSSL_3.0.0
ASN1_NULL_it	ASN1_NULL_it@@OPENSSL_3.0.0
ASN1_NULL_new	ASN1_NULL_new@@OPENSSL_3.0.0
ASN1_OBJECT_create	ASN1_OBJECT_create@@OPENSSL_3.0.0
ASN1_OBJECT_free	ASN1_OBJECT_free@@OPENSSL_3.0.0
ASN1_OBJECT_it	ASN1_OBJECT_it@@OPENSSL_3.0.0
ASN1_OBJECT_new	ASN1_OBJECT_new@@OPENSSL_3.0.0
ASN1_OCTET_STRING_NDEF_it	ASN1_OCTET_STRING_NDEF_it@@OPENSSL_3.0.0
ASN1_OCTET_STRING_cmp	ASN1_OCTET_STRING_cmp@@OPENSSL_3.0.0
ASN1_OCTET_STRING_dup	ASN1_OCTET_STRING_dup@@OPENSSL_3.0.0
ASN1_OCTET_STRING_free	ASN1_OCTET_STRING_free@@OPENSSL_3.0.0
ASN1_OCTET_STRING_it	ASN1_OCTET_STRING_it@@OPENSSL_3.0.0
ASN1_OCTET_STRING_new	ASN1_OCTET_STRING_new@@OPENSSL_3.0.0
ASN1_OCTET_STRING_set	ASN1_OCTET_STRING_set@@OPENSSL_3.0.0
ASN1_PCTX_free	ASN1_PCTX_free@@OPENSSL_3.0.0
ASN1_PCTX_get_cert_flags	ASN1_PCTX_get_cert_flags@@OPENSSL_3.0.0
ASN1_PCTX_get_flags	ASN1_PCTX_get_flags@@OPENSSL_3.0.0
ASN1_PCTX_get_nm_flags	ASN1_PCTX_get_nm_flags@@OPENSSL_3.0.0
ASN1_PCTX_get_oid_flags	ASN1_PCTX_get_oid_flags@@OPENSSL_3.0.0
ASN1_PCTX_get_str_flags	ASN1_PCTX_get_str_flags@@OPENSSL_3.0.0
ASN1_PCTX_new	ASN1_PCTX_new@@OPENSSL_3.0.0
ASN1_PCTX_set_cert_flags	ASN1_PCTX_set_cert_flags@@OPENSSL_3.0.0
ASN1_PCTX_set_flags	ASN1_PCTX_set_flags@@OPENSSL_3.0.0
ASN1_PCTX_set_nm_flags	ASN1_PCTX_set_nm_flags@@OPENSSL_3.0.0
ASN1_PCTX_set_oid_flags	ASN1_PCTX_set_oid_flags@@OPENSSL_3.0.0
ASN1_PCTX_set_str_flags	ASN1_PCTX_set_str_flags@@OPENSSL_3.0.0
ASN1_PRINTABLESTRING_free	ASN1_PRINTABLESTRING_free@@OPENSSL_3.0.0
ASN1_PRINTABLESTRING_it	ASN1_PRINTABLESTRING_it@@OPENSSL_3.0.0
ASN1_PRINTABLESTRING_new	ASN1_PRINTABLESTRING_new@@OPENSSL_3.0.0
ASN1_PRINTABLE_free	ASN1_PRINTABLE_free@@OPENSSL_3.0.0
ASN1_PRINTABLE_it	ASN1_PRINTABLE_it@@OPENSSL_3.0.0
ASN1_PRINTABLE_new	ASN1_PRINTABLE_new@@OPENSSL_3.0.0
ASN1_PRINTABLE_type	ASN1_PRINTABLE_type@@OPENSSL_3.0.0
ASN1_SCTX_free	ASN1_SCTX_free@@OPENSSL_3.0.0
ASN1_SCTX_get_app_data	ASN1_SCTX_get_app_data@@OPENSSL_3.0.0
ASN1_SCTX_get_flags	ASN1_SCTX_get_flags@@OPENSSL_3.0.0
ASN1_SCTX_get_item	ASN1_SCTX_get_item@@OPENSSL_3.0.0
ASN1_SCTX_get_template	ASN1_SCTX_get_template@@OPENSSL_3.0.0
ASN1_SCTX_new	ASN1_SCTX_new@@OPENSSL_3.0.0
ASN1_SCTX_set_app_data	ASN1_SCTX_set_app_data@@OPENSSL_3.0.0
ASN1_SEQUENCE_ANY_it	ASN1_SEQUENCE_ANY_it@@OPENSSL_3.0.0
ASN1_SEQUENCE_it	ASN1_SEQUENCE_it@@OPENSSL_3.0.0
ASN1_SET_ANY_it	ASN1_SET_ANY_it@@OPENSSL_3.0.0
ASN1_STRING_TABLE_add	ASN1_STRING_TABLE_add@@OPENSSL_3.0.0
ASN1_STRING_TABLE_cleanup	ASN1_STRING_TABLE_cleanup@@OPENSSL_3.0.0
ASN1_STRING_TABLE_get	ASN1_STRING_TABLE_get@@OPENSSL_3.0.0
ASN1_STRING_clear_free	ASN1_STRING_clear_free@@OPENSSL_3.0.0
ASN1_STRING_cmp	ASN1_STRING_cmp@@OPENSSL_3.0.0
ASN1_STRING_copy	ASN1_STRING_copy@@OPENSSL_3.0.0
ASN1_STRING_data	ASN1_STRING_data@@OPENSSL_3.0.0
ASN1_STRING_dup	ASN1_STRING_dup@@OPENSSL_3.0.0
ASN1_STRING_free	ASN1_STRING_free@@OPENSSL_3.0.0
ASN1_STRING_get0_data	ASN1_STRING_get0_data@@OPENSSL_3.0.0
ASN1_STRING_get_default_mask	ASN1_STRING_get_default_mask@@OPENSSL_3.0.0
ASN1_STRING_length	ASN1_STRING_length@@OPENSSL_3.0.0
ASN1_STRING_length_set	ASN1_STRING_length_set@@OPENSSL_3.0.0
ASN1_STRING_new	ASN1_STRING_new@@OPENSSL_3.0.0
ASN1_STRING_print	ASN1_STRING_print@@OPENSSL_3.0.0
ASN1_STRING_print_ex	ASN1_STRING_print_ex@@OPENSSL_3.0.0
ASN1_STRING_print_ex_fp	ASN1_STRING_print_ex_fp@@OPENSSL_3.0.0
ASN1_STRING_set	ASN1_STRING_set@@OPENSSL_3.0.0
ASN1_STRING_set0	ASN1_STRING_set0@@OPENSSL_3.0.0
ASN1_STRING_set_by_NID	ASN1_STRING_set_by_NID@@OPENSSL_3.0.0
ASN1_STRING_set_default_mask	ASN1_STRING_set_default_mask@@OPENSSL_3.0.0
ASN1_STRING_set_default_mask_asc	ASN1_STRING_set_default_mask_asc@@OPENSSL_3.0.0
ASN1_STRING_to_UTF8	ASN1_STRING_to_UTF8@@OPENSSL_3.0.0
ASN1_STRING_type	ASN1_STRING_type@@OPENSSL_3.0.0
ASN1_STRING_type_new	ASN1_STRING_type_new@@OPENSSL_3.0.0
ASN1_T61STRING_free	ASN1_T61STRING_free@@OPENSSL_3.0.0
ASN1_T61STRING_it	ASN1_T61STRING_it@@OPENSSL_3.0.0
ASN1_T61STRING_new	ASN1_T61STRING_new@@OPENSSL_3.0.0
ASN1_TBOOLEAN_it	ASN1_TBOOLEAN_it@@OPENSSL_3.0.0
ASN1_TIME_adj	ASN1_TIME_adj@@OPENSSL_3.0.0
ASN1_TIME_check	ASN1_TIME_check@@OPENSSL_3.0.0
ASN1_TIME_cmp_time_t	ASN1_TIME_cmp_time_t@@OPENSSL_3.0.0
ASN1_TIME_compare	ASN1_TIME_compare@@OPENSSL_3.0.0
ASN1_TIME_diff	ASN1_TIME_diff@@OPENSSL_3.0.0
ASN1_TIME_dup	ASN1_TIME_dup@@OPENSSL_3.0.0
ASN1_TIME_free	ASN1_TIME_free@@OPENSSL_3.0.0
ASN1_TIME_it	ASN1_TIME_it@@OPENSSL_3.0.0
ASN1_TIME_new	ASN1_TIME_new@@OPENSSL_3.0.0
ASN1_TIME_normalize	ASN1_TIME_normalize@@OPENSSL_3.0.0
ASN1_TIME_print	ASN1_TIME_print@@OPENSSL_3.0.0
ASN1_TIME_print_ex	ASN1_TIME_print_ex@@OPENSSL_3.0.0
ASN1_TIME_set	ASN1_TIME_set@@OPENSSL_3.0.0
ASN1_TIME_set_string	ASN1_TIME_set_string@@OPENSSL_3.0.0
ASN1_TIME_set_string_X509	ASN1_TIME_set_string_X509@@OPENSSL_3.0.0
ASN1_TIME_to_generalizedtime	ASN1_TIME_to_generalizedtime@@OPENSSL_3.0.0
ASN1_TIME_to_tm	ASN1_TIME_to_tm@@OPENSSL_3.0.0
ASN1_TYPE_cmp	ASN1_TYPE_cmp@@OPENSSL_3.0.0
ASN1_TYPE_free	ASN1_TYPE_free@@OPENSSL_3.0.0
ASN1_TYPE_get	ASN1_TYPE_get@@OPENSSL_3.0.0
ASN1_TYPE_get_int_octetstring	ASN1_TYPE_get_int_octetstring@@OPENSSL_3.0.0
ASN1_TYPE_get_octetstring	ASN1_TYPE_get_octetstring@@OPENSSL_3.0.0
ASN1_TYPE_new	ASN1_TYPE_new@@OPENSSL_3.0.0
ASN1_TYPE_pack_sequence	ASN1_TYPE_pack_sequence@@OPENSSL_3.0.0
ASN1_TYPE_set	ASN1_TYPE_set@@OPENSSL_3.0.0
ASN1_TYPE_set1	ASN1_TYPE_set1@@OPENSSL_3.0.0
ASN1_TYPE_set_int_octetstring	ASN1_TYPE_set_int_octetstring@@OPENSSL_3.0.0
ASN1_TYPE_set_octetstring	ASN1_TYPE_set_octetstring@@OPENSSL_3.0.0
ASN1_TYPE_unpack_sequence	ASN1_TYPE_unpack_sequence@@OPENSSL_3.0.0
ASN1_UNIVERSALSTRING_free	ASN1_UNIVERSALSTRING_free@@OPENSSL_3.0.0
ASN1_UNIVERSALSTRING_it	ASN1_UNIVERSALSTRING_it@@OPENSSL_3.0.0
ASN1_UNIVERSALSTRING_new	ASN1_UNIVERSALSTRING_new@@OPENSSL_3.0.0
ASN1_UNIVERSALSTRING_to_string	ASN1_UNIVERSALSTRING_to_string@@OPENSSL_3.0.0
ASN1_UTCTIME_adj	ASN1_UTCTIME_adj@@OPENSSL_3.0.0
ASN1_UTCTIME_check	ASN1_UTCTIME_check@@OPENSSL_3.0.0
ASN1_UTCTIME_cmp_time_t	ASN1_UTCTIME_cmp_time_t@@OPENSSL_3.0.0
ASN1_UTCTIME_dup	ASN1_UTCTIME_dup@@OPENSSL_3.0.0
ASN1_UTCTIME_free	ASN1_UTCTIME_free@@OPENSSL_3.0.0
ASN1_UTCTIME_it	ASN1_UTCTIME_it@@OPENSSL_3.0.0
ASN1_UTCTIME_new	ASN1_UTCTIME_new@@OPENSSL_3.0.0
ASN1_UTCTIME_print	ASN1_UTCTIME_print@@OPENSSL_3.0.0
ASN1_UTCTIME_set	ASN1_UTCTIME_set@@OPENSSL_3.0.0
ASN1_UTCTIME_set_string	ASN1_UTCTIME_set_string@@OPENSSL_3.0.0
ASN1_UTF8STRING_free	ASN1_UTF8STRING_free@@OPENSSL_3.0.0
ASN1_UTF8STRING_it	ASN1_UTF8STRING_it@@OPENSSL_3.0.0
ASN1_UTF8STRING_new	ASN1_UTF8STRING_new@@OPENSSL_3.0.0
ASN1_VISIBLESTRING_free	ASN1_VISIBLESTRING_free@@OPENSSL_3.0.0
ASN1_VISIBLESTRING_it	ASN1_VISIBLESTRING_it@@OPENSSL_3.0.0
ASN1_VISIBLESTRING_new	ASN1_VISIBLESTRING_new@@OPENSSL_3.0.0
ASN1_add_oid_module	ASN1_add_oid_module@@OPENSSL_3.0.0
ASN1_add_stable_module	ASN1_add_stable_module@@OPENSSL_3.0.0
ASN1_bn_print	ASN1_bn_print@@OPENSSL_3.0.0
ASN1_buf_print	ASN1_buf_print@@OPENSSL_3.0.0
ASN1_check_infinite_end	ASN1_check_infinite_end@@OPENSSL_3.0.0
ASN1_const_check_infinite_end	ASN1_const_check_infinite_end@@OPENSSL_3.0.0
ASN1_d2i_bio	ASN1_d2i_bio@@OPENSSL_3.0.0
ASN1_d2i_fp	ASN1_d2i_fp@@OPENSSL_3.0.0
ASN1_digest	ASN1_digest@@OPENSSL_3.0.0
ASN1_dup	ASN1_dup@@OPENSSL_3.0.0
ASN1_generate_nconf	ASN1_generate_nconf@@OPENSSL_3.0.0
ASN1_generate_v3	ASN1_generate_v3@@OPENSSL_3.0.0
ASN1_get_object	ASN1_get_object@@OPENSSL_3.0.0
ASN1_i2d_bio	ASN1_i2d_bio@@OPENSSL_3.0.0
ASN1_i2d_fp	ASN1_i2d_fp@@OPENSSL_3.0.0
ASN1_item_d2i	ASN1_item_d2i@@OPENSSL_3.0.0
ASN1_item_d2i_bio	ASN1_item_d2i_bio@@OPENSSL_3.0.0
ASN1_item_d2i_bio_ex	ASN1_item_d2i_bio_ex@@OPENSSL_3.0.0
ASN1_item_d2i_ex	ASN1_item_d2i_ex@@OPENSSL_3.0.0
ASN1_item_d2i_fp	ASN1_item_d2i_fp@@OPENSSL_3.0.0
ASN1_item_d2i_fp_ex	ASN1_item_d2i_fp_ex@@OPENSSL_3.0.0
ASN1_item_digest	ASN1_item_digest@@OPENSSL_3.0.0
ASN1_item_dup	ASN1_item_dup@@OPENSSL_3.0.0
ASN1_item_ex_d2i	ASN1_item_ex_d2i@@OPENSSL_3.0.0
ASN1_item_ex_free	ASN1_item_ex_free@@OPENSSL_3.0.0
ASN1_item_ex_i2d	ASN1_item_ex_i2d@@OPENSSL_3.0.0
ASN1_item_ex_new	ASN1_item_ex_new@@OPENSSL_3.0.0
ASN1_item_free	ASN1_item_free@@OPENSSL_3.0.0
ASN1_item_i2d	ASN1_item_i2d@@OPENSSL_3.0.0
ASN1_item_i2d_bio	ASN1_item_i2d_bio@@OPENSSL_3.0.0
ASN1_item_i2d_fp	ASN1_item_i2d_fp@@OPENSSL_3.0.0
ASN1_item_i2d_mem_bio	ASN1_item_i2d_mem_bio@@OPENSSL_3.0.0
ASN1_item_ndef_i2d	ASN1_item_ndef_i2d@@OPENSSL_3.0.0
ASN1_item_new	ASN1_item_new@@OPENSSL_3.0.0
ASN1_item_new_ex	ASN1_item_new_ex@@OPENSSL_3.0.0
ASN1_item_pack	ASN1_item_pack@@OPENSSL_3.0.0
ASN1_item_print	ASN1_item_print@@OPENSSL_3.0.0
ASN1_item_sign	ASN1_item_sign@@OPENSSL_3.0.0
ASN1_item_sign_ctx	ASN1_item_sign_ctx@@OPENSSL_3.0.0
ASN1_item_sign_ex	ASN1_item_sign_ex@@OPENSSL_3.0.0
ASN1_item_unpack	ASN1_item_unpack@@OPENSSL_3.0.0
ASN1_item_unpack_ex	ASN1_item_unpack_ex@@OPENSSL_3.2.0
ASN1_item_verify	ASN1_item_verify@@OPENSSL_3.0.0
ASN1_item_verify_ctx	ASN1_item_verify_ctx@@OPENSSL_3.0.0
ASN1_item_verify_ex	ASN1_item_verify_ex@@OPENSSL_3.0.0
ASN1_mbstring_copy	ASN1_mbstring_copy@@OPENSSL_3.0.0
ASN1_mbstring_ncopy	ASN1_mbstring_ncopy@@OPENSSL_3.0.0
ASN1_object_size	ASN1_object_size@@OPENSSL_3.0.0
ASN1_parse	ASN1_parse@@OPENSSL_3.0.0
ASN1_parse_dump	ASN1_parse_dump@@OPENSSL_3.0.0
ASN1_put_eoc	ASN1_put_eoc@@OPENSSL_3.0.0
ASN1_put_object	ASN1_put_object@@OPENSSL_3.0.0
ASN1_sign	ASN1_sign@@OPENSSL_3.0.0
ASN1_str2mask	ASN1_str2mask@@OPENSSL_3.0.0
ASN1_tag2bit	ASN1_tag2bit@@OPENSSL_3.0.0
ASN1_tag2str	ASN1_tag2str@@OPENSSL_3.0.0
ASN1_verify	ASN1_verify@@OPENSSL_3.0.0
ASRange_free	ASRange_free@@OPENSSL_3.0.0
ASRange_it	ASRange_it@@OPENSSL_3.0.0
ASRange_new	ASRange_new@@OPENSSL_3.0.0
ASYNC_WAIT_CTX_clear_fd	ASYNC_WAIT_CTX_clear_fd@@OPENSSL_3.0.0
ASYNC_WAIT_CTX_free	ASYNC_WAIT_CTX_free@@OPENSSL_3.0.0
ASYNC_WAIT_CTX_get_all_fds	ASYNC_WAIT_CTX_get_all_fds@@OPENSSL_3.0.0
ASYNC_WAIT_CTX_get_callback	ASYNC_WAIT_CTX_get_callback@@OPENSSL_3.0.0
ASYNC_WAIT_CTX_get_changed_fds	ASYNC_WAIT_CTX_get_changed_fds@@OPENSSL_3.0.0
ASYNC_WAIT_CTX_get_fd	ASYNC_WAIT_CTX_get_fd@@OPENSSL_3.0.0
ASYNC_WAIT_CTX_get_status	ASYNC_WAIT_CTX_get_status@@OPENSSL_3.0.0
ASYNC_WAIT_CTX_new	ASYNC_WAIT_CTX_new@@OPENSSL_3.0.0
ASYNC_WAIT_CTX_set_callback	ASYNC_WAIT_CTX_set_callback@@OPENSSL_3.0.0
ASYNC_WAIT_CTX_set_status	ASYNC_WAIT_CTX_set_status@@OPENSSL_3.0.0
ASYNC_WAIT_CTX_set_wait_fd	ASYNC_WAIT_CTX_set_wait_fd@@OPENSSL_3.0.0
ASYNC_block_pause	ASYNC_block_pause@@OPENSSL_3.0.0
ASYNC_cleanup_thread	ASYNC_cleanup_thread@@OPENSSL_3.0.0
ASYNC_get_current_job	ASYNC_get_current_job@@OPENSSL_3.0.0
ASYNC_get_mem_functions	ASYNC_get_mem_functions@@OPENSSL_3.2.0
ASYNC_get_wait_ctx	ASYNC_get_wait_ctx@@OPENSSL_3.0.0
ASYNC_init_thread	ASYNC_init_thread@@OPENSSL_3.0.0
ASYNC_is_capable	ASYNC_is_capable@@OPENSSL_3.0.0
ASYNC_pause_job	ASYNC_pause_job@@OPENSSL_3.0.0
ASYNC_set_mem_functions	ASYNC_set_mem_functions@@OPENSSL_3.2.0
ASYNC_start_job	ASYNC_start_job@@OPENSSL_3.0.0
ASYNC_unblock_pause	ASYNC_unblock_pause@@OPENSSL_3.0.0
AUTHORITY_INFO_ACCESS_free	AUTHORITY_INFO_ACCESS_free@@OPENSSL_3.0.0
AUTHORITY_INFO_ACCESS_it	AUTHORITY_INFO_ACCESS_it@@OPENSSL_3.0.0
AUTHORITY_INFO_ACCESS_new	AUTHORITY_INFO_ACCESS_new@@OPENSSL_3.0.0
AUTHORITY_KEYID_free	AUTHORITY_KEYID_free@@OPENSSL_3.0.0
AUTHORITY_KEYID_it	AUTHORITY_KEYID_it@@OPENSSL_3.0.0
AUTHORITY_KEYID_new	AUTHORITY_KEYID_new@@OPENSSL_3.0.0
BASIC_CONSTRAINTS_free	BASIC_CONSTRAINTS_free@@OPENSSL_3.0.0
BASIC_CONSTRAINTS_it	BASIC_CONSTRAINTS_it@@OPENSSL_3.0.0
BASIC_CONSTRAINTS_new	BASIC_CONSTRAINTS_new@@OPENSSL_3.0.0
BF_cbc_encrypt	BF_cbc_encrypt@@OPENSSL_3.0.0
BF_cfb64_encrypt	BF_cfb64_encrypt@@OPENSSL_3.0.0
BF_decrypt	BF_decrypt@@OPENSSL_3.0.0
BF_ecb_encrypt	BF_ecb_encrypt@@OPENSSL_3.0.0
BF_encrypt	BF_encrypt@@OPENSSL_3.0.0
BF_ofb64_encrypt	BF_ofb64_encrypt@@OPENSSL_3.0.0
BF_options	BF_options@@OPENSSL_3.0.0
BF_set_key	BF_set_key@@OPENSSL_3.0.0
BIGNUM_it	BIGNUM_it@@OPENSSL_3.0.0
BIO_ADDRINFO_address	BIO_ADDRINFO_address@@OPENSSL_3.0.0
BIO_ADDRINFO_family	BIO_ADDRINFO_family@@OPENSSL_3.0.0
BIO_ADDRINFO_free	BIO_ADDRINFO_free@@OPENSSL_3.0.0
BIO_ADDRINFO_next	BIO_ADDRINFO_next@@OPENSSL_3.0.0
BIO_ADDRINFO_protocol	BIO_ADDRINFO_protocol@@OPENSSL_3.0.0
BIO_ADDRINFO_socktype	BIO_ADDRINFO_socktype@@OPENSSL_3.0.0
BIO_ADDR_clear	BIO_ADDR_clear@@OPENSSL_3.0.0
BIO_ADDR_copy	BIO_ADDR_copy@@OPENSSL_3.2.0
BIO_ADDR_dup	BIO_ADDR_dup@@OPENSSL_3.2.0
BIO_ADDR_family	BIO_ADDR_family@@OPENSSL_3.0.0
BIO_ADDR_free	BIO_ADDR_free@@OPENSSL_3.0.0
BIO_ADDR_hostname_string	BIO_ADDR_hostname_string@@OPENSSL_3.0.0
BIO_ADDR_new	BIO_ADDR_new@@OPENSSL_3.0.0
BIO_ADDR_path_string	BIO_ADDR_path_string@@OPENSSL_3.0.0
BIO_ADDR_rawaddress	BIO_ADDR_rawaddress@@OPENSSL_3.0.0
BIO_ADDR_rawmake	BIO_ADDR_rawmake@@OPENSSL_3.0.0
BIO_ADDR_rawport	BIO_ADDR_rawport@@OPENSSL_3.0.0
BIO_ADDR_service_string	BIO_ADDR_service_string@@OPENSSL_3.0.0
BIO_accept	BIO_accept@@OPENSSL_3.0.0
BIO_accept_ex	BIO_accept_ex@@OPENSSL_3.0.0
BIO_asn1_get_prefix	BIO_asn1_get_prefix@@OPENSSL_3.0.0
BIO_asn1_get_suffix	BIO_asn1_get_suffix@@OPENSSL_3.0.0
BIO_asn1_set_prefix	BIO_asn1_set_prefix@@OPENSSL_3.0.0
BIO_asn1_set_suffix	BIO_asn1_set_suffix@@OPENSSL_3.0.0
BIO_bind	BIO_bind@@OPENSSL_3.0.0
BIO_callback_ctrl	BIO_callback_ctrl@@OPENSSL_3.0.0
BIO_clear_flags	BIO_clear_flags@@OPENSSL_3.0.0
BIO_closesocket	BIO_closesocket@@OPENSSL_3.0.0
BIO_connect	BIO_connect@@OPENSSL_3.0.0
BIO_copy_next_retry	BIO_copy_next_retry@@OPENSSL_3.0.0
BIO_ctrl	BIO_ctrl@@OPENSSL_3.0.0
BIO_ctrl_get_read_request	BIO_ctrl_get_read_request@@OPENSSL_3.0.0
BIO_ctrl_get_write_guarantee	BIO_ctrl_get_write_guarantee@@OPENSSL_3.0.0
BIO_ctrl_pending	BIO_ctrl_pending@@OPENSSL_3.0.0
BIO_ctrl_reset_read_request	BIO_ctrl_reset_read_request@@OPENSSL_3.0.0
BIO_ctrl_wpending	BIO_ctrl_wpending@@OPENSSL_3.0.0
BIO_debug_callback	BIO_debug_callback@@OPENSSL_3.0.0
BIO_debug_callback_ex	BIO_debug_callback_ex@@OPENSSL_3.0.0
BIO_dgram_non_fatal_error	BIO_dgram_non_fatal_error@@OPENSSL_3.0.0
BIO_do_connect_retry	BIO_do_connect_retry@@OPENSSL_3.0.0
BIO_dump	BIO_dump@@OPENSSL_3.0.0
BIO_dump_cb	BIO_dump_cb@@OPENSSL_3.0.0
BIO_dump_fp	BIO_dump_fp@@OPENSSL_3.0.0
BIO_dump_indent	BIO_dump_indent@@OPENSSL_3.0.0
BIO_dump_indent_cb	BIO_dump_indent_cb@@OPENSSL_3.0.0
BIO_dump_indent_fp	BIO_dump_indent_fp@@OPENSSL_3.0.0
BIO_dup_chain	BIO_dup_chain@@OPENSSL_3.0.0
BIO_err_is_non_fatal	BIO_err_is_non_fatal@@OPENSSL_3.2.0
BIO_f_asn1	BIO_f_asn1@@OPENSSL_3.0.0
BIO_f_base64	BIO_f_base64@@OPENSSL_3.0.0
BIO_f_brotli	BIO_f_brotli@@OPENSSL_3.2.0
BIO_f_buffer	BIO_f_buffer@@OPENSSL_3.0.0
BIO_f_cipher	BIO_f_cipher@@OPENSSL_3.0.0
BIO_f_linebuffer	BIO_f_linebuffer@@OPENSSL_3.0.0
BIO_f_md	BIO_f_md@@OPENSSL_3.0.0
BIO_f_nbio_test	BIO_f_nbio_test@@OPENSSL_3.0.0
BIO_f_null	BIO_f_null@@OPENSSL_3.0.0
BIO_f_prefix	BIO_f_prefix@@OPENSSL_3.0.0
BIO_f_readbuffer	BIO_f_readbuffer@@OPENSSL_3.0.0
BIO_f_reliable	BIO_f_reliable@@OPENSSL_3.0.0
BIO_f_zlib	BIO_f_zlib@@OPENSSL_3.0.0
BIO_f_zstd	BIO_f_zstd@@OPENSSL_3.2.0
BIO_fd_non_fatal_error	BIO_fd_non_fatal_error@@OPENSSL_3.0.0
BIO_fd_should_retry	BIO_fd_should_retry@@OPENSSL_3.0.0
BIO_find_type	BIO_find_type@@OPENSSL_3.0.0
BIO_free	BIO_free@@OPENSSL_3.0.0
BIO_free_all	BIO_free_all@@OPENSSL_3.0.0
BIO_get_accept_socket	BIO_get_accept_socket@@OPENSSL_3.0.0
BIO_get_callback	BIO_get_callback@@OPENSSL_3.0.0
BIO_get_callback_arg	BIO_get_callback_arg@@OPENSSL_3.0.0
BIO_get_callback_ex	BIO_get_callback_ex@@OPENSSL_3.0.0
BIO_get_data	BIO_get_data@@OPENSSL_3.0.0
BIO_get_ex_data	BIO_get_ex_data@@OPENSSL_3.0.0
BIO_get_host_ip	BIO_get_host_ip@@OPENSSL_3.0.0
BIO_get_init	BIO_get_init@@OPENSSL_3.0.0
BIO_get_line	BIO_get_line@@OPENSSL_3.0.0
BIO_get_new_index	BIO_get_new_index@@OPENSSL_3.0.0
BIO_get_port	BIO_get_port@@OPENSSL_3.0.0
BIO_get_retry_BIO	BIO_get_retry_BIO@@OPENSSL_3.0.0
BIO_get_retry_reason	BIO_get_retry_reason@@OPENSSL_3.0.0
BIO_get_rpoll_descriptor	BIO_get_rpoll_descriptor@@OPENSSL_3.2.0
BIO_get_shutdown	BIO_get_shutdown@@OPENSSL_3.0.0
BIO_get_wpoll_descriptor	BIO_get_wpoll_descriptor@@OPENSSL_3.2.0
BIO_gethostbyname	BIO_gethostbyname@@OPENSSL_3.0.0
BIO_gets	BIO_gets@@OPENSSL_3.0.0
BIO_hex_string	BIO_hex_string@@OPENSSL_3.0.0
BIO_indent	BIO_indent@@OPENSSL_3.0.0
BIO_int_ctrl	BIO_int_ctrl@@OPENSSL_3.0.0
BIO_listen	BIO_listen@@OPENSSL_3.0.0
BIO_lookup	BIO_lookup@@OPENSSL_3.0.0
BIO_lookup_ex	BIO_lookup_ex@@OPENSSL_3.0.0
BIO_meth_free	BIO_meth_free@@OPENSSL_3.0.0
BIO_meth_get_callback_ctrl	BIO_meth_get_callback_ctrl@@OPENSSL_3.0.0
BIO_meth_get_create	BIO_meth_get_create@@OPENSSL_3.0.0
BIO_meth_get_ctrl	BIO_meth_get_ctrl@@OPENSSL_3.0.0
BIO_meth_get_destroy	BIO_meth_get_destroy@@OPENSSL_3.0.0
BIO_meth_get_gets	BIO_meth_get_gets@@OPENSSL_3.0.0
BIO_meth_get_puts	BIO_meth_get_puts@@OPENSSL_3.0.0
BIO_meth_get_read	BIO_meth_get_read@@OPENSSL_3.0.0
BIO_meth_get_read_ex	BIO_meth_get_read_ex@@OPENSSL_3.0.0
BIO_meth_get_recvmmsg	BIO_meth_get_recvmmsg@@OPENSSL_3.2.0
BIO_meth_get_sendmmsg	BIO_meth_get_sendmmsg@@OPENSSL_3.2.0
BIO_meth_get_write	BIO_meth_get_write@@OPENSSL_3.0.0
BIO_meth_get_write_ex	BIO_meth_get_write_ex@@OPENSSL_3.0.0
BIO_meth_new	BIO_meth_new@@OPENSSL_3.0.0
BIO_meth_set_callback_ctrl	BIO_meth_set_callback_ctrl@@OPENSSL_3.0.0
BIO_meth_set_create	BIO_meth_set_create@@OPENSSL_3.0.0
BIO_meth_set_ctrl	BIO_meth_set_ctrl@@OPENSSL_3.0.0
BIO_meth_set_destroy	BIO_meth_set_destroy@@OPENSSL_3.0.0
BIO_meth_set_gets	BIO_meth_set_gets@@OPENSSL_3.0.0
BIO_meth_set_puts	BIO_meth_set_puts@@OPENSSL_3.0.0
BIO_meth_set_read	BIO_meth_set_read@@OPENSSL_3.0.0
BIO_meth_set_read_ex	BIO_meth_set_read_ex@@OPENSSL_3.0.0
BIO_meth_set_recvmmsg	BIO_meth_set_recvmmsg@@OPENSSL_3.2.0
BIO_meth_set_sendmmsg	BIO_meth_set_sendmmsg@@OPENSSL_3.2.0
BIO_meth_set_write	BIO_meth_set_write@@OPENSSL_3.0.0
BIO_meth_set_write_ex	BIO_meth_set_write_ex@@OPENSSL_3.0.0
BIO_method_name	BIO_method_name@@OPENSSL_3.0.0
BIO_method_type	BIO_method_type@@OPENSSL_3.0.0
BIO_new	BIO_new@@OPENSSL_3.0.0
BIO_new_CMS	BIO_new_CMS@@OPENSSL_3.0.0
BIO_new_NDEF	BIO_new_NDEF@@OPENSSL_3.0.0
BIO_new_PKCS7	BIO_new_PKCS7@@OPENSSL_3.0.0
BIO_new_accept	BIO_new_accept@@OPENSSL_3.0.0
BIO_new_bio_dgram_pair	BIO_new_bio_dgram_pair@@OPENSSL_3.2.0
BIO_new_bio_pair	BIO_new_bio_pair@@OPENSSL_3.0.0
BIO_new_connect	BIO_new_connect@@OPENSSL_3.0.0
BIO_new_dgram	BIO_new_dgram@@OPENSSL_3.0.0
BIO_new_ex	BIO_new_ex@@OPENSSL_3.0.0
BIO_new_fd	BIO_new_fd@@OPENSSL_3.0.0
BIO_new_file	BIO_new_file@@OPENSSL_3.0.0
BIO_new_fp	BIO_new_fp@@OPENSSL_3.0.0
BIO_new_from_core_bio	BIO_new_from_core_bio@@OPENSSL_3.0.0
BIO_new_mem_buf	BIO_new_mem_buf@@OPENSSL_3.0.0
BIO_new_socket	BIO_new_socket@@OPENSSL_3.0.0
BIO_next	BIO_next@@OPENSSL_3.0.0
BIO_nread	BIO_nread@@OPENSSL_3.0.0
BIO_nread0	BIO_nread0@@OPENSSL_3.0.0
BIO_number_read	BIO_number_read@@OPENSSL_3.0.0
BIO_number_written	BIO_number_written@@OPENSSL_3.0.0
BIO_nwrite	BIO_nwrite@@OPENSSL_3.0.0
BIO_nwrite0	BIO_nwrite0@@OPENSSL_3.0.0
BIO_parse_hostserv	BIO_parse_hostserv@@OPENSSL_3.0.0
BIO_pop	BIO_pop@@OPENSSL_3.0.0
BIO_printf	BIO_printf@@OPENSSL_3.0.0
BIO_ptr_ctrl	BIO_ptr_ctrl@@OPENSSL_3.0.0
BIO_push	BIO_push@@OPENSSL_3.0.0
BIO_puts	BIO_puts@@OPENSSL_3.0.0
BIO_read	BIO_read@@OPENSSL_3.0.0
BIO_read_ex	BIO_read_ex@@OPENSSL_3.0.0
BIO_recvmmsg	BIO_recvmmsg@@OPENSSL_3.2.0
BIO_s_accept	BIO_s_accept@@OPENSSL_3.0.0
BIO_s_bio	BIO_s_bio@@OPENSSL_3.0.0
BIO_s_connect	BIO_s_connect@@OPENSSL_3.0.0
BIO_s_core	BIO_s_core@@OPENSSL_3.0.0
BIO_s_datagram	BIO_s_datagram@@OPENSSL_3.0.0
BIO_s_dgram_mem	BIO_s_dgram_mem@@OPENSSL_3.2.0
BIO_s_dgram_pair	BIO_s_dgram_pair@@OPENSSL_3.2.0
BIO_s_fd	BIO_s_fd@@OPENSSL_3.0.0
BIO_s_file	BIO_s_file@@OPENSSL_3.0.0
BIO_s_log	BIO_s_log@@OPENSSL_3.0.0
BIO_s_mem	BIO_s_mem@@OPENSSL_3.0.0
BIO_s_null	BIO_s_null@@OPENSSL_3.0.0
BIO_s_secmem	BIO_s_secmem@@OPENSSL_3.0.0
BIO_s_socket	BIO_s_socket@@OPENSSL_3.0.0
BIO_sendmmsg	BIO_sendmmsg@@OPENSSL_3.2.0
BIO_set_callback	BIO_set_callback@@OPENSSL_3.0.0
BIO_set_callback_arg	BIO_set_callback_arg@@OPENSSL_3.0.0
BIO_set_callback_ex	BIO_set_callback_ex@@OPENSSL_3.0.0
BIO_set_cipher	BIO_set_cipher@@OPENSSL_3.0.0
BIO_set_data	BIO_set_data@@OPENSSL_3.0.0
BIO_set_ex_data	BIO_set_ex_data@@OPENSSL_3.0.0
BIO_set_flags	BIO_set_flags@@OPENSSL_3.0.0
BIO_set_init	BIO_set_init@@OPENSSL_3.0.0
BIO_set_next	BIO_set_next@@OPENSSL_3.0.0
BIO_set_retry_reason	BIO_set_retry_reason@@OPENSSL_3.0.0
BIO_set_shutdown	BIO_set_shutdown@@OPENSSL_3.0.0
BIO_set_tcp_ndelay	BIO_set_tcp_ndelay@@OPENSSL_3.0.0
BIO_snprintf	BIO_snprintf@@OPENSSL_3.0.0
BIO_sock_error	BIO_sock_error@@OPENSSL_3.0.0
BIO_sock_info	BIO_sock_info@@OPENSSL_3.0.0
BIO_sock_init	BIO_sock_init@@OPENSSL_3.0.0
BIO_sock_non_fatal_error	BIO_sock_non_fatal_error@@OPENSSL_3.0.0
