transcript.sha256=1438a96f500c247512e0a4a125e9ed4a2c4f54512353e64b117100cb423360de
info.type_string.1=Name
info.type_string.2=Parameters
info.type_string.3=Public key
info.type_string.4=Pkey
info.type_string.5=Certificate
info.type_string.6=CRL
info.type_string.0=null
info.type_string.7=null
info.new_NAME=nonnull
info.get_type.NAME=1
info.get0_NAME=a-name
info.get0_data.NAME=nonnull
info.get0_data.NAME.mismatch=null
info.get0_NAME_description.before=null
info.get1_NAME=nonnull
info.get1_NAME.is_copy=1
info.set0_NAME_description=1
info.get0_NAME_description.after=a description
info.get1_NAME_description=a description
info.get0_PARAMS.on_name=null
info.get1_PARAMS.on_name=null
info.get1_PARAMS.on_name.err=44.104
info.get0_PUBKEY.on_name=null
info.get1_PUBKEY.on_name=null
info.get1_PUBKEY.on_name.err=44.122
info.get0_PKEY.on_name=null
info.get1_PKEY.on_name=null
info.get1_PKEY.on_name.err=44.102
info.get0_CERT.on_name=null
info.get0_CRL.on_name=null
info.new_PARAMS=nonnull
info.get_type.PARAMS=2
info.get0_PARAMS.is_key=1
info.get1_PARAMS.is_key=1
info.get0_PUBKEY.on_params=null
info.new_PUBKEY=nonnull
info.get_type.PUBKEY=3
info.get0_PUBKEY.is_key=1
info.get1_PUBKEY.is_key=1
info.new_PKEY=nonnull
info.get_type.PKEY=4
info.get0_PKEY.is_key=1
info.get1_PKEY.is_key=1
info.get0_PARAMS.on_pkey=null
info.new_CERT=nonnull
info.get_type.CERT=5
info.get0_CERT=null
info.get0_CRL.on_cert=null
info.new_CRL=nonnull
info.get_type.CRL=6
info.get0_CRL=null
info.new.generic.type=1
info.free.null=ok
search.by_alias=nonnull
search.by_alias.type=4
search.by_alias.string=an-alias
search.by_alias.len=8
search.by_alias.bytes=nonnull
search.by_alias.name=null
search.by_alias.digest=null
search.by_name=nonnull
search.by_name.type=1
search.by_name.name=null
search.by_issuer=nonnull
search.by_issuer.type=2
search.by_issuer.serial=null
search.by_fp=nonnull
search.by_fp.type=3
search.by_fp.digest.is_sha256=1
search.by_fp.bad_length=null
search.by_fp.bad_length.err=44.121
x509.d2i=nonnull
x509.d2i.err=none
x509.d2i.consumed=773
x509.i2d.len=773
x509.i2d.same_bytes=1
x509.dup=nonnull
x509.dup.distinct=1
x509.dup.i2d.same_bytes=1
x509.d2i.truncated=null
x509.d2i.truncated.err=13.155
crl.d2i=nonnull
crl.d2i.err=none
crl.d2i.consumed=657
crl.i2d.len=657
crl.i2d.same_bytes=1
crl.dup=nonnull
crl.dup.distinct=1
crl.d2i.truncated=null
crl.d2i.truncated.err=13.155
info.new_CERT.real=nonnull
info.get0_CERT.is_cert=1
info.get1_CERT.is_cert=1
info.new_CRL.real=nonnull
info.get0_CRL.is_crl=1
info.get1_CRL.is_crl=1
info.free.CERT_CRL_arms=driven
name.d2i=nonnull
name.d2i.err=none
name.d2i.consumed=20
name.oneline.buf=/CN=Root CA
name.oneline.buf.len=11
name.oneline.alloc=nonnull
name.oneline.alloc.value=/CN=Root CA
name.oneline.bufzero=null
name.oneline.bufzero.err=none
name.oneline.noname=NO X509_NAME
name.oneline.noname.len=12
name.oneline.empty.alloc=nonnull
name.oneline.empty.value=
name.access.d2i=nonnull
name.access.count=1
name.access.index.cn=0
name.access.index.miss=-1
name.access.index.badnid=-2
name.access.text.len=7
name.access.text=Root CA
name.access.text.query=7
name.access.text.miss=-1
name.access.entry0=nonnull
name.access.entry0.set=0
name.access.entry0.obj=13
name.access.entry0.datalen=7
name.access.entry1=null
name.print.rfc2253.ret=10
name.print.rfc2253.text=CN=Root CA
name.print.oneline.ret=12
name.print.oneline.text=CN = Root CA
name.print.multiline.ret=35
name.print.multiline.text=commonName                = Root CA
name.print.compat.ret=1
name.print.compat.text=CN=Root CA
name.print.fn_oid.ret=15
name.print.fn_oid.text=2.5.4.3=Root CA
name.print.fn_none.ret=7
name.print.fn_none.text=Root CA
name.print.sep_comma_plus.ret=10
name.print.sep_comma_plus.text=CN=Root CA
name.print.sep_splus_spc.ret=10
name.print.sep_splus_spc.text=CN=Root CA
name.print.noname=0
v3.create.by_nid=nonnull
v3.create.by_nid.err=8.101
v3.create.by_nid.crit=1
v3.create.by_nid.obj=87
v3.create.by_nid.datalen=2
v3.create.badnid=null
v3.create.badnid.err=8.101
v3.add_ext.stack=nonnull
v3.count.one=1
v3.count.null=0
v3.create.by_obj=nonnull
v3.create.by_obj.crit=0
v3.count.two=2
v3.by_nid=0
v3.by_nid.miss=-1
v3.by_nid.badnid=-2
v3.by_obj=0
v3.by_obj.miss=-1
v3.by_crit.1=0
v3.by_crit.0=1
v3.by_crit.null=-1
v3.by_obj.null=-1
v3.get.0=nonnull
v3.get.0.obj=87
v3.get.5=null
v3.get.null=null
v3.add_ext.null_target=null
v3.add_ext.null_target.err=11.786690
v3.add_extensions=nonnull
v3.add_extensions.count=2
v3.add_extensions.null_target=null
v3.add_extensions.null_target.err=11.786690
v3.delete.0=nonnull
v3.count.after_delete=1
v3.delete.5=null
v3.delete.null=null
aux.cert=nonnull
aux.trusted.before=0
aux.alias.before=null
aux.alias.before.len=-1
aux.alias.set=1
aux.keyid.set=1
aux.trusted.after=1
aux.alias.len=11
aux.keyid.len=4
aux.keyid.byte0=1
aux.i2d.len=794
aux.i2d.gt_plain=1
aux.d2i=nonnull
aux.d2i.err=none
aux.d2i.consumed=794
aux.d2i.trusted=1
aux.d2i.alias.len=11
aux.d2i.alias.bytes=1
aux.d2i.keyid.len=4
aux.d2i.keyid.bytes=1
aux.d2i.reequal=1
aux.d2i.reequal.err=none
aux.cleared=ok
aux.d2i.plain=nonnull
aux.d2i.plain.consumed=773
aux.alias.set.null=1
aux.keyid.set.null=1
aux.d2i.truncated=null
aux.d2i.truncated.err=13.155
certaux.new=nonnull
certaux.i2d.len=2
certaux.d2i=nonnull
certaux.d2i.consumed=2
certaux.reequal=1
cert_err.ok=ok
cert_err.not_yet=certificate is not yet valid or the system clock is incorrect
cert_err.expired=certificate has expired
cert_err.ca_bcons=Basic Constraints of CA cert not marked critical
cert_err.rpk=Raw public key untrusted, no trusted keys configured
cert_err.crl_verify=unknown certificate verification error
cert_err.unknown=unknown certificate verification error
pcy.tree.levels.null=0
pcy.tree.level0.null=null
pcy.tree.policies.null=null
pcy.tree.user_policies.null=null
pcy.level.nodes.null=0
pcy.level.node0.null=null
pcy.node.policy.null=null
pcy.node.qualifiers.null=null
pcy.node.parent.null=null
pcia.pp.new=nonnull
pcia.pp.i2d.len=12
pcia.pp.d2i=nonnull
pcia.pp.d2i.consumed=12
pcia.pp.reequal=1
pcia.pcie.new=nonnull
pcia.pcie.i2d.len=9
pcia.pcie.d2i=nonnull
pcia.pcie.reequal=1
skid.i2s.octet=01:02:03:04
skid.s2i.octet=nonnull
skid.s2i.octet.hex=01:02:03:04
skid.s2i.octet.bad=null
skid.s2i.octet.bad.err=15.102
ia5.s2i=nonnull
ia5.i2s=probe.test
ia5.i2s.empty=null
ia5.s2i.null=null
ia5.s2i.null.err=34.107
ist.new=nonnull
ist.i2d.len=30
ist.d2i=nonnull
ist.reequal=1
pku.new=nonnull
pku.i2d.len=36
pku.d2i=nonnull
pku.consumed=36
pku.reequal=1
timespec.day.new=nonnull
timespec.day.i2d.len=17
timespec.day.d2i=nonnull
timespec.day.consumed=17
timespec.day.reequal=1
timespec.band.new=nonnull
timespec.band.i2d.len=20
timespec.band.d2i=nonnull
timespec.band.consumed=20
timespec.band.reequal=1
timespec.absolute.new=nonnull
timespec.absolute.i2d.len=40
timespec.absolute.d2i=nonnull
timespec.absolute.consumed=40
timespec.absolute.reequal=1
timespec.namedday.new=nonnull
timespec.namedday.i2d.len=4
timespec.namedday.d2i=nonnull
timespec.namedday.consumed=4
timespec.namedday.reequal=1
timespec.xdayof.new=nonnull
timespec.xdayof.i2d.len=6
timespec.xdayof.d2i=nonnull
timespec.xdayof.consumed=6
timespec.xdayof.reequal=1
timespec.dayspec.new=nonnull
timespec.dayspec.i2d.len=4
timespec.dayspec.d2i=nonnull
timespec.dayspec.consumed=4
timespec.dayspec.reequal=1
timespec.weeks.new=nonnull
timespec.weeks.i2d.len=2
timespec.weeks.d2i=nonnull
timespec.weeks.consumed=2
timespec.weeks.reequal=1
timespec.months.new=nonnull
timespec.months.i2d.len=2
timespec.months.d2i=nonnull
timespec.months.consumed=2
timespec.months.reequal=1
timespec.period.new=nonnull
timespec.period.i2d.len=8
timespec.period.d2i=nonnull
timespec.period.consumed=8
timespec.period.reequal=1
timespec.tst.new=nonnull
timespec.tst.i2d.len=21
timespec.tst.d2i=nonnull
timespec.tst.consumed=21
timespec.tst.reequal=1
timespec.ts.new=nonnull
timespec.ts.i2d.len=26
timespec.ts.d2i=nonnull
timespec.ts.consumed=26
timespec.ts.reequal=1
utf8.s2i=nonnull
utf8.i2s=probe.utf8
utf8.i2s.empty=null
utf8.i2s.empty.err=34.786690
utf8.s2i.null=null
utf8.s2i.null.err=34.107
v3lib.add_standard=1
v3lib.add_standard.err=none
v3lib.add=1
v3lib.add.err=none
v3lib.add_again=1
v3lib.add_again.err=none
v3lib.add_list=1
v3lib.add_list.err=none
v3lib.cleanup=ok
cmp.cert=nonnull
cmp.cert2=nonnull
cmp.issuer_and_serial.self=0
cmp.issuer_and_serial.copy=0
cmp.issuer_and_serial.null_b=1
cmp.issuer_and_serial.null_a=-1
cmp.issuer_name.self=0
cmp.issuer_name.copy=0
cmp.subject_name.self=0
cmp.subject_name.copy=0
cmp.get_issuer_name=nonnull
cmp.get_subject_name=nonnull
cmp.get_serialNumber=nonnull
cmp.get0_serialNumber.len=1
cmp.get_version=2
cmp.get_signature_nid=668
cmp.certificate_type=305
cmp.certificate_type.null_cert=0
cmp.get0_pubkey=nonnull
cmp.get_pubkey=nonnull
cmp.pubkey.same=1
cmp.get0_pubkey.null=null
cmp.get_pubkey.null=null
cmp.check_private_key.nullkey=0
cmp.check_private_key.nullkey.err=11.116
cmp.issuer_name_hash=2223613253
cmp.subject_name_hash=2223613253
cmp.issuer_name_hash_old=3200668118
cmp.subject_name_hash_old=3200668118
cmp.issuer_and_serial_hash=4125858384
cmp.find_by_subject=nonnull
cmp.find_by_subject.is_first=1
cmp.find_by_issuer_and_serial=nonnull
cmp.find_by_issuer_and_serial.is_first=1
cmp.find_by_subject.null_sk=null
cmp.chain_up_ref=nonnull
cmp.chain_up_ref.count=2
cmp.chain_up_ref.same0=1
cmp.chain_up_ref.distinct=1
cmp.name=nonnull
cmp.name2=nonnull
cmp.name.self=0
cmp.name.copy=0
cmp.name.null_b=1
cmp.name.null_a=-1
cmp.name_hash_ex=2223613253
cmp.name_hash_ex.ok=1
cmp.name_hash_old=3200668118
cmp.name_vs_cert_issuer=0
cmp.fresh=nonnull
cmp.set_version.initial=0
cmp.set_version.to2=1
cmp.set_version.get2=2
cmp.set_version.same=1
cmp.set_version.to0=1
cmp.set_version.get0=0
cmp.crl=nonnull
cmp.crl2=nonnull
cmp.crl_cmp.self=0
cmp.crl_cmp.copy=0
cmp.crl_match.copy=0
cmp.crl.get_version=0
cmp.crl.get_issuer=nonnull
cmp.crl.get_signature_nid=7
cmp.crl.get0_lastUpdate=nonnull
cmp.crl.get0_nextUpdate=nonnull
cmp.crl.get_lastUpdate=nonnull
cmp.crl.get_nextUpdate=nonnull
cmp.crl.get0_tbs_sigalg=nonnull
cmp.crl.get0_extensions=null
cmp.crl.get0_signature.sig=nonnull
cmp.crl.get0_signature.alg=nonnull
cmp.crl.revoked=nonnull
cmp.crl.revoked.count=15
cmp.revoked0=nonnull
cmp.revoked0.serial.len=5
cmp.revoked0.revocationDate=nonnull
cmp.revoked0.extensions=null
cmp.revoked0.set_revocationDate=1
cmp.revoked0.set_serialNumber=1
cmp.crl.set_version0=1
cmp.crl.get_version.after0=0
cmp.crl.set_version1=1
cmp.crl.set_issuer_name=1
cmp.crl.set1_lastUpdate=1
cmp.crl.set1_nextUpdate=1
cmp.crl.sort=1
cmp.i2d_re_crl_tbs.len=510
cmp.suiteb.off=0
cmp.suiteb.off.depth=-999
cmp.suiteb.rsa_leaf=57
cmp.suiteb.rsa_leaf.depth=-999
cmp.crl_suiteb.off=0
cmp.crl_suiteb.on=57
xall.cert=nonnull
xall.crl=nonnull
xall.name=nonnull
xall.certkey=nonnull
xall.x509.i2d_fp=1
xall.x509.d2i_fp=nonnull
xall.x509.d2i_fp.len=773
xall.x509.i2d_bio=1
xall.x509.d2i_bio=nonnull
xall.x509.d2i_bio.len=773
xall.crl.i2d_fp=1
xall.crl.d2i_fp=nonnull
xall.crl.d2i_fp.len=657
xall.crl.i2d_bio=1
xall.crl.d2i_bio=nonnull
xall.crl.d2i_bio.len=657
xall.pubkey_digest=1
xall.pubkey_digest.len=32
xall.pubkey_digest.b0=83
xall.digest.sha256=1
xall.digest.sha256.len=32
xall.digest.sha256.b0=187
xall.digest.sha1=1
xall.digest.sha1.len=20
xall.crl_digest=1
xall.crl_digest.len=32
xall.crl_digest.b0=179
xall.crl_digest.null=0
xall.crl_digest.null.err=11.786690
xall.name_digest=1
xall.name_digest.len=32
xall.digest_sig=nonnull
xall.digest_sig.fallback=0
xall.digest_sig.len=32
xall.digest_sig.b0=187
xall.digest_sig.null=null
xall.digest_sig.null.err=11.786690
xall.priv=nonnull
xall.crl_sign=128
xall.crl_sign.null=0
xall.crl_sign.null.err=11.786690
xall.crl_sign.len=661
xall.crl_sign_ctx.init=1
xall.crl_sign_ctx=128
xall.crl_sign_ctx.len=661
xall.cert_sign=128
xall.cert_sign.null=0
xall.cert_sign.null.err=11.786690
xall.cert_sign.len=644
xall.cert_sign_ctx.init=1
xall.cert_sign_ctx=128
xall.cert_sign_ctx.len=644
xall.ed=nonnull
xall.verify.sign_ed=64
xall.verify.self_ed=1
xall.verify.self_ed.err=none
xall.verify.nullkey=-1
xall.verify.nullkey.err=6.156
xall.verify.wrongkey=-1
xall.rsa=nonnull
xall.rsa.priv_bio=1
xall.rsa.priv_bio.rt=nonnull
xall.rsa.pub_bio=1
xall.rsa.pub_bio.rt=nonnull
xall.rsa.pk_bio=1
xall.rsa.pk_bio.rt=nonnull
xall.rsa.priv_fp=1
xall.rsa.priv_fp.rt=nonnull
xall.rsa.pub_fp=1
xall.rsa.pub_fp.rt=nonnull
xall.rsa.pk_fp=1
xall.rsa.pk_fp.rt=nonnull
xall.dsa=nonnull
xall.dsa.priv_bio=1
xall.dsa.priv_bio.rt=nonnull
xall.dsa.pk_bio=1
xall.dsa.pk_bio.rt=nonnull
xall.dsa.priv_fp=1
xall.dsa.priv_fp.rt=nonnull
xall.dsa.pk_fp=1
xall.dsa.pk_fp.rt=nonnull
xall.ec=nonnull
xall.ec.priv_bio=1
xall.ec.priv_bio.rt=nonnull
xall.ec.pk_bio=1
xall.ec.pk_bio.rt=nonnull
xall.ec.priv_fp=1
xall.ec.priv_fp.rt=nonnull
xall.ec.pk_fp=1
xall.ec.pk_fp.rt=nonnull
xall.privkey.bio=1
xall.privkey.bio.rt=nonnull
xall.privkey.ex_bio=1
xall.privkey.ex_bio.rt=nonnull
xall.privkey.fp=1
xall.privkey.fp.rt=nonnull
xall.privkey.ex_fp.rt=nonnull
xall.pubkeyface.bio=1
xall.pubkeyface.bio.rt=nonnull
xall.pubkeyface.ex_bio=1
xall.pubkeyface.ex_bio.rt=nonnull
xall.pubkeyface.fp=1
xall.pubkeyface.fp.rt=nonnull
xall.pubkeyface.ex_fp.rt=nonnull
xall.p8=nonnull
xall.p8.bio=1
xall.p8.bio.rt=nonnull
xall.p8info.bio=1
xall.p8info.bio.rt=nonnull
xall.p8.fp=1
xall.p8.fp.rt=nonnull
xall.p8info.fp=1
xall.sig=nonnull
xall.sig.bio=1
xall.sig.bio.rt=nonnull
xall.sig.fp=1
xall.sig.fp.rt=nonnull
xall.xpk.set=1
xall.xpk=nonnull
xall.xpk.bio=1
xall.xpk.bio.rt=nonnull
xall.xpk.fp=1
xall.xpk.fp.rt=nonnull
xall.default_cert_dir_env=SSL_CERT_DIR
xall.default_cert_file_env=SSL_CERT_FILE
xall.spki=nonnull
xall.spki.spkac=nonnull
xall.spki.set_pubkey=1
xall.spki.get_pubkey=nonnull
xall.spki.der.len=334
xall.spki.b64=MIIBSjCCATEwggEiMA0GCSqGSIb3DQEBAQUAA4IBDwAwggEKAoIBAQDh5gD1BrygRjh5Dz8ecRkTbQLfK5t2a/yssCHt1pEIQjulYzXsUlugokrF1gCUA5daPblnKNJ94yFcpO3GPI2OhNGdVMM92XSilnZncfnGGlB3s/147lvg44yJI8KaIuw+1DeeB83AK1URFzo0QhxpDToYsO0VlF7G/Z6HxhznlBqSwF8FwXND5QPeCZHJJM7Yjot+LuAxSNGGKmpVJnroCzZOl7HgpMnaXGlLA4AIVoOjH7IquMFM/sWxTdTAAartvs4lve5prfYHzW4roYlU9WjrmAntyWBmyzNiSgOwaNYOq1/BNVV+/UbuuuvctqKj7YV/d9+1aCJDfmYkI6/FAgMBAAEWCWNoYWxsZW5nZTANBgkqhkiG9w0BAQsFAAMEAHNpZw==
xall.spki.b64.rt=nonnull
xall.spki.b64.rt.len=334
xall.spki.sign_ed=64
xall.spki.verify_ed=1
xall.spki.verify_ed.err=none
xall.spki.verify_wrong=-1
xall.spki.b64.bad=null
xall.spki.b64.bad.err=11.118
genn.it=nonnull
genn.it_names=nonnull
genn.it_stable=1
genn.dns=nonnull
genn.dns.type=2
genn.dns.consumed=11
genn.dns.der=8209612e6578616d706c65
genn.dns.get0=nonnull
genn.dns.get0.type=2
genn.dns.cmp_same=0
genn.dns.cmp_other=-1
genn.dns.cmp_null=-1
genn.mail.type=1
genn.uri.type=6
genn.ip.type=7
genn.rid.type=8
genn.rid.der=8803550403
genn.othn.value_in=nonnull
genn.othn.set=1
genn.othn.type=0
genn.othn.get0=1
genn.othn.oid_nid=13
genn.othn.value=nonnull
genn.othn.dup=nonnull
genn.othn.dup.cmp=0
genn.othn.der=a00a0603550403a003040100
genn.dirname.set_null_dn=1
genn.dirname.set_null_dn.err=none
genn.dirname=nonnull
genn.dirname.type=4
genn.dirname.der=a4023000
genn.dirname.null_tgt=0
genn.dirname.null_tgt.err=34.107
genn.names=nonnull
genn.names.num=2
genn.names.consumed=19
genn.names.der=30118209612e6578616d706c6587047f000001
genn.names.first.cmp=0
utl.parselist=nonnull
utl.parselist.num=3
utl.parselist.0.name=a
utl.parselist.0.value=b
utl.parselist.1.name=c 
utl.parselist.1.value=d 
utl.parselist.2.name=e
utl.parselist.2.value=<null>
utl.parselist.empty_name=null
utl.parselist.empty_name.err=34.108
utl.parselist.empty_value=null
utl.parselist.empty_value.err=34.109
utl.add.value=1
utl.add.value_uchar=1
utl.add.value_bool.true=1
utl.add.value_bool.false=1
utl.add.value_bool_nf.false=1
utl.add.num=4
utl.add.0.name=k
utl.add.0.value=v
utl.add.1.name=u
utl.add.1.value=w
utl.add.2.name=bt
utl.add.2.value=TRUE
utl.add.3.name=bf
utl.add.3.value=FALSE
utl.getval.bool.true=1
utl.getval.bool.true.val=255
utl.getval.bool.false=1
utl.getval.bool.false.val=0
utl.getval.bool.bad=0
utl.getval.bool.bad.err=34.104
utl.getval.int=1
utl.getval.int.aint=nonnull
utl.getval.int.text=31
utl.s2i.int=nonnull
utl.s2i.int.err=none
utl.i2s.int=-16
utl.s2i.int.bad=null
utl.s2i.int.bad.err=34.100
utl.s2i.int.null=null
utl.s2i.int.null.err=34.109
utl.i2s.enum=255
utl.enum_table.hit=Two
utl.enum_table.hit.err=none
utl.enum_table.miss=7
utl.enum_table.miss.err=none
utl.a2i.v4=nonnull
utl.a2i.v4.der=c0000201
utl.a2i.v6=nonnull
utl.a2i.v6.der=20010db8000000000000000000000001
utl.a2i.bad=null
utl.a2i.bad.err=none
utl.a2i.nc=nonnull
utl.a2i.nc.der=0a000000ff000000
utl.a2i.nc.noslash=null
utl.a2i.nc.noslash.err=none
utl.name_from_section=1
utl.name_from_section.text=nonnull
utl.name_from_section.oneline=/CN=probe.example+O=org
utl.name_from_section.count=2
utl.email_free.null=1
ext.cert.count=4
ext.cert.by_nid.bcons=0
ext.cert.by_nid.miss=-1
ext.cert.by_crit.1=0
ext.cert.by_crit.0=1
ext.cert.get.0=nonnull
ext.cert.get.0.nid=87
ext.cert.get.99=null
ext.cert.by_obj=0
ext.cert.add=1
ext.cert.add.delta=1
ext.cert.delete.0=nonnull
ext.cert.count.empty=0
ext.cert.get.empty=null
ext.crl.count=0
ext.crl.by_nid=-1
ext.crl.get.0=null
ext.crl.get.99=null
ext.crl.by_crit.0=-1
crld.set_dpname.null=1
crld.set_dpname.type0=1
crld.set_dpname.type0.dpname=null
crld.set_dpname.type1=1
crld.set_dpname.type1.dpname=nonnull
crld.set_dpname.type1.count=1
bcons.new=nonnull
bcons.it=nonnull
bcons.i2d.len=8
bcons.d2i=nonnull
bcons.d2i.ca=1
bcons.d2i.pathlen=3
bcons.reequal=1
gen.email.new=nonnull
gen.email.print.ret=1
gen.email.print.text=email:probe@example.com
gen.dns.print.ret=1
gen.dns.print.text=DNS:www.example.com
gen.uri.print.ret=1
gen.uri.print.text=URI:http://example.com/
gen.ip.print.ret=1
gen.ip.print.text=IP Address:10.0.0.1
gen.rid.print.ret=1
gen.rid.print.text=Registered ID:1.2.3.4
gen.dirname.print.ret=1
gen.dirname.print.text=DirName:CN = Root CA
gen.x400.print.ret=1
gen.x400.print.text=X400Name:<unsupported>
gen.edi.print.ret=1
gen.edi.print.text=EdiPartyName:<unsupported>
gen.email.i2v=1
gen.email.i2v.0=email|probe@example.com
gen.dns.i2v=1
gen.dns.i2v.0=DNS|www.example.com
gen.uri.i2v=1
gen.uri.i2v.0=URI|http://example.com/
gen.ip.i2v=1
gen.ip.i2v.0=IP Address|10.0.0.1
gen.rid.i2v=1
gen.rid.i2v.0=Registered ID|1.2.3.4
gen.dirname.i2v=1
gen.dirname.i2v.0=DirName|/CN=Root CA
gen.x400.i2v=1
gen.x400.i2v.0=X400Name|<unsupported>
gen.edi.i2v=1
gen.edi.i2v.0=EdiPartyName|<unsupported>
gen.multi.i2v=2
gen.multi.i2v.0=email|probe@example.com
gen.multi.i2v.1=DNS|www.example.com
gen.names.print.ret=1
gen.names.print.text=  email:probe@example.com
  DNS:www.example.com
v3conf.conf=nonnull
v3conf.load=1
v3conf.load.err=none
v3conf.section.nodb=null
v3conf.section.nodb.err=34.148
v3conf.string.nodb=null
v3conf.string.nodb.err=34.148
v3conf.section=nonnull
v3conf.section.err=none
v3conf.string=value
v3conf.string.err=none
v3conf.section.lhashnull=null
v3conf.section.lhashnull.err=34.148
v3conf.issuer_pkey.null=1
v3conf.issuer_pkey.null.err=none
v3conf.issuer_pkey.nosubject=0
v3conf.issuer_pkey.nosubject.err=34.524550
asn1gen.0.ptr=nonnull
asn1gen.0.type=5
asn1gen.0.der=0500
asn1gen.0.err=none
asn1gen.1.ptr=nonnull
asn1gen.1.type=2
asn1gen.1.der=02012a
asn1gen.1.err=none
asn1gen.2.ptr=nonnull
asn1gen.2.type=10
asn1gen.2.der=0a0107
asn1gen.2.err=none
asn1gen.3.ptr=nonnull
asn1gen.3.type=12
asn1gen.3.der=0c0568656c6c6f
asn1gen.3.err=none
asn1gen.4.ptr=nonnull
asn1gen.4.type=22
asn1gen.4.der=161170726f6265406578616d706c652e636f6d
asn1gen.4.err=none
asn1gen.5.ptr=nonnull
asn1gen.5.type=6
asn1gen.5.der=06032a0304
asn1gen.5.err=none
asn1gen.6.ptr=nonnull
asn1gen.6.type=1
asn1gen.6.der=0101ff
asn1gen.6.err=none
asn1gen.7.ptr=nonnull
asn1gen.7.type=1
asn1gen.7.der=010100
asn1gen.7.err=none
asn1gen.8.ptr=nonnull
asn1gen.8.type=4
asn1gen.8.der=0404deadbeef
asn1gen.8.err=none
asn1gen.9.ptr=nonnull
asn1gen.9.type=-3
asn1gen.9.der=820105
asn1gen.9.err=none
asn1gen.10.ptr=nonnull
asn1gen.10.type=-3
asn1gen.10.der=a0030c0178
asn1gen.10.err=none
asn1gen.11.ptr=nonnull
asn1gen.11.type=-3
asn1gen.11.der=a003810179
asn1gen.11.err=none
asn1gen.conf=nonnull
asn1gen.conf.load=1
asn1gen.conf.load.err=none
asn1gen.seq.ptr=nonnull
asn1gen.seq.type=16
asn1gen.seq.der=30060201010c0178
asn1gen.seq.err=none
asn1gen.nconfnull.ptr=nonnull
asn1gen.nconfnull.der=0c026869
asn1gen.nconfnull.err=none
asn1gen.unknown.ptr=null
asn1gen.unknown.err=13.194
asn1gen.noconf.ptr=null
asn1gen.noconf.err=13.192
v2i.0.ptr=nonnull
v2i.0.der=811170726f6265406578616d706c652e636f6d
v2i.0.err=none
v2i.1.ptr=nonnull
v2i.1.der=8613687474703a2f2f6578616d706c652e636f6d2f
v2i.1.err=none
v2i.2.ptr=nonnull
v2i.2.der=820f7777772e6578616d706c652e636f6d
v2i.2.err=none
v2i.3.ptr=nonnull
v2i.3.der=88032a0304
v2i.3.err=none
v2i.4.ptr=nonnull
v2i.4.der=87040a000001
v2i.4.err=none
a2i.direct.ptr=nonnull
a2i.direct.der=8112646972656374406578616d706c652e636f6d
a2i.direct.err=none
v2i.conf=nonnull
v2i.conf.load=1
v2i.conf.load.err=none
v2i.dirname.ptr=nonnull
v2i.dirname.der=a421301f310b30090603550406130255533110300e060355040a0c074578616d706c65
v2i.dirname.err=none
v2i.othername.ptr=nonnull
v2i.othername.der=a00b06032a0304a0040c026869
v2i.othername.err=none
v2i.names.ptr=nonnull
v2i.names.der=301a820b6578616d706c652e636f6d820b6578616d706c652e636f6d
v2i.names.err=none
v2i.novalue.ptr=null
v2i.novalue.err=34.124
v2i.badoption.ptr=null
v2i.badoption.err=34.117
v2i.badrid.ptr=null
v2i.badrid.err=8.103
v2i.badip.ptr=null
v2i.badip.err=34.118
v2i.baddirname.ptr=null
v2i.baddirname.err=34.150
v2i.badothername.ptr=null
v2i.badothername.err=34.147
a2i.missingvalue.ptr=null
a2i.missingvalue.err=34.124
a2i.unsupported.ptr=null
a2i.unsupported.err=34.167
bitst.i2v=2
bitst.i2v.0=Digital Signature|null
bitst.i2v.1=Non Repudiation|null
bitst.i2v.err=none
bitst.v2i.ptr=null
bitst.v2i.err=34.111
bitst.badname.ptr=null
bitst.badname.err=34.111
loader.new.null_scheme=null
loader.new.null_scheme.err=44.106
loader.new=nonnull
loader.scheme=probe
loader.engine=null
loader.set_open=1
loader.set_open_ex=1
loader.set_attach=1
loader.set_ctrl=1
loader.set_expect=1
loader.set_find=1
loader.set_load=1
loader.set_eof=1
loader.set_error=1
loader.set_close=1
loader.get0_provider=null
loader.get0_properties=null
loader.get0_description=null
loader.is_a.probe=0
loader.names_do_all=1
loader.names_count=0
loader.settable_ctx_params=null
loader.up_ref=1
store.register=1
store.register.err=none
store.open.legacy=nonnull
store.open.legacy.err=none
store.eof=1
store.error=0
store.expect.pkey=1
store.expect.pkey.err=none
store.expect.negative=0
store.expect.negative.err=44.524550
store.expect.too_big=0
store.expect.too_big.err=44.524550
store.supports_search.name=1
store.supports_search.alias=1
store.find.alias=1
store.find.alias.err=none
store.find.null=0
store.find.null.err=44.786690
store.ctrl.secmem=1
store.ctrl.secmem.err=none
store.vctrl.secmem=1
store.vctrl.secmem.err=none
store.close=1
store.attach.legacy=nonnull
store.attach.eof=1
store.attach.close=1
store.close.null=1
store.do_all.probe=1
store.do_all_loaders=1
store.do_all.count=1
store.unregister=nonnull
store.unregister.err=none
store.unregister.is_same=1
store.do_all_loaders.after=1
store.do_all.count.after=0
store.unregister.missing=null
store.unregister.missing.err=44.105
store.register.bad_scheme.loader=nonnull
store.register.bad_scheme=0
store.register.bad_scheme.err=44.106
store.register.incomplete.loader=nonnull
store.register.incomplete=0
store.register.incomplete.err=44.116
store.open.null=null
store.open.null.err=44.786690
store.open_ex.unknown=null
store.open_ex.unknown.err=44.524556
store.delete.probe=0
store.delete.probe.err=44.524556
store.delete.null=0
store.delete.null.err=44.786690
store.delete.no_scheme=0
store.delete.no_scheme.err=none
ref.OSSL_STORE_LOADER_fetch=nonnull
ref.OSSL_STORE_LOADER_do_all_provided=nonnull
ref.file_scheme=file
engine.table_flags.initial=0
engine.table_flags.set=1
engine.static_state=nonnull
engine.new=nonnull
engine.get_id.unset=null
engine.get_flags=0
engine.set_id=1
engine.get_id=probe-engine
engine.set_name=1
engine.get_name=probe engine
engine.set_id.null=0
engine.set_id.null.err=38.786690
engine.set_ex_data=1
engine.get_ex_data.same=1
engine.get_digest_engine.unregistered=null
engine.set_digests=1
engine.get_digests.same=1
engine.register_digests=1
engine.get_digest_engine.registered=nonnull
engine.get_digest_engine.is_same=1
engine.finish=1
engine.free=1
engine.add=1
engine.listed.found=1
engine.remove=1
engine.free.listed=1
engine.finish.null=1
engine.free.null=1
store.file.provider.default=nonnull
store.file.provider.base=nonnull
store.file.fetch=nonnull
store.file.fetch.err=none
store.file.do_all.count=2
store.file.find.open=nonnull
store.file.find.open.err=none
store.file.find.by_name=0
store.file.find.by_name.err=57.222
store.file.find.close=1
store.file.find.close.err=none
store.load.cert.pem.open=nonnull
store.load.cert.pem.open.err=none
store.load.cert.pem.load=nonnull
store.load.cert.pem.load.err=none
store.load.cert.pem.type=5
store.load.cert.pem.serial=1
store.load.cert.pem.sha256=bb84c781924c01365e65ae27ce26dfd5d4b8f2fd5760cd27d30fe78e5ab73f1a
store.load.cert.pem.eof=0
store.load.cert.pem.error=0
store.load.cert.pem.second=null
store.load.cert.pem.second.err=none
store.load.cert.pem.eof.after=1
store.load.cert.pem.error.after=1
store.load.cert.pem.close=1
store.load.cert.pem.close.err=none
store.load.cert.der.open=nonnull
store.load.cert.der.open.err=none
store.load.cert.der.load=nonnull
store.load.cert.der.load.err=none
store.load.cert.der.type=5
store.load.cert.der.serial=1
store.load.cert.der.sha256=bb84c781924c01365e65ae27ce26dfd5d4b8f2fd5760cd27d30fe78e5ab73f1a
store.load.cert.der.eof=0
store.load.cert.der.error=0
store.load.cert.der.second=null
store.load.cert.der.second.err=none
store.load.cert.der.eof.after=1
store.load.cert.der.error.after=1
store.load.cert.der.close=1
store.load.cert.der.close.err=none
store.load.key.der.open=nonnull
store.load.key.der.open.err=none
store.load.key.der.load=nonnull
store.load.key.der.load.err=none
store.load.key.der.type=4
store.load.key.der.pkey_id=6
store.load.key.der.eof=0
store.load.key.der.error=0
store.load.key.der.second=null
store.load.key.der.second.err=none
store.load.key.der.eof.after=1
store.load.key.der.error.after=1
store.load.key.der.close=1
store.load.key.der.close.err=none
store.load.absent.open=null
store.load.absent.open.err=2.2
store.load.malformed.open=nonnull
store.load.malformed.open.err=none
store.load.malformed.load=null
store.load.malformed.load.err=none
store.load.malformed.eof=1
store.load.malformed.error=1
store.load.malformed.second=null
store.load.malformed.second.err=none
store.load.malformed.eof.after=1
store.load.malformed.error.after=1
store.load.malformed.close=1
store.load.malformed.close.err=none
pending.X509_verify.rsa=classical_rsa_path_reads_EVP_get_digestbyname_Phase13_divergence
