transcript.sha256=81fdca5fa3a6cb967663f167e08666b2ce72802e82eeae28fce1ed6bcbc38ebd
a.int_null_default.ret=1
a.int_null_default.len=23
a.int_null_default=ASN1_INTEGER: <ABSENT>\n
a.seq_null_default.ret=1
a.seq_null_default.len=24
a.seq_null_default=ASN1_SEQUENCE: <ABSENT>\n
a.any_null_default.ret=1
a.any_null_default.len=19
a.any_null_default=ASN1_ANY: <ABSENT>\n
a.int_null_noshow.ret=1
a.int_null_noshow.len=0
a.int_null_noshow=
a.seq_null_noshow.ret=1
a.seq_null_noshow.len=0
a.seq_null_noshow=
a.bool_0.ret=1
a.bool_0.len=20
a.bool_0=ASN1_BOOLEAN: FALSE\n
a.bool_5.ret=1
a.bool_5.len=19
a.bool_5=ASN1_BOOLEAN: TRUE\n
a.bool_minus1.ret=1
a.bool_minus1.len=26
a.bool_minus1=ASN1_BOOLEAN: BOOL ABSENT\n
a.bool_t_minus1.ret=1
a.bool_t_minus1.len=20
a.bool_t_minus1=ASN1_TBOOLEAN: TRUE\n
a.bool_f_minus1.ret=1
a.bool_f_minus1.len=21
a.bool_f_minus1=ASN1_FBOOLEAN: FALSE\n
a.bool_t_0.ret=1
a.bool_t_0.len=21
a.bool_t_0=ASN1_TBOOLEAN: FALSE\n
a.bool_f_0.ret=1
a.bool_f_0.len=21
a.bool_f_0=ASN1_FBOOLEAN: FALSE\n
b.int_zero.ret=1
b.int_zero.len=16
b.int_zero=ASN1_INTEGER: 0\n
b.int_mid.ret=1
b.int_mid.len=23
b.int_mid=ASN1_INTEGER: 19088743\n
b.int_neg.ret=1
b.int_neg.len=17
b.int_neg=ASN1_INTEGER: -1\n
b.int_128bit.ret=1
b.int_128bit.len=49
b.int_128bit=ASN1_INTEGER: 0xFFFFFFFFFFFFFFFFFFFFFFFFFFFFFFFF\n
b.int_120bit.ret=1
b.int_120bit.len=52
b.int_120bit=ASN1_INTEGER: 1329227995784915872903807060280344575\n
b.enumerated.ret=0
b.enumerated.len=17
b.enumerated=ASN1_ENUMERATED: 
b.bit_string.ret=1
b.bit_string.len=96
b.bit_string=ASN1_BIT_STRING:  (0 unused bits)\n  0000 - a5 08                                             ..\n
b.bit_string_empty.ret=1
b.bit_string_empty.len=34
b.bit_string_empty=ASN1_BIT_STRING:  (0 unused bits)\n
b.octet_string.ret=1
b.octet_string.len=84
b.octet_string=ASN1_OCTET_STRING: \n  0000 - 41 42 43 44                                       ABCD\n
b.null_present.ret=1
b.null_present.len=16
b.null_present=ASN1_NULL: NULL\n
b.null_absent.ret=1
b.null_absent.len=20
b.null_absent=ASN1_NULL: <ABSENT>\n
b.object_known.ret=1
b.object_known.len=50
b.object_known=ASN1_OBJECT: rsaEncryption (1.2.840.113549.1.1.1)\n
b.object_unknown.ret=1
b.object_unknown.len=33
b.object_unknown=ASN1_OBJECT: undefined (1.2.3.4)\n
b.utctime_empty.ret=0
b.utctime_empty.len=28
b.utctime_empty=ASN1_UTCTIME: Bad time value
b.gentime_empty.ret=0
b.gentime_empty.len=36
b.gentime_empty=ASN1_GENERALIZEDTIME: Bad time value
b.printable.ret=1
b.printable.len=34
b.printable=ASN1_PRINTABLESTRING: Print-able!\n
b.utf8.ret=1
b.utf8.len=22
b.utf8=ASN1_UTF8STRING: caf\xe9\n
b.int_show_type.ret=1
b.int_show_type.len=31
b.int_show_type=ASN1_INTEGER: INTEGER:19088743\n
b.oct_show_type.ret=1
b.oct_show_type.len=97
b.oct_show_type=ASN1_OCTET_STRING: OCTET STRING:\n  0000 - 41 42 43 44                                       ABCD\n
b.obj_show_type.ret=1
b.obj_show_type.len=57
b.obj_show_type=ASN1_OBJECT: OBJECT:rsaEncryption (1.2.840.113549.1.1.1)\n
b.bit_string_7_unused.ret=1
b.bit_string_7_unused.len=95
b.bit_string_7_unused=ASN1_BIT_STRING:  (7 unused bits)\n  0000 - ff                                                .\n
b.octet_nonprint.ret=1
b.octet_nonprint.len=83
b.octet_nonprint=ASN1_OCTET_STRING: \n  0000 - 01 02 03                                          ...\n
b2.utctime.ret=1
b2.utctime.len=39
b2.utctime=ASN1_UTCTIME: Jan  1 00:00:00 2025 GMT\n
b2.gentime.ret=1
b2.gentime.len=47
b2.gentime=ASN1_GENERALIZEDTIME: Jan  1 00:00:00 2025 GMT\n
b2.time.ret=1
b2.time.len=36
b2.time=ASN1_TIME: Jan  1 00:00:00 2025 GMT\n
c.mstring_printable.ret=1
c.mstring_printable.len=22
c.mstring_printable=ASN1_PRINTABLE: plain\n
c.mstring_ia5.ret=1
c.mstring_ia5.len=22
c.mstring_ia5=ASN1_PRINTABLE: plain\n
c.mstring_t61.ret=1
c.mstring_t61.len=22
c.mstring_t61=ASN1_PRINTABLE: plain\n
c.any_int.ret=1
c.any_int.len=21
c.any_int=ASN1_ANY: INTEGER:42\n
c.any_oct.ret=1
c.any_oct.len=86
c.any_oct=ASN1_ANY: OCTET STRING:\n  0000 - 68 69                                             hi\n
c.any_bool.ret=1
c.any_bool.len=24
c.any_bool=ASN1_ANY: BOOLEAN:FALSE\n
c.any_bool_true.ret=1
c.any_bool_true.len=23
c.any_bool_true=ASN1_ANY: BOOLEAN:TRUE\n
c.any_bool_minus1.ret=1
c.any_bool_minus1.len=24
c.any_bool_minus1=ASN1_ANY: BOOLEAN:FALSE\n
c.any_null.ret=1
c.any_null.len=15
c.any_null=ASN1_ANY: NULL\n
c.any_other.ret=1
c.any_other.len=72
c.any_other=ASN1_ANY: (unknown):\n    0:d=0  hl=2 l=   1 prim: INTEGER           :07\n
c.any_int_no_type.ret=1
c.any_int_no_type.len=13
c.any_int_no_type=ASN1_ANY: 42\n
d.raw_sequence.ret=1
d.raw_sequence.len=67
d.raw_sequence=ASN1_SEQUENCE: \n    0:d=0  hl=2 l=   1 prim: INTEGER           :07\n
d.raw_sequence_indent.ret=1
d.raw_sequence_indent.len=71
d.raw_sequence_indent=    ASN1_SEQUENCE: \n    0:d=0  hl=2 l=   1 prim: INTEGER           :07\n
d.raw_set.ret=1
d.raw_set.len=66
d.raw_set=ASN1_ANY: SET:\n    0:d=0  hl=2 l=   1 prim: INTEGER           :07\n
d.raw_other.ret=1
d.raw_other.len=72
d.raw_other=ASN1_ANY: (unknown):\n    0:d=0  hl=2 l=   1 prim: INTEGER           :07\n
d.caller_new=1
d.caller_num_field=19088743
d.caller_num1.ret=1
d.caller_num1.len=124
d.caller_num1=probe_seq: \n  num: 1\n  oct: \n    0000 - 41 42 43 44                                       ABCD\n  opt: <ABSENT>\n  flag: TRUE\n
d.caller_num0.ret=1
d.caller_num0.len=124
d.caller_num0=probe_seq: \n  num: 0\n  oct: \n    0000 - 41 42 43 44                                       ABCD\n  opt: <ABSENT>\n  flag: TRUE\n
d.caller_default.ret=1
d.caller_default.len=131
d.caller_default=probe_seq: \n  num: 19088743\n  oct: \n    0000 - 41 42 43 44                                       ABCD\n  opt: <ABSENT>\n  flag: TRUE\n
d.caller_indent2.ret=1
d.caller_indent2.len=143
d.caller_indent2=  probe_seq: \n    num: 19088743\n    oct: \n      0000 - 41 42 43 44                                       ABCD\n    opt: <ABSENT>\n    flag: TRUE\n
d.caller_with_opt.ret=1
d.caller_with_opt.len=126
d.caller_with_opt=probe_seq: \n  num: 19088743\n  oct: \n    0000 - 41 42 43 44                                       ABCD\n  opt: opt\n  flag: TRUE\n
d.caller_flag0.ret=1
d.caller_flag0.len=127
d.caller_flag0=probe_seq: \n  num: 19088743\n  oct: \n    0000 - 41 42 43 44                                       ABCD\n  opt: opt\n  flag: FALSE\n
d.caller_flag_minus1.ret=1
d.caller_flag_minus1.len=133
d.caller_flag_minus1=probe_seq: \n  num: 19088743\n  oct: \n    0000 - 41 42 43 44                                       ABCD\n  opt: opt\n  flag: BOOL ABSENT\n
d.caller_show_seq.ret=1
d.caller_show_seq.len=137
d.caller_show_seq=probe_seq:  {\n  num: 19088743\n  oct: \n    0000 - 41 42 43 44                                       ABCD\n  opt: opt\n  flag: BOOL ABSENT\n}\n
d.caller_field_struct.ret=1
d.caller_field_struct.len=193
d.caller_field_struct=probe_seq: \n  num (INT32): 19088743\n  oct (ASN1_OCTET_STRING): \n    0000 - 41 42 43 44                                       ABCD\n  opt (ASN1_IA5STRING): opt\n  flag (ASN1_BOOLEAN): BOOL ABSENT\n
d.caller_no_field.ret=1
d.caller_no_field.len=112
d.caller_no_field=probe_seq: \n  19088743\n  \n    0000 - 41 42 43 44                                       ABCD\n  opt\n  BOOL ABSENT\n
d.caller_no_struct.ret=1
d.caller_no_struct.len=121
d.caller_no_struct=  num: 19088743\n  oct: \n    0000 - 41 42 43 44                                       ABCD\n  opt: opt\n  flag: BOOL ABSENT\n
d.caller_no_names.ret=1
d.caller_no_names.len=100
d.caller_no_names=  19088743\n  \n    0000 - 41 42 43 44                                       ABCD\n  opt\n  BOOL ABSENT\n
d.caller_mstring_flag.ret=1
d.caller_mstring_flag.len=133
d.caller_mstring_flag=probe_seq: \n  num: 19088743\n  oct: \n    0000 - 41 42 43 44                                       ABCD\n  opt: opt\n  flag: BOOL ABSENT\n
d2.simple_new=1
d2.simple_field=19088743
d2.simple_int.ret=1
d2.simple_int.len=35
d2.simple_int=probe_simple_int: \n  num: 19088743\n
e.choice_new=1
e.choice_selector_invalid.ret=1
e.choice_selector_invalid.len=29
e.choice_selector_invalid=ERROR: selector [-1] invalid\n
e.choice_0.ret=1
e.choice_0.len=74
e.choice_0=value.oct: \n  0000 - 78 79                                             xy\n
e.choice_1.ret=1
e.choice_1.len=14
e.choice_1=value.intg: 7\n
e.choice_9.ret=1
e.choice_9.len=28
e.choice_9=ERROR: selector [9] invalid\n
e.choice_9_errors=wrong integer type[],ASN1 lib[]
f.of_new=1
f.of_absent.ret=1
f.of_absent.len=31
f.of_absent=probe_of: \n  ints:\n    <EMPTY>\n
f.of_empty.ret=1
f.of_empty.len=31
f.of_empty=probe_of: \n  ints:\n    <EMPTY>\n
f.of_two.ret=1
f.of_two.len=32
f.of_two=probe_of: \n  ints:\n    1\n\n    2\n
f.of_two_ssof.ret=1
f.of_two_ssof.len=53
f.of_two_ssof=probe_of:  {\n  SEQUENCE OF ints {\n    1\n\n    2\n  }\n}\n
f.of_empty_ssof.ret=1
f.of_empty_ssof.len=51
f.of_empty_ssof=probe_set_of:  {\n  SET OF ints {\n    <EMPTY>\n  }\n}\n
f.set_of_empty.ret=1
f.set_of_empty.len=35
f.set_of_empty=probe_set_of: \n  ints:\n    <EMPTY>\n
g.int_indent_neg1.ret=0
g.int_indent_neg1.len=0
g.int_indent_neg1=
g.int_indent_neg5.ret=0
g.int_indent_neg5.len=0
g.int_indent_neg5=
g.int_indent_neg21.ret=0
g.int_indent_neg21.len=0
g.int_indent_neg21=
g.int_indent_0.ret=1
g.int_indent_0.len=23
g.int_indent_0=ASN1_INTEGER: 19088743\n
g.int_indent_1.ret=1
g.int_indent_1.len=24
g.int_indent_1= ASN1_INTEGER: 19088743\n
g.int_indent_20.ret=1
g.int_indent_20.len=43
g.int_indent_20=                    ASN1_INTEGER: 19088743\n
g.int_indent_21.ret=1
g.int_indent_21.len=44
g.int_indent_21=                     ASN1_INTEGER: 19088743\n
g.int_indent_40.ret=1
g.int_indent_40.len=63
g.int_indent_40=                                        ASN1_INTEGER: 19088743\n
g.quota_0.ret=0
g.quota_0.len=0
g.quota_0=
g.quota_1.ret=0
g.quota_1.len=1
g.quota_1= 
g.quota_3.ret=0
g.quota_3.len=0
g.quota_3=
g.quota_5.ret=0
g.quota_5.len=0
g.quota_5=
g.quota_25.ret=0
g.quota_25.len=25
g.quota_25=                         
done=1
