transcript.sha256=a1fdf0abf9ce0f9ed61326e716c285ba7216f9bed1707570231e027e5f4154b8
dgrampair.name=BIO dgram pair
dgrampair.type=1050
dgrammem.name=BIO dgram mem
dgrammem.type=1051
dgrampair.init=0
dgrammem.init=1
fresh.pair.bufsize=15336
fresh.mem.bufsize=15336
fresh.pair.mtu=1472
fresh.mem.mtu=1472
fresh.pair.eof=1
fresh.mem.eof=0
fresh.pair.pending=0
fresh.mem.pending=0
fresh.pair.guarantee=0
fresh.mem.guarantee=15104
fresh.pair.no_trunc=0
fresh.pair.caps=0
fresh.pair.locaddr_cap=0
fresh.pair.locaddr_enable.ret=1
fresh.pair.locaddr_enable.value=0
fresh.err0=0
make.default=1
make.default.a.bufsize=15336
make.default.a.init=1
make.default.a.eof=0
make.explicit=1
make.explicit.a.bufsize=2048
make.explicit.b.bufsize=4096
make.explicit.a.guarantee=1816
dg.write1=5
dg.write2=7
dg.b.pending=5
dg.b.pending2=5
dg.read.big=5
dg.read.big.data=first
dg.b.pending.after=7
dg.read.second=7
dg.read.second.data=second!
dg.b.pending.end=0
dg.read.empty=-1
dg.read.empty.shouldretry=8
dg.read.empty.count=0
dg.write.trunc=10
dg.read.trunc=4
dg.read.trunc.data=0123
dg.b.pending.trunc=0
dg.write.notrunc=10
dg.notrunc.set=1
dg.notrunc.get=1
dg.notrunc.read=-1
dg.notrunc.shouldretry=0
dg.notrunc.read.count=0
dg.b.pending.notrunc=10
dg.notrunc.clear=1
dg.notrunc.read2=10
dg.notrunc.read2.data=abcdefghij
dg.write.zero=0
dg.zero.pending=0
dg.zero.read=-1
dg.write.reset=3
dg.a.wpending=0
dg.reset=1
dg.a.wpending.after=0
dg.b.pending.afterreset=0
dg.write.fill=-1
dg.a.guarantee.after=1816
dg.write.overflow=-1
dg.overflow.shouldretry=8
dg.write.overflow.0.code=268435568
dg.write.overflow.0.line=1294
dg.write.overflow.count=1
ctl.make=1
ctl.mtu.set=1
ctl.mtu.a=512
ctl.mtu.b=512
ctl.caps.a=0
ctl.caps.set=1
ctl.caps.a.after=3
ctl.caps.effective=3
ctl.locaddr.cap=0
ctl.locaddr.set=0
ctl.locaddr.get.ret=1
ctl.locaddr.get.value=0
ctl.setbuf.inuse=0
ctl.setbuf.inuse.0.code=268435579
ctl.setbuf.inuse.0.line=465
ctl.setbuf.inuse.count=1
ctl.mem.bufsize.before=15336
ctl.mem.setbuf.small=1
ctl.mem.bufsize.after=1024
ctl.write.negative=0
ctl.write.negative.count=0
ctl.read.negative=0
ctl.read.negative.count=0
ctl.destroy=1
ctl.destroy.a.init=0
ctl.destroy.b.init=0
ctl.destroy.read=-1
ctl.destroy.read.0.code=268435576
ctl.destroy.read.0.line=279
ctl.destroy.read.count=1
ctl.destroy.free=1
ctl.destroy.free2=1
mem.write=5
mem.write2=6
mem.pending=5
mem.wpending=0
mem.eof=0
mem.read=5
mem.read.data=hello
mem.read2=6
mem.read2.data=world!
mem.pending.end=0
mem.grows.write=9000
mem.grows.bufsize=15336
mem.grows.pending=9000
mem.grows.read=64
mem.grows.read.full=-1
mmsg.make=1
mmsg.send=1
mmsg.send.processed=3
mmsg.send.retry=0
mmsg.send.count=0
mmsg.recv=1
mmsg.recv.processed=3
mmsg.recv.0.len=5
mmsg.recv.0.data=alpha
mmsg.recv.1.len=4
mmsg.recv.1.data=beta
mmsg.recv.2.len=5
mmsg.recv.2.data=gamma
mmsg.send.zero=1
mmsg.send.zero.processed=0
mmsg.recv.zero=1
mmsg.recv.zero.processed=0
mmsg.recv.empty=0
mmsg.recv.empty.processed=0
pair.ok=1
pair.outputs.nonnull=1
err.final=0
