FRF-MUTANT:stdout-first-line:transcript.sha256=7885780e41e72e1c0e34bb20513f463ad01430b006d8a997ea8e8dafa09a1eb5
method.null=0
method.type=534
method.name=asn1
method.init=1
method.data_nonnull=1
method.data_writes=0
method.err=<empty>
write.chain=1
write.n=4
write.flush=1
write.plain.len=6
write.plain="..ABCD"
write.plain=040441424344
write.err=<empty>
write.empty=0
write.empty.flush=0
write.empty.len=0
write.empty=""
write.empty=
write.negative=0
write.negative.len=0
write.long.first=64
write.long.second=64
write.long.third=64
write.long.flush=1
write.long.len=198
write.long.head=044078787878
write.long.is_192=0
write.err2=<empty>
ps.set_prefix=1
ps.set_suffix=1
ps.write=4
ps.after_write.prefix=1
ps.after_write.prefix_free=1
ps.after_write.suffix=0
ps.after_write.suffix_free=0
ps.flush=1
ps.after_flush.prefix=1
ps.after_flush.prefix_free=1
ps.after_flush.suffix=1
ps.after_flush.suffix_free=1
ps.len=10
ps="....ABCD.."
ps=dead040441424344beef
ps.after_free.prefix=1
ps.after_free.prefix_free=2
ps.after_free.suffix=1
ps.after_free.suffix_free=2
ps.err=<empty>
get.initial=1 1 1 1
get.before_set=1
get.before_set.null=1
get.after_set=1
get.after_set.same=1
get.after_set.free_same=1
get.suffix=1
get.suffix.same=1
get.null_bio=-1
get.err=<empty>
exarg.set=1
exarg.get=1
exarg.same=1
exarg.unknown_ctrl=0
multi.first=10
multi.second=10
multi.between.prefix=1
multi.between.prefix_free=1
multi.between.suffix=0
multi.between.suffix_free=0
multi.flush=1
multi.len=28
multi="....yyyyyyyyyy..yyyyyyyyyy.."
multi=dead040a79797979797979797979040a79797979797979797979beef
multi.after_free.prefix=1
multi.after_free.prefix_free=2
multi.after_free.suffix=1
multi.after_free.suffix_free=2
pass.gets=9
pass.gets="line one."
pass.read=4
pass.read="line"
pass.pending=5
pass.ctrls=0
pass.unknown=0
pass.callback_ctrl=-2
pass.dup=1
pass.ptr_ctrl=1
pass.err=unsupported method[]
nolonely.read=0
nolonely.gets=0
nolonely.write=0
nolonely.flush=0
nolonely.prefix=1
early.flush=0
early.pending=0
ndef.no_aux.null=1
ndef.no_aux.err=streaming not supported[]
ndef.no_aux.freeable=1
ndef.struct_new=1
ndef.oct_nonnull=1
ndef.oct_set=1
ndef.oct_len=5
ndef.mem_nonnull=1
ndef.out_null=0
ndef.err=<empty>
ndef.pre_calls=1
ndef.write=5
ndef.flush=1
ndef.post_calls=0
ndef.mem.len=0
ndef.mem=""
ndef.mem=
ndef.free_mem=1
done=1
